01-11 00:04:50.155  6820  6916 D NetworkController.MobileSignalController(1): mDataNetType not Override 13
01-11 00:04:50.159  6820  6820 D StatusBarSignalPolicy: state.mobileImsId = 0 subId = 1
01-11 00:04:50.456   895   895 D enhanceHAL: sunlightRead: current ambient = 10
01-11 00:04:50.942   895   895 D enhanceHAL: sunlightRead: current ambient = 10
01-11 00:04:51.050 28189 28189 D BoundBrokerSvc: onUnbind: Intent { act=com.google.android.gms.inappreach.service.START dat=chimera-action:/... cmp=com.google.android.gms/.chimera.GmsApiService }
01-11 00:04:51.966  1320  1486 D WifiStaIfaceHidlImpl: getCachedScanData is not implemented by HIDL
01-11 00:04:51.983  1320  1486 I HalDevMgr: bestIfaceCreationProposal is null, requestIface=STA, existingIface=[name=wlan0 type=STA]
01-11 00:04:51.991  1320  1493 D ConnectivityService: NetReassign [no changes] [c 1] [a 0] [i 5]
01-11 00:04:52.364  1320  2434 W ProcessStats: Tracking association SourceState{c814c8f system/1000 BTopFgs #253751} whose proc state 2 is better than process ProcessState{9517a2f com.google.android.gms.persistent/10106 pkg=com.google.android.gms} proc state 3 (409 skipped)
01-11 00:04:52.687 28984 28984 D BoundBrokerSvc: onRebind: Intent { act=com.google.android.gms.libs.gmscorelogger.service.START dat=chimera-action:/... cmp=com.google.android.gms/.chimera.PersistentDirectBootAwareApiService }
01-11 00:04:52.825  1320  2434 E AppOps  : Bad call made by uid 10106. Package "com.google.android.gms" does not belong to uid 10117.
01-11 00:04:52.827 26111 26280 E GoogleApiManager: Failed to get service from broker. 
01-11 00:04:52.827 26111 26280 E GoogleApiManager: java.lang.SecurityException: Unknown calling package name 'com.google.android.gms'.
01-11 00:04:52.827 26111 26280 E GoogleApiManager: 	at android.os.Parcel.createExceptionOrNull(Parcel.java:3017)
01-11 00:04:52.827 26111 26280 E GoogleApiManager: 	at android.os.Parcel.createException(Parcel.java:3001)
01-11 00:04:52.827 26111 26280 E GoogleApiManager: 	at android.os.Parcel.readException(Parcel.java:2984)
01-11 00:04:52.827 26111 26280 E GoogleApiManager: 	at android.os.Parcel.readException(Parcel.java:2926)
01-11 00:04:52.827 26111 26280 E GoogleApiManager: 	at bcxv.a(:com.google.android.gms@254932029@25.49.32 (190400-843446962):36)
01-11 00:04:52.827 26111 26280 E GoogleApiManager: 	at bcvw.z(:com.google.android.gms@254932029@25.49.32 (190400-843446962):143)
01-11 00:04:52.827 26111 26280 E GoogleApiManager: 	at bcbx.run(:com.google.android.gms@254932029@25.49.32 (190400-843446962):42)
01-11 00:04:52.827 26111 26280 E GoogleApiManager: 	at android.os.Handler.handleCallback(Handler.java:942)
01-11 00:04:52.827 26111 26280 E GoogleApiManager: 	at android.os.Handler.dispatchMessage(Handler.java:99)
01-11 00:04:52.827 26111 26280 E GoogleApiManager: 	at cppd.mv(:com.google.android.gms@254932029@25.49.32 (190400-843446962):1)
01-11 00:04:52.827 26111 26280 E GoogleApiManager: 	at cppd.dispatchMessage(:com.google.android.gms@254932029@25.49.32 (190400-843446962):5)
01-11 00:04:52.827 26111 26280 E GoogleApiManager: 	at android.os.Looper.loopOnce(Looper.java:201)
01-11 00:04:52.827 26111 26280 E GoogleApiManager: 	at android.os.Looper.loop(Looper.java:288)
01-11 00:04:52.827 26111 26280 E GoogleApiManager: 	at android.os.HandlerThread.run(HandlerThread.java:67)
01-11 00:04:52.827 26111 26280 W GoogleApiManager: Not showing notification since connectionResult is not user-facing: ConnectionResult{statusCode=DEVELOPER_ERROR, resolution=null, message=null, clientMethodKey=null}
01-11 00:04:53.033   895   895 D enhanceHAL: sunlightRead: current ambient = 10
01-11 00:04:53.163  6820  6916 D NetworkController.MobileSignalController(1): mDataNetType not Override 13
01-11 00:04:53.165  6820  6820 D StatusBarSignalPolicy: state.mobileImsId = 0 subId = 1
01-11 00:04:53.896  1320  2663 E AppOps  : Bad call made by uid 10106. Package "com.google.android.gms" does not belong to uid 10129.
01-11 00:04:53.897 26264 26393 E GoogleApiManager: Failed to get service from broker. 
01-11 00:04:53.897 26264 26393 E GoogleApiManager: java.lang.SecurityException: Unknown calling package name 'com.google.android.gms'.
01-11 00:04:53.897 26264 26393 E GoogleApiManager: 	at android.os.Parcel.createExceptionOrNull(Parcel.java:3017)
01-11 00:04:53.897 26264 26393 E GoogleApiManager: 	at android.os.Parcel.createException(Parcel.java:3001)
01-11 00:04:53.897 26264 26393 E GoogleApiManager: 	at android.os.Parcel.readException(Parcel.java:2984)
01-11 00:04:53.897 26264 26393 E GoogleApiManager: 	at android.os.Parcel.readException(Parcel.java:2926)
01-11 00:04:53.897 26264 26393 E GoogleApiManager: 	at bcxv.a(:com.google.android.gms@254932029@25.49.32 (190400-843446962):36)
01-11 00:04:53.897 26264 26393 E GoogleApiManager: 	at bcvw.z(:com.google.android.gms@254932029@25.49.32 (190400-843446962):143)
01-11 00:04:53.897 26264 26393 E GoogleApiManager: 	at bcbx.run(:com.google.android.gms@254932029@25.49.32 (190400-843446962):42)
01-11 00:04:53.897 26264 26393 E GoogleApiManager: 	at android.os.Handler.handleCallback(Handler.java:942)
01-11 00:04:53.897 26264 26393 E GoogleApiManager: 	at android.os.Handler.dispatchMessage(Handler.java:99)
01-11 00:04:53.897 26264 26393 E GoogleApiManager: 	at cppd.mv(:com.google.android.gms@254932029@25.49.32 (190400-843446962):1)
01-11 00:04:53.897 26264 26393 E GoogleApiManager: 	at cppd.dispatchMessage(:com.google.android.gms@254932029@25.49.32 (190400-843446962):5)
01-11 00:04:53.897 26264 26393 E GoogleApiManager: 	at android.os.Looper.loopOnce(Looper.java:201)
01-11 00:04:53.897 26264 26393 E GoogleApiManager: 	at android.os.Looper.loop(Looper.java:288)
01-11 00:04:53.897 26264 26393 E GoogleApiManager: 	at android.os.HandlerThread.run(HandlerThread.java:67)
01-11 00:04:53.898 26264 26393 W GoogleApiManager: Not showing notification since connectionResult is not user-facing: ConnectionResult{statusCode=DEVELOPER_ERROR, resolution=null, message=null, clientMethodKey=null}
01-11 00:04:54.056  1320  1347 E UnisocWatchdog: WDT_Monitor: writeWDTMonitor duration=50,shutdowning=false
01-11 00:04:54.062  1320  1347 E UnisocWatchdog: UnisocWatchdogImpl sendMessage:0
01-11 00:04:54.062  1320  1422 E UnisocWatchdog: UNISOCWATCHDOG_MESSAGE_TIMER30 trigger
01-11 00:04:54.165  6820  6916 D NetworkController.MobileSignalController(1): mDataNetType not Override 13
01-11 00:04:54.167  6820  6820 D StatusBarSignalPolicy: state.mobileImsId = 0 subId = 1
01-11 00:04:54.323   895   895 D enhanceHAL: sunlightRead: current ambient = 10
01-11 00:04:54.530 28189 28189 D BoundBrokerSvc: onUnbind: Intent { act=com.google.android.gms.backup.GMS_MODULE_RESTORE dat=chimera-action:/... cmp=com.google.android.gms/.chimera.GmsInternalBoundBrokerService }
01-11 00:04:54.996  1320  1486 D WifiStaIfaceHidlImpl: getCachedScanData is not implemented by HIDL
01-11 00:04:55.010  1320  1486 I HalDevMgr: bestIfaceCreationProposal is null, requestIface=STA, existingIface=[name=wlan0 type=STA]
01-11 00:04:55.017  1320  1493 D ConnectivityService: NetReassign [no changes] [c 1] [a 1] [i 4]
01-11 00:04:56.173  6820  6916 D NetworkController.MobileSignalController(1): mDataNetType not Override 13
01-11 00:04:56.176  6820  6820 D StatusBarSignalPolicy: state.mobileImsId = 0 subId = 1
01-11 00:04:56.420   895   895 D enhanceHAL: sunlightRead: current ambient = 10
01-11 00:04:57.176  6820  6916 D NetworkController.MobileSignalController(1): mDataNetType not Override 13
01-11 00:04:57.178  6820  6820 D StatusBarSignalPolicy: state.mobileImsId = 0 subId = 1
01-11 00:04:58.025  1320  1486 D WifiStaIfaceHidlImpl: getCachedScanData is not implemented by HIDL
01-11 00:04:58.028   895   895 D enhanceHAL: sunlightRead: current ambient = 10
01-11 00:04:58.043  1320  1486 I HalDevMgr: bestIfaceCreationProposal is null, requestIface=STA, existingIface=[name=wlan0 type=STA]
01-11 00:04:58.459 28189 28189 D BoundBrokerSvc: onUnbind: Intent { act=com.google.android.gms.mdisync.service.START dat=chimera-action:/... cmp=com.google.android.gms/.chimera.GmsApiService }
01-11 00:04:58.535 28984 28984 D BoundBrokerSvc: onUnbind: Intent { act=com.google.android.gms.auth.aang.events.services.START dat=chimera-action:/... cmp=com.google.android.gms/.chimera.PersistentApiService }
01-11 00:05:00.001  1320  1455 D AlarmManager: waitForAlarm result:8currentTime=1768086300000, elapsedRealtime=101758202
01-11 00:05:00.001  1320  1455 V AlarmManager: Received TIME_TICK alarm; rescheduling
01-11 00:05:00.001  1320  1455 V AlarmManager: set(null) : type=3 listener=com.android.server.alarm.AlarmManagerService$3@fd0f56 listenerTag=TIME_TICK workSource=null callingPackage=android callingUid=1000 triggerAtTime=101818201 win=0 tElapsed=101818201 maxElapsed=101818201 interval=0 flags=0x9
01-11 00:05:00.002  1320  1455 D AlarmManagerService: set alarm to kernel: 101821.052000000, type=2 
01-11 00:05:00.002  1320  1320 D BroadcastQueue: Add broadcast <BroadcastRecord{fb83c7a u-1 android.intent.action.TIME_TICK}> into [parallel | foreground], pending size 0
01-11 00:05:00.003  1320  1455 D AlarmManagerService: set alarm to kernel: 101770.448000000, type=3 
01-11 00:05:00.004  1320  1351 D BroadcastQueue: Done with parallel broadcast [foreground] [BroadcastRecord{fb83c7a u-1 android.intent.action.TIME_TICK}]
01-11 00:05:00.005  1320  1455 D AlarmManager: sending alarm.type = 3, action = null, alarm = Alarm{43b1c2b type 3 origWhen 101758201 whenElapsed 101758201 android}, cn = null, operation = null, listener=com.android.server.alarm.AlarmManagerService$3@fd0f56, listenerTag=TIME_TICK, workSource=null
01-11 00:05:00.005  1320  1455 D AlarmManagerService: set alarm to kernel: 101821.052000000, type=2 
01-11 00:05:00.005  1320  1455 D AlarmManagerService: set alarm to kernel: 101770.448000000, type=3 
01-11 00:05:00.008  1320  1320 W ContextImpl: Calling a method in the system process without a qualified user: android.app.ContextImpl.startForegroundService:1888 com.android.server.am.ActivityManagerService$8.onReceive:5205 android.app.LoadedApk$ReceiverDispatcher$Args.lambda$getRunnable$0$android-app-LoadedApk$ReceiverDispatcher$Args:1820 android.app.LoadedApk$ReceiverDispatcher$Args$$ExternalSyntheticLambda0.run:2 android.os.Handler.handleCallback:942 
01-11 00:05:00.009  1320  1320 W ActivityManager: Unable to start service Intent { cmp=com.sale.statistics/.service.StatisticsService (has extras) } U=0: not found
01-11 00:05:00.404  1320  1320 D BroadcastQueue: Add broadcast <BroadcastRecord{4024888 u-1 android.intent.action.BATTERY_CHANGED}> into [parallel | background], pending size 0
01-11 00:05:00.409  1320  1351 D BroadcastQueue: Done with parallel broadcast [background] [BroadcastRecord{4024888 u-1 android.intent.action.BATTERY_CHANGED}]
01-11 00:05:00.410  6820 11721 D PowerUI : can't show warning due to - plugged: true status unknown: false
01-11 00:05:00.413  1320  1436 W BatteryExternalStatsWorker: error reading Bluetooth stats: 11
01-11 00:05:00.417  1320  1486 D WifiStaIfaceHidlImpl: getCachedScanData is not implemented by HIDL
01-11 00:05:00.782 26081 26088 W oid.documentsui: userfaultfd: MOVE ioctl seems unsupported: Connection timed out
01-11 00:05:01.052  1320  1486 D WifiStaIfaceHidlImpl: getCachedScanData is not implemented by HIDL
01-11 00:05:01.066  1320  1486 I HalDevMgr: bestIfaceCreationProposal is null, requestIface=STA, existingIface=[name=wlan0 type=STA]
01-11 00:05:01.073  1320  1493 D ConnectivityService: NetReassign [no changes] [c 1] [a 0] [i 5]
01-11 00:05:01.413   895   895 D enhanceHAL: sunlightRead: current ambient = 10
01-11 00:05:01.427  1320  2434 D AlarmManagerService: set alarm to kernel: 101821.052000000, type=2 
01-11 00:05:01.427  1320  2434 D AlarmManagerService: set alarm to kernel: 101770.448000000, type=3 
01-11 00:05:02.925  1320  1436 W ProcessStats: Tracking association SourceState{c814c8f system/1000 BTopFgs #253782} whose proc state 2 is better than process ProcessState{9517a2f com.google.android.gms.persistent/10106 pkg=com.google.android.gms} proc state 3 (104 skipped)
01-11 00:05:03.285 26466 26466 D ip_monitor-1065: 192.168.1.1 dev wlan0 lladdr d8:42:f7:4a:6f:a8 STALE
01-11 00:05:03.830   895   895 D enhanceHAL: sunlightRead: current ambient = 10
01-11 00:05:04.079  1320  1486 D WifiStaIfaceHidlImpl: getCachedScanData is not implemented by HIDL
01-11 00:05:04.090  1320  1486 I HalDevMgr: bestIfaceCreationProposal is null, requestIface=STA, existingIface=[name=wlan0 type=STA]
01-11 00:05:04.098  1320  1493 D ConnectivityService: NetReassign [no changes] [c 1] [a 1] [i 4]
01-11 00:05:04.152   895   895 D enhanceHAL: sunlightRead: current ambient = 10
01-11 00:05:04.958   895   895 D enhanceHAL: sunlightRead: current ambient = 10
01-11 00:05:05.444   895   895 D enhanceHAL: sunlightRead: current ambient = 10
01-11 00:05:06.542 26264 26269 W ogle.android.gm: userfaultfd: MOVE ioctl seems unsupported: Connection timed out
01-11 00:05:07.099  1320  1486 D WifiStaIfaceHidlImpl: getCachedScanData is not implemented by HIDL
01-11 00:05:07.110  1320  1486 I HalDevMgr: bestIfaceCreationProposal is null, requestIface=STA, existingIface=[name=wlan0 type=STA]
01-11 00:05:07.112  6820  6820 D WifiSignalController: connected : true, level : 3, isDefault : true, inetCondition : 1, statusLabel : null
01-11 00:05:07.123  6820  6820 W View    : requestLayout() improperly called by StatusBarIconView(slot=wifi icon=null notification=null) during layout: running second layout pass
01-11 00:05:07.131  6820  6820 W View    : requestLayout() improperly called by com.android.keyguard.AlphaOptimizedLinearLayout{1329110 V.E...... ......ID 5,0-49,44 #7f0b074e app:id/wifi_group} during second layout pass: posting in next frame
01-11 00:05:07.144  6820  6820 W View    : requestLayout() improperly called by StatusBarIconView(slot=wifi icon=null notification=null) during layout: running second layout pass
01-11 00:05:07.153  6820  6820 W View    : requestLayout() improperly called by com.android.keyguard.AlphaOptimizedLinearLayout{1329110 V.E...... ......ID 5,0-49,44 #7f0b074e app:id/wifi_group} during second layout pass: posting in next frame
01-11 00:05:07.167  6820  6820 W View    : requestLayout() improperly called by StatusBarIconView(slot=wifi icon=null notification=null) during layout: running second layout pass
01-11 00:05:07.176  6820  6820 W View    : requestLayout() improperly called by com.android.keyguard.AlphaOptimizedLinearLayout{1329110 V.E...... ......ID 5,0-49,44 #7f0b074e app:id/wifi_group} during second layout pass: posting in next frame
01-11 00:05:07.189  6820  6820 W View    : requestLayout() improperly called by StatusBarIconView(slot=wifi icon=null notification=null) during layout: running second layout pass
01-11 00:05:07.197  6820  6820 W View    : requestLayout() improperly called by com.android.keyguard.AlphaOptimizedLinearLayout{1329110 V.E...... ......ID 5,0-49,44 #7f0b074e app:id/wifi_group} during second layout pass: posting in next frame
01-11 00:05:07.200  6820  6916 D NetworkController.MobileSignalController(1): mDataNetType not Override 13
01-11 00:05:07.211  6820  6820 W View    : requestLayout() improperly called by StatusBarIconView(slot=wifi icon=null notification=null) during layout: running second layout pass
01-11 00:05:07.216  6820  6820 D StatusBarSignalPolicy: state.mobileImsId = 0 subId = 1
01-11 00:05:07.220  6820  6820 W View    : requestLayout() improperly called by com.android.keyguard.AlphaOptimizedLinearLayout{1329110 V.E...... ......ID 5,0-49,44 #7f0b074e app:id/wifi_group} during second layout pass: posting in next frame
01-11 00:05:07.234  6820  6820 W View    : requestLayout() improperly called by StatusBarIconView(slot=wifi icon=null notification=null) during layout: running second layout pass
01-11 00:05:07.242  6820  6820 W View    : requestLayout() improperly called by com.android.keyguard.AlphaOptimizedLinearLayout{1329110 V.E...... ......ID 5,0-49,44 #7f0b074e app:id/wifi_group} during second layout pass: posting in next frame
01-11 00:05:07.256  6820  6820 W View    : requestLayout() improperly called by StatusBarIconView(slot=wifi icon=null notification=null) during layout: running second layout pass
01-11 00:05:07.264  6820  6820 W View    : requestLayout() improperly called by com.android.keyguard.AlphaOptimizedLinearLayout{1329110 V.E...... ......ID 5,0-49,44 #7f0b074e app:id/wifi_group} during second layout pass: posting in next frame
01-11 00:05:07.278  6820  6820 W View    : requestLayout() improperly called by StatusBarIconView(slot=wifi icon=null notification=null) during layout: running second layout pass
01-11 00:05:07.286  6820  6820 W View    : requestLayout() improperly called by com.android.keyguard.AlphaOptimizedLinearLayout{1329110 V.E...... ......ID 5,0-49,44 #7f0b074e app:id/wifi_group} during second layout pass: posting in next frame
01-11 00:05:07.300  6820  6820 W View    : requestLayout() improperly called by StatusBarIconView(slot=wifi icon=null notification=null) during layout: running second layout pass
01-11 00:05:07.308  6820  6820 W View    : requestLayout() improperly called by com.android.keyguard.AlphaOptimizedLinearLayout{1329110 V.E...... ......ID 5,0-49,44 #7f0b074e app:id/wifi_group} during second layout pass: posting in next frame
01-11 00:05:07.322  6820  6820 W View    : requestLayout() improperly called by StatusBarIconView(slot=wifi icon=null notification=null) during layout: running second layout pass
01-11 00:05:07.331  6820  6820 W View    : requestLayout() improperly called by com.android.keyguard.AlphaOptimizedLinearLayout{1329110 V.E...... ......ID 5,0-49,44 #7f0b074e app:id/wifi_group} during second layout pass: posting in next frame
01-11 00:05:07.344  6820  6820 W View    : requestLayout() improperly called by StatusBarIconView(slot=wifi icon=null notification=null) during layout: running second layout pass
01-11 00:05:07.353  6820  6820 W View    : requestLayout() improperly called by com.android.keyguard.AlphaOptimizedLinearLayout{1329110 V.E...... ......ID 5,0-49,44 #7f0b074e app:id/wifi_group} during second layout pass: posting in next frame
01-11 00:05:07.367  6820  6820 W View    : requestLayout() improperly called by StatusBarIconView(slot=wifi icon=null notification=null) during layout: running second layout pass
01-11 00:05:07.375  6820  6820 W View    : requestLayout() improperly called by com.android.keyguard.AlphaOptimizedLinearLayout{1329110 V.E...... ......ID 5,0-49,44 #7f0b074e app:id/wifi_group} during second layout pass: posting in next frame
01-11 00:05:07.390  6820  6820 W View    : requestLayout() improperly called by StatusBarIconView(slot=wifi icon=null notification=null) during layout: running second layout pass
01-11 00:05:07.397  6820  6820 W View    : requestLayout() improperly called by com.android.keyguard.AlphaOptimizedLinearLayout{1329110 V.E...... ......ID 5,0-49,44 #7f0b074e app:id/wifi_group} during second layout pass: posting in next frame
01-11 00:05:07.411  6820  6820 W View    : requestLayout() improperly called by StatusBarIconView(slot=wifi icon=null notification=null) during layout: running second layout pass
01-11 00:05:07.419  6820  6820 W View    : requestLayout() improperly called by com.android.keyguard.AlphaOptimizedLinearLayout{1329110 V.E...... ......ID 5,0-49,44 #7f0b074e app:id/wifi_group} during second layout pass: posting in next frame
01-11 00:05:07.433  6820  6820 W View    : requestLayout() improperly called by StatusBarIconView(slot=wifi icon=null notification=null) during layout: running second layout pass
01-11 00:05:07.441  6820  6820 W View    : requestLayout() improperly called by com.android.keyguard.AlphaOptimizedLinearLayout{1329110 V.E...... ......ID 5,0-49,44 #7f0b074e app:id/wifi_group} during second layout pass: posting in next frame
01-11 00:05:07.456  6820  6820 W View    : requestLayout() improperly called by StatusBarIconView(slot=wifi icon=null notification=null) during layout: running second layout pass
01-11 00:05:07.464  6820  6820 W View    : requestLayout() improperly called by com.android.keyguard.AlphaOptimizedLinearLayout{1329110 V.E...... ......ID 5,0-49,44 #7f0b074e app:id/wifi_group} during second layout pass: posting in next frame
01-11 00:05:07.478  6820  6820 W View    : requestLayout() improperly called by StatusBarIconView(slot=wifi icon=null notification=null) during layout: running second layout pass
01-11 00:05:07.486  6820  6820 W View    : requestLayout() improperly called by com.android.keyguard.AlphaOptimizedLinearLayout{1329110 V.E...... ......ID 5,0-49,44 #7f0b074e app:id/wifi_group} during second layout pass: posting in next frame
01-11 00:05:07.500  6820  6820 W View    : requestLayout() improperly called by StatusBarIconView(slot=wifi icon=null notification=null) during layout: running second layout pass
01-11 00:05:07.508  6820  6820 W View    : requestLayout() improperly called by com.android.keyguard.AlphaOptimizedLinearLayout{1329110 V.E...... ......ID 5,0-49,44 #7f0b074e app:id/wifi_group} during second layout pass: posting in next frame
01-11 00:05:07.523  6820  6820 W View    : requestLayout() improperly called by StatusBarIconView(slot=wifi icon=null notification=null) during layout: running second layout pass
01-11 00:05:07.530  6820  6820 W View    : requestLayout() improperly called by com.android.keyguard.AlphaOptimizedLinearLayout{1329110 V.E...... ......ID 5,0-49,44 #7f0b074e app:id/wifi_group} during second layout pass: posting in next frame
01-11 00:05:07.545  6820  6820 W View    : requestLayout() improperly called by StatusBarIconView(slot=wifi icon=null notification=null) during layout: running second layout pass
01-11 00:05:07.552  6820  6820 W View    : requestLayout() improperly called by com.android.keyguard.AlphaOptimizedLinearLayout{1329110 V.E...... ......ID 5,0-49,44 #7f0b074e app:id/wifi_group} during second layout pass: posting in next frame
01-11 00:05:07.567  6820  6820 W View    : requestLayout() improperly called by StatusBarIconView(slot=wifi icon=null notification=null) during layout: running second layout pass
01-11 00:05:07.575  6820  6820 W View    : requestLayout() improperly called by com.android.keyguard.AlphaOptimizedLinearLayout{1329110 V.E...... ......ID 5,0-49,44 #7f0b074e app:id/wifi_group} during second layout pass: posting in next frame
01-11 00:05:07.589  6820  6820 W View    : requestLayout() improperly called by StatusBarIconView(slot=wifi icon=null notification=null) during layout: running second layout pass
01-11 00:05:07.597  6820  6820 W View    : requestLayout() improperly called by com.android.keyguard.AlphaOptimizedLinearLayout{1329110 V.E...... ......ID 5,0-49,44 #7f0b074e app:id/wifi_group} during second layout pass: posting in next frame
01-11 00:05:07.611  6820  6820 W View    : requestLayout() improperly called by StatusBarIconView(slot=wifi icon=null notification=null) during layout: running second layout pass
01-11 00:05:07.619  6820  6820 W View    : requestLayout() improperly called by com.android.keyguard.AlphaOptimizedLinearLayout{1329110 V.E...... ......ID 5,0-49,44 #7f0b074e app:id/wifi_group} during second layout pass: posting in next frame
01-11 00:05:07.634  6820  6820 W View    : requestLayout() improperly called by StatusBarIconView(slot=wifi icon=null notification=null) during layout: running second layout pass
01-11 00:05:07.641  6820  6820 W View    : requestLayout() improperly called by com.android.keyguard.AlphaOptimizedLinearLayout{1329110 V.E...... ......ID 5,0-49,44 #7f0b074e app:id/wifi_group} during second layout pass: posting in next frame
01-11 00:05:07.656  6820  6820 W View    : requestLayout() improperly called by StatusBarIconView(slot=wifi icon=null notification=null) during layout: running second layout pass
01-11 00:05:07.664  6820  6820 W View    : requestLayout() improperly called by com.android.keyguard.AlphaOptimizedLinearLayout{1329110 V.E...... ......ID 5,0-49,44 #7f0b074e app:id/wifi_group} during second layout pass: posting in next frame
01-11 00:05:07.679  6820  6820 W View    : requestLayout() improperly called by StatusBarIconView(slot=wifi icon=null notification=null) during layout: running second layout pass
01-11 00:05:07.686  6820  6820 W View    : requestLayout() improperly called by com.android.keyguard.AlphaOptimizedLinearLayout{1329110 V.E...... ......ID 5,0-49,44 #7f0b074e app:id/wifi_group} during second layout pass: posting in next frame
01-11 00:05:07.701  6820  6820 W View    : requestLayout() improperly called by StatusBarIconView(slot=wifi icon=null notification=null) during layout: running second layout pass
01-11 00:05:07.708  6820  6820 W View    : requestLayout() improperly called by com.android.keyguard.AlphaOptimizedLinearLayout{1329110 V.E...... ......ID 5,0-49,44 #7f0b074e app:id/wifi_group} during second layout pass: posting in next frame
01-11 00:05:07.723  6820  6820 W View    : requestLayout() improperly called by StatusBarIconView(slot=wifi icon=null notification=null) during layout: running second layout pass
01-11 00:05:07.730  6820  6820 W View    : requestLayout() improperly called by com.android.keyguard.AlphaOptimizedLinearLayout{1329110 V.E...... ......ID 5,0-49,44 #7f0b074e app:id/wifi_group} during second layout pass: posting in next frame
01-11 00:05:07.731 28984 28984 D BoundBrokerSvc: onUnbind: Intent { act=com.google.android.gms.libs.gmscorelogger.service.START dat=chimera-action:/... cmp=com.google.android.gms/.chimera.PersistentDirectBootAwareApiService }
01-11 00:05:07.744  6820  6820 W View    : requestLayout() improperly called by StatusBarIconView(slot=wifi icon=null notification=null) during layout: running second layout pass
01-11 00:05:07.753  6820  6820 W View    : requestLayout() improperly called by com.android.keyguard.AlphaOptimizedLinearLayout{1329110 V.E...... ......ID 5,0-49,44 #7f0b074e app:id/wifi_group} during second layout pass: posting in next frame
01-11 00:05:07.768  6820  6820 W View    : requestLayout() improperly called by StatusBarIconView(slot=wifi icon=null notification=null) during layout: running second layout pass
01-11 00:05:07.775  6820  6820 W View    : requestLayout() improperly called by com.android.keyguard.AlphaOptimizedLinearLayout{1329110 V.E...... ......ID 5,0-49,44 #7f0b074e app:id/wifi_group} during second layout pass: posting in next frame
01-11 00:05:07.790  6820  6820 W View    : requestLayout() improperly called by StatusBarIconView(slot=wifi icon=null notification=null) during layout: running second layout pass
01-11 00:05:07.797  6820  6820 W View    : requestLayout() improperly called by com.android.keyguard.AlphaOptimizedLinearLayout{1329110 V.E...... ......ID 5,0-49,44 #7f0b074e app:id/wifi_group} during second layout pass: posting in next frame
01-11 00:05:07.812  6820  6820 W View    : requestLayout() improperly called by StatusBarIconView(slot=wifi icon=null notification=null) during layout: running second layout pass
01-11 00:05:07.819  6820  6820 W View    : requestLayout() improperly called by com.android.keyguard.AlphaOptimizedLinearLayout{1329110 V.E...... ......ID 5,0-49,44 #7f0b074e app:id/wifi_group} during second layout pass: posting in next frame
01-11 00:05:07.835  6820  6820 W View    : requestLayout() improperly called by StatusBarIconView(slot=wifi icon=null notification=null) during layout: running second layout pass
01-11 00:05:07.841  6820  6820 W View    : requestLayout() improperly called by com.android.keyguard.AlphaOptimizedLinearLayout{1329110 V.E...... ......ID 5,0-49,44 #7f0b074e app:id/wifi_group} during second layout pass: posting in next frame
01-11 00:05:07.856  6820  6820 W View    : requestLayout() improperly called by StatusBarIconView(slot=wifi icon=null notification=null) during layout: running second layout pass
01-11 00:05:07.863  6820  6820 W View    : requestLayout() improperly called by com.android.keyguard.AlphaOptimizedLinearLayout{1329110 V.E...... ......ID 5,0-49,44 #7f0b074e app:id/wifi_group} during second layout pass: posting in next frame
01-11 00:05:07.878  6820  6820 W View    : requestLayout() improperly called by StatusBarIconView(slot=wifi icon=null notification=null) during layout: running second layout pass
01-11 00:05:07.886  6820  6820 W View    : requestLayout() improperly called by com.android.keyguard.AlphaOptimizedLinearLayout{1329110 V.E...... ......ID 5,0-49,44 #7f0b074e app:id/wifi_group} during second layout pass: posting in next frame
01-11 00:05:07.901  6820  6820 W View    : requestLayout() improperly called by StatusBarIconView(slot=wifi icon=null notification=null) during layout: running second layout pass
01-11 00:05:07.908  6820  6820 W View    : requestLayout() improperly called by com.android.keyguard.AlphaOptimizedLinearLayout{1329110 V.E...... ......ID 5,0-49,44 #7f0b074e app:id/wifi_group} during second layout pass: posting in next frame
01-11 00:05:07.923  6820  6820 W View    : requestLayout() improperly called by StatusBarIconView(slot=wifi icon=null notification=null) during layout: running second layout pass
01-11 00:05:07.931  6820  6820 W View    : requestLayout() improperly called by com.android.keyguard.AlphaOptimizedLinearLayout{1329110 V.E...... ......ID 5,0-49,44 #7f0b074e app:id/wifi_group} during second layout pass: posting in next frame
01-11 00:05:07.945  6820  6820 W View    : requestLayout() improperly called by StatusBarIconView(slot=wifi icon=null notification=null) during layout: running second layout pass
01-11 00:05:07.953  6820  6820 W View    : requestLayout() improperly called by com.android.keyguard.AlphaOptimizedLinearLayout{1329110 V.E...... ......ID 5,0-49,44 #7f0b074e app:id/wifi_group} during second layout pass: posting in next frame
01-11 00:05:07.967  6820  6820 W View    : requestLayout() improperly called by StatusBarIconView(slot=wifi icon=null notification=null) during layout: running second layout pass
01-11 00:05:07.974  6820  6820 W View    : requestLayout() improperly called by com.android.keyguard.AlphaOptimizedLinearLayout{1329110 V.E...... ......ID 5,0-49,44 #7f0b074e app:id/wifi_group} during second layout pass: posting in next frame
01-11 00:05:07.990  6820  6820 W View    : requestLayout() improperly called by StatusBarIconView(slot=wifi icon=null notification=null) during layout: running second layout pass
01-11 00:05:07.997  6820  6820 W View    : requestLayout() improperly called by com.android.keyguard.AlphaOptimizedLinearLayout{1329110 V.E...... ......ID 5,0-49,44 #7f0b074e app:id/wifi_group} during second layout pass: posting in next frame
01-11 00:05:08.012  6820  6820 W View    : requestLayout() improperly called by StatusBarIconView(slot=wifi icon=null notification=null) during layout: running second layout pass
01-11 00:05:08.018   895   895 D enhanceHAL: sunlightRead: current ambient = 10
01-11 00:05:08.019  6820  6820 W View    : requestLayout() improperly called by com.android.keyguard.AlphaOptimizedLinearLayout{1329110 V.E...... ......ID 5,0-49,44 #7f0b074e app:id/wifi_group} during second layout pass: posting in next frame
01-11 00:05:08.034  6820  6820 W View    : requestLayout() improperly called by StatusBarIconView(slot=wifi icon=null notification=null) during layout: running second layout pass
01-11 00:05:08.042  6820  6820 W View    : requestLayout() improperly called by com.android.keyguard.AlphaOptimizedLinearLayout{1329110 V.E...... ......ID 5,0-49,44 #7f0b074e app:id/wifi_group} during second layout pass: posting in next frame
01-11 00:05:08.056  6820  6820 W View    : requestLayout() improperly called by StatusBarIconView(slot=wifi icon=null notification=null) during layout: running second layout pass
01-11 00:05:08.064  6820  6820 W View    : requestLayout() improperly called by com.android.keyguard.AlphaOptimizedLinearLayout{1329110 V.E...... ......ID 5,0-49,44 #7f0b074e app:id/wifi_group} during second layout pass: posting in next frame
01-11 00:05:08.078  6820  6820 W View    : requestLayout() improperly called by StatusBarIconView(slot=wifi icon=null notification=null) during layout: running second layout pass
01-11 00:05:08.086  6820  6820 W View    : requestLayout() improperly called by com.android.keyguard.AlphaOptimizedLinearLayout{1329110 V.E...... ......ID 5,0-49,44 #7f0b074e app:id/wifi_group} during second layout pass: posting in next frame
01-11 00:05:08.101  6820  6820 W View    : requestLayout() improperly called by StatusBarIconView(slot=wifi icon=null notification=null) during layout: running second layout pass
01-11 00:05:08.109  6820  6820 W View    : requestLayout() improperly called by com.android.keyguard.AlphaOptimizedLinearLayout{1329110 V.E...... ......ID 5,0-49,44 #7f0b074e app:id/wifi_group} during second layout pass: posting in next frame
01-11 00:05:08.123  6820  6820 W View    : requestLayout() improperly called by StatusBarIconView(slot=wifi icon=null notification=null) during layout: running second layout pass
01-11 00:05:08.130  6820  6820 W View    : requestLayout() improperly called by com.android.keyguard.AlphaOptimizedLinearLayout{1329110 V.E...... ......ID 5,0-49,44 #7f0b074e app:id/wifi_group} during second layout pass: posting in next frame
01-11 00:05:08.145  6820  6820 W View    : requestLayout() improperly called by StatusBarIconView(slot=wifi icon=null notification=null) during layout: running second layout pass
01-11 00:05:08.153  6820  6820 W View    : requestLayout() improperly called by com.android.keyguard.AlphaOptimizedLinearLayout{1329110 V.E...... ......ID 5,0-49,44 #7f0b074e app:id/wifi_group} during second layout pass: posting in next frame
01-11 00:05:08.167  6820  6820 W View    : requestLayout() improperly called by StatusBarIconView(slot=wifi icon=null notification=null) during layout: running second layout pass
01-11 00:05:08.175  6820  6820 W View    : requestLayout() improperly called by com.android.keyguard.AlphaOptimizedLinearLayout{1329110 V.E...... ......ID 5,0-49,44 #7f0b074e app:id/wifi_group} during second layout pass: posting in next frame
01-11 00:05:08.190  6820  6820 W View    : requestLayout() improperly called by StatusBarIconView(slot=wifi icon=null notification=null) during layout: running second layout pass
01-11 00:05:08.197  6820  6820 W View    : requestLayout() improperly called by com.android.keyguard.AlphaOptimizedLinearLayout{1329110 V.E...... ......ID 5,0-49,44 #7f0b074e app:id/wifi_group} during second layout pass: posting in next frame
01-11 00:05:08.203  6820  6916 D NetworkController.MobileSignalController(1): mDataNetType not Override 13
01-11 00:05:08.212  6820  6820 W View    : requestLayout() improperly called by StatusBarIconView(slot=wifi icon=null notification=null) during layout: running second layout pass
01-11 00:05:08.219  6820  6820 D StatusBarSignalPolicy: state.mobileImsId = 0 subId = 1
01-11 00:05:08.220  6820  6820 W View    : requestLayout() improperly called by com.android.keyguard.AlphaOptimizedLinearLayout{1329110 V.E...... ......ID 5,0-49,44 #7f0b074e app:id/wifi_group} during second layout pass: posting in next frame
01-11 00:05:08.234  6820  6820 W View    : requestLayout() improperly called by StatusBarIconView(slot=wifi icon=null notification=null) during layout: running second layout pass
01-11 00:05:08.241  6820  6820 W View    : requestLayout() improperly called by com.android.keyguard.AlphaOptimizedLinearLayout{1329110 V.E...... ......ID 5,0-49,44 #7f0b074e app:id/wifi_group} during second layout pass: posting in next frame
01-11 00:05:08.256  6820  6820 W View    : requestLayout() improperly called by StatusBarIconView(slot=wifi icon=null notification=null) during layout: running second layout pass
01-11 00:05:08.264  6820  6820 W View    : requestLayout() improperly called by com.android.keyguard.AlphaOptimizedLinearLayout{1329110 V.E...... ......ID 5,0-49,44 #7f0b074e app:id/wifi_group} during second layout pass: posting in next frame
01-11 00:05:08.278  6820  6820 W View    : requestLayout() improperly called by StatusBarIconView(slot=wifi icon=null notification=null) during layout: running second layout pass
01-11 00:05:08.285  6820  6820 W View    : requestLayout() improperly called by com.android.keyguard.AlphaOptimizedLinearLayout{1329110 V.E...... ......ID 5,0-49,44 #7f0b074e app:id/wifi_group} during second layout pass: posting in next frame
01-11 00:05:08.300  6820  6820 W View    : requestLayout() improperly called by StatusBarIconView(slot=wifi icon=null notification=null) during layout: running second layout pass
01-11 00:05:08.308  6820  6820 W View    : requestLayout() improperly called by com.android.keyguard.AlphaOptimizedLinearLayout{1329110 V.E...... ......ID 5,0-49,44 #7f0b074e app:id/wifi_group} during second layout pass: posting in next frame
01-11 00:05:08.323  6820  6820 W View    : requestLayout() improperly called by StatusBarIconView(slot=wifi icon=null notification=null) during layout: running second layout pass
01-11 00:05:08.330  6820  6820 W View    : requestLayout() improperly called by com.android.keyguard.AlphaOptimizedLinearLayout{1329110 V.E...... ......ID 5,0-49,44 #7f0b074e app:id/wifi_group} during second layout pass: posting in next frame
01-11 00:05:08.344  6820  6820 W View    : requestLayout() improperly called by StatusBarIconView(slot=wifi icon=null notification=null) during layout: running second layout pass
01-11 00:05:08.352  6820  6820 W View    : requestLayout() improperly called by com.android.keyguard.AlphaOptimizedLinearLayout{1329110 V.E...... ......ID 5,0-49,44 #7f0b074e app:id/wifi_group} during second layout pass: posting in next frame
01-11 00:05:08.367  6820  6820 W View    : requestLayout() improperly called by StatusBarIconView(slot=wifi icon=null notification=null) during layout: running second layout pass
01-11 00:05:08.374  6820  6820 W View    : requestLayout() improperly called by com.android.keyguard.AlphaOptimizedLinearLayout{1329110 V.E...... ......ID 5,0-49,44 #7f0b074e app:id/wifi_group} during second layout pass: posting in next frame
01-11 00:05:08.389  6820  6820 W View    : requestLayout() improperly called by StatusBarIconView(slot=wifi icon=null notification=null) during layout: running second layout pass
01-11 00:05:08.397  6820  6820 W View    : requestLayout() improperly called by com.android.keyguard.AlphaOptimizedLinearLayout{1329110 V.E...... ......ID 5,0-49,44 #7f0b074e app:id/wifi_group} during second layout pass: posting in next frame
01-11 00:05:08.411  6820  6820 W View    : requestLayout() improperly called by StatusBarIconView(slot=wifi icon=null notification=null) during layout: running second layout pass
01-11 00:05:08.419  6820  6820 W View    : requestLayout() improperly called by com.android.keyguard.AlphaOptimizedLinearLayout{1329110 V.E...... ......ID 5,0-49,44 #7f0b074e app:id/wifi_group} during second layout pass: posting in next frame
01-11 00:05:08.433  6820  6820 W View    : requestLayout() improperly called by StatusBarIconView(slot=wifi icon=null notification=null) during layout: running second layout pass
01-11 00:05:08.441  6820  6820 W View    : requestLayout() improperly called by com.android.keyguard.AlphaOptimizedLinearLayout{1329110 V.E...... ......ID 5,0-49,44 #7f0b074e app:id/wifi_group} during second layout pass: posting in next frame
01-11 00:05:08.455  6820  6820 W View    : requestLayout() improperly called by StatusBarIconView(slot=wifi icon=null notification=null) during layout: running second layout pass
01-11 00:05:08.463  6820  6820 W View    : requestLayout() improperly called by com.android.keyguard.AlphaOptimizedLinearLayout{1329110 V.E...... ......ID 5,0-49,44 #7f0b074e app:id/wifi_group} during second layout pass: posting in next frame
01-11 00:05:08.478  6820  6820 W View    : requestLayout() improperly called by StatusBarIconView(slot=wifi icon=null notification=null) during layout: running second layout pass
01-11 00:05:08.485  6820  6820 W View    : requestLayout() improperly called by com.android.keyguard.AlphaOptimizedLinearLayout{1329110 V.E...... ......ID 5,0-49,44 #7f0b074e app:id/wifi_group} during second layout pass: posting in next frame
01-11 00:05:08.500  6820  6820 W View    : requestLayout() improperly called by StatusBarIconView(slot=wifi icon=null notification=null) during layout: running second layout pass
01-11 00:05:08.508  6820  6820 W View    : requestLayout() improperly called by com.android.keyguard.AlphaOptimizedLinearLayout{1329110 V.E...... ......ID 5,0-49,44 #7f0b074e app:id/wifi_group} during second layout pass: posting in next frame
01-11 00:05:08.522  6820  6820 W View    : requestLayout() improperly called by StatusBarIconView(slot=wifi icon=null notification=null) during layout: running second layout pass
01-11 00:05:08.529  6820  6820 W View    : requestLayout() improperly called by com.android.keyguard.AlphaOptimizedLinearLayout{1329110 V.E...... ......ID 5,0-49,44 #7f0b074e app:id/wifi_group} during second layout pass: posting in next frame
01-11 00:05:08.544  6820  6820 W View    : requestLayout() improperly called by StatusBarIconView(slot=wifi icon=null notification=null) during layout: running second layout pass
01-11 00:05:08.552  6820  6820 W View    : requestLayout() improperly called by com.android.keyguard.AlphaOptimizedLinearLayout{1329110 V.E...... ......ID 5,0-49,44 #7f0b074e app:id/wifi_group} during second layout pass: posting in next frame
01-11 00:05:08.567  6820  6820 W View    : requestLayout() improperly called by StatusBarIconView(slot=wifi icon=null notification=null) during layout: running second layout pass
01-11 00:05:08.573  1087  1111 E SLOGCP  : data_rate_stat: agdsp rate: total size(MB)=0.000000; per second(bytes)=0.000000, drop_cnt_=0, drop_data_size_=0
01-11 00:05:08.574  6820  6820 W View    : requestLayout() improperly called by com.android.keyguard.AlphaOptimizedLinearLayout{1329110 V.E...... ......ID 5,0-49,44 #7f0b074e app:id/wifi_group} during second layout pass: posting in next frame
01-11 00:05:08.589  6820  6820 W View    : requestLayout() improperly called by StatusBarIconView(slot=wifi icon=null notification=null) during layout: running second layout pass
01-11 00:05:08.596  6820  6820 W View    : requestLayout() improperly called by com.android.keyguard.AlphaOptimizedLinearLayout{1329110 V.E...... ......ID 5,0-49,44 #7f0b074e app:id/wifi_group} during second layout pass: posting in next frame
01-11 00:05:08.611  6820  6820 W View    : requestLayout() improperly called by StatusBarIconView(slot=wifi icon=null notification=null) during layout: running second layout pass
01-11 00:05:08.618  6820  6820 W View    : requestLayout() improperly called by com.android.keyguard.AlphaOptimizedLinearLayout{1329110 V.E...... ......ID 5,0-49,44 #7f0b074e app:id/wifi_group} during second layout pass: posting in next frame
01-11 00:05:08.633  6820  6820 W View    : requestLayout() improperly called by StatusBarIconView(slot=wifi icon=null notification=null) during layout: running second layout pass
01-11 00:05:08.641  6820  6820 W View    : requestLayout() improperly called by com.android.keyguard.AlphaOptimizedLinearLayout{1329110 V.E...... ......ID 5,0-49,44 #7f0b074e app:id/wifi_group} during second layout pass: posting in next frame
01-11 00:05:08.656  6820  6820 W View    : requestLayout() improperly called by StatusBarIconView(slot=wifi icon=null notification=null) during layout: running second layout pass
01-11 00:05:08.663  6820  6820 W View    : requestLayout() improperly called by com.android.keyguard.AlphaOptimizedLinearLayout{1329110 V.E...... ......ID 5,0-49,44 #7f0b074e app:id/wifi_group} during second layout pass: posting in next frame
01-11 00:05:08.678  6820  6820 W View    : requestLayout() improperly called by StatusBarIconView(slot=wifi icon=null notification=null) during layout: running second layout pass
01-11 00:05:08.685  6820  6820 W View    : requestLayout() improperly called by com.android.keyguard.AlphaOptimizedLinearLayout{1329110 V.E...... ......ID 5,0-49,44 #7f0b074e app:id/wifi_group} during second layout pass: posting in next frame
01-11 00:05:08.700  6820  6820 W View    : requestLayout() improperly called by StatusBarIconView(slot=wifi icon=null notification=null) during layout: running second layout pass
01-11 00:05:08.707  6820  6820 W View    : requestLayout() improperly called by com.android.keyguard.AlphaOptimizedLinearLayout{1329110 V.E...... ......ID 5,0-49,44 #7f0b074e app:id/wifi_group} during second layout pass: posting in next frame
01-11 00:05:08.722  6820  6820 W View    : requestLayout() improperly called by StatusBarIconView(slot=wifi icon=null notification=null) during layout: running second layout pass
01-11 00:05:08.729  6820  6820 W View    : requestLayout() improperly called by com.android.keyguard.AlphaOptimizedLinearLayout{1329110 V.E...... ......ID 5,0-49,44 #7f0b074e app:id/wifi_group} during second layout pass: posting in next frame
01-11 00:05:08.744  6820  6820 W View    : requestLayout() improperly called by StatusBarIconView(slot=wifi icon=null notification=null) during layout: running second layout pass
01-11 00:05:08.752  6820  6820 W View    : requestLayout() improperly called by com.android.keyguard.AlphaOptimizedLinearLayout{1329110 V.E...... ......ID 5,0-49,44 #7f0b074e app:id/wifi_group} during second layout pass: posting in next frame
01-11 00:05:08.766  6820  6820 W View    : requestLayout() improperly called by StatusBarIconView(slot=wifi icon=null notification=null) during layout: running second layout pass
01-11 00:05:08.774  6820  6820 W View    : requestLayout() improperly called by com.android.keyguard.AlphaOptimizedLinearLayout{1329110 V.E...... ......ID 5,0-49,44 #7f0b074e app:id/wifi_group} during second layout pass: posting in next frame
01-11 00:05:08.789  6820  6820 W View    : requestLayout() improperly called by StatusBarIconView(slot=wifi icon=null notification=null) during layout: running second layout pass
01-11 00:05:08.796  6820  6820 W View    : requestLayout() improperly called by com.android.keyguard.AlphaOptimizedLinearLayout{1329110 V.E...... ......ID 5,0-49,44 #7f0b074e app:id/wifi_group} during second layout pass: posting in next frame
01-11 00:05:08.811  6820  6820 W View    : requestLayout() improperly called by StatusBarIconView(slot=wifi icon=null notification=null) during layout: running second layout pass
01-11 00:05:08.818  6820  6820 W View    : requestLayout() improperly called by com.android.keyguard.AlphaOptimizedLinearLayout{1329110 V.E...... ......ID 5,0-49,44 #7f0b074e app:id/wifi_group} during second layout pass: posting in next frame
01-11 00:05:08.833  6820  6820 W View    : requestLayout() improperly called by StatusBarIconView(slot=wifi icon=null notification=null) during layout: running second layout pass
01-11 00:05:08.840  6820  6820 W View    : requestLayout() improperly called by com.android.keyguard.AlphaOptimizedLinearLayout{1329110 V.E...... ......ID 5,0-49,44 #7f0b074e app:id/wifi_group} during second layout pass: posting in next frame
01-11 00:05:08.855  6820  6820 W View    : requestLayout() improperly called by StatusBarIconView(slot=wifi icon=null notification=null) during layout: running second layout pass
01-11 00:05:08.862  6820  6820 W View    : requestLayout() improperly called by com.android.keyguard.AlphaOptimizedLinearLayout{1329110 V.E...... ......ID 5,0-49,44 #7f0b074e app:id/wifi_group} during second layout pass: posting in next frame
01-11 00:05:08.877  6820  6820 W View    : requestLayout() improperly called by StatusBarIconView(slot=wifi icon=null notification=null) during layout: running second layout pass
01-11 00:05:08.885  6820  6820 W View    : requestLayout() improperly called by com.android.keyguard.AlphaOptimizedLinearLayout{1329110 V.E...... ......ID 5,0-49,44 #7f0b074e app:id/wifi_group} during second layout pass: posting in next frame
01-11 00:05:08.899  6820  6820 W View    : requestLayout() improperly called by StatusBarIconView(slot=wifi icon=null notification=null) during layout: running second layout pass
01-11 00:05:08.907  6820  6820 W View    : requestLayout() improperly called by com.android.keyguard.AlphaOptimizedLinearLayout{1329110 V.E...... ......ID 5,0-49,44 #7f0b074e app:id/wifi_group} during second layout pass: posting in next frame
01-11 00:05:08.921  6820  6820 W View    : requestLayout() improperly called by StatusBarIconView(slot=wifi icon=null notification=null) during layout: running second layout pass
01-11 00:05:08.929  6820  6820 W View    : requestLayout() improperly called by com.android.keyguard.AlphaOptimizedLinearLayout{1329110 V.E...... ......ID 5,0-49,44 #7f0b074e app:id/wifi_group} during second layout pass: posting in next frame
01-11 00:05:08.944  6820  6820 W View    : requestLayout() improperly called by StatusBarIconView(slot=wifi icon=null notification=null) during layout: running second layout pass
01-11 00:05:08.951  6820  6820 W View    : requestLayout() improperly called by com.android.keyguard.AlphaOptimizedLinearLayout{1329110 V.E...... ......ID 5,0-49,44 #7f0b074e app:id/wifi_group} during second layout pass: posting in next frame
01-11 00:05:08.966  6820  6820 W View    : requestLayout() improperly called by StatusBarIconView(slot=wifi icon=null notification=null) during layout: running second layout pass
01-11 00:05:08.974  6820  6820 W View    : requestLayout() improperly called by com.android.keyguard.AlphaOptimizedLinearLayout{1329110 V.E...... ......ID 5,0-49,44 #7f0b074e app:id/wifi_group} during second layout pass: posting in next frame
01-11 00:05:08.988  6820  6820 W View    : requestLayout() improperly called by StatusBarIconView(slot=wifi icon=null notification=null) during layout: running second layout pass
