01-11 00:05:22.978  1320  1898 D NetworkAdapter: Unisoc Offload UsbTethering StatsProvider getTetherStats
01-11 00:05:22.979  1320  1898 D NetworkAdapter: OFFLOAD_USB_TETHERING_PROP = 0
01-11 00:05:22.979  1320  1898 D NetworkAdapter: Unisoc Offload UsbTethering StatsProvider getTetherStats
01-11 00:05:22.979  1320  1898 D NetworkAdapter: OFFLOAD_USB_TETHERING_PROP = 0
01-11 00:05:22.992  6820  6820 W View    : requestLayout() improperly called by StatusBarIconView(slot=wifi icon=null notification=null) during layout: running second layout pass
01-11 00:05:22.993  1320  2973 W PackageConfigPersister: App-specific configuration not found for packageName: com.habittracker and userId: 0
01-11 00:05:22.997  7585  7585 W AppButtonsPrefCtl: App is not explicitly stopped
01-11 00:05:23.000  6820  6820 W View    : requestLayout() improperly called by com.android.keyguard.AlphaOptimizedLinearLayout{1329110 V.E...... ......ID 5,0-49,44 #7f0b074e app:id/wifi_group} during second layout pass: posting in next frame
01-11 00:05:23.001 26927 26927 I GoogleInputMethodService: GoogleInputMethodService.onFinishInput():2097 
01-11 00:05:23.002 26927 26927 I Module  : DeviceLockedStatusModuleProvider$Module.updateDeviceLockedStatus():103 repeatCheckTimes = 0, locked = false
01-11 00:05:23.002 26927 26927 I GoogleInputMethodService: GoogleInputMethodService.onStartInput():1347 onStartInput(EditorInfo{EditorInfo{packageName=com.android.settings, inputType=0, inputTypeString=NULL, enableLearning=false, autoCorrection=false, autoComplete=false, imeOptions=0, privateImeOptions=null, actionName=UNSPECIFIED, actionLabel=null, initialSelStart=-1, initialSelEnd=-1, initialCapsMode=0, label=null, fieldId=2131363040, fieldName=null, extras=null, hintText=null, hintLocales=[]}}, false)
01-11 00:05:23.004 26927 26927 I Module  : DeviceLockedStatusModuleProvider$Module.updateDeviceLockedStatus():103 repeatCheckTimes = 1, locked = false
01-11 00:05:23.010  1320  1335 D NetworkAdapter: UnisocOffloadUsbTetheringStatsProvider.onRequestStatsUpdate
01-11 00:05:23.010  1320  1898 D NetworkAdapter: UnisocOffloadUsbTetheringStatsProvider.pushTetherStats
01-11 00:05:23.011  1320  1898 D NetworkAdapter: Unisoc Offload UsbTethering StatsProvider getTetherStats
01-11 00:05:23.011  1320  1898 D NetworkAdapter: OFFLOAD_USB_TETHERING_PROP = 0
01-11 00:05:23.012  1320  1898 D NetworkAdapter: Unisoc Offload UsbTethering StatsProvider getTetherStats
01-11 00:05:23.013   936   963 I mali_gralloc: register: id=0x376000047b2, importpid=7585
01-11 00:05:23.013  1320  1898 D NetworkAdapter: OFFLOAD_USB_TETHERING_PROP = 0
01-11 00:05:23.014   911   911 D PowerHAL: ###Exit launch scene bgn###
01-11 00:05:23.014   911   911 D PowerHAL: Enter common_set: enable:0, duration: 0, /sys/devices/system/cpu/cpufreq/policy0/scaling_min_freq: 1820000
01-11 00:05:23.014   911   911 D PowerHAL: Enter set_cluster_freqs_max_min: 
01-11 00:05:23.014   911   911 D PowerHAL: Enter common_clear: 
01-11 00:05:23.014   911   911 D PowerHAL: Enter common_set: enable:0, duration: 0, /sys/devices/system/cpu/cpufreq/policy0/scaling_max_freq: 1820000
01-11 00:05:23.014   911   911 D PowerHAL: Enter set_cluster_freqs_max_min: 
01-11 00:05:23.014   911   911 D PowerHAL: Enter common_clear: 
01-11 00:05:23.014   911   911 D PowerHAL: Enter common_set: enable:0, duration: 0, /sys/devices/system/cpu/cpufreq/policy6/scaling_min_freq: 2028000
01-11 00:05:23.014   911   911 D PowerHAL: Enter set_cluster_freqs_max_min: 
01-11 00:05:23.014   911   911 D PowerHAL: Enter common_clear: 
01-11 00:05:23.015   911   911 D PowerHAL: Enter common_set: enable:0, duration: 0, /sys/devices/system/cpu/cpufreq/policy6/scaling_max_freq: 2028000
01-11 00:05:23.015   911   911 D PowerHAL: Enter set_cluster_freqs_max_min: 
01-11 00:05:23.015   911   911 D PowerHAL: Enter common_clear: 
01-11 00:05:23.015   911   911 D PowerHAL: Enter devfreq_ddr_set: enable:0, duration: 0, /sys/class/devfreq/scene-frequency/sprd-governor/scene_boost_dfs: max
01-11 00:05:23.015  6820  6820 W View    : requestLayout() improperly called by StatusBarIconView(slot=wifi icon=null notification=null) during layout: running second layout pass
01-11 00:05:23.016   911   911 D PowerHAL: ###Exit launch scene end###
01-11 00:05:23.016   936   963 I mali_gralloc: register: id=0x376000047b1, importpid=7585
01-11 00:05:23.016  1320  1344 D UnisocOomAdjuster: Skipped update freeze state for 24928
01-11 00:05:23.022   887   941 I mali_gralloc: register: id=0x376000047b2, importpid=936
01-11 00:05:23.023  6820  6820 W View    : requestLayout() improperly called by com.android.keyguard.AlphaOptimizedLinearLayout{1329110 V.E...... ......ID 5,0-49,44 #7f0b074e app:id/wifi_group} during second layout pass: posting in next frame
01-11 00:05:23.032   887   941 I mali_gralloc: register: id=0x376000047b1, importpid=936
01-11 00:05:23.033  1320  1436 D NetworkAdapter: UnisocOffloadUsbTetheringStatsProvider.onRequestStatsUpdate
01-11 00:05:23.034  1320  1898 D NetworkAdapter: UnisocOffloadUsbTetheringStatsProvider.pushTetherStats
01-11 00:05:23.034  1320  1898 D NetworkAdapter: Unisoc Offload UsbTethering StatsProvider getTetherStats
01-11 00:05:23.035  1320  1898 D NetworkAdapter: OFFLOAD_USB_TETHERING_PROP = 0
01-11 00:05:23.035  1320  1898 D NetworkAdapter: Unisoc Offload UsbTethering StatsProvider getTetherStats
01-11 00:05:23.036  1320  1898 D NetworkAdapter: OFFLOAD_USB_TETHERING_PROP = 0
01-11 00:05:23.036  6820  6820 W View    : requestLayout() improperly called by StatusBarIconView(slot=wifi icon=null notification=null) during layout: running second layout pass
01-11 00:05:23.045  6820  6820 W View    : requestLayout() improperly called by com.android.keyguard.AlphaOptimizedLinearLayout{1329110 V.E...... ......ID 5,0-49,44 #7f0b074e app:id/wifi_group} during second layout pass: posting in next frame
01-11 00:05:23.059  6820  6820 W View    : requestLayout() improperly called by StatusBarIconView(slot=wifi icon=null notification=null) during layout: running second layout pass
01-11 00:05:23.067  1320  1344 W ActivityTaskManager: Activity top resumed state loss timeout for ActivityRecord{f33caf8 u0 com.habittracker/.MainActivity} t-1 d0 f}}
01-11 00:05:23.067  6820  6820 W View    : requestLayout() improperly called by com.android.keyguard.AlphaOptimizedLinearLayout{1329110 V.E...... ......ID 5,0-49,44 #7f0b074e app:id/wifi_group} during second layout pass: posting in next frame
01-11 00:05:23.073  1320  1436 D NetworkAdapter: UnisocOffloadUsbTetheringStatsProvider.onRequestStatsUpdate
01-11 00:05:23.073  1320  1898 D NetworkAdapter: UnisocOffloadUsbTetheringStatsProvider.pushTetherStats
01-11 00:05:23.073  1320  1898 D NetworkAdapter: Unisoc Offload UsbTethering StatsProvider getTetherStats
01-11 00:05:23.074  1320  1898 D NetworkAdapter: OFFLOAD_USB_TETHERING_PROP = 0
01-11 00:05:23.074  1320  1898 D NetworkAdapter: Unisoc Offload UsbTethering StatsProvider getTetherStats
01-11 00:05:23.074  1320  1898 D NetworkAdapter: OFFLOAD_USB_TETHERING_PROP = 0
01-11 00:05:23.082  6820  6820 W View    : requestLayout() improperly called by StatusBarIconView(slot=wifi icon=null notification=null) during layout: running second layout pass
01-11 00:05:23.089  6820  6820 W View    : requestLayout() improperly called by com.android.keyguard.AlphaOptimizedLinearLayout{1329110 V.E...... ......ID 5,0-49,44 #7f0b074e app:id/wifi_group} during second layout pass: posting in next frame
01-11 00:05:23.104  6820  6820 W View    : requestLayout() improperly called by StatusBarIconView(slot=wifi icon=null notification=null) during layout: running second layout pass
01-11 00:05:23.112  6820  6820 W View    : requestLayout() improperly called by com.android.keyguard.AlphaOptimizedLinearLayout{1329110 V.E...... ......ID 5,0-49,44 #7f0b074e app:id/wifi_group} during second layout pass: posting in next frame
01-11 00:05:23.113  7585  7585 D AppInfoDashboard: Package change irrelevant, skipping
01-11 00:05:23.116  1320  1436 D NetworkAdapter: UnisocOffloadUsbTetheringStatsProvider.onRequestStatsUpdate
01-11 00:05:23.117  1320  1898 D NetworkAdapter: UnisocOffloadUsbTetheringStatsProvider.pushTetherStats
01-11 00:05:23.117  1320  1898 D NetworkAdapter: Unisoc Offload UsbTethering StatsProvider getTetherStats
01-11 00:05:23.117  1320  1898 D NetworkAdapter: OFFLOAD_USB_TETHERING_PROP = 0
01-11 00:05:23.118  1320  1898 D NetworkAdapter: Unisoc Offload UsbTethering StatsProvider getTetherStats
01-11 00:05:23.118  1320  1898 D NetworkAdapter: OFFLOAD_USB_TETHERING_PROP = 0
01-11 00:05:23.126  6820  6820 W View    : requestLayout() improperly called by StatusBarIconView(slot=wifi icon=null notification=null) during layout: running second layout pass
01-11 00:05:23.134  6820  6820 W View    : requestLayout() improperly called by com.android.keyguard.AlphaOptimizedLinearLayout{1329110 V.E...... ......ID 5,0-49,44 #7f0b074e app:id/wifi_group} during second layout pass: posting in next frame
01-11 00:05:23.149  6820  6820 W View    : requestLayout() improperly called by StatusBarIconView(slot=wifi icon=null notification=null) during layout: running second layout pass
01-11 00:05:23.156  6820  6820 W View    : requestLayout() improperly called by com.android.keyguard.AlphaOptimizedLinearLayout{1329110 V.E...... ......ID 5,0-49,44 #7f0b074e app:id/wifi_group} during second layout pass: posting in next frame
01-11 00:05:23.170  6820  6820 W View    : requestLayout() improperly called by StatusBarIconView(slot=wifi icon=null notification=null) during layout: running second layout pass
01-11 00:05:23.178  6820  6820 W View    : requestLayout() improperly called by com.android.keyguard.AlphaOptimizedLinearLayout{1329110 V.E...... ......ID 5,0-49,44 #7f0b074e app:id/wifi_group} during second layout pass: posting in next frame
01-11 00:05:23.193  6820  6820 W View    : requestLayout() improperly called by StatusBarIconView(slot=wifi icon=null notification=null) during layout: running second layout pass
01-11 00:05:23.201  6820  6820 W View    : requestLayout() improperly called by com.android.keyguard.AlphaOptimizedLinearLayout{1329110 V.E...... ......ID 5,0-49,44 #7f0b074e app:id/wifi_group} during second layout pass: posting in next frame
01-11 00:05:23.214  6820  6820 W View    : requestLayout() improperly called by StatusBarIconView(slot=wifi icon=null notification=null) during layout: running second layout pass
01-11 00:05:23.222  6820  6820 W View    : requestLayout() improperly called by com.android.keyguard.AlphaOptimizedLinearLayout{1329110 V.E...... ......ID 5,0-49,44 #7f0b074e app:id/wifi_group} during second layout pass: posting in next frame
01-11 00:05:23.237  6820  6820 W View    : requestLayout() improperly called by StatusBarIconView(slot=wifi icon=null notification=null) during layout: running second layout pass
01-11 00:05:23.244  6820  6820 W View    : requestLayout() improperly called by com.android.keyguard.AlphaOptimizedLinearLayout{1329110 V.E...... ......ID 5,0-49,44 #7f0b074e app:id/wifi_group} during second layout pass: posting in next frame
01-11 00:05:23.259  6820  6820 W View    : requestLayout() improperly called by StatusBarIconView(slot=wifi icon=null notification=null) during layout: running second layout pass
01-11 00:05:23.267  6820  6820 W View    : requestLayout() improperly called by com.android.keyguard.AlphaOptimizedLinearLayout{1329110 V.E...... ......ID 5,0-49,44 #7f0b074e app:id/wifi_group} during second layout pass: posting in next frame
01-11 00:05:23.281  6820  6820 W View    : requestLayout() improperly called by StatusBarIconView(slot=wifi icon=null notification=null) during layout: running second layout pass
01-11 00:05:23.289  6820  6820 W View    : requestLayout() improperly called by com.android.keyguard.AlphaOptimizedLinearLayout{1329110 V.E...... ......ID 5,0-49,44 #7f0b074e app:id/wifi_group} during second layout pass: posting in next frame
01-11 00:05:23.303  6820  6820 W View    : requestLayout() improperly called by StatusBarIconView(slot=wifi icon=null notification=null) during layout: running second layout pass
01-11 00:05:23.311  6820  6820 W View    : requestLayout() improperly called by com.android.keyguard.AlphaOptimizedLinearLayout{1329110 V.E...... ......ID 5,0-49,44 #7f0b074e app:id/wifi_group} during second layout pass: posting in next frame
01-11 00:05:23.326  6820  6820 W View    : requestLayout() improperly called by StatusBarIconView(slot=wifi icon=null notification=null) during layout: running second layout pass
01-11 00:05:23.334  6820  6820 W View    : requestLayout() improperly called by com.android.keyguard.AlphaOptimizedLinearLayout{1329110 V.E...... ......ID 5,0-49,44 #7f0b074e app:id/wifi_group} during second layout pass: posting in next frame
01-11 00:05:23.347  6820  6820 W View    : requestLayout() improperly called by StatusBarIconView(slot=wifi icon=null notification=null) during layout: running second layout pass
01-11 00:05:23.356  6820  6820 W View    : requestLayout() improperly called by com.android.keyguard.AlphaOptimizedLinearLayout{1329110 V.E...... ......ID 5,0-49,44 #7f0b074e app:id/wifi_group} during second layout pass: posting in next frame
01-11 00:05:23.370  6820  6820 W View    : requestLayout() improperly called by StatusBarIconView(slot=wifi icon=null notification=null) during layout: running second layout pass
01-11 00:05:23.378  6820  6820 W View    : requestLayout() improperly called by com.android.keyguard.AlphaOptimizedLinearLayout{1329110 V.E...... ......ID 5,0-49,44 #7f0b074e app:id/wifi_group} during second layout pass: posting in next frame
01-11 00:05:23.392  6820  6820 W View    : requestLayout() improperly called by StatusBarIconView(slot=wifi icon=null notification=null) during layout: running second layout pass
01-11 00:05:23.400  6820  6820 W View    : requestLayout() improperly called by com.android.keyguard.AlphaOptimizedLinearLayout{1329110 V.E...... ......ID 5,0-49,44 #7f0b074e app:id/wifi_group} during second layout pass: posting in next frame
01-11 00:05:23.415  6820  6820 W View    : requestLayout() improperly called by StatusBarIconView(slot=wifi icon=null notification=null) during layout: running second layout pass
01-11 00:05:23.422  6820  6820 W View    : requestLayout() improperly called by com.android.keyguard.AlphaOptimizedLinearLayout{1329110 V.E...... ......ID 5,0-49,44 #7f0b074e app:id/wifi_group} during second layout pass: posting in next frame
01-11 00:05:23.437  6820  6820 W View    : requestLayout() improperly called by StatusBarIconView(slot=wifi icon=null notification=null) during layout: running second layout pass
01-11 00:05:23.444  6820  6820 W View    : requestLayout() improperly called by com.android.keyguard.AlphaOptimizedLinearLayout{1329110 V.E...... ......ID 5,0-49,44 #7f0b074e app:id/wifi_group} during second layout pass: posting in next frame
01-11 00:05:23.459  6820  6820 W View    : requestLayout() improperly called by StatusBarIconView(slot=wifi icon=null notification=null) during layout: running second layout pass
01-11 00:05:23.467  6820  6820 W View    : requestLayout() improperly called by com.android.keyguard.AlphaOptimizedLinearLayout{1329110 V.E...... ......ID 5,0-49,44 #7f0b074e app:id/wifi_group} during second layout pass: posting in next frame
01-11 00:05:23.482  6820  6820 W View    : requestLayout() improperly called by StatusBarIconView(slot=wifi icon=null notification=null) during layout: running second layout pass
01-11 00:05:23.491  6820  6820 W View    : requestLayout() improperly called by com.android.keyguard.AlphaOptimizedLinearLayout{1329110 V.E...... ......ID 5,0-49,44 #7f0b074e app:id/wifi_group} during second layout pass: posting in next frame
01-11 00:05:23.505  6820  6820 W View    : requestLayout() improperly called by StatusBarIconView(slot=wifi icon=null notification=null) during layout: running second layout pass
01-11 00:05:23.512  6820  6820 W View    : requestLayout() improperly called by com.android.keyguard.AlphaOptimizedLinearLayout{1329110 V.E...... ......ID 5,0-49,44 #7f0b074e app:id/wifi_group} during second layout pass: posting in next frame
01-11 00:05:23.525  6820  6820 W View    : requestLayout() improperly called by StatusBarIconView(slot=wifi icon=null notification=null) during layout: running second layout pass
01-11 00:05:23.534  6820  6820 W View    : requestLayout() improperly called by com.android.keyguard.AlphaOptimizedLinearLayout{1329110 V.E...... ......ID 5,0-49,44 #7f0b074e app:id/wifi_group} during second layout pass: posting in next frame
01-11 00:05:23.548  6820  6820 W View    : requestLayout() improperly called by StatusBarIconView(slot=wifi icon=null notification=null) during layout: running second layout pass
01-11 00:05:23.556  6820  6820 W View    : requestLayout() improperly called by com.android.keyguard.AlphaOptimizedLinearLayout{1329110 V.E...... ......ID 5,0-49,44 #7f0b074e app:id/wifi_group} during second layout pass: posting in next frame
01-11 00:05:23.571  6820  6820 W View    : requestLayout() improperly called by StatusBarIconView(slot=wifi icon=null notification=null) during layout: running second layout pass
01-11 00:05:23.578  6820  6820 W View    : requestLayout() improperly called by com.android.keyguard.AlphaOptimizedLinearLayout{1329110 V.E...... ......ID 5,0-49,44 #7f0b074e app:id/wifi_group} during second layout pass: posting in next frame
01-11 00:05:23.593  6820  6820 W View    : requestLayout() improperly called by StatusBarIconView(slot=wifi icon=null notification=null) during layout: running second layout pass
01-11 00:05:23.602  6820  6820 W View    : requestLayout() improperly called by com.android.keyguard.AlphaOptimizedLinearLayout{1329110 V.E...... ......ID 5,0-49,44 #7f0b074e app:id/wifi_group} during second layout pass: posting in next frame
01-11 00:05:23.615  6820  6820 W View    : requestLayout() improperly called by StatusBarIconView(slot=wifi icon=null notification=null) during layout: running second layout pass
01-11 00:05:23.623  6820  6820 W View    : requestLayout() improperly called by com.android.keyguard.AlphaOptimizedLinearLayout{1329110 V.E...... ......ID 5,0-49,44 #7f0b074e app:id/wifi_group} during second layout pass: posting in next frame
01-11 00:05:23.636  6820  6820 W View    : requestLayout() improperly called by StatusBarIconView(slot=wifi icon=null notification=null) during layout: running second layout pass
01-11 00:05:23.644  6820  6820 W View    : requestLayout() improperly called by com.android.keyguard.AlphaOptimizedLinearLayout{1329110 V.E...... ......ID 5,0-49,44 #7f0b074e app:id/wifi_group} during second layout pass: posting in next frame
01-11 00:05:23.658  6820  6820 W View    : requestLayout() improperly called by StatusBarIconView(slot=wifi icon=null notification=null) during layout: running second layout pass
01-11 00:05:23.667  6820  6820 W View    : requestLayout() improperly called by com.android.keyguard.AlphaOptimizedLinearLayout{1329110 V.E...... ......ID 5,0-49,44 #7f0b074e app:id/wifi_group} during second layout pass: posting in next frame
01-11 00:05:23.682  6820  6820 W View    : requestLayout() improperly called by StatusBarIconView(slot=wifi icon=null notification=null) during layout: running second layout pass
01-11 00:05:23.689  6820  6820 W View    : requestLayout() improperly called by com.android.keyguard.AlphaOptimizedLinearLayout{1329110 V.E...... ......ID 5,0-49,44 #7f0b074e app:id/wifi_group} during second layout pass: posting in next frame
01-11 00:05:23.703  6820  6820 W View    : requestLayout() improperly called by StatusBarIconView(slot=wifi icon=null notification=null) during layout: running second layout pass
01-11 00:05:23.711  6820  6820 W View    : requestLayout() improperly called by com.android.keyguard.AlphaOptimizedLinearLayout{1329110 V.E...... ......ID 5,0-49,44 #7f0b074e app:id/wifi_group} during second layout pass: posting in next frame
01-11 00:05:23.725  6820  6820 W View    : requestLayout() improperly called by StatusBarIconView(slot=wifi icon=null notification=null) during layout: running second layout pass
01-11 00:05:23.734  6820  6820 W View    : requestLayout() improperly called by com.android.keyguard.AlphaOptimizedLinearLayout{1329110 V.E...... ......ID 5,0-49,44 #7f0b074e app:id/wifi_group} during second layout pass: posting in next frame
01-11 00:05:23.737  7585  7585 D AppInfoDashboard: Package change irrelevant, skipping
01-11 00:05:23.748  6820  6820 W View    : requestLayout() improperly called by StatusBarIconView(slot=wifi icon=null notification=null) during layout: running second layout pass
01-11 00:05:23.756  6820  6820 W View    : requestLayout() improperly called by com.android.keyguard.AlphaOptimizedLinearLayout{1329110 V.E...... ......ID 5,0-49,44 #7f0b074e app:id/wifi_group} during second layout pass: posting in next frame
01-11 00:05:23.770  6820  6820 W View    : requestLayout() improperly called by StatusBarIconView(slot=wifi icon=null notification=null) during layout: running second layout pass
01-11 00:05:23.779  6820  6820 W View    : requestLayout() improperly called by com.android.keyguard.AlphaOptimizedLinearLayout{1329110 V.E...... ......ID 5,0-49,44 #7f0b074e app:id/wifi_group} during second layout pass: posting in next frame
01-11 00:05:23.792  6820  6820 W View    : requestLayout() improperly called by StatusBarIconView(slot=wifi icon=null notification=null) during layout: running second layout pass
01-11 00:05:23.800  6820  6820 W View    : requestLayout() improperly called by com.android.keyguard.AlphaOptimizedLinearLayout{1329110 V.E...... ......ID 5,0-49,44 #7f0b074e app:id/wifi_group} during second layout pass: posting in next frame
01-11 00:05:23.815  6820  6820 W View    : requestLayout() improperly called by StatusBarIconView(slot=wifi icon=null notification=null) during layout: running second layout pass
01-11 00:05:23.823  6820  6820 W View    : requestLayout() improperly called by com.android.keyguard.AlphaOptimizedLinearLayout{1329110 V.E...... ......ID 5,0-49,44 #7f0b074e app:id/wifi_group} during second layout pass: posting in next frame
01-11 00:05:23.837  6820  6820 W View    : requestLayout() improperly called by StatusBarIconView(slot=wifi icon=null notification=null) during layout: running second layout pass
01-11 00:05:23.844  6820  6820 W View    : requestLayout() improperly called by com.android.keyguard.AlphaOptimizedLinearLayout{1329110 V.E...... ......ID 5,0-49,44 #7f0b074e app:id/wifi_group} during second layout pass: posting in next frame
01-11 00:05:23.858  6820  6820 W View    : requestLayout() improperly called by StatusBarIconView(slot=wifi icon=null notification=null) during layout: running second layout pass
01-11 00:05:23.866  6820  6820 W View    : requestLayout() improperly called by com.android.keyguard.AlphaOptimizedLinearLayout{1329110 V.E...... ......ID 5,0-49,44 #7f0b074e app:id/wifi_group} during second layout pass: posting in next frame
01-11 00:05:23.883  6820  6820 W View    : requestLayout() improperly called by StatusBarIconView(slot=wifi icon=null notification=null) during layout: running second layout pass
01-11 00:05:23.891  6820  6820 W View    : requestLayout() improperly called by com.android.keyguard.AlphaOptimizedLinearLayout{1329110 V.E...... ......ID 5,0-49,44 #7f0b074e app:id/wifi_group} during second layout pass: posting in next frame
01-11 00:05:23.903  6820  6820 W View    : requestLayout() improperly called by StatusBarIconView(slot=wifi icon=null notification=null) during layout: running second layout pass
01-11 00:05:23.908  7585  7585 D AppInfoDashboard: Package change irrelevant, skipping
01-11 00:05:23.911  6820  6820 W View    : requestLayout() improperly called by com.android.keyguard.AlphaOptimizedLinearLayout{1329110 V.E...... ......ID 5,0-49,44 #7f0b074e app:id/wifi_group} during second layout pass: posting in next frame
01-11 00:05:23.926  6820  6820 W View    : requestLayout() improperly called by StatusBarIconView(slot=wifi icon=null notification=null) during layout: running second layout pass
01-11 00:05:23.933  6820  6820 W View    : requestLayout() improperly called by com.android.keyguard.AlphaOptimizedLinearLayout{1329110 V.E...... ......ID 5,0-49,44 #7f0b074e app:id/wifi_group} during second layout pass: posting in next frame
01-11 00:05:23.948  6820  6820 W View    : requestLayout() improperly called by StatusBarIconView(slot=wifi icon=null notification=null) during layout: running second layout pass
01-11 00:05:23.955  6820  6820 W View    : requestLayout() improperly called by com.android.keyguard.AlphaOptimizedLinearLayout{1329110 V.E...... ......ID 5,0-49,44 #7f0b074e app:id/wifi_group} during second layout pass: posting in next frame
01-11 00:05:23.970  6820  6820 W View    : requestLayout() improperly called by StatusBarIconView(slot=wifi icon=null notification=null) during layout: running second layout pass
01-11 00:05:23.978  6820  6820 W View    : requestLayout() improperly called by com.android.keyguard.AlphaOptimizedLinearLayout{1329110 V.E...... ......ID 5,0-49,44 #7f0b074e app:id/wifi_group} during second layout pass: posting in next frame
01-11 00:05:23.993  6820  6820 W View    : requestLayout() improperly called by StatusBarIconView(slot=wifi icon=null notification=null) during layout: running second layout pass
01-11 00:05:24.000  6820  6820 W View    : requestLayout() improperly called by com.android.keyguard.AlphaOptimizedLinearLayout{1329110 V.E...... ......ID 5,0-49,44 #7f0b074e app:id/wifi_group} during second layout pass: posting in next frame
01-11 00:05:24.015  6820  6820 W View    : requestLayout() improperly called by StatusBarIconView(slot=wifi icon=null notification=null) during layout: running second layout pass
01-11 00:05:24.022  6820  6820 W View    : requestLayout() improperly called by com.android.keyguard.AlphaOptimizedLinearLayout{1329110 V.E...... ......ID 5,0-49,44 #7f0b074e app:id/wifi_group} during second layout pass: posting in next frame
01-11 00:05:24.037  6820  6820 W View    : requestLayout() improperly called by StatusBarIconView(slot=wifi icon=null notification=null) during layout: running second layout pass
01-11 00:05:24.045  6820  6820 W View    : requestLayout() improperly called by com.android.keyguard.AlphaOptimizedLinearLayout{1329110 V.E...... ......ID 5,0-49,44 #7f0b074e app:id/wifi_group} during second layout pass: posting in next frame
01-11 00:05:24.060  6820  6820 W View    : requestLayout() improperly called by StatusBarIconView(slot=wifi icon=null notification=null) during layout: running second layout pass
01-11 00:05:24.063  1320  1347 E UnisocWatchdog: WDT_Monitor: writeWDTMonitor duration=50,shutdowning=false
01-11 00:05:24.067  6820  6820 W View    : requestLayout() improperly called by com.android.keyguard.AlphaOptimizedLinearLayout{1329110 V.E...... ......ID 5,0-49,44 #7f0b074e app:id/wifi_group} during second layout pass: posting in next frame
01-11 00:05:24.069  1320  1347 E UnisocWatchdog: UnisocWatchdogImpl sendMessage:0
01-11 00:05:24.070  1320  1422 E UnisocWatchdog: UNISOCWATCHDOG_MESSAGE_TIMER30 trigger
01-11 00:05:24.082  6820  6820 W View    : requestLayout() improperly called by StatusBarIconView(slot=wifi icon=null notification=null) during layout: running second layout pass
01-11 00:05:24.089  6820  6820 W View    : requestLayout() improperly called by com.android.keyguard.AlphaOptimizedLinearLayout{1329110 V.E...... ......ID 5,0-49,44 #7f0b074e app:id/wifi_group} during second layout pass: posting in next frame
01-11 00:05:24.104  6820  6820 W View    : requestLayout() improperly called by StatusBarIconView(slot=wifi icon=null notification=null) during layout: running second layout pass
01-11 00:05:24.111  6820  6820 W View    : requestLayout() improperly called by com.android.keyguard.AlphaOptimizedLinearLayout{1329110 V.E...... ......ID 5,0-49,44 #7f0b074e app:id/wifi_group} during second layout pass: posting in next frame
01-11 00:05:24.126  6820  6820 W View    : requestLayout() improperly called by StatusBarIconView(slot=wifi icon=null notification=null) during layout: running second layout pass
01-11 00:05:24.133  6820  6820 W View    : requestLayout() improperly called by com.android.keyguard.AlphaOptimizedLinearLayout{1329110 V.E...... ......ID 5,0-49,44 #7f0b074e app:id/wifi_group} during second layout pass: posting in next frame
01-11 00:05:24.149  6820  6820 W View    : requestLayout() improperly called by StatusBarIconView(slot=wifi icon=null notification=null) during layout: running second layout pass
01-11 00:05:24.157  6820  6820 W View    : requestLayout() improperly called by com.android.keyguard.AlphaOptimizedLinearLayout{1329110 V.E...... ......ID 5,0-49,44 #7f0b074e app:id/wifi_group} during second layout pass: posting in next frame
01-11 00:05:24.171  6820  6820 W View    : requestLayout() improperly called by StatusBarIconView(slot=wifi icon=null notification=null) during layout: running second layout pass
01-11 00:05:24.178  6820  6820 W View    : requestLayout() improperly called by com.android.keyguard.AlphaOptimizedLinearLayout{1329110 V.E...... ......ID 5,0-49,44 #7f0b074e app:id/wifi_group} during second layout pass: posting in next frame
01-11 00:05:24.193  6820  6820 W View    : requestLayout() improperly called by StatusBarIconView(slot=wifi icon=null notification=null) during layout: running second layout pass
01-11 00:05:24.201  6820  6820 W View    : requestLayout() improperly called by com.android.keyguard.AlphaOptimizedLinearLayout{1329110 V.E...... ......ID 5,0-49,44 #7f0b074e app:id/wifi_group} during second layout pass: posting in next frame
01-11 00:05:24.215  6820  6820 W View    : requestLayout() improperly called by StatusBarIconView(slot=wifi icon=null notification=null) during layout: running second layout pass
01-11 00:05:24.223  6820  6820 W View    : requestLayout() improperly called by com.android.keyguard.AlphaOptimizedLinearLayout{1329110 V.E...... ......ID 5,0-49,44 #7f0b074e app:id/wifi_group} during second layout pass: posting in next frame
01-11 00:05:24.237  6820  6820 W View    : requestLayout() improperly called by StatusBarIconView(slot=wifi icon=null notification=null) during layout: running second layout pass
01-11 00:05:24.245  6820  6820 W View    : requestLayout() improperly called by com.android.keyguard.AlphaOptimizedLinearLayout{1329110 V.E...... ......ID 5,0-49,44 #7f0b074e app:id/wifi_group} during second layout pass: posting in next frame
01-11 00:05:24.260  6820  6820 W View    : requestLayout() improperly called by StatusBarIconView(slot=wifi icon=null notification=null) during layout: running second layout pass
01-11 00:05:24.269  6820  6820 W View    : requestLayout() improperly called by com.android.keyguard.AlphaOptimizedLinearLayout{1329110 V.E...... ......ID 5,0-49,44 #7f0b074e app:id/wifi_group} during second layout pass: posting in next frame
01-11 00:05:24.282  6820  6820 W View    : requestLayout() improperly called by StatusBarIconView(slot=wifi icon=null notification=null) during layout: running second layout pass
01-11 00:05:24.290  6820  6820 W View    : requestLayout() improperly called by com.android.keyguard.AlphaOptimizedLinearLayout{1329110 V.E...... ......ID 5,0-49,44 #7f0b074e app:id/wifi_group} during second layout pass: posting in next frame
01-11 00:05:24.298   936   936 D SurfaceFlinger: unisoc-graphics, commit has frameMissed:2, vysncId:22268010
01-11 00:05:24.305  6820  6820 W View    : requestLayout() improperly called by StatusBarIconView(slot=wifi icon=null notification=null) during layout: running second layout pass
01-11 00:05:24.314  6820  6820 W View    : requestLayout() improperly called by com.android.keyguard.AlphaOptimizedLinearLayout{1329110 V.E...... ......ID 5,0-49,44 #7f0b074e app:id/wifi_group} during second layout pass: posting in next frame
01-11 00:05:24.327  6820  6820 W View    : requestLayout() improperly called by StatusBarIconView(slot=wifi icon=null notification=null) during layout: running second layout pass
01-11 00:05:24.337  6820  6820 W View    : requestLayout() improperly called by com.android.keyguard.AlphaOptimizedLinearLayout{1329110 V.E...... ......ID 5,0-49,44 #7f0b074e app:id/wifi_group} during second layout pass: posting in next frame
01-11 00:05:24.351  6820  6820 W View    : requestLayout() improperly called by StatusBarIconView(slot=wifi icon=null notification=null) during layout: running second layout pass
01-11 00:05:24.360  6820  6820 W View    : requestLayout() improperly called by com.android.keyguard.AlphaOptimizedLinearLayout{1329110 V.E...... ......ID 5,0-49,44 #7f0b074e app:id/wifi_group} during second layout pass: posting in next frame
01-11 00:05:24.372  6820  6820 W View    : requestLayout() improperly called by StatusBarIconView(slot=wifi icon=null notification=null) during layout: running second layout pass
01-11 00:05:24.381  6820  6820 W View    : requestLayout() improperly called by com.android.keyguard.AlphaOptimizedLinearLayout{1329110 V.E...... ......ID 5,0-49,44 #7f0b074e app:id/wifi_group} during second layout pass: posting in next frame
01-11 00:05:24.394  6820  6820 W View    : requestLayout() improperly called by StatusBarIconView(slot=wifi icon=null notification=null) during layout: running second layout pass
01-11 00:05:24.402  6820  6820 W View    : requestLayout() improperly called by com.android.keyguard.AlphaOptimizedLinearLayout{1329110 V.E...... ......ID 5,0-49,44 #7f0b074e app:id/wifi_group} during second layout pass: posting in next frame
01-11 00:05:24.416  6820  6820 W View    : requestLayout() improperly called by StatusBarIconView(slot=wifi icon=null notification=null) during layout: running second layout pass
01-11 00:05:24.424  6820  6820 W View    : requestLayout() improperly called by com.android.keyguard.AlphaOptimizedLinearLayout{1329110 V.E...... ......ID 5,0-49,44 #7f0b074e app:id/wifi_group} during second layout pass: posting in next frame
01-11 00:05:24.424 24315 25058 I earchbox:search: oneway function results for code 2 on binder at 0xb4000075ea763b30 will be dropped but finished with status UNKNOWN_TRANSACTION
01-11 00:05:24.428  1320  1436 I ActivityManager: PendingStartActivityUids startActivity to updateOomAdj delay:1361ms, uid:1000
01-11 00:05:24.428  1320  1436 W ProcessStats: Tracking association SourceState{c814c8f system/1000 BTopFgs #253831} whose proc state 2 is better than process ProcessState{9517a2f com.google.android.gms.persistent/10106 pkg=com.google.android.gms} proc state 3 (74 skipped)
01-11 00:05:24.434  1320  1335 I ActivityManager: Killing 25092:com.google.android.webview:webview_service/u0a121 (adj 975): empty #17
01-11 00:05:24.437  6820  6820 W View    : requestLayout() improperly called by StatusBarIconView(slot=wifi icon=null notification=null) during layout: running second layout pass
01-11 00:05:24.441  1320  1353 I libprocessgroup: Successfully killed process cgroup uid 10121 pid 25092 in 5ms
01-11 00:05:24.444  6820  6820 W View    : requestLayout() improperly called by com.android.keyguard.AlphaOptimizedLinearLayout{1329110 V.E...... ......ID 5,0-49,44 #7f0b074e app:id/wifi_group} during second layout pass: posting in next frame
01-11 00:05:24.458  6820  6820 W View    : requestLayout() improperly called by StatusBarIconView(slot=wifi icon=null notification=null) during layout: running second layout pass
01-11 00:05:24.465   871   871 I Zygote  : Process 25092 exited due to signal 9 (Killed)
01-11 00:05:24.466  1320  1436 D UnisocOomAdjuster: Skipped update freeze state for 24928
01-11 00:05:24.468  6820  6820 W View    : requestLayout() improperly called by com.android.keyguard.AlphaOptimizedLinearLayout{1329110 V.E...... ......ID 5,0-49,44 #7f0b074e app:id/wifi_group} during second layout pass: posting in next frame
01-11 00:05:24.482  6820  6820 W View    : requestLayout() improperly called by StatusBarIconView(slot=wifi icon=null notification=null) during layout: running second layout pass
01-11 00:05:24.489  6820  6820 W View    : requestLayout() improperly called by com.android.keyguard.AlphaOptimizedLinearLayout{1329110 V.E...... ......ID 5,0-49,44 #7f0b074e app:id/wifi_group} during second layout pass: posting in next frame
01-11 00:05:24.504  6820  6820 W View    : requestLayout() improperly called by StatusBarIconView(slot=wifi icon=null notification=null) during layout: running second layout pass
01-11 00:05:24.512  6820  6820 W View    : requestLayout() improperly called by com.android.keyguard.AlphaOptimizedLinearLayout{1329110 V.E...... ......ID 5,0-49,44 #7f0b074e app:id/wifi_group} during second layout pass: posting in next frame
01-11 00:05:24.526  6820  6820 W View    : requestLayout() improperly called by StatusBarIconView(slot=wifi icon=null notification=null) during layout: running second layout pass
01-11 00:05:24.534  6820  6820 W View    : requestLayout() improperly called by com.android.keyguard.AlphaOptimizedLinearLayout{1329110 V.E...... ......ID 5,0-49,44 #7f0b074e app:id/wifi_group} during second layout pass: posting in next frame
01-11 00:05:24.549  6820  6820 W View    : requestLayout() improperly called by StatusBarIconView(slot=wifi icon=null notification=null) during layout: running second layout pass
01-11 00:05:24.556  6820  6820 W View    : requestLayout() improperly called by com.android.keyguard.AlphaOptimizedLinearLayout{1329110 V.E...... ......ID 5,0-49,44 #7f0b074e app:id/wifi_group} during second layout pass: posting in next frame
01-11 00:05:24.571  6820  6820 W View    : requestLayout() improperly called by StatusBarIconView(slot=wifi icon=null notification=null) during layout: running second layout pass
01-11 00:05:24.579  6820  6820 W View    : requestLayout() improperly called by com.android.keyguard.AlphaOptimizedLinearLayout{1329110 V.E...... ......ID 5,0-49,44 #7f0b074e app:id/wifi_group} during second layout pass: posting in next frame
01-11 00:05:24.593  6820  6820 W View    : requestLayout() improperly called by StatusBarIconView(slot=wifi icon=null notification=null) during layout: running second layout pass
01-11 00:05:24.600  6820  6820 W View    : requestLayout() improperly called by com.android.keyguard.AlphaOptimizedLinearLayout{1329110 V.E...... ......ID 5,0-49,44 #7f0b074e app:id/wifi_group} during second layout pass: posting in next frame
01-11 00:05:24.607 25845 25962 I PlayCommon: [133] Preparing logs for uploading
01-11 00:05:24.616  6820  6820 W View    : requestLayout() improperly called by StatusBarIconView(slot=wifi icon=null notification=null) during layout: running second layout pass
01-11 00:05:24.624  6820  6820 W View    : requestLayout() improperly called by com.android.keyguard.AlphaOptimizedLinearLayout{1329110 V.E...... ......ID 5,0-49,44 #7f0b074e app:id/wifi_group} during second layout pass: posting in next frame
01-11 00:05:24.626 25845 25962 I PlayCommon: [133] Connecting to server for timestamp: https://play.googleapis.com/play/log/timestamp
01-11 00:05:24.637  6820  6820 W View    : requestLayout() improperly called by StatusBarIconView(slot=wifi icon=null notification=null) during layout: running second layout pass
01-11 00:05:24.644  6820  6820 W View    : requestLayout() improperly called by com.android.keyguard.AlphaOptimizedLinearLayout{1329110 V.E...... ......ID 5,0-49,44 #7f0b074e app:id/wifi_group} during second layout pass: posting in next frame
01-11 00:05:24.660  6820  6820 W View    : requestLayout() improperly called by StatusBarIconView(slot=wifi icon=null notification=null) during layout: running second layout pass
01-11 00:05:24.667  6820  6820 W View    : requestLayout() improperly called by com.android.keyguard.AlphaOptimizedLinearLayout{1329110 V.E...... ......ID 5,0-49,44 #7f0b074e app:id/wifi_group} during second layout pass: posting in next frame
01-11 00:05:24.682  6820  6820 W View    : requestLayout() improperly called by StatusBarIconView(slot=wifi icon=null notification=null) during layout: running second layout pass
01-11 00:05:24.690  6820  6820 W View    : requestLayout() improperly called by com.android.keyguard.AlphaOptimizedLinearLayout{1329110 V.E...... ......ID 5,0-49,44 #7f0b074e app:id/wifi_group} during second layout pass: posting in next frame
01-11 00:05:24.705  6820  6820 W View    : requestLayout() improperly called by StatusBarIconView(slot=wifi icon=null notification=null) during layout: running second layout pass
01-11 00:05:24.713  6820  6820 W View    : requestLayout() improperly called by com.android.keyguard.AlphaOptimizedLinearLayout{1329110 V.E...... ......ID 5,0-49,44 #7f0b074e app:id/wifi_group} during second layout pass: posting in next frame
01-11 00:05:24.726  6820  6820 W View    : requestLayout() improperly called by StatusBarIconView(slot=wifi icon=null notification=null) during layout: running second layout pass
01-11 00:05:24.733  6820  6820 W View    : requestLayout() improperly called by com.android.keyguard.AlphaOptimizedLinearLayout{1329110 V.E...... ......ID 5,0-49,44 #7f0b074e app:id/wifi_group} during second layout pass: posting in next frame
01-11 00:05:24.749  6820  6820 W View    : requestLayout() improperly called by StatusBarIconView(slot=wifi icon=null notification=null) during layout: running second layout pass
01-11 00:05:24.757  6820  6820 W View    : requestLayout() improperly called by com.android.keyguard.AlphaOptimizedLinearLayout{1329110 V.E...... ......ID 5,0-49,44 #7f0b074e app:id/wifi_group} during second layout pass: posting in next frame
01-11 00:05:24.772  6820  6820 W View    : requestLayout() improperly called by StatusBarIconView(slot=wifi icon=null notification=null) during layout: running second layout pass
01-11 00:05:24.781  6820  6820 W View    : requestLayout() improperly called by com.android.keyguard.AlphaOptimizedLinearLayout{1329110 V.E...... ......ID 5,0-49,44 #7f0b074e app:id/wifi_group} during second layout pass: posting in next frame
01-11 00:05:24.793  6820  6820 W View    : requestLayout() improperly called by StatusBarIconView(slot=wifi icon=null notification=null) during layout: running second layout pass
01-11 00:05:24.802  6820  6820 W View    : requestLayout() improperly called by com.android.keyguard.AlphaOptimizedLinearLayout{1329110 V.E...... ......ID 5,0-49,44 #7f0b074e app:id/wifi_group} during second layout pass: posting in next frame
01-11 00:05:24.815  6820  6820 W View    : requestLayout() improperly called by StatusBarIconView(slot=wifi icon=null notification=null) during layout: running second layout pass
01-11 00:05:24.823  6820  6820 W View    : requestLayout() improperly called by com.android.keyguard.AlphaOptimizedLinearLayout{1329110 V.E...... ......ID 5,0-49,44 #7f0b074e app:id/wifi_group} during second layout pass: posting in next frame
01-11 00:05:24.838  6820  6820 W View    : requestLayout() improperly called by StatusBarIconView(slot=wifi icon=null notification=null) during layout: running second layout pass
01-11 00:05:24.846  6820  6820 W View    : requestLayout() improperly called by com.android.keyguard.AlphaOptimizedLinearLayout{1329110 V.E...... ......ID 5,0-49,44 #7f0b074e app:id/wifi_group} during second layout pass: posting in next frame
01-11 00:05:24.860  6820  6820 W View    : requestLayout() improperly called by StatusBarIconView(slot=wifi icon=null notification=null) during layout: running second layout pass
01-11 00:05:24.868  6820  6820 W View    : requestLayout() improperly called by com.android.keyguard.AlphaOptimizedLinearLayout{1329110 V.E...... ......ID 5,0-49,44 #7f0b074e app:id/wifi_group} during second layout pass: posting in next frame
01-11 00:05:24.882  6820  6820 W View    : requestLayout() improperly called by StatusBarIconView(slot=wifi icon=null notification=null) during layout: running second layout pass
01-11 00:05:24.890  6820  6820 W View    : requestLayout() improperly called by com.android.keyguard.AlphaOptimizedLinearLayout{1329110 V.E...... ......ID 5,0-49,44 #7f0b074e app:id/wifi_group} during second layout pass: posting in next frame
01-11 00:05:24.904  6820  6820 W View    : requestLayout() improperly called by StatusBarIconView(slot=wifi icon=null notification=null) during layout: running second layout pass
01-11 00:05:24.911  6820  6820 W View    : requestLayout() improperly called by com.android.keyguard.AlphaOptimizedLinearLayout{1329110 V.E...... ......ID 5,0-49,44 #7f0b074e app:id/wifi_group} during second layout pass: posting in next frame
01-11 00:05:24.927  6820  6820 W View    : requestLayout() improperly called by StatusBarIconView(slot=wifi icon=null notification=null) during layout: running second layout pass
01-11 00:05:24.934  6820  6820 W View    : requestLayout() improperly called by com.android.keyguard.AlphaOptimizedLinearLayout{1329110 V.E...... ......ID 5,0-49,44 #7f0b074e app:id/wifi_group} during second layout pass: posting in next frame
01-11 00:05:24.949  6820  6820 W View    : requestLayout() improperly called by StatusBarIconView(slot=wifi icon=null notification=null) during layout: running second layout pass
01-11 00:05:24.956  6820  6820 W View    : requestLayout() improperly called by com.android.keyguard.AlphaOptimizedLinearLayout{1329110 V.E...... ......ID 5,0-49,44 #7f0b074e app:id/wifi_group} during second layout pass: posting in next frame
01-11 00:05:24.971  6820  6820 W View    : requestLayout() improperly called by StatusBarIconView(slot=wifi icon=null notification=null) during layout: running second layout pass
01-11 00:05:24.978  6820  6820 W View    : requestLayout() improperly called by com.android.keyguard.AlphaOptimizedLinearLayout{1329110 V.E...... ......ID 5,0-49,44 #7f0b074e app:id/wifi_group} during second layout pass: posting in next frame
01-11 00:05:24.993  6820  6820 W View    : requestLayout() improperly called by StatusBarIconView(slot=wifi icon=null notification=null) during layout: running second layout pass
01-11 00:05:25.001  6820  6820 W View    : requestLayout() improperly called by com.android.keyguard.AlphaOptimizedLinearLayout{1329110 V.E...... ......ID 5,0-49,44 #7f0b074e app:id/wifi_group} during second layout pass: posting in next frame
01-11 00:05:25.015  6820  6820 W View    : requestLayout() improperly called by StatusBarIconView(slot=wifi icon=null notification=null) during layout: running second layout pass
01-11 00:05:25.023  6820  6820 W View    : requestLayout() improperly called by com.android.keyguard.AlphaOptimizedLinearLayout{1329110 V.E...... ......ID 5,0-49,44 #7f0b074e app:id/wifi_group} during second layout pass: posting in next frame
01-11 00:05:25.038  6820  6820 W View    : requestLayout() improperly called by StatusBarIconView(slot=wifi icon=null notification=null) during layout: running second layout pass
01-11 00:05:25.045  6820  6820 W View    : requestLayout() improperly called by com.android.keyguard.AlphaOptimizedLinearLayout{1329110 V.E...... ......ID 5,0-49,44 #7f0b074e app:id/wifi_group} during second layout pass: posting in next frame
01-11 00:05:25.060  6820  6820 W View    : requestLayout() improperly called by StatusBarIconView(slot=wifi icon=null notification=null) during layout: running second layout pass
01-11 00:05:25.067  6820  6820 W View    : requestLayout() improperly called by com.android.keyguard.AlphaOptimizedLinearLayout{1329110 V.E...... ......ID 5,0-49,44 #7f0b074e app:id/wifi_group} during second layout pass: posting in next frame
01-11 00:05:25.082  6820  6820 W View    : requestLayout() improperly called by StatusBarIconView(slot=wifi icon=null notification=null) during layout: running second layout pass
01-11 00:05:25.089  6820  6820 W View    : requestLayout() improperly called by com.android.keyguard.AlphaOptimizedLinearLayout{1329110 V.E...... ......ID 5,0-49,44 #7f0b074e app:id/wifi_group} during second layout pass: posting in next frame
01-11 00:05:25.099   895   895 D enhanceHAL: sunlightRead: current ambient = 10
01-11 00:05:25.104  6820  6820 W View    : requestLayout() improperly called by StatusBarIconView(slot=wifi icon=null notification=null) during layout: running second layout pass
01-11 00:05:25.111  6820  6820 W View    : requestLayout() improperly called by com.android.keyguard.AlphaOptimizedLinearLayout{1329110 V.E...... ......ID 5,0-49,44 #7f0b074e app:id/wifi_group} during second layout pass: posting in next frame
01-11 00:05:25.127  6820  6820 W View    : requestLayout() improperly called by StatusBarIconView(slot=wifi icon=null notification=null) during layout: running second layout pass
01-11 00:05:25.134  6820  6820 W View    : requestLayout() improperly called by com.android.keyguard.AlphaOptimizedLinearLayout{1329110 V.E...... ......ID 5,0-49,44 #7f0b074e app:id/wifi_group} during second layout pass: posting in next frame
01-11 00:05:25.149  6820  6820 W View    : requestLayout() improperly called by StatusBarIconView(slot=wifi icon=null notification=null) during layout: running second layout pass
01-11 00:05:25.156  6820  6820 W View    : requestLayout() improperly called by com.android.keyguard.AlphaOptimizedLinearLayout{1329110 V.E...... ......ID 5,0-49,44 #7f0b074e app:id/wifi_group} during second layout pass: posting in next frame
01-11 00:05:25.171  6820  6820 W View    : requestLayout() improperly called by StatusBarIconView(slot=wifi icon=null notification=null) during layout: running second layout pass
01-11 00:05:25.179  6820  6820 W View    : requestLayout() improperly called by com.android.keyguard.AlphaOptimizedLinearLayout{1329110 V.E...... ......ID 5,0-49,44 #7f0b074e app:id/wifi_group} during second layout pass: posting in next frame
01-11 00:05:25.193  6820  6820 W View    : requestLayout() improperly called by StatusBarIconView(slot=wifi icon=null notification=null) during layout: running second layout pass
