--------- beginning of main
01-11 00:04:44.692  6820  7354 I mali_gralloc: unregister: id=0x37600004798, base=0x0, importpid=6820
01-11 00:04:44.692  1320  2663 W InputManager-JNI: Input channel object 'bb6ce39 Splash Screen com.habittracker (client)' was disposed without first being removed with the input manager!
01-11 00:04:44.698   936   964 I mali_gralloc: unregister: id=0x3760000479a, base=0x0, importpid=936
--------- beginning of system
01-11 00:04:44.700  1320  2869 I ActivityManager: Process com.habittracker (pid 26246) has died: prcp TOP 
01-11 00:04:44.705  1320  2869 D WindowManager: setFocusedApp mFocusedApp = nulldisplayId = 0Callers = com.android.server.wm.ActivityRecord.onRemovedFromDisplay:4229 com.android.server.wm.DisplayContent.removeAppToken:1376 com.android.server.wm.ActivityRecord.removeFromHistory:3841 com.android.server.wm.ActivityRecord.handleAppDied:4105 
01-11 00:04:44.707  1320  2869 D WindowManager: setFocusedApp mFocusedApp = ActivityRecord{2ed1a8f u0 com.android.settings/.applications.InstalledAppDetails} t13089 d0}displayId = 0Callers = com.android.server.wm.ActivityTaskManagerService.setResumedActivityUncheckLocked:4576 com.android.server.wm.TaskFragment.onActivityStateChanged:761 com.android.server.wm.ActivityRecord.setState:5510 com.android.server.wm.TaskFragment.resumeTopActivity:1362 
01-11 00:04:44.716  1320  2869 D UnisocOomAdjuster: Skipped update freeze state for 24928
01-11 00:04:44.720  1320  1597 I WindowManager: Input focus has changed to Window{64fa15e u0 com.android.settings/com.android.settings.applications.InstalledAppDetails}-[Surface(name=*Title#12672)/@0x708b57f] from b007016 com.habittracker/com.habittracker.MainActivity mDisplayId 0 updateInputWindows true, callers=com.android.server.wm.DisplayContent.updateFocusedWindowLocked:3736 com.android.server.wm.RootWindowContainer.updateFocusedWindowLocked:493 com.android.server.wm.WindowManagerService.updateFocusedWindowLocked:6179 com.android.server.wm.WindowManagerService.relayoutWindow:2571 com.android.server.wm.Session.relayout:266 
01-11 00:04:44.722  7585  7585 D VRI[InstalledAppDetails]: performTraversals relayoutWindow: maybeSyncSeqId=-1 ,mSyncSeqId=0 ,relayoutResult=1
01-11 00:04:44.723  1320  1345 V WindowState: toString mSurfaceNameCache=-[Surface(name=*Title#12695)/@0xd8bfdc4] mLastTitle=com.habittracker/com.habittracker.MainActivity title=com.habittracker/com.habittracker.MainActivity
01-11 00:04:44.725   886  5308 I mali_gralloc: allocate: id=376000047a2, hal_format=RGBA8888, mali_format=RGBA8888, afbc=SPLIT, usage=GPU_RW|HWC|BACKBUF, size=720x1600(4680704), stride=720, name=VRI[InstalledAppDetails]#28(BLAST Consumer)28
01-11 00:04:44.725  7585 26448 I mali_gralloc: register: id=0x376000047a2, importpid=-1
01-11 00:04:44.727   886  5308 I mali_gralloc: allocate: id=376000047a3, hal_format=RGBA8888, mali_format=RGBA8888, afbc=SPLIT, usage=GPU_RW|HWC|BACKBUF, size=720x1600(4680704), stride=720, name=VRI[InstalledAppDetails]#28(BLAST Consumer)28
01-11 00:04:44.727  7585 26448 I mali_gralloc: register: id=0x376000047a3, importpid=-1
01-11 00:04:44.729   886  5308 I mali_gralloc: allocate: id=376000047a4, hal_format=RGBA8888, mali_format=RGBA8888, afbc=SPLIT, usage=GPU_RW|HWC|BACKBUF, size=720x1600(4680704), stride=720, name=VRI[InstalledAppDetails]#28(BLAST Consumer)28
01-11 00:04:44.729  7585 26448 I mali_gralloc: register: id=0x376000047a4, importpid=-1
01-11 00:04:44.730   936  1359 I mali_gralloc: register: id=0x376000047a2, importpid=7585
01-11 00:04:44.731   886   920 I mali_gralloc: allocate: id=376000047a5, hal_format=RGBA8888, mali_format=RGBA8888, afbc=SPLIT, usage=GPU_RW|HWC|BACKBUF, size=720x1600(4680704), stride=720, name=VRI[InstalledAppDetails]#28(BLAST Consumer)28
01-11 00:04:44.732  7585 26448 I mali_gralloc: register: id=0x376000047a5, importpid=-1
01-11 00:04:44.734   911   911 D vendor.unisoc.hardware.power-service: Enter getSceneIdByName: sceneName:com.android.settings
01-11 00:04:44.734  1320  2877 D BroadcastQueue: Add broadcast <BroadcastRecord{7bed48d u-1 android.intent.action.BATTERY_CHANGED}> into [parallel | background], pending size 0
01-11 00:04:44.735  1320  1351 D BroadcastQueue: Done with parallel broadcast [background] [BroadcastRecord{7bed48d u-1 android.intent.action.BATTERY_CHANGED}]
01-11 00:04:44.739  7585  7585 W AppButtonsPrefCtl: App is not explicitly stopped
01-11 00:04:44.741  1320  1345 W WindowManager: Failed to deliver inset state change to w=Window{b007016 u0 com.habittracker/com.habittracker.MainActivity EXITING}-[Surface(name=*Title#12695)/@0xd8bfdc4]
01-11 00:04:44.741  1320  1345 W WindowManager: android.os.DeadObjectException
01-11 00:04:44.741  1320  1345 W WindowManager: 	at android.os.BinderProxy.transactNative(Native Method)
01-11 00:04:44.741  1320  1345 W WindowManager: 	at android.os.BinderProxy.transact(BinderProxy.java:595)
01-11 00:04:44.741  1320  1345 W WindowManager: 	at android.view.IWindow$Stub$Proxy.insetsControlChanged(IWindow.java:473)
01-11 00:04:44.741  1320  1345 W WindowManager: 	at com.android.server.wm.WindowState.notifyInsetsControlChanged(WindowState.java:4079)
01-11 00:04:44.741  1320  1345 W WindowManager: 	at com.android.server.wm.InsetsStateController.lambda$notifyPendingInsetsControlChanged$5$com-android-server-wm-InsetsStateController(InsetsStateController.java:354)
01-11 00:04:44.741  1320  1345 W WindowManager: 	at com.android.server.wm.InsetsStateController$$ExternalSyntheticLambda4.run(Unknown Source:2)
01-11 00:04:44.741  1320  1345 W WindowManager: 	at com.android.server.wm.WindowAnimator.executeAfterPrepareSurfacesRunnables(WindowAnimator.java:345)
01-11 00:04:44.741  1320  1345 W WindowManager: 	at com.android.server.wm.WindowAnimator.animate(WindowAnimator.java:226)
01-11 00:04:44.741  1320  1345 W WindowManager: 	at com.android.server.wm.WindowAnimator.lambda$new$1$com-android-server-wm-WindowAnimator(WindowAnimator.java:106)
01-11 00:04:44.741  1320  1345 W WindowManager: 	at com.android.server.wm.WindowAnimator$$ExternalSyntheticLambda1.doFrame(Unknown Source:2)
01-11 00:04:44.741  1320  1345 W WindowManager: 	at android.view.Choreographer$CallbackRecord.run(Choreographer.java:1232)
01-11 00:04:44.741  1320  1345 W WindowManager: 	at android.view.Choreographer$CallbackRecord.run(Choreographer.java:1242)
01-11 00:04:44.741  1320  1345 W WindowManager: 	at android.view.Choreographer.doCallbacks(Choreographer.java:902)
01-11 00:04:44.741  1320  1345 W WindowManager: 	at android.view.Choreographer.doFrame(Choreographer.java:830)
01-11 00:04:44.741  1320  1345 W WindowManager: 	at android.view.Choreographer$FrameDisplayEventReceiver.run(Choreographer.java:1217)
01-11 00:04:44.741  1320  1345 W WindowManager: 	at android.os.Handler.handleCallback(Handler.java:942)
01-11 00:04:44.741  1320  1345 W WindowManager: 	at android.os.Handler.dispatchMessage(Handler.java:99)
01-11 00:04:44.741  1320  1345 W WindowManager: 	at android.os.Looper.loopOnce(Looper.java:201)
01-11 00:04:44.741  1320  1345 W WindowManager: 	at android.os.Looper.loop(Looper.java:288)
01-11 00:04:44.741  1320  1345 W WindowManager: 	at android.os.HandlerThread.run(HandlerThread.java:67)
01-11 00:04:44.741  1320  1345 W WindowManager: 	at com.android.server.ServiceThread.run(ServiceThread.java:44)
01-11 00:04:44.742  1320  1597 W CpuPowerCalculator: UID 10407 CPU freq # mismatch: Power Profile # 19 actual # 14
01-11 00:04:44.742  1320  2973 D WindowManager: finishDrawing: syncSeqId=0, postDrawTransaction=android.view.SurfaceControl$Transaction@75afafd, mSyncState=0, mDrawState=1, hasSyncHandlers=false, mClientWasDrawingForSync=false, win=Window{64fa15e u0 com.android.settings/com.android.settings.applications.InstalledAppDetails}-[Surface(name=*Title#12672)/@0x708b57f]
01-11 00:04:44.742  1320  1597 W CpuPowerCalculator: UID 10398 CPU freq # mismatch: Power Profile # 19 actual # 14
01-11 00:04:44.742  1320  1597 W CpuPowerCalculator: UID 10389 CPU freq # mismatch: Power Profile # 19 actual # 14
01-11 00:04:44.742  1320  1597 W CpuPowerCalculator: UID 10385 CPU freq # mismatch: Power Profile # 19 actual # 14
01-11 00:04:44.743   936   936 W BufferStateLayer: unisoc-graphics:drawingstate fn:63, current fn:1, has fn change:1, layer com.android.settings/com.android.settings.applications.InstalledAppDetails#12672
01-11 00:04:44.743   936   964 I mali_gralloc: unregister: id=0x37600004799, base=0x0, importpid=936
01-11 00:04:44.743  1320  1597 W CpuPowerCalculator: UID 10376 CPU freq # mismatch: Power Profile # 19 actual # 14
01-11 00:04:44.743  1320  1597 W CpuPowerCalculator: UID 10255 CPU freq # mismatch: Power Profile # 19 actual # 14
01-11 00:04:44.743  1320  1597 W CpuPowerCalculator: UID 10236 CPU freq # mismatch: Power Profile # 19 actual # 14
01-11 00:04:44.743  1320  1597 W CpuPowerCalculator: UID 10203 CPU freq # mismatch: Power Profile # 19 actual # 14
01-11 00:04:44.743  1320  1597 W CpuPowerCalculator: UID 10200 CPU freq # mismatch: Power Profile # 19 actual # 14
01-11 00:04:44.743  1320  1597 W CpuPowerCalculator: UID 10187 CPU freq # mismatch: Power Profile # 19 actual # 14
01-11 00:04:44.743  1320  1597 W CpuPowerCalculator: UID 10179 CPU freq # mismatch: Power Profile # 19 actual # 14
01-11 00:04:44.743  1320  1597 W CpuPowerCalculator: UID 10176 CPU freq # mismatch: Power Profile # 19 actual # 14
01-11 00:04:44.743  1320  1597 W CpuPowerCalculator: UID 10172 CPU freq # mismatch: Power Profile # 19 actual # 14
01-11 00:04:44.743  1320  1597 W CpuPowerCalculator: UID 10170 CPU freq # mismatch: Power Profile # 19 actual # 14
01-11 00:04:44.743  1320  1597 W CpuPowerCalculator: UID 10168 CPU freq # mismatch: Power Profile # 19 actual # 14
01-11 00:04:44.743  1320  1597 W CpuPowerCalculator: UID 10154 CPU freq # mismatch: Power Profile # 19 actual # 14
01-11 00:04:44.743  1320  1597 W CpuPowerCalculator: UID 10147 CPU freq # mismatch: Power Profile # 19 actual # 14
01-11 00:04:44.743  1320  1597 W CpuPowerCalculator: UID 10140 CPU freq # mismatch: Power Profile # 19 actual # 14
01-11 00:04:44.743  1320  1597 W CpuPowerCalculator: UID 10139 CPU freq # mismatch: Power Profile # 19 actual # 14
01-11 00:04:44.744  1320  1597 W CpuPowerCalculator: UID 10129 CPU freq # mismatch: Power Profile # 19 actual # 14
01-11 00:04:44.744  1320  1597 W CpuPowerCalculator: UID 10128 CPU freq # mismatch: Power Profile # 19 actual # 14
01-11 00:04:44.744  1320  1597 W CpuPowerCalculator: UID 10121 CPU freq # mismatch: Power Profile # 19 actual # 14
01-11 00:04:44.744  1320  1597 W CpuPowerCalculator: UID 10120 CPU freq # mismatch: Power Profile # 19 actual # 14
01-11 00:04:44.744  1320  1597 W CpuPowerCalculator: UID 10118 CPU freq # mismatch: Power Profile # 19 actual # 14
01-11 00:04:44.744  1320  1597 W CpuPowerCalculator: UID 10115 CPU freq # mismatch: Power Profile # 19 actual # 14
01-11 00:04:44.744  1320  1597 W CpuPowerCalculator: UID 10114 CPU freq # mismatch: Power Profile # 19 actual # 14
01-11 00:04:44.744  1320  1597 W CpuPowerCalculator: UID 10113 CPU freq # mismatch: Power Profile # 19 actual # 14
01-11 00:04:44.744  1320  1597 W CpuPowerCalculator: UID 10112 CPU freq # mismatch: Power Profile # 19 actual # 14
01-11 00:04:44.744  1320  1597 W CpuPowerCalculator: UID 10107 CPU freq # mismatch: Power Profile # 19 actual # 14
01-11 00:04:44.744  1320  1597 W CpuPowerCalculator: UID 10106 CPU freq # mismatch: Power Profile # 19 actual # 14
01-11 00:04:44.744  1320  1597 W CpuPowerCalculator: UID 10105 CPU freq # mismatch: Power Profile # 19 actual # 14
01-11 00:04:44.744  1320  1597 W CpuPowerCalculator: UID 10104 CPU freq # mismatch: Power Profile # 19 actual # 14
01-11 00:04:44.744  1320  1597 W CpuPowerCalculator: UID 10101 CPU freq # mismatch: Power Profile # 19 actual # 14
01-11 00:04:44.744  1320  1597 W CpuPowerCalculator: UID 10100 CPU freq # mismatch: Power Profile # 19 actual # 14
01-11 00:04:44.744  1320  1597 W CpuPowerCalculator: UID 10093 CPU freq # mismatch: Power Profile # 19 actual # 14
01-11 00:04:44.744  1320  1597 W CpuPowerCalculator: UID 10087 CPU freq # mismatch: Power Profile # 19 actual # 14
01-11 00:04:44.744  1320  1597 W CpuPowerCalculator: UID 10051 CPU freq # mismatch: Power Profile # 19 actual # 14
01-11 00:04:44.744  1320  1597 W CpuPowerCalculator: UID 10050 CPU freq # mismatch: Power Profile # 19 actual # 14
01-11 00:04:44.744  1320  1597 W CpuPowerCalculator: UID 9999 CPU freq # mismatch: Power Profile # 19 actual # 14
01-11 00:04:44.744  1320  1597 W CpuPowerCalculator: UID 2000 CPU freq # mismatch: Power Profile # 19 actual # 14
01-11 00:04:44.744  1320  1597 W CpuPowerCalculator: UID 1073 CPU freq # mismatch: Power Profile # 19 actual # 14
01-11 00:04:44.744  1320  1597 W CpuPowerCalculator: UID 1072 CPU freq # mismatch: Power Profile # 19 actual # 14
01-11 00:04:44.744  1320  1597 W CpuPowerCalculator: UID 1069 CPU freq # mismatch: Power Profile # 19 actual # 14
01-11 00:04:44.744  1320  1597 W CpuPowerCalculator: UID 1068 CPU freq # mismatch: Power Profile # 19 actual # 14
01-11 00:04:44.744  1320  1597 W CpuPowerCalculator: UID 1066 CPU freq # mismatch: Power Profile # 19 actual # 14
01-11 00:04:44.745  1320  1597 W CpuPowerCalculator: UID 1053 CPU freq # mismatch: Power Profile # 19 actual # 14
01-11 00:04:44.745  1320  1597 W CpuPowerCalculator: UID 1047 CPU freq # mismatch: Power Profile # 19 actual # 14
01-11 00:04:44.745  1320  1597 W CpuPowerCalculator: UID 1041 CPU freq # mismatch: Power Profile # 19 actual # 14
01-11 00:04:44.745  1320  1597 W CpuPowerCalculator: UID 1040 CPU freq # mismatch: Power Profile # 19 actual # 14
01-11 00:04:44.745  1320  1597 W CpuPowerCalculator: UID 1036 CPU freq # mismatch: Power Profile # 19 actual # 14
01-11 00:04:44.745  1320  1597 W CpuPowerCalculator: UID 1017 CPU freq # mismatch: Power Profile # 19 actual # 14
01-11 00:04:44.745  1320  1597 W CpuPowerCalculator: UID 1013 CPU freq # mismatch: Power Profile # 19 actual # 14
01-11 00:04:44.745  1320  1597 W CpuPowerCalculator: UID 1010 CPU freq # mismatch: Power Profile # 19 actual # 14
01-11 00:04:44.745  1320  1597 W CpuPowerCalculator: UID 1002 CPU freq # mismatch: Power Profile # 19 actual # 14
01-11 00:04:44.745  1320  1597 W CpuPowerCalculator: UID 1001 CPU freq # mismatch: Power Profile # 19 actual # 14
01-11 00:04:44.745  1320  1597 W CpuPowerCalculator: UID 1000 CPU freq # mismatch: Power Profile # 19 actual # 14
01-11 00:04:44.745  1320  1597 W CpuPowerCalculator: UID 0 CPU freq # mismatch: Power Profile # 19 actual # 14
01-11 00:04:44.746  1320  1345 W WindowManager: Exception thrown during dispatchAppVisibility Window{b007016 u0 com.habittracker/com.habittracker.MainActivity EXITING}-[Surface(name=*Title#12695)/@0xd8bfdc4]
01-11 00:04:44.746  1320  1345 W WindowManager: android.os.DeadObjectException
01-11 00:04:44.746  1320  1345 W WindowManager: 	at android.os.BinderProxy.transactNative(Native Method)
01-11 00:04:44.746  1320  1345 W WindowManager: 	at android.os.BinderProxy.transact(BinderProxy.java:595)
01-11 00:04:44.746  1320  1345 W WindowManager: 	at android.view.IWindow$Stub$Proxy.dispatchAppVisibility(IWindow.java:536)
01-11 00:04:44.746  1320  1345 W WindowManager: 	at com.android.server.wm.WindowState.sendAppVisibilityToClients(WindowState.java:3574)
01-11 00:04:44.746  1320  1345 W WindowManager: 	at com.android.server.wm.WindowContainer.sendAppVisibilityToClients(WindowContainer.java:1219)
01-11 00:04:44.746  1320  1345 W WindowManager: 	at com.android.server.wm.WindowToken.setClientVisible(WindowToken.java:398)
01-11 00:04:44.746  1320  1345 W WindowManager: 	at com.android.server.wm.ActivityRecord.setClientVisible(ActivityRecord.java:6672)
01-11 00:04:44.746  1320  1345 W WindowManager: 	at com.android.server.wm.ActivityRecord.postApplyAnimation(ActivityRecord.java:5388)
01-11 00:04:44.746  1320  1345 W WindowManager: 	at com.android.server.wm.ActivityRecord.commitVisibility(ActivityRecord.java:5343)
01-11 00:04:44.746  1320  1345 W WindowManager: 	at com.android.server.wm.ActivityRecord.commitVisibility(ActivityRecord.java:5347)
01-11 00:04:44.746  1320  1345 W WindowManager: 	at com.android.server.wm.AppTransitionController.handleClosingApps(AppTransitionController.java:1130)
01-11 00:04:44.746  1320  1345 W WindowManager: 	at com.android.server.wm.AppTransitionController.handleAppTransitionReady(AppTransitionController.java:296)
01-11 00:04:44.746  1320  1345 W WindowManager: 	at com.android.server.wm.RootWindowContainer.checkAppTransitionReady(RootWindowContainer.java:992)
01-11 00:04:44.746  1320  1345 W WindowManager: 	at com.android.server.wm.RootWindowContainer.performSurfacePlacementNoTrace(RootWindowContainer.java:859)
01-11 00:04:44.746  1320  1345 W WindowManager: 	at com.android.server.wm.RootWindowContainer.performSurfacePlacement(RootWindowContainer.java:801)
01-11 00:04:44.746  1320  1345 W WindowManager: 	at com.android.server.wm.WindowSurfacePlacer.performSurfacePlacementLoop(WindowSurfacePlacer.java:187)
01-11 00:04:44.746  1320  1345 W WindowManager: 	at com.android.server.wm.WindowSurfacePlacer.performSurfacePlacement(WindowSurfacePlacer.java:128)
01-11 00:04:44.746  1320  1345 W WindowManager: 	at com.android.server.wm.WindowSurfacePlacer.performSurfacePlacement(WindowSurfacePlacer.java:117)
01-11 00:04:44.746  1320  1345 W WindowManager: 	at com.android.server.wm.WindowSurfacePlacer$Traverser.run(WindowSurfacePlacer.java:59)
01-11 00:04:44.746  1320  1345 W WindowManager: 	at android.os.Handler.handleCallback(Handler.java:942)
01-11 00:04:44.746  1320  1345 W WindowManager: 	at android.os.Handler.dispatchMessage(Handler.java:99)
01-11 00:04:44.746  1320  1345 W WindowManager: 	at android.os.Looper.loopOnce(Looper.java:201)
01-11 00:04:44.746  1320  1345 W WindowManager: 	at android.os.Looper.loop(Looper.java:288)
01-11 00:04:44.746  1320  1345 W WindowManager: 	at android.os.HandlerThread.run(HandlerThread.java:67)
01-11 00:04:44.746  1320  1345 W WindowManager: 	at com.android.server.ServiceThread.run(ServiceThread.java:44)
01-11 00:04:44.747  1320  2663 D NetworkAdapter: UnisocOffloadUsbTetheringStatsProvider.onRequestStatsUpdate
01-11 00:04:44.747  1320  1898 D NetworkAdapter: UnisocOffloadUsbTetheringStatsProvider.pushTetherStats
01-11 00:04:44.747  1320  1898 D NetworkAdapter: Unisoc Offload UsbTethering StatsProvider getTetherStats
01-11 00:04:44.747  1320  1898 D NetworkAdapter: OFFLOAD_USB_TETHERING_PROP = 0
01-11 00:04:44.747  1320  1898 D NetworkAdapter: Unisoc Offload UsbTethering StatsProvider getTetherStats
01-11 00:04:44.747  1320  1898 D NetworkAdapter: OFFLOAD_USB_TETHERING_PROP = 0
01-11 00:04:44.754   936   936 E ClientCache: failed to get buffer, invalid process token
01-11 00:04:44.754   936   936 I Layer   : fillInputInfo layer:Splash Screen com.habittracker#12689, visible=0 (hasInputInfo:1, isHidden:1, alpha:0.626465, mActiveBuffer:2), parent:bb6ce39 Splash Screen com.habittracker#12688, parenthidden:1
01-11 00:04:44.754   936   936 I Layer   : fillInputInfo layer:com.habittracker/com.habittracker.MainActivity#12695, visible=0 (hasInputInfo:1, isHidden:1, alpha:1.000000, mActiveBuffer:2), parent:b007016 com.habittracker/com.habittracker.MainActivity#12694, parenthidden:1
01-11 00:04:44.754   936   936 I Layer   : fillInputInfo layer:com.android.settings/com.android.settings.applications.InstalledAppDetails#12672, visible=1 (hasInputInfo:1, isHidden:0, alpha:1.000000, mActiveBuffer:2), parent:64fa15e com.android.settings/com.android.settings.applications.InstalledAppDetails#12636, parenthidden:0
01-11 00:04:44.755  7585 26232 D SettingsActivity: No enabled state changed, skipping updateCategory call
01-11 00:04:44.755   887   941 I mali_gralloc: unregister: id=0x37600004799, base=0x0, importpid=887
01-11 00:04:44.755   887   941 I mali_gralloc: unregister: id=0x3760000479a, base=0x0, importpid=887
01-11 00:04:44.755   887   941 I mali_gralloc: unregister: id=0x3760000479b, base=0x0, importpid=887
01-11 00:04:44.756   887   941 I mali_gralloc: unregister: id=0x37600004798, base=0x0, importpid=887
01-11 00:04:44.756   887   941 I mali_gralloc: unregister: id=0x376000047a0, base=0x0, importpid=887
01-11 00:04:44.756   936   936 I mali_gralloc: unregister: id=0x37600004793, base=0x0, importpid=936
01-11 00:04:44.757   887   941 I mali_gralloc: register: id=0x376000047a2, importpid=936
01-11 00:04:44.786  6820  6908 I BLASTBufferQueue: [VRI[NavigationBar0]#0](f:0,a:3) [graphic] trasaction addTransactionCompletedCallback
01-11 00:04:44.786  1320  1436 D CompatibilityChangeReporter: Compat change id reported: 171306433; UID 10389; state: ENABLED
01-11 00:04:44.786  1320  1436 D CompatibilityChangeReporter: Compat change id reported: 226439802; UID 10389; state: DISABLED
01-11 00:04:44.790  6820  7833 I BLASTBufferQueue: [VRI[NavigationBar0]#0](f:0,a:3) [graphic] releaseBufferCallback layer id is bufferId:29291676958723 framenumber:66666
01-11 00:04:44.792  7585  7585 E ndroid.settings: Invalid ID 0x00000000.
01-11 00:04:44.792  7585  7585 W LocaleConfig: The resource file pointed to by the given resource ID isn't found.
01-11 00:04:44.792  7585  7585 I AppLocaleUtil: Can display preference - [com.habittracker] : isDisallowedPackage : false / isSignedWithPlatformKey : false / hasLauncherEntry : true / canDisplay : false
01-11 00:04:44.800  6820  6908 I BLASTBufferQueue: [VRI[NavigationBar0]#0](f:0,a:3) [graphic] trasaction addTransactionCompletedCallback
01-11 00:04:44.801  6820  7833 I BLASTBufferQueue: [VRI[NavigationBar0]#0](f:0,a:3) [graphic] releaseBufferCallback layer id is bufferId:29291676958722 framenumber:66667
01-11 00:04:44.805  1320  2877 D NetworkAdapter: UnisocOffloadUsbTetheringStatsProvider.onRequestStatsUpdate
01-11 00:04:44.805  1320  1898 D NetworkAdapter: UnisocOffloadUsbTetheringStatsProvider.pushTetherStats
01-11 00:04:44.805  1320  1898 D NetworkAdapter: Unisoc Offload UsbTethering StatsProvider getTetherStats
01-11 00:04:44.806  1320  1898 D NetworkAdapter: OFFLOAD_USB_TETHERING_PROP = 0
01-11 00:04:44.806  1320  1898 D NetworkAdapter: Unisoc Offload UsbTethering StatsProvider getTetherStats
01-11 00:04:44.807  1320  1898 D NetworkAdapter: OFFLOAD_USB_TETHERING_PROP = 0
01-11 00:04:44.809  6820  6908 I BLASTBufferQueue: [VRI[NavigationBar0]#0](f:0,a:3) [graphic] trasaction addTransactionCompletedCallback
01-11 00:04:44.812  6820  7833 I BLASTBufferQueue: [VRI[NavigationBar0]#0](f:0,a:3) [graphic] releaseBufferCallback layer id is bufferId:29291676958721 framenumber:66668
01-11 00:04:44.813  7585 12977 W ApplicationsState: Cannot find pkg: com.google.android.videos on user 0
01-11 00:04:44.817  6820  6908 I BLASTBufferQueue: [VRI[NavigationBar0]#0](f:0,a:3) [graphic] trasaction addTransactionCompletedCallback
01-11 00:04:44.823  6820  7833 I BLASTBufferQueue: [VRI[NavigationBar0]#0](f:0,a:3) [graphic] releaseBufferCallback layer id is bufferId:29291676958724 framenumber:66669
01-11 00:04:44.829  6820  6908 I BLASTBufferQueue: [VRI[NavigationBar0]#0](f:0,a:3) [graphic] trasaction addTransactionCompletedCallback
01-11 00:04:44.834  6820  7833 I BLASTBufferQueue: [VRI[NavigationBar0]#0](f:0,a:3) [graphic] releaseBufferCallback layer id is bufferId:29291676958723 framenumber:66670
01-11 00:04:44.840  6820  6908 I BLASTBufferQueue: [VRI[NavigationBar0]#0](f:0,a:3) [graphic] trasaction addTransactionCompletedCallback
01-11 00:04:44.842  7585 12977 W ApplicationsState: Cannot find pkg: com.google.android.videos on user 0
01-11 00:04:44.844  1320  2973 D NetworkAdapter: UnisocOffloadUsbTetheringStatsProvider.onRequestStatsUpdate
01-11 00:04:44.844  1320  1742 D AppStartScene: updateAPPMem: error pid= -1
01-11 00:04:44.844  1320  1898 D NetworkAdapter: UnisocOffloadUsbTetheringStatsProvider.pushTetherStats
01-11 00:04:44.844  1320  1898 D NetworkAdapter: Unisoc Offload UsbTethering StatsProvider getTetherStats
01-11 00:04:44.845  1320  1898 D NetworkAdapter: OFFLOAD_USB_TETHERING_PROP = 0
01-11 00:04:44.845  1320  1898 D NetworkAdapter: Unisoc Offload UsbTethering StatsProvider getTetherStats
01-11 00:04:44.845  1320  1898 D NetworkAdapter: OFFLOAD_USB_TETHERING_PROP = 0
01-11 00:04:44.846  6820  7833 I BLASTBufferQueue: [VRI[NavigationBar0]#0](f:0,a:3) [graphic] releaseBufferCallback layer id is bufferId:29291676958722 framenumber:66671
01-11 00:04:44.854  6820  6908 I BLASTBufferQueue: [VRI[NavigationBar0]#0](f:0,a:3) [graphic] trasaction addTransactionCompletedCallback
01-11 00:04:44.855  1320  1344 W ActivityManager: setHasOverlayUi called on unknown pid: 26246
01-11 00:04:44.855   936   964 I mali_gralloc: unregister: id=0x37600004794, base=0x0, importpid=936
01-11 00:04:44.858   936   964 I mali_gralloc: unregister: id=0x37600004798, base=0x0, importpid=936
01-11 00:04:44.858  6820  7354 I BLASTBufferQueue: [VRI[NavigationBar0]#0](f:0,a:3) [graphic] releaseBufferCallback layer id is bufferId:29291676958721 framenumber:66672
01-11 00:04:44.865   936   936 E BpTransactionCompletedListener: Failed to transact (-32)
01-11 00:04:44.866  6820  6908 I BLASTBufferQueue: [VRI[NavigationBar0]#0](f:0,a:3) [graphic] trasaction addTransactionCompletedCallback
01-11 00:04:44.868   936   964 I mali_gralloc: unregister: id=0x376000047a0, base=0x0, importpid=936
01-11 00:04:44.869  6820  7566 I BLASTBufferQueue: [VRI[NavigationBar0]#0](f:0,a:3) [graphic] releaseBufferCallback layer id is bufferId:29291676958724 framenumber:66673
01-11 00:04:44.874  6820  6908 I BLASTBufferQueue: [VRI[NavigationBar0]#0](f:0,a:3) [graphic] trasaction addTransactionCompletedCallback
01-11 00:04:44.877  1320  2973 D NetworkAdapter: UnisocOffloadUsbTetheringStatsProvider.onRequestStatsUpdate
01-11 00:04:44.878  1320  1898 D NetworkAdapter: UnisocOffloadUsbTetheringStatsProvider.pushTetherStats
01-11 00:04:44.878  1320  1898 D NetworkAdapter: Unisoc Offload UsbTethering StatsProvider getTetherStats
01-11 00:04:44.878  1320  1898 D NetworkAdapter: OFFLOAD_USB_TETHERING_PROP = 0
01-11 00:04:44.878  1320  1898 D NetworkAdapter: Unisoc Offload UsbTethering StatsProvider getTetherStats
01-11 00:04:44.878  1320  1898 D NetworkAdapter: OFFLOAD_USB_TETHERING_PROP = 0
01-11 00:04:44.879  6820  7566 I BLASTBufferQueue: [VRI[NavigationBar0]#0](f:0,a:3) [graphic] releaseBufferCallback layer id is bufferId:29291676958723 framenumber:66674
01-11 00:04:44.884  6820  6908 I BLASTBufferQueue: [VRI[NavigationBar0]#0](f:0,a:3) [graphic] trasaction addTransactionCompletedCallback
01-11 00:04:44.890  6820  7566 I BLASTBufferQueue: [VRI[NavigationBar0]#0](f:0,a:3) [graphic] releaseBufferCallback layer id is bufferId:29291676958722 framenumber:66675
01-11 00:04:44.901  6820  7354 I BLASTBufferQueue: [VRI[NavigationBar0]#0](f:0,a:2) [graphic] releaseBufferCallback layer id is bufferId:29291676958721 framenumber:66676
01-11 00:04:44.916  1320  2973 D NetworkAdapter: UnisocOffloadUsbTetheringStatsProvider.onRequestStatsUpdate
01-11 00:04:44.917  1320  1898 D NetworkAdapter: UnisocOffloadUsbTetheringStatsProvider.pushTetherStats
01-11 00:04:44.917  1320  1898 D NetworkAdapter: Unisoc Offload UsbTethering StatsProvider getTetherStats
01-11 00:04:44.917  1320  1898 D NetworkAdapter: OFFLOAD_USB_TETHERING_PROP = 0
01-11 00:04:44.917  1320  1898 D NetworkAdapter: Unisoc Offload UsbTethering StatsProvider getTetherStats
01-11 00:04:44.917  1320  1898 D NetworkAdapter: OFFLOAD_USB_TETHERING_PROP = 0
01-11 00:04:44.934  1320  1436 W PackageConfigPersister: App-specific configuration not found for packageName: com.habittracker and userId: 0
01-11 00:04:44.938  7585  7585 W AppButtonsPrefCtl: App is not explicitly stopped
01-11 00:04:44.939  1320  1450 D ActivityManager: unfreeze pid 0 to free binder buffer
01-11 00:04:44.942  7585 26232 W TileUtils: Found com.android.settings.Settings$SmartControlsSettingsActivity for intent Intent { act=com.android.settings.action.SETTINGS pkg=com.android.settings } missing metadata 
01-11 00:04:44.947  7585  7585 D VRI[InstalledAppDetails]: performTraversals relayoutWindow: maybeSyncSeqId=-1 ,mSyncSeqId=0 ,relayoutResult=0
01-11 00:04:44.954  7585 26232 W TileUtils: Found com.google.android.gms.auth.proximity.multidevice.SettingsMaterialNextActivity for intent Intent { act=com.android.settings.action.IA_SETTINGS } missing metadata 
01-11 00:04:44.960   936  1540 I mali_gralloc: register: id=0x376000047a5, importpid=7585
01-11 00:04:44.961  1320  2973 D WindowManager: finishDrawing: syncSeqId=0, postDrawTransaction=android.view.SurfaceControl$Transaction@7a313e0, mSyncState=0, mDrawState=4, hasSyncHandlers=false, mClientWasDrawingForSync=false, win=Window{64fa15e u0 com.android.settings/com.android.settings.applications.InstalledAppDetails}-[Surface(name=*Title#12672)/@0x708b57f]
01-11 00:04:44.961  1320  2973 D WindowManager: finishDrawingLocked: mDrawState=4 ,mLastHidden=false ,mShownAlpha=1.0 ,mLastAlpha=1.0 ,postDrawTransaction=android.view.SurfaceControl$Transaction@7a313e0 ,mWin=Window{64fa15e u0 com.android.settings/com.android.settings.applications.InstalledAppDetails}-[Surface(name=*Title#12672)/@0x708b57f]
01-11 00:04:44.961  1320  2973 D WindowManager: finishDrawingLocked: syncTransaction=android.view.SurfaceControl$Transaction@f8586ba ,mSyncTransaction=android.view.SurfaceControl$Transaction@fbde699 ,mWin=Window{64fa15e u0 com.android.settings/com.android.settings.applications.InstalledAppDetails}-[Surface(name=*Title#12672)/@0x708b57f]
01-11 00:04:44.966   887   941 I mali_gralloc: register: id=0x376000047a5, importpid=936
01-11 00:04:44.967  1320  2877 D NetworkAdapter: UnisocOffloadUsbTetheringStatsProvider.onRequestStatsUpdate
01-11 00:04:44.967  1320  1898 D NetworkAdapter: UnisocOffloadUsbTetheringStatsProvider.pushTetherStats
01-11 00:04:44.968  1320  1898 D NetworkAdapter: Unisoc Offload UsbTethering StatsProvider getTetherStats
01-11 00:04:44.968  1320  1898 D NetworkAdapter: OFFLOAD_USB_TETHERING_PROP = 0
01-11 00:04:44.968  1320  1898 D NetworkAdapter: Unisoc Offload UsbTethering StatsProvider getTetherStats
01-11 00:04:44.968  1320  1898 D NetworkAdapter: OFFLOAD_USB_TETHERING_PROP = 0
01-11 00:04:45.000  1320  2877 D NetworkAdapter: UnisocOffloadUsbTetheringStatsProvider.onRequestStatsUpdate
01-11 00:04:45.001  1320  1898 D NetworkAdapter: UnisocOffloadUsbTetheringStatsProvider.pushTetherStats
01-11 00:04:45.001  1320  1898 D NetworkAdapter: Unisoc Offload UsbTethering StatsProvider getTetherStats
01-11 00:04:45.001  1320  1898 D NetworkAdapter: OFFLOAD_USB_TETHERING_PROP = 0
01-11 00:04:45.002  1320  1898 D NetworkAdapter: Unisoc Offload UsbTethering StatsProvider getTetherStats
01-11 00:04:45.002  1320  1898 D NetworkAdapter: OFFLOAD_USB_TETHERING_PROP = 0
01-11 00:04:45.026  1320  1597 W PackageConfigPersister: App-specific configuration not found for packageName: com.habittracker and userId: 0
01-11 00:04:45.029  7585  7585 W AppButtonsPrefCtl: App is not explicitly stopped
01-11 00:04:45.032 26927 26927 I GoogleInputMethodService: GoogleInputMethodService.onFinishInput():2097 
01-11 00:04:45.033 26927 26927 I Module  : DeviceLockedStatusModuleProvider$Module.updateDeviceLockedStatus():103 repeatCheckTimes = 0, locked = false
01-11 00:04:45.033 26927 26927 I GoogleInputMethodService: GoogleInputMethodService.onStartInput():1347 onStartInput(EditorInfo{EditorInfo{packageName=com.android.settings, inputType=0, inputTypeString=NULL, enableLearning=false, autoCorrection=false, autoComplete=false, imeOptions=0, privateImeOptions=null, actionName=UNSPECIFIED, actionLabel=null, initialSelStart=-1, initialSelEnd=-1, initialCapsMode=0, label=null, fieldId=2131363040, fieldName=null, extras=null, hintText=null, hintLocales=[]}}, false)
01-11 00:04:45.035 26927 26927 I Module  : DeviceLockedStatusModuleProvider$Module.updateDeviceLockedStatus():103 repeatCheckTimes = 1, locked = false
01-11 00:04:45.042   936  1540 I mali_gralloc: register: id=0x376000047a4, importpid=7585
01-11 00:04:45.044  1320  2973 D NetworkAdapter: UnisocOffloadUsbTetheringStatsProvider.onRequestStatsUpdate
01-11 00:04:45.045  1320  1898 D NetworkAdapter: UnisocOffloadUsbTetheringStatsProvider.pushTetherStats
01-11 00:04:45.045  1320  1898 D NetworkAdapter: Unisoc Offload UsbTethering StatsProvider getTetherStats
01-11 00:04:45.045  1320  1898 D NetworkAdapter: OFFLOAD_USB_TETHERING_PROP = 0
01-11 00:04:45.046  1320  1898 D NetworkAdapter: Unisoc Offload UsbTethering StatsProvider getTetherStats
01-11 00:04:45.046  1320  1898 D NetworkAdapter: OFFLOAD_USB_TETHERING_PROP = 0
01-11 00:04:45.046   936  1540 I mali_gralloc: register: id=0x376000047a3, importpid=7585
01-11 00:04:45.047   911   911 D PowerHAL: ###Exit launch scene bgn###
01-11 00:04:45.047   911   911 D PowerHAL: Enter common_set: enable:0, duration: 0, /sys/devices/system/cpu/cpufreq/policy0/scaling_min_freq: 1820000
01-11 00:04:45.047   911   911 D PowerHAL: Enter set_cluster_freqs_max_min: 
01-11 00:04:45.047   911   911 D PowerHAL: Enter common_clear: 
01-11 00:04:45.047   911   911 D PowerHAL: Enter common_set: enable:0, duration: 0, /sys/devices/system/cpu/cpufreq/policy0/scaling_max_freq: 1820000
01-11 00:04:45.048   911   911 D PowerHAL: Enter set_cluster_freqs_max_min: 
01-11 00:04:45.048   911   911 D PowerHAL: Enter common_clear: 
01-11 00:04:45.048   911   911 D PowerHAL: Enter common_set: enable:0, duration: 0, /sys/devices/system/cpu/cpufreq/policy6/scaling_min_freq: 2028000
01-11 00:04:45.048   911   911 D PowerHAL: Enter set_cluster_freqs_max_min: 
01-11 00:04:45.048   911   911 D PowerHAL: Enter common_clear: 
01-11 00:04:45.048   911   911 D PowerHAL: Enter common_set: enable:0, duration: 0, /sys/devices/system/cpu/cpufreq/policy6/scaling_max_freq: 2028000
01-11 00:04:45.048   911   911 D PowerHAL: Enter set_cluster_freqs_max_min: 
01-11 00:04:45.048   911   911 D PowerHAL: Enter common_clear: 
01-11 00:04:45.048   911   911 D PowerHAL: Enter devfreq_ddr_set: enable:0, duration: 0, /sys/class/devfreq/scene-frequency/sprd-governor/scene_boost_dfs: max
01-11 00:04:45.049   911   911 D PowerHAL: ###Exit launch scene end###
01-11 00:04:45.049  1320  1344 D UnisocOomAdjuster: Skipped update freeze state for 24928
01-11 00:04:45.055   887   941 I mali_gralloc: register: id=0x376000047a4, importpid=936
01-11 00:04:45.066   887   941 I mali_gralloc: register: id=0x376000047a3, importpid=936
01-11 00:04:45.082  1320  1344 W ActivityTaskManager: Activity top resumed state loss timeout for ActivityRecord{3bb8494 u0 com.habittracker/.MainActivity} t-1 d0 f}}
01-11 00:04:45.086  1320  2869 D NetworkAdapter: UnisocOffloadUsbTetheringStatsProvider.onRequestStatsUpdate
01-11 00:04:45.087  1320  1898 D NetworkAdapter: UnisocOffloadUsbTetheringStatsProvider.pushTetherStats
01-11 00:04:45.087  1320  1898 D NetworkAdapter: Unisoc Offload UsbTethering StatsProvider getTetherStats
01-11 00:04:45.087  1320  1898 D NetworkAdapter: OFFLOAD_USB_TETHERING_PROP = 0
01-11 00:04:45.087  1320  1898 D NetworkAdapter: Unisoc Offload UsbTethering StatsProvider getTetherStats
01-11 00:04:45.087  1320  1898 D NetworkAdapter: OFFLOAD_USB_TETHERING_PROP = 0
01-11 00:04:45.137   895   895 D enhanceHAL: sunlightRead: current ambient = 10
01-11 00:04:45.372  1320  1330 I system_server: Background young concurrent mark compact GC freed 76MB AllocSpace bytes, 82(1608KB) LOS objects, 61% free, 58MB/154MB, paused 18.749ms,3.952ms total 138.253ms
01-11 00:04:45.380  1320  1332 W System  : A resource failed to call HardwareBuffer.close. 
01-11 00:04:45.380  1320  1332 W System  : A resource failed to call release. 
01-11 00:04:45.399  1320  1332 W System  : A resource failed to call HardwareBuffer.close. 
01-11 00:04:45.399  1320  1332 I mali_gralloc: unregister: id=0x37600004797, base=0x0, importpid=1320
01-11 00:04:45.400  1320  1332 W System  : A resource failed to call HardwareBuffer.close. 
01-11 00:04:45.400  1320  1332 I mali_gralloc: unregister: id=0x37600004796, base=0x0, importpid=1320
01-11 00:04:45.401  1320  1332 W System  : A resource failed to call HardwareBuffer.close. 
01-11 00:04:45.409   936   964 I mali_gralloc: unregister: id=0x37600004797, base=0x0, importpid=936
01-11 00:04:45.460   895   895 D enhanceHAL: sunlightRead: current ambient = 10
01-11 00:04:45.557  7585  7585 D AppInfoDashboard: Package change irrelevant, skipping
01-11 00:04:45.782  1320  1745 D PowerController.RecogA: packageName:com.google.android.gms mFgEvent:APP_COMPONENT_USED mLastTimeFgEventChanged:101743983 mLastLaunchTime:0 mProcState:PROCESS_STATE_CACHED_EMPTY mLastTimeProcStateChanged:0 mNotificationState:0 mLastTimeNotificationStateChanged:0 mAudioState:0 mLastTimeAudioStateChanged:0 mRequestGps:true mAvoidConstraintGps:false mBehaviorType:0 mScreenOn:true mLastTimeScreenStateChanged:101698798 mLastBgTime:0 mFgDuration:0 mAudioDuration:0 mBgAudioDuration:0 mHasNoClearNotificationWhenNavi:false
01-11 00:04:45.782   895   895 D enhanceHAL: sunlightRead: current ambient = 10
01-11 00:04:45.787 28984 28984 D WearableService: Creating wearable service asynchronously.
01-11 00:04:45.790 26264 26264 W azlu    : Already started: azlu@49c4c8f
01-11 00:04:45.799 28984 29187 D WearableService: onGetService: waiting for onCreate to be completed.
01-11 00:04:45.815 28984 29011 I Wear_Controller: Wearable module requires a companion app to be installed.
01-11 00:04:45.815 28984 29011 I WearableService: onCreate: Wearable Services not starting. Wear is not available on this device.
01-11 00:04:45.817 28984 29187 W WearableService: onGetService: Wear is not available on this device.
01-11 00:04:45.833 28189 28189 W ThreadPoolForeg: type=1400 audit(0.0:44009): avc: denied { write } for name="traced_producer" dev="tmpfs" ino=30662 scontext=u:r:gmscore_app:s0:c512,c768 tcontext=u:object_r:traced_producer_socket:s0 tclass=sock_file permissive=0 app=com.google.android.gms
01-11 00:04:45.919  1320  1486 D WifiStaIfaceHidlImpl: getCachedScanData is not implemented by HIDL
01-11 00:04:45.926  1320  1486 I HalDevMgr: bestIfaceCreationProposal is null, requestIface=STA, existingIface=[name=wlan0 type=STA]
01-11 00:04:45.927  6820  6820 D WifiSignalController: connected : true, level : 3, isDefault : true, inetCondition : 1, statusLabel : null
01-11 00:04:45.931  1320  1493 D ConnectivityService: NetReassign [no changes] [c 1] [a 0] [i 4]
01-11 00:04:45.937  6820  6820 W View    : requestLayout() improperly called by StatusBarIconView(slot=wifi icon=null notification=null) during layout: running second layout pass
01-11 00:04:45.948  6820  6820 W View    : requestLayout() improperly called by com.android.keyguard.AlphaOptimizedLinearLayout{1329110 V.E...... ......ID 5,0-49,44 #7f0b074e app:id/wifi_group} during second layout pass: posting in next frame
01-11 00:04:45.958  6820  6820 W View    : requestLayout() improperly called by StatusBarIconView(slot=wifi icon=null notification=null) during layout: running second layout pass
01-11 00:04:45.966  6820  6820 W View    : requestLayout() improperly called by com.android.keyguard.AlphaOptimizedLinearLayout{1329110 V.E...... ......ID 5,0-49,44 #7f0b074e app:id/wifi_group} during second layout pass: posting in next frame
01-11 00:04:45.980  6820  6820 W View    : requestLayout() improperly called by StatusBarIconView(slot=wifi icon=null notification=null) during layout: running second layout pass
01-11 00:04:45.984  7585  7585 D AppInfoDashboard: Package change irrelevant, skipping
01-11 00:04:45.988  6820  6820 W View    : requestLayout() improperly called by com.android.keyguard.AlphaOptimizedLinearLayout{1329110 V.E...... ......ID 5,0-49,44 #7f0b074e app:id/wifi_group} during second layout pass: posting in next frame
01-11 00:04:46.003  6820  6820 W View    : requestLayout() improperly called by StatusBarIconView(slot=wifi icon=null notification=null) during layout: running second layout pass
01-11 00:04:46.008 26264 26363 W avic    : Job(ItemListsService:stopItemList#0.46) Attempting to unregister unknown list: itemlist-ViewType(96)-2
01-11 00:04:46.011  6820  6820 W View    : requestLayout() improperly called by com.android.keyguard.AlphaOptimizedLinearLayout{1329110 V.E...... ......ID 5,0-49,44 #7f0b074e app:id/wifi_group} during second layout pass: posting in next frame
01-11 00:04:46.024  6820  6820 W View    : requestLayout() improperly called by StatusBarIconView(slot=wifi icon=null notification=null) during layout: running second layout pass
01-11 00:04:46.033  6820  6820 W View    : requestLayout() improperly called by com.android.keyguard.AlphaOptimizedLinearLayout{1329110 V.E...... ......ID 5,0-49,44 #7f0b074e app:id/wifi_group} during second layout pass: posting in next frame
01-11 00:04:46.047  6820  6820 W View    : requestLayout() improperly called by StatusBarIconView(slot=wifi icon=null notification=null) during layout: running second layout pass
01-11 00:04:46.055  6820  6820 W View    : requestLayout() improperly called by com.android.keyguard.AlphaOptimizedLinearLayout{1329110 V.E...... ......ID 5,0-49,44 #7f0b074e app:id/wifi_group} during second layout pass: posting in next frame
01-11 00:04:46.070  6820  6820 W View    : requestLayout() improperly called by StatusBarIconView(slot=wifi icon=null notification=null) during layout: running second layout pass
01-11 00:04:46.077  6820  6820 W View    : requestLayout() improperly called by com.android.keyguard.AlphaOptimizedLinearLayout{1329110 V.E...... ......ID 5,0-49,44 #7f0b074e app:id/wifi_group} during second layout pass: posting in next frame
01-11 00:04:46.092  6820  6820 W View    : requestLayout() improperly called by StatusBarIconView(slot=wifi icon=null notification=null) during layout: running second layout pass
01-11 00:04:46.094 26264 26264 W nre     : [Gmail] MailSyncAdapterService: MailSyncAdapterService is destroyed! [CONTEXT android_log_tag="MailSyncAdapterService" ]
01-11 00:04:46.100  1320  2973 I ActivityManager: Killing 24941:com.google.android.apps.bard/u0a203 (adj 975): empty #17
01-11 00:04:46.103  6820  6820 W View    : requestLayout() improperly called by com.android.keyguard.AlphaOptimizedLinearLayout{1329110 V.E...... ......ID 5,0-49,44 #7f0b074e app:id/wifi_group} during second layout pass: posting in next frame
01-11 00:04:46.113  1320  1353 I libprocessgroup: Successfully killed process cgroup uid 10203 pid 24941 in 11ms
01-11 00:04:46.114  6820  6820 W View    : requestLayout() improperly called by StatusBarIconView(slot=wifi icon=null notification=null) during layout: running second layout pass
01-11 00:04:46.122  6820  6820 W View    : requestLayout() improperly called by com.android.keyguard.AlphaOptimizedLinearLayout{1329110 V.E...... ......ID 5,0-49,44 #7f0b074e app:id/wifi_group} during second layout pass: posting in next frame
01-11 00:04:46.136  6820  6820 W View    : requestLayout() improperly called by StatusBarIconView(slot=wifi icon=null notification=null) during layout: running second layout pass
01-11 00:04:46.138   871   871 I Zygote  : Process 24941 exited due to signal 9 (Killed)
01-11 00:04:46.140  1320  2973 D UnisocOomAdjuster: Skipped update freeze state for 24928
01-11 00:04:46.146  6820  6820 W View    : requestLayout() improperly called by com.android.keyguard.AlphaOptimizedLinearLayout{1329110 V.E...... ......ID 5,0-49,44 #7f0b074e app:id/wifi_group} during second layout pass: posting in next frame
01-11 00:04:46.157  6820  6820 W View    : requestLayout() improperly called by StatusBarIconView(slot=wifi icon=null notification=null) during layout: running second layout pass
01-11 00:04:46.166  6820  6820 W View    : requestLayout() improperly called by com.android.keyguard.AlphaOptimizedLinearLayout{1329110 V.E...... ......ID 5,0-49,44 #7f0b074e app:id/wifi_group} during second layout pass: posting in next frame
01-11 00:04:46.180  6820  6820 W View    : requestLayout() improperly called by StatusBarIconView(slot=wifi icon=null notification=null) during layout: running second layout pass
01-11 00:04:46.188  6820  6820 W View    : requestLayout() improperly called by com.android.keyguard.AlphaOptimizedLinearLayout{1329110 V.E...... ......ID 5,0-49,44 #7f0b074e app:id/wifi_group} during second layout pass: posting in next frame
01-11 00:04:46.202  6820  6820 W View    : requestLayout() improperly called by StatusBarIconView(slot=wifi icon=null notification=null) during layout: running second layout pass
01-11 00:04:46.211  6820  6820 W View    : requestLayout() improperly called by com.android.keyguard.AlphaOptimizedLinearLayout{1329110 V.E...... ......ID 5,0-49,44 #7f0b074e app:id/wifi_group} during second layout pass: posting in next frame
01-11 00:04:46.224  6820  6820 W View    : requestLayout() improperly called by StatusBarIconView(slot=wifi icon=null notification=null) during layout: running second layout pass
01-11 00:04:46.233  6820  6820 W View    : requestLayout() improperly called by com.android.keyguard.AlphaOptimizedLinearLayout{1329110 V.E...... ......ID 5,0-49,44 #7f0b074e app:id/wifi_group} during second layout pass: posting in next frame
01-11 00:04:46.247  6820  6820 W View    : requestLayout() improperly called by StatusBarIconView(slot=wifi icon=null notification=null) during layout: running second layout pass
01-11 00:04:46.256  6820  6820 W View    : requestLayout() improperly called by com.android.keyguard.AlphaOptimizedLinearLayout{1329110 V.E...... ......ID 5,0-49,44 #7f0b074e app:id/wifi_group} during second layout pass: posting in next frame
01-11 00:04:46.265   895   895 D enhanceHAL: sunlightRead: current ambient = 10
01-11 00:04:46.270  6820  6820 W View    : requestLayout() improperly called by StatusBarIconView(slot=wifi icon=null notification=null) during layout: running second layout pass
01-11 00:04:46.277  6820  6820 W View    : requestLayout() improperly called by com.android.keyguard.AlphaOptimizedLinearLayout{1329110 V.E...... ......ID 5,0-49,44 #7f0b074e app:id/wifi_group} during second layout pass: posting in next frame
01-11 00:04:46.292  6820  6820 W View    : requestLayout() improperly called by StatusBarIconView(slot=wifi icon=null notification=null) during layout: running second layout pass
01-11 00:04:46.300  6820  6820 W View    : requestLayout() improperly called by com.android.keyguard.AlphaOptimizedLinearLayout{1329110 V.E...... ......ID 5,0-49,44 #7f0b074e app:id/wifi_group} during second layout pass: posting in next frame
01-11 00:04:46.315  6820  6820 W View    : requestLayout() improperly called by StatusBarIconView(slot=wifi icon=null notification=null) during layout: running second layout pass
01-11 00:04:46.322  6820  6820 W View    : requestLayout() improperly called by com.android.keyguard.AlphaOptimizedLinearLayout{1329110 V.E...... ......ID 5,0-49,44 #7f0b074e app:id/wifi_group} during second layout pass: posting in next frame
01-11 00:04:46.337  6820  6820 W View    : requestLayout() improperly called by StatusBarIconView(slot=wifi icon=null notification=null) during layout: running second layout pass
01-11 00:04:46.342   936   936 D SurfaceFlinger: unisoc-graphics, commit has frameMissed:2, vysncId:22255907
01-11 00:04:46.344  6820  6820 W View    : requestLayout() improperly called by com.android.keyguard.AlphaOptimizedLinearLayout{1329110 V.E...... ......ID 5,0-49,44 #7f0b074e app:id/wifi_group} during second layout pass: posting in next frame
01-11 00:04:46.359  6820  6820 W View    : requestLayout() improperly called by StatusBarIconView(slot=wifi icon=null notification=null) during layout: running second layout pass
01-11 00:04:46.367  6820  6820 W View    : requestLayout() improperly called by com.android.keyguard.AlphaOptimizedLinearLayout{1329110 V.E...... ......ID 5,0-49,44 #7f0b074e app:id/wifi_group} during second layout pass: posting in next frame
01-11 00:04:46.382  6820  6820 W View    : requestLayout() improperly called by StatusBarIconView(slot=wifi icon=null notification=null) during layout: running second layout pass
01-11 00:04:46.389  6820  6820 W View    : requestLayout() improperly called by com.android.keyguard.AlphaOptimizedLinearLayout{1329110 V.E...... ......ID 5,0-49,44 #7f0b074e app:id/wifi_group} during second layout pass: posting in next frame
01-11 00:04:46.404  6820  6820 W View    : requestLayout() improperly called by StatusBarIconView(slot=wifi icon=null notification=null) during layout: running second layout pass
01-11 00:04:46.412  6820  6820 W View    : requestLayout() improperly called by com.android.keyguard.AlphaOptimizedLinearLayout{1329110 V.E...... ......ID 5,0-49,44 #7f0b074e app:id/wifi_group} during second layout pass: posting in next frame
01-11 00:04:46.426  6820  6820 W View    : requestLayout() improperly called by StatusBarIconView(slot=wifi icon=null notification=null) during layout: running second layout pass
01-11 00:04:46.433  6820  6820 W View    : requestLayout() improperly called by com.android.keyguard.AlphaOptimizedLinearLayout{1329110 V.E...... ......ID 5,0-49,44 #7f0b074e app:id/wifi_group} during second layout pass: posting in next frame
01-11 00:04:46.448  6820  6820 W View    : requestLayout() improperly called by StatusBarIconView(slot=wifi icon=null notification=null) during layout: running second layout pass
01-11 00:04:46.456  6820  6820 W View    : requestLayout() improperly called by com.android.keyguard.AlphaOptimizedLinearLayout{1329110 V.E...... ......ID 5,0-49,44 #7f0b074e app:id/wifi_group} during second layout pass: posting in next frame
01-11 00:04:46.471  6820  6820 W View    : requestLayout() improperly called by StatusBarIconView(slot=wifi icon=null notification=null) during layout: running second layout pass
01-11 00:04:46.478  6820  6820 W View    : requestLayout() improperly called by com.android.keyguard.AlphaOptimizedLinearLayout{1329110 V.E...... ......ID 5,0-49,44 #7f0b074e app:id/wifi_group} during second layout pass: posting in next frame
01-11 00:04:46.482  1320  1436 D AlarmManagerService: set alarm to kernel: 101821.052000000, type=2 
01-11 00:04:46.483  1320  1436 D AlarmManagerService: set alarm to kernel: 101758.201000000, type=3 
