01-11 00:05:22.551 26480 26480 E AndroidRuntime: 	at androidx.compose.material3.MaterialThemeKt$MaterialTheme$1.invoke(MaterialTheme.kt:71)
01-11 00:05:22.551 26480 26480 E AndroidRuntime: 	at androidx.compose.runtime.internal.ComposableLambdaImpl.invoke(ComposableLambda.jvm.kt:109)
01-11 00:05:22.551 26480 26480 E AndroidRuntime: 	at androidx.compose.runtime.internal.ComposableLambdaImpl.invoke(ComposableLambda.jvm.kt:35)
01-11 00:05:22.551 26480 26480 E AndroidRuntime: 	at androidx.compose.runtime.CompositionLocalKt.CompositionLocalProvider(CompositionLocal.kt:228)
01-11 00:05:22.551 26480 26480 E AndroidRuntime: 	at androidx.compose.material3.MaterialThemeKt.MaterialTheme(MaterialTheme.kt:64)
01-11 00:05:22.551 26480 26480 E AndroidRuntime: 	at com.habittracker.ui.theme.ThemeKt.HabitTrackerTheme(Theme.kt:240)
01-11 00:05:22.551 26480 26480 E AndroidRuntime: 	at com.habittracker.ComposableSingletons$MainActivityKt$lambda-3$1.invoke(MainActivity.kt:44)
01-11 00:05:22.551 26480 26480 E AndroidRuntime: 	at com.habittracker.ComposableSingletons$MainActivityKt$lambda-3$1.invoke(MainActivity.kt:42)
01-11 00:05:22.551 26480 26480 E AndroidRuntime: 	at androidx.compose.runtime.internal.ComposableLambdaImpl.invoke(ComposableLambda.jvm.kt:109)
01-11 00:05:22.551 26480 26480 E AndroidRuntime: 	at androidx.compose.runtime.internal.ComposableLambdaImpl.invoke(ComposableLambda.jvm.kt:35)
01-11 00:05:22.551 26480 26480 E AndroidRuntime: 	at androidx.compose.ui.platform.ComposeView.Content(ComposeView.android.kt:428)
01-11 00:05:22.551 26480 26480 E AndroidRuntime: 	at androidx.compose.ui.platform.AbstractComposeView$ensureCompositionCreated$1.invoke(ComposeView.android.kt:252)
01-11 00:05:22.551 26480 26480 E AndroidRuntime: 	at androidx.compose.ui.platform.AbstractComposeView$ensureCompositionCreated$1.invoke(ComposeView.android.kt:251)
01-11 00:05:22.551 26480 26480 E AndroidRuntime: 	at androidx.compose.runtime.internal.ComposableLambdaImpl.invoke(ComposableLambda.jvm.kt:109)
01-11 00:05:22.551 26480 26480 E AndroidRuntime: 	at androidx.compose.runtime.internal.ComposableLambdaImpl.invoke(ComposableLambda.jvm.kt:35)
01-11 00:05:22.551 26480 26480 E AndroidRuntime: 	at androidx.compose.runtime.CompositionLocalKt.CompositionLocalProvider(CompositionLocal.kt:228)
01-11 00:05:22.551 26480 26480 E AndroidRuntime: 	at androidx.compose.ui.platform.CompositionLocalsKt.ProvideCommonCompositionLocals(CompositionLocals.kt:186)
01-11 00:05:22.551 26480 26480 E AndroidRuntime: 	at androidx.compose.ui.platform.AndroidCompositionLocals_androidKt$ProvideAndroidCompositionLocals$3.invoke(AndroidCompositionLocals.android.kt:119)
01-11 00:05:22.551 26480 26480 E AndroidRuntime: 	at androidx.compose.ui.platform.AndroidCompositionLocals_androidKt$ProvideAndroidCompositionLocals$3.invoke(AndroidCompositionLocals.android.kt:118)
01-11 00:05:22.551 26480 26480 E AndroidRuntime: 	at androidx.compose.runtime.internal.ComposableLambdaImpl.invoke(ComposableLambda.jvm.kt:109)
01-11 00:05:22.551 26480 26480 E AndroidRuntime: 	at androidx.compose.runtime.internal.ComposableLambdaImpl.invoke(ComposableLambda.jvm.kt:35)
01-11 00:05:22.551 26480 26480 E AndroidRuntime: 	at androidx.compose.runtime.CompositionLocalKt.CompositionLocalProvider(CompositionLocal.kt:228)
01-11 00:05:22.551 26480 26480 E AndroidRuntime: 	at androidx.compose.ui.platform.AndroidCompositionLocals_androidKt.ProvideAndroidCompositionLocals(AndroidCompositionLocals.android.kt:110)
01-11 00:05:22.551 26480 26480 E AndroidRuntime: 	at androidx.compose.ui.platform.WrappedComposition$setContent$1$1$2.invoke(Wrapper.android.kt:139)
01-11 00:05:22.551 26480 26480 E AndroidRuntime: 	at androidx.compose.ui.platform.WrappedComposition$setContent$1$1$2.invoke(Wrapper.android.kt:138)
01-11 00:05:22.551 26480 26480 E AndroidRuntime: 	at androidx.compose.runtime.internal.ComposableLambdaImpl.invoke(ComposableLambda.jvm.kt:109)
01-11 00:05:22.551 26480 26480 E AndroidRuntime: 	at androidx.compose.runtime.internal.ComposableLambdaImpl.invoke(ComposableLambda.jvm.kt:35)
01-11 00:05:22.551 26480 26480 E AndroidRuntime: 	at androidx.compose.runtime.CompositionLocalKt.CompositionLocalProvider(CompositionLocal.kt:248)
01-11 00:05:22.551 26480 26480 E AndroidRuntime: 	at androidx.compose.ui.platform.WrappedComposition$setContent$1$1.invoke(Wrapper.android.kt:138)
01-11 00:05:22.551 26480 26480 E AndroidRuntime: 	at androidx.compose.ui.platform.WrappedComposition$setContent$1$1.invoke(Wrapper.android.kt:123)
01-11 00:05:22.551 26480 26480 E AndroidRuntime: 	at androidx.compose.runtime.internal.ComposableLambdaImpl.invoke(ComposableLambda.jvm.kt:109)
01-11 00:05:22.551 26480 26480 E AndroidRuntime: 	at androidx.compose.runtime.internal.ComposableLambdaImpl.invoke(ComposableLambda.jvm.kt:35)
01-11 00:05:22.551 26480 26480 E AndroidRuntime: 	at androidx.compose.runtime.ActualJvm_jvmKt.invokeComposable(ActualJvm.jvm.kt:90)
01-11 00:05:22.551 26480 26480 E AndroidRuntime: 	at androidx.compose.runtime.ComposerImpl.doCompose(Composer.kt:3302)
01-11 00:05:22.551 26480 26480 E AndroidRuntime: 	at androidx.compose.runtime.ComposerImpl.composeContent$runtime_release(Composer.kt:3235)
01-11 00:05:22.551 26480 26480 E AndroidRuntime: 	at androidx.compose.runtime.CompositionImpl.composeContent(Composition.kt:725)
01-11 00:05:22.551 26480 26480 E AndroidRuntime: 	at androidx.compose.runtime.Recomposer.composeInitial$runtime_release(Recomposer.kt:1071)
01-11 00:05:22.551 26480 26480 E AndroidRuntime: 	at androidx.compose.runtime.CompositionImpl.composeInitial(Composition.kt:633)
01-11 00:05:22.551 26480 26480 E AndroidRuntime: 	at androidx.compose.runtime.CompositionImpl.setContent(Composition.kt:619)
01-11 00:05:22.551 26480 26480 E AndroidRuntime: 	at androidx.compose.ui.platform.WrappedComposition$setContent$1.invoke(Wrapper.android.kt:123)
01-11 00:05:22.551 26480 26480 E AndroidRuntime: 	at androidx.compose.ui.platform.WrappedComposition$setContent$1.invoke(Wrapper.android.kt:114)
01-11 00:05:22.553 26480 26480 E AndroidRuntime: 	at androidx.compose.ui.platform.AndroidComposeView.setOnViewTreeOwnersAvailable(AndroidComposeView.android.kt:1289)
01-11 00:05:22.553 26480 26480 E AndroidRuntime: 	at androidx.compose.ui.platform.WrappedComposition.setContent(Wrapper.android.kt:114)
01-11 00:05:22.553 26480 26480 E AndroidRuntime: 	at androidx.compose.ui.platform.WrappedComposition.onStateChanged(Wrapper.android.kt:164)
01-11 00:05:22.553 26480 26480 E AndroidRuntime: 	at androidx.lifecycle.LifecycleRegistry$ObserverWithState.dispatchEvent(LifecycleRegistry.kt:322)
01-11 00:05:22.553 26480 26480 E AndroidRuntime: 	at androidx.lifecycle.LifecycleRegistry.addObserver(LifecycleRegistry.kt:199)
01-11 00:05:22.553 26480 26480 E AndroidRuntime: 	at androidx.compose.ui.platform.WrappedComposition$setContent$1.invoke(Wrapper.android.kt:121)
01-11 00:05:22.553 26480 26480 E AndroidRuntime: 	at androidx.compose.ui.platform.WrappedComposition$setContent$1.invoke(Wrapper.android.kt:114)
01-11 00:05:22.553 26480 26480 E AndroidRuntime: 	at androidx.compose.ui.platform.AndroidComposeView.onAttachedToWindow(AndroidComposeView.android.kt:1364)
01-11 00:05:22.553 26480 26480 E AndroidRuntime: 	at android.view.View.dispatchAttachedToWindow(View.java:21355)
01-11 00:05:22.553 26480 26480 E AndroidRuntime: 	at android.view.ViewGroup.dispatchAttachedToWindow(ViewGroup.java:3570)
01-11 00:05:22.553 26480 26480 E AndroidRuntime: 	at android.view.ViewGroup.dispatchAttachedToWindow(ViewGroup.java:3577)
01-11 00:05:22.553 26480 26480 E AndroidRuntime: 	at android.view.ViewGroup.dispatchAttachedToWindow(ViewGroup.java:3577)
01-11 00:05:22.553 26480 26480 E AndroidRuntime: 	at android.view.ViewGroup.dispatchAttachedToWindow(ViewGroup.java:3577)
01-11 00:05:22.553 26480 26480 E AndroidRuntime: 	at android.view.ViewGroup.dispatchAttachedToWindow(ViewGroup.java:3577)
01-11 00:05:22.553 26480 26480 E AndroidRuntime: 	at android.view.ViewRootImpl.performTraversals(ViewRootImpl.java:2858)
01-11 00:05:22.553 26480 26480 E AndroidRuntime: 	at android.view.ViewRootImpl.doTraversal(ViewRootImpl.java:2372)
01-11 00:05:22.553 26480 26480 E AndroidRuntime: 	at android.view.ViewRootImpl$TraversalRunnable.run(ViewRootImpl.java:9082)
01-11 00:05:22.553 26480 26480 E AndroidRuntime: 	at android.view.Choreographer$CallbackRecord.run(Choreographer.java:1234)
01-11 00:05:22.553 26480 26480 E AndroidRuntime: 	at android.view.Choreographer$CallbackRecord.run(Choreographer.java:1242)
01-11 00:05:22.553 26480 26480 E AndroidRuntime: 	at android.view.Choreographer.doCallbacks(Choreographer.java:902)
01-11 00:05:22.553 26480 26480 E AndroidRuntime: 	at android.view.Choreographer.doFrame(Choreographer.java:835)
01-11 00:05:22.553 26480 26480 E AndroidRuntime: 	at android.view.Choreographer$FrameDisplayEventReceiver.run(Choreographer.java:1217)
01-11 00:05:22.553 26480 26480 E AndroidRuntime: 	at android.os.Handler.handleCallback(Handler.java:942)
01-11 00:05:22.553 26480 26480 E AndroidRuntime: 	at android.os.Handler.dispatchMessage(Handler.java:99)
01-11 00:05:22.553 26480 26480 E AndroidRuntime: 	at android.os.Looper.loopOnce(Looper.java:201)
01-11 00:05:22.553 26480 26480 E AndroidRuntime: 	at android.os.Looper.loop(Looper.java:288)
01-11 00:05:22.553 26480 26480 E AndroidRuntime: 	at android.app.ActivityThread.main(ActivityThread.java:8061)
01-11 00:05:22.553 26480 26480 E AndroidRuntime: 	at java.lang.reflect.Method.invoke(Native Method)
01-11 00:05:22.553 26480 26480 E AndroidRuntime: 	at com.android.internal.os.RuntimeInit$MethodAndArgsCaller.run(RuntimeInit.java:703)
01-11 00:05:22.553 26480 26480 E AndroidRuntime: 	at com.android.internal.os.ZygoteInit.main(ZygoteInit.java:911)
01-11 00:05:22.553 26480 26480 E AndroidRuntime: 	Suppressed: kotlinx.coroutines.internal.DiagnosticCoroutineContextException: [StandaloneCoroutine{Cancelling}@d2395f4, Dispatchers.Main.immediate]
01-11 00:05:22.562  6820  6820 W View    : requestLayout() improperly called by com.android.keyguard.AlphaOptimizedLinearLayout{1329110 V.E...... ......ID 5,0-49,44 #7f0b074e app:id/wifi_group} during second layout pass: posting in next frame
01-11 00:05:22.564  1320 26530 I DropBoxManagerService: add tag=data_app_crash isTagEnabled=true flags=0x2
01-11 00:05:22.564  6820  6820 W View    : requestLayout() improperly called by StatusBarIconView(slot=wifi icon=null notification=null) during layout: running second layout pass
01-11 00:05:22.565  1320  2973 W ActivityTaskManager:   Force finishing activity com.habittracker/.MainActivity
01-11 00:05:22.569   886  5308 I mali_gralloc: allocate: id=376000047af, hal_format=RGBA8888, mali_format=RGBA8888, afbc=false, usage=CPU_RW|GPU_RW|HWC, size=720x1600(4608000), stride=720, name=screenshot
01-11 00:05:22.569   936   963 I mali_gralloc: register: id=0x376000047af, importpid=-1
01-11 00:05:22.574  1320  2434 I mali_gralloc: register: id=0x376000047af, importpid=936
01-11 00:05:22.580  6820 11734 I BLASTBufferQueue: [VRI[NavigationBar0]#0](f:0,a:2) [graphic] releaseBufferCallback layer id is bufferId:29291676958722 framenumber:66687
01-11 00:05:22.582  1320  1341 D BroadcastQueue: Add broadcast <BroadcastRecord{52d4d0a u-1 android.intent.action.DROPBOX_ENTRY_ADDED}> into [parallel | background], pending size 0
01-11 00:05:22.582  1320  1341 D BroadcastQueue: Add broadcast <BroadcastRecord{17f097b u-1 android.intent.action.DROPBOX_ENTRY_ADDED}> into [ordered | background], pending size 0
01-11 00:05:22.582  1320  1341 D BroadcastQueue: Header is BroadcastRecord{17f097b u-1 android.intent.action.DROPBOX_ENTRY_ADDED} now
01-11 00:05:22.582  1320  1345 D WindowManager: Focus not requested, because it has no surface or is not focusable, request window=Window{501c36f u0 com.habittracker/com.habittracker.MainActivity}-[Surface(name=*Title#12713)/@0xbdc6068], mCurrentFocusWindow= 501c36f com.habittracker/com.habittracker.MainActivity
01-11 00:05:22.583  6820  6820 W View    : requestLayout() improperly called by com.android.keyguard.AlphaOptimizedLinearLayout{1329110 V.E...... ......ID 5,0-49,44 #7f0b074e app:id/wifi_group} during second layout pass: posting in next frame
01-11 00:05:22.584  1956  1966 I mali_gralloc: register: id=0x376000047af, importpid=1320
01-11 00:05:22.584  6820  7354 I mali_gralloc: register: id=0x376000047af, importpid=1320
01-11 00:05:22.584  6820  7566 I mali_gralloc: register: id=0x376000047af, importpid=1320
01-11 00:05:22.584  6820  7354 I mali_gralloc: register: id=0x376000047af, importpid=1320
01-11 00:05:22.585  1320  1351 D BroadcastQueue: Done with parallel broadcast [background] [BroadcastRecord{52d4d0a u-1 android.intent.action.DROPBOX_ENTRY_ADDED}]
01-11 00:05:22.585  1320  1351 W BroadcastQueue: Background execution not allowed: receiving Intent { act=android.intent.action.DROPBOX_ENTRY_ADDED flg=0x10 (has extras) } to com.google.android.gms/.stats.service.DropBoxEntryAddedReceiver
01-11 00:05:22.585  1320  1351 D BroadcastQueue: Finished with ordered broadcast BroadcastRecord{17f097b u-1 android.intent.action.DROPBOX_ENTRY_ADDED} receivers:([ResolveInfo{280f7f1 com.google.android.gms/.stats.service.DropBoxEntryAddedReceiver m=0x108000}]) take 0ms in [background], remains -1
01-11 00:05:22.585 26480 26480 I Process : Sending signal. PID: 26480 SIG: 9
01-11 00:05:22.586  6820  7354 I mali_gralloc: unregister: id=0x376000047af, base=0x0, importpid=6820
01-11 00:05:22.591  6820  6820 W View    : requestLayout() improperly called by StatusBarIconView(slot=wifi icon=null notification=null) during layout: running second layout pass
01-11 00:05:22.594  6820  6820 I mali_gralloc: unregister: id=0x376000047af, base=0x0, importpid=6820
01-11 00:05:22.594  6820  6820 I mali_gralloc: unregister: id=0x376000047af, base=0x0, importpid=6820
01-11 00:05:22.597  1320  2663 V AlarmManager: set(PendingIntent{2f57144: PendingIntentRecord{99c222d com.google.android.gms/com.google.android.gms.container startService}}) : type=3 listener=null listenerTag=null workSource=null callingPackage=com.google.android.gms callingUid=10106 triggerAtTime=315461780798 win=3600000 tElapsed=315461780798 maxElapsed=315465380798 interval=0 flags=0x0
01-11 00:05:22.598  1320  2663 D AlarmManagerService: set alarm to kernel: 101821.052000000, type=2 
01-11 00:05:22.598  1320  2663 D AlarmManagerService: set alarm to kernel: 101818.201000000, type=3 
01-11 00:05:22.601  6820  6820 W View    : requestLayout() improperly called by com.android.keyguard.AlphaOptimizedLinearLayout{1329110 V.E...... ......ID 5,0-49,44 #7f0b074e app:id/wifi_group} during second layout pass: posting in next frame
01-11 00:05:22.614  6820  6820 W View    : requestLayout() improperly called by StatusBarIconView(slot=wifi icon=null notification=null) during layout: running second layout pass
01-11 00:05:22.622  6820  6820 W View    : requestLayout() improperly called by com.android.keyguard.AlphaOptimizedLinearLayout{1329110 V.E...... ......ID 5,0-49,44 #7f0b074e app:id/wifi_group} during second layout pass: posting in next frame
01-11 00:05:22.635  6820  6820 W View    : requestLayout() improperly called by StatusBarIconView(slot=wifi icon=null notification=null) during layout: running second layout pass
01-11 00:05:22.645  6820  6820 W View    : requestLayout() improperly called by com.android.keyguard.AlphaOptimizedLinearLayout{1329110 V.E...... ......ID 5,0-49,44 #7f0b074e app:id/wifi_group} during second layout pass: posting in next frame
01-11 00:05:22.650  1320  1335 I WindowManager: WIN DEATH: Window{501c36f u0 com.habittracker/com.habittracker.MainActivity}-[Surface(name=*Title#12713)/@0xbdc6068]
01-11 00:05:22.650  1190  1190 I adbd    : Remote process closed the socket (on MSG_PEEK)
01-11 00:05:22.650  1320  1335 W InputManager-JNI: Input channel object '501c36f com.habittracker/com.habittracker.MainActivity (client)' was disposed without first being removed with the input manager!
01-11 00:05:22.650  1320  2973 I ActivityManager: Process com.habittracker (pid 26480) has died: fg  TOP 
01-11 00:05:22.650  1320  1353 I libprocessgroup: Successfully killed process cgroup uid 10389 pid 26480 in 0ms
01-11 00:05:22.651  1320  1335 I WindowManager: Input focus has changed to null from 501c36f com.habittracker/com.habittracker.MainActivity mDisplayId 0 updateInputWindows false, callers=com.android.server.wm.DisplayContent.updateFocusedWindowLocked:3736 com.android.server.wm.RootWindowContainer.updateFocusedWindowLocked:493 com.android.server.wm.WindowManagerService.updateFocusedWindowLocked:6179 com.android.server.wm.WindowState.setupWindowForRemoveOnExit:2735 com.android.server.wm.WindowState.removeIfPossible:2703 
01-11 00:05:22.653   871   871 I Zygote  : Process 26480 exited due to signal 9 (Killed)
01-11 00:05:22.658  6820  6820 W View    : requestLayout() improperly called by StatusBarIconView(slot=wifi icon=null notification=null) during layout: running second layout pass
01-11 00:05:22.661  1320  2973 D WindowManager: setFocusedApp mFocusedApp = nulldisplayId = 0Callers = com.android.server.wm.ActivityRecord.onRemovedFromDisplay:4229 com.android.server.wm.DisplayContent.removeAppToken:1376 com.android.server.wm.ActivityRecord.removeFromHistory:3841 com.android.server.wm.ActivityRecord.handleAppDied:4105 
01-11 00:05:22.663  1320  2973 D WindowManager: setFocusedApp mFocusedApp = ActivityRecord{2ed1a8f u0 com.android.settings/.applications.InstalledAppDetails} t13089 d0}displayId = 0Callers = com.android.server.wm.ActivityTaskManagerService.setResumedActivityUncheckLocked:4576 com.android.server.wm.TaskFragment.onActivityStateChanged:761 com.android.server.wm.ActivityRecord.setState:5510 com.android.server.wm.TaskFragment.resumeTopActivity:1362 
01-11 00:05:22.670  6820  6820 W View    : requestLayout() improperly called by com.android.keyguard.AlphaOptimizedLinearLayout{1329110 V.E...... ......ID 5,0-49,44 #7f0b074e app:id/wifi_group} during second layout pass: posting in next frame
01-11 00:05:22.672  1320  2973 D UnisocOomAdjuster: Skipped update freeze state for 24928
01-11 00:05:22.675  1320  1335 I WindowManager: Input focus has changed to Window{64fa15e u0 com.android.settings/com.android.settings.applications.InstalledAppDetails}-[Surface(name=*Title#12672)/@0x708b57f] from 501c36f com.habittracker/com.habittracker.MainActivity mDisplayId 0 updateInputWindows true, callers=com.android.server.wm.DisplayContent.updateFocusedWindowLocked:3736 com.android.server.wm.RootWindowContainer.updateFocusedWindowLocked:493 com.android.server.wm.WindowManagerService.updateFocusedWindowLocked:6179 com.android.server.wm.WindowManagerService.relayoutWindow:2571 com.android.server.wm.Session.relayout:266 
01-11 00:05:22.676  7585  7585 D VRI[InstalledAppDetails]: performTraversals relayoutWindow: maybeSyncSeqId=-1 ,mSyncSeqId=0 ,relayoutResult=1
01-11 00:05:22.678  1320  1345 V WindowState: toString mSurfaceNameCache=-[Surface(name=*Title#12713)/@0xbdc6068] mLastTitle=com.habittracker/com.habittracker.MainActivity title=com.habittracker/com.habittracker.MainActivity
01-11 00:05:22.678  1320  1345 W WindowManager: Failed to deliver inset state change to w=Window{501c36f u0 com.habittracker/com.habittracker.MainActivity EXITING}-[Surface(name=*Title#12713)/@0xbdc6068]
01-11 00:05:22.678  1320  1345 W WindowManager: android.os.DeadObjectException
01-11 00:05:22.678  1320  1345 W WindowManager: 	at android.os.BinderProxy.transactNative(Native Method)
01-11 00:05:22.678  1320  1345 W WindowManager: 	at android.os.BinderProxy.transact(BinderProxy.java:595)
01-11 00:05:22.678  1320  1345 W WindowManager: 	at android.view.IWindow$Stub$Proxy.insetsControlChanged(IWindow.java:473)
01-11 00:05:22.678  1320  1345 W WindowManager: 	at com.android.server.wm.WindowState.notifyInsetsControlChanged(WindowState.java:4079)
01-11 00:05:22.678  1320  1345 W WindowManager: 	at com.android.server.wm.InsetsStateController.lambda$notifyPendingInsetsControlChanged$5$com-android-server-wm-InsetsStateController(InsetsStateController.java:354)
01-11 00:05:22.678  1320  1345 W WindowManager: 	at com.android.server.wm.InsetsStateController$$ExternalSyntheticLambda4.run(Unknown Source:2)
01-11 00:05:22.678  1320  1345 W WindowManager: 	at com.android.server.wm.WindowAnimator.executeAfterPrepareSurfacesRunnables(WindowAnimator.java:345)
01-11 00:05:22.678  1320  1345 W WindowManager: 	at com.android.server.wm.WindowAnimator.animate(WindowAnimator.java:226)
01-11 00:05:22.678  1320  1345 W WindowManager: 	at com.android.server.wm.WindowAnimator.lambda$new$1$com-android-server-wm-WindowAnimator(WindowAnimator.java:106)
01-11 00:05:22.678  1320  1345 W WindowManager: 	at com.android.server.wm.WindowAnimator$$ExternalSyntheticLambda1.doFrame(Unknown Source:2)
01-11 00:05:22.678  1320  1345 W WindowManager: 	at android.view.Choreographer$CallbackRecord.run(Choreographer.java:1232)
01-11 00:05:22.678  1320  1345 W WindowManager: 	at android.view.Choreographer$CallbackRecord.run(Choreographer.java:1242)
01-11 00:05:22.678  1320  1345 W WindowManager: 	at android.view.Choreographer.doCallbacks(Choreographer.java:902)
01-11 00:05:22.678  1320  1345 W WindowManager: 	at android.view.Choreographer.doFrame(Choreographer.java:830)
01-11 00:05:22.678  1320  1345 W WindowManager: 	at android.view.Choreographer$FrameDisplayEventReceiver.run(Choreographer.java:1217)
01-11 00:05:22.678  1320  1345 W WindowManager: 	at android.os.Handler.handleCallback(Handler.java:942)
01-11 00:05:22.678  1320  1345 W WindowManager: 	at android.os.Handler.dispatchMessage(Handler.java:99)
01-11 00:05:22.678  1320  1345 W WindowManager: 	at android.os.Looper.loopOnce(Looper.java:201)
01-11 00:05:22.678  1320  1345 W WindowManager: 	at android.os.Looper.loop(Looper.java:288)
01-11 00:05:22.678  1320  1345 W WindowManager: 	at android.os.HandlerThread.run(HandlerThread.java:67)
01-11 00:05:22.678  1320  1345 W WindowManager: 	at com.android.server.ServiceThread.run(ServiceThread.java:44)
01-11 00:05:22.680  6820  6908 I mali_gralloc: unregister: id=0x376000047a9, base=0x0, importpid=6820
01-11 00:05:22.680  6820 11734 I mali_gralloc: unregister: id=0x376000047a8, base=0x0, importpid=6820
01-11 00:05:22.681  6820  6820 W View    : requestLayout() improperly called by StatusBarIconView(slot=wifi icon=null notification=null) during layout: running second layout pass
01-11 00:05:22.684  6820  6905 D VRI[habittracker]: performTraversals relayoutWindow: maybeSyncSeqId=-1 ,mSyncSeqId=0 ,relayoutResult=2
01-11 00:05:22.686  1320  2663 V WindowState: toString mSurfaceNameCache=-[Surface(name=*Title#12707)/@0xc108409] mLastTitle=Splash Screen com.habittracker title=Splash Screen com.habittracker
01-11 00:05:22.686  1320  2663 D CoreBackPreview: Window{c0fb40d u0 Splash Screen com.habittracker EXITING}-[Surface(name=*Title#12707)/@0xc108409]: Setting back callback null
01-11 00:05:22.686  1320  1335 W InputManager-JNI: Input channel object 'c0fb40d Splash Screen com.habittracker (client)' was disposed without first being removed with the input manager!
01-11 00:05:22.688   936   964 I mali_gralloc: unregister: id=0x376000047a8, base=0x0, importpid=936
01-11 00:05:22.689   936   964 I mali_gralloc: unregister: id=0x376000047af, base=0x0, importpid=936
01-11 00:05:22.689  6820  6820 W View    : requestLayout() improperly called by com.android.keyguard.AlphaOptimizedLinearLayout{1329110 V.E...... ......ID 5,0-49,44 #7f0b074e app:id/wifi_group} during second layout pass: posting in next frame
01-11 00:05:22.691  6820  7354 I mali_gralloc: unregister: id=0x376000047a7, base=0x0, importpid=6820
01-11 00:05:22.692  6820  7354 I mali_gralloc: unregister: id=0x376000047a6, base=0x0, importpid=6820
01-11 00:05:22.694  1320  1356 I UnisocAntiAging: adjust sched group of app:ProcessRecord{fe16dbf 7585:com.android.settings/1000} UI & RT Thread from 5 to 8, renderThreadTid:21555
01-11 00:05:22.696   886  5308 I mali_gralloc: allocate: id=376000047b0, hal_format=RGBA8888, mali_format=RGBA8888, afbc=SPLIT, usage=GPU_RW|HWC|BACKBUF, size=720x1600(4680704), stride=720, name=VRI[InstalledAppDetails]#29(BLAST Consumer)29
01-11 00:05:22.696  7585 26535 I mali_gralloc: register: id=0x376000047b0, importpid=-1
01-11 00:05:22.699   886  5308 I mali_gralloc: allocate: id=376000047b1, hal_format=RGBA8888, mali_format=RGBA8888, afbc=SPLIT, usage=GPU_RW|HWC|BACKBUF, size=720x1600(4680704), stride=720, name=VRI[InstalledAppDetails]#29(BLAST Consumer)29
01-11 00:05:22.699   936   964 I mali_gralloc: unregister: id=0x376000047a9, base=0x0, importpid=936
01-11 00:05:22.699  7585 26535 I mali_gralloc: register: id=0x376000047b1, importpid=-1
01-11 00:05:22.701   886  5308 I mali_gralloc: allocate: id=376000047b2, hal_format=RGBA8888, mali_format=RGBA8888, afbc=SPLIT, usage=GPU_RW|HWC|BACKBUF, size=720x1600(4680704), stride=720, name=VRI[InstalledAppDetails]#29(BLAST Consumer)29
01-11 00:05:22.701  6820  6820 W View    : requestLayout() improperly called by StatusBarIconView(slot=wifi icon=null notification=null) during layout: running second layout pass
01-11 00:05:22.702  7585 26535 I mali_gralloc: register: id=0x376000047b2, importpid=-1
01-11 00:05:22.703   936  2274 I mali_gralloc: register: id=0x376000047b0, importpid=7585
01-11 00:05:22.704   886  5308 I mali_gralloc: allocate: id=376000047b3, hal_format=RGBA8888, mali_format=RGBA8888, afbc=SPLIT, usage=GPU_RW|HWC|BACKBUF, size=720x1600(4680704), stride=720, name=VRI[InstalledAppDetails]#29(BLAST Consumer)29
01-11 00:05:22.704  1320  1436 D WindowManager: finishDrawing: syncSeqId=0, postDrawTransaction=android.view.SurfaceControl$Transaction@e234fa2, mSyncState=0, mDrawState=1, hasSyncHandlers=false, mClientWasDrawingForSync=false, win=Window{64fa15e u0 com.android.settings/com.android.settings.applications.InstalledAppDetails}-[Surface(name=*Title#12672)/@0x708b57f]
01-11 00:05:22.704  7585 26535 I mali_gralloc: register: id=0x376000047b3, importpid=-1
01-11 00:05:22.705   911   911 D vendor.unisoc.hardware.power-service: Enter getSceneIdByName: sceneName:com.android.settings
01-11 00:05:22.706  1320  1335 D BroadcastQueue: Add broadcast <BroadcastRecord{ee330fa u-1 android.intent.action.BATTERY_CHANGED}> into [parallel | background], pending size 0
01-11 00:05:22.708  1320  1345 W WindowManager: Exception thrown during dispatchAppVisibility Window{501c36f u0 com.habittracker/com.habittracker.MainActivity EXITING}-[Surface(name=*Title#12713)/@0xbdc6068]
01-11 00:05:22.708  1320  1345 W WindowManager: android.os.DeadObjectException
01-11 00:05:22.708  1320  1345 W WindowManager: 	at android.os.BinderProxy.transactNative(Native Method)
01-11 00:05:22.708  1320  1345 W WindowManager: 	at android.os.BinderProxy.transact(BinderProxy.java:595)
01-11 00:05:22.708  1320  1345 W WindowManager: 	at android.view.IWindow$Stub$Proxy.dispatchAppVisibility(IWindow.java:536)
01-11 00:05:22.708  1320  1345 W WindowManager: 	at com.android.server.wm.WindowState.sendAppVisibilityToClients(WindowState.java:3574)
01-11 00:05:22.708  1320  1345 W WindowManager: 	at com.android.server.wm.WindowContainer.sendAppVisibilityToClients(WindowContainer.java:1219)
01-11 00:05:22.708  1320  1345 W WindowManager: 	at com.android.server.wm.WindowToken.setClientVisible(WindowToken.java:398)
01-11 00:05:22.708  1320  1345 W WindowManager: 	at com.android.server.wm.ActivityRecord.setClientVisible(ActivityRecord.java:6672)
01-11 00:05:22.708  1320  1345 W WindowManager: 	at com.android.server.wm.ActivityRecord.postApplyAnimation(ActivityRecord.java:5388)
01-11 00:05:22.708  1320  1345 W WindowManager: 	at com.android.server.wm.ActivityRecord.commitVisibility(ActivityRecord.java:5343)
01-11 00:05:22.708  1320  1345 W WindowManager: 	at com.android.server.wm.ActivityRecord.commitVisibility(ActivityRecord.java:5347)
01-11 00:05:22.708  1320  1345 W WindowManager: 	at com.android.server.wm.AppTransitionController.handleClosingApps(AppTransitionController.java:1130)
01-11 00:05:22.708  1320  1345 W WindowManager: 	at com.android.server.wm.AppTransitionController.handleAppTransitionReady(AppTransitionController.java:296)
01-11 00:05:22.708  1320  1345 W WindowManager: 	at com.android.server.wm.RootWindowContainer.checkAppTransitionReady(RootWindowContainer.java:992)
01-11 00:05:22.708  1320  1345 W WindowManager: 	at com.android.server.wm.RootWindowContainer.performSurfacePlacementNoTrace(RootWindowContainer.java:859)
01-11 00:05:22.708  1320  1345 W WindowManager: 	at com.android.server.wm.RootWindowContainer.performSurfacePlacement(RootWindowContainer.java:801)
01-11 00:05:22.708  1320  1345 W WindowManager: 	at com.android.server.wm.WindowSurfacePlacer.performSurfacePlacementLoop(WindowSurfacePlacer.java:187)
01-11 00:05:22.708  1320  1345 W WindowManager: 	at com.android.server.wm.WindowSurfacePlacer.performSurfacePlacement(WindowSurfacePlacer.java:128)
01-11 00:05:22.708  1320  1345 W WindowManager: 	at com.android.server.wm.WindowSurfacePlacer.performSurfacePlacement(WindowSurfacePlacer.java:117)
01-11 00:05:22.708  1320  1345 W WindowManager: 	at com.android.server.wm.WindowSurfacePlacer$Traverser.run(WindowSurfacePlacer.java:59)
01-11 00:05:22.708  1320  1345 W WindowManager: 	at android.os.Handler.handleCallback(Handler.java:942)
01-11 00:05:22.708  1320  1345 W WindowManager: 	at android.os.Handler.dispatchMessage(Handler.java:99)
01-11 00:05:22.708  1320  1345 W WindowManager: 	at android.os.Looper.loopOnce(Looper.java:201)
01-11 00:05:22.708  1320  1345 W WindowManager: 	at android.os.Looper.loop(Looper.java:288)
01-11 00:05:22.708  1320  1345 W WindowManager: 	at android.os.HandlerThread.run(HandlerThread.java:67)
01-11 00:05:22.708  1320  1345 W WindowManager: 	at com.android.server.ServiceThread.run(ServiceThread.java:44)
01-11 00:05:22.710   936   936 W BufferStateLayer: unisoc-graphics:drawingstate fn:111, current fn:1, has fn change:1, layer com.android.settings/com.android.settings.applications.InstalledAppDetails#12672
01-11 00:05:22.710   936   964 I mali_gralloc: unregister: id=0x376000047a7, base=0x0, importpid=936
01-11 00:05:22.712  7585  7585 W AppButtonsPrefCtl: App is not explicitly stopped
01-11 00:05:22.713  1320  1351 D BroadcastQueue: Done with parallel broadcast [background] [BroadcastRecord{ee330fa u-1 android.intent.action.BATTERY_CHANGED}]
01-11 00:05:22.716  6820  6820 W View    : requestLayout() improperly called by com.android.keyguard.AlphaOptimizedLinearLayout{1329110 V.E...... ......ID 5,0-49,44 #7f0b074e app:id/wifi_group} during second layout pass: posting in next frame
01-11 00:05:22.716  1320  2973 W CpuPowerCalculator: UID 10407 CPU freq # mismatch: Power Profile # 19 actual # 14
01-11 00:05:22.716  1320  2973 W CpuPowerCalculator: UID 10398 CPU freq # mismatch: Power Profile # 19 actual # 14
01-11 00:05:22.717  1320  2973 W CpuPowerCalculator: UID 10389 CPU freq # mismatch: Power Profile # 19 actual # 14
01-11 00:05:22.717  1320  2973 W CpuPowerCalculator: UID 10385 CPU freq # mismatch: Power Profile # 19 actual # 14
01-11 00:05:22.717  1320  2973 W CpuPowerCalculator: UID 10376 CPU freq # mismatch: Power Profile # 19 actual # 14
01-11 00:05:22.717  1320  1435 D NetworkAdapter: UnisocOffloadUsbTetheringStatsProvider.onRequestStatsUpdate
01-11 00:05:22.717  1320  2973 W CpuPowerCalculator: UID 10255 CPU freq # mismatch: Power Profile # 19 actual # 14
01-11 00:05:22.717  1320  2973 W CpuPowerCalculator: UID 10236 CPU freq # mismatch: Power Profile # 19 actual # 14
01-11 00:05:22.718  1320  2973 W CpuPowerCalculator: UID 10203 CPU freq # mismatch: Power Profile # 19 actual # 14
01-11 00:05:22.718  1320  2973 W CpuPowerCalculator: UID 10200 CPU freq # mismatch: Power Profile # 19 actual # 14
01-11 00:05:22.718  1320  2973 W CpuPowerCalculator: UID 10187 CPU freq # mismatch: Power Profile # 19 actual # 14
01-11 00:05:22.718  1320  2973 W CpuPowerCalculator: UID 10179 CPU freq # mismatch: Power Profile # 19 actual # 14
01-11 00:05:22.718  1320  2973 W CpuPowerCalculator: UID 10176 CPU freq # mismatch: Power Profile # 19 actual # 14
01-11 00:05:22.718  1320  2973 W CpuPowerCalculator: UID 10172 CPU freq # mismatch: Power Profile # 19 actual # 14
01-11 00:05:22.718  1320  2973 W CpuPowerCalculator: UID 10170 CPU freq # mismatch: Power Profile # 19 actual # 14
01-11 00:05:22.719  1320  2973 W CpuPowerCalculator: UID 10168 CPU freq # mismatch: Power Profile # 19 actual # 14
01-11 00:05:22.719  1320  2973 W CpuPowerCalculator: UID 10154 CPU freq # mismatch: Power Profile # 19 actual # 14
01-11 00:05:22.719  1320  2973 W CpuPowerCalculator: UID 10147 CPU freq # mismatch: Power Profile # 19 actual # 14
01-11 00:05:22.719  1320  2973 W CpuPowerCalculator: UID 10140 CPU freq # mismatch: Power Profile # 19 actual # 14
01-11 00:05:22.719  1320  2973 W CpuPowerCalculator: UID 10139 CPU freq # mismatch: Power Profile # 19 actual # 14
01-11 00:05:22.719  1320  2973 W CpuPowerCalculator: UID 10129 CPU freq # mismatch: Power Profile # 19 actual # 14
01-11 00:05:22.719  1320  1898 D NetworkAdapter: UnisocOffloadUsbTetheringStatsProvider.pushTetherStats
01-11 00:05:22.719  1320  1898 D NetworkAdapter: Unisoc Offload UsbTethering StatsProvider getTetherStats
01-11 00:05:22.719  1320  2973 W CpuPowerCalculator: UID 10128 CPU freq # mismatch: Power Profile # 19 actual # 14
01-11 00:05:22.720  1320  2973 W CpuPowerCalculator: UID 10121 CPU freq # mismatch: Power Profile # 19 actual # 14
01-11 00:05:22.720  1320  2973 W CpuPowerCalculator: UID 10120 CPU freq # mismatch: Power Profile # 19 actual # 14
01-11 00:05:22.720  1320  2973 W CpuPowerCalculator: UID 10118 CPU freq # mismatch: Power Profile # 19 actual # 14
01-11 00:05:22.720  1320  1898 D NetworkAdapter: OFFLOAD_USB_TETHERING_PROP = 0
01-11 00:05:22.720  1320  1898 D NetworkAdapter: Unisoc Offload UsbTethering StatsProvider getTetherStats
01-11 00:05:22.720  1320  2973 W CpuPowerCalculator: UID 10115 CPU freq # mismatch: Power Profile # 19 actual # 14
01-11 00:05:22.720  1320  1898 D NetworkAdapter: OFFLOAD_USB_TETHERING_PROP = 0
01-11 00:05:22.720  1320  2973 W CpuPowerCalculator: UID 10114 CPU freq # mismatch: Power Profile # 19 actual # 14
01-11 00:05:22.720  1320  2973 W CpuPowerCalculator: UID 10113 CPU freq # mismatch: Power Profile # 19 actual # 14
01-11 00:05:22.720  1320  2973 W CpuPowerCalculator: UID 10112 CPU freq # mismatch: Power Profile # 19 actual # 14
01-11 00:05:22.721  1320  2973 W CpuPowerCalculator: UID 10107 CPU freq # mismatch: Power Profile # 19 actual # 14
01-11 00:05:22.721   936   936 E ClientCache: failed to get buffer, invalid process token
01-11 00:05:22.721  1320  2973 W CpuPowerCalculator: UID 10106 CPU freq # mismatch: Power Profile # 19 actual # 14
01-11 00:05:22.721   936   936 I Layer   : fillInputInfo layer:Splash Screen com.habittracker#12707, visible=0 (hasInputInfo:1, isHidden:1, alpha:0.853516, mActiveBuffer:2), parent:c0fb40d Splash Screen com.habittracker#12706, parenthidden:1
01-11 00:05:22.721   936   936 I Layer   : fillInputInfo layer:com.habittracker/com.habittracker.MainActivity#12713, visible=0 (hasInputInfo:1, isHidden:1, alpha:1.000000, mActiveBuffer:2), parent:501c36f com.habittracker/com.habittracker.MainActivity#12712, parenthidden:1
01-11 00:05:22.721   936   936 I Layer   : fillInputInfo layer:com.android.settings/com.android.settings.applications.InstalledAppDetails#12672, visible=1 (hasInputInfo:1, isHidden:0, alpha:1.000000, mActiveBuffer:2), parent:64fa15e com.android.settings/com.android.settings.applications.InstalledAppDetails#12636, parenthidden:0
01-11 00:05:22.721  1320  2973 W CpuPowerCalculator: UID 10105 CPU freq # mismatch: Power Profile # 19 actual # 14
01-11 00:05:22.721  1320  2973 W CpuPowerCalculator: UID 10104 CPU freq # mismatch: Power Profile # 19 actual # 14
01-11 00:05:22.721  1320  2973 W CpuPowerCalculator: UID 10101 CPU freq # mismatch: Power Profile # 19 actual # 14
01-11 00:05:22.721  1320  2973 W CpuPowerCalculator: UID 10100 CPU freq # mismatch: Power Profile # 19 actual # 14
01-11 00:05:22.722  1320  2973 W CpuPowerCalculator: UID 10093 CPU freq # mismatch: Power Profile # 19 actual # 14
01-11 00:05:22.722   887   941 I mali_gralloc: unregister: id=0x376000047a7, base=0x0, importpid=887
01-11 00:05:22.722  1320  2973 W CpuPowerCalculator: UID 10087 CPU freq # mismatch: Power Profile # 19 actual # 14
01-11 00:05:22.722  1320  2973 W CpuPowerCalculator: UID 10051 CPU freq # mismatch: Power Profile # 19 actual # 14
01-11 00:05:22.722  1320  2973 W CpuPowerCalculator: UID 10050 CPU freq # mismatch: Power Profile # 19 actual # 14
01-11 00:05:22.722  1320  2973 W CpuPowerCalculator: UID 9999 CPU freq # mismatch: Power Profile # 19 actual # 14
01-11 00:05:22.722   887   941 I mali_gralloc: unregister: id=0x376000047a8, base=0x0, importpid=887
01-11 00:05:22.722  1320  2973 W CpuPowerCalculator: UID 2000 CPU freq # mismatch: Power Profile # 19 actual # 14
01-11 00:05:22.722  1320  2973 W CpuPowerCalculator: UID 1073 CPU freq # mismatch: Power Profile # 19 actual # 14
01-11 00:05:22.722  1320  2973 W CpuPowerCalculator: UID 1072 CPU freq # mismatch: Power Profile # 19 actual # 14
01-11 00:05:22.722  1320  2973 W CpuPowerCalculator: UID 1069 CPU freq # mismatch: Power Profile # 19 actual # 14
01-11 00:05:22.722   887   941 I mali_gralloc: unregister: id=0x376000047a9, base=0x0, importpid=887
01-11 00:05:22.722  1320  2973 W CpuPowerCalculator: UID 1068 CPU freq # mismatch: Power Profile # 19 actual # 14
01-11 00:05:22.722  1320  2973 W CpuPowerCalculator: UID 1066 CPU freq # mismatch: Power Profile # 19 actual # 14
01-11 00:05:22.722  1320  2973 W CpuPowerCalculator: UID 1053 CPU freq # mismatch: Power Profile # 19 actual # 14
01-11 00:05:22.722   887   941 I mali_gralloc: unregister: id=0x376000047a6, base=0x0, importpid=887
01-11 00:05:22.722  1320  2973 W CpuPowerCalculator: UID 1047 CPU freq # mismatch: Power Profile # 19 actual # 14
01-11 00:05:22.722  1320  2973 W CpuPowerCalculator: UID 1041 CPU freq # mismatch: Power Profile # 19 actual # 14
01-11 00:05:22.722  1320  2973 W CpuPowerCalculator: UID 1040 CPU freq # mismatch: Power Profile # 19 actual # 14
01-11 00:05:22.722  1320  2973 W CpuPowerCalculator: UID 1036 CPU freq # mismatch: Power Profile # 19 actual # 14
01-11 00:05:22.722  1320  2973 W CpuPowerCalculator: UID 1017 CPU freq # mismatch: Power Profile # 19 actual # 14
01-11 00:05:22.722  1320  2973 W CpuPowerCalculator: UID 1013 CPU freq # mismatch: Power Profile # 19 actual # 14
01-11 00:05:22.722   887   941 I mali_gralloc: unregister: id=0x376000047ae, base=0x0, importpid=887
01-11 00:05:22.722  1320  2973 W CpuPowerCalculator: UID 1010 CPU freq # mismatch: Power Profile # 19 actual # 14
01-11 00:05:22.722  1320  2973 W CpuPowerCalculator: UID 1002 CPU freq # mismatch: Power Profile # 19 actual # 14
01-11 00:05:22.722  1320  2973 W CpuPowerCalculator: UID 1001 CPU freq # mismatch: Power Profile # 19 actual # 14
01-11 00:05:22.722  1320  2973 W CpuPowerCalculator: UID 1000 CPU freq # mismatch: Power Profile # 19 actual # 14
01-11 00:05:22.723  1320  2973 W CpuPowerCalculator: UID 0 CPU freq # mismatch: Power Profile # 19 actual # 14
01-11 00:05:22.723   887   941 I mali_gralloc: register: id=0x376000047b0, importpid=936
01-11 00:05:22.727  7585 26450 D SettingsActivity: No enabled state changed, skipping updateCategory call
01-11 00:05:22.730  6820  6820 W View    : requestLayout() improperly called by StatusBarIconView(slot=wifi icon=null notification=null) during layout: running second layout pass
01-11 00:05:22.745  6820  6820 W View    : requestLayout() improperly called by com.android.keyguard.AlphaOptimizedLinearLayout{1329110 V.E...... ......ID 5,0-49,44 #7f0b074e app:id/wifi_group} during second layout pass: posting in next frame
01-11 00:05:22.750  6820  6820 W View    : requestLayout() improperly called by StatusBarIconView(slot=wifi icon=null notification=null) during layout: running second layout pass
01-11 00:05:22.759  1320  1334 D CompatibilityChangeReporter: Compat change id reported: 171306433; UID 10389; state: ENABLED
01-11 00:05:22.761  1320  1334 D CompatibilityChangeReporter: Compat change id reported: 226439802; UID 10389; state: DISABLED
01-11 00:05:22.765  7585  7585 E ndroid.settings: Invalid ID 0x00000000.
01-11 00:05:22.765  7585  7585 W LocaleConfig: The resource file pointed to by the given resource ID isn't found.
01-11 00:05:22.765  7585  7585 I AppLocaleUtil: Can display preference - [com.habittracker] : isDisallowedPackage : false / isSignedWithPlatformKey : false / hasLauncherEntry : true / canDisplay : false
01-11 00:05:22.769  1320  2665 D NetworkAdapter: UnisocOffloadUsbTetheringStatsProvider.onRequestStatsUpdate
01-11 00:05:22.769  1320  1898 D NetworkAdapter: UnisocOffloadUsbTetheringStatsProvider.pushTetherStats
01-11 00:05:22.769  1320  1898 D NetworkAdapter: Unisoc Offload UsbTethering StatsProvider getTetherStats
01-11 00:05:22.771  1320  1898 D NetworkAdapter: OFFLOAD_USB_TETHERING_PROP = 0
01-11 00:05:22.771  1320  1898 D NetworkAdapter: Unisoc Offload UsbTethering StatsProvider getTetherStats
01-11 00:05:22.772  1320  1898 D NetworkAdapter: OFFLOAD_USB_TETHERING_PROP = 0
01-11 00:05:22.772  6820  6820 W View    : requestLayout() improperly called by com.android.keyguard.AlphaOptimizedLinearLayout{1329110 V.E...... ......ID 5,0-49,44 #7f0b074e app:id/wifi_group} during second layout pass: posting in next frame
01-11 00:05:22.775  6820  6820 W View    : requestLayout() improperly called by StatusBarIconView(slot=wifi icon=null notification=null) during layout: running second layout pass
01-11 00:05:22.786  7585 12977 W ApplicationsState: Cannot find pkg: com.google.android.videos on user 0
01-11 00:05:22.790  6820 11734 I BLASTBufferQueue: [VRI[NavigationBar0]#0](f:0,a:2) [graphic] releaseBufferCallback layer id is bufferId:29291676958722 framenumber:66691
01-11 00:05:22.798  6820  6820 W View    : requestLayout() improperly called by com.android.keyguard.AlphaOptimizedLinearLayout{1329110 V.E...... ......ID 5,0-49,44 #7f0b074e app:id/wifi_group} during second layout pass: posting in next frame
01-11 00:05:22.802  6820  6820 W View    : requestLayout() improperly called by StatusBarIconView(slot=wifi icon=null notification=null) during layout: running second layout pass
01-11 00:05:22.811  7585 12977 W ApplicationsState: Cannot find pkg: com.google.android.videos on user 0
01-11 00:05:22.813  6820 11734 I BLASTBufferQueue: [VRI[NavigationBar0]#0](f:0,a:2) [graphic] releaseBufferCallback layer id is bufferId:29291676958724 framenumber:66693
01-11 00:05:22.820  6820  6820 W View    : requestLayout() improperly called by com.android.keyguard.AlphaOptimizedLinearLayout{1329110 V.E...... ......ID 5,0-49,44 #7f0b074e app:id/wifi_group} during second layout pass: posting in next frame
01-11 00:05:22.826  6820  6820 W View    : requestLayout() improperly called by StatusBarIconView(slot=wifi icon=null notification=null) during layout: running second layout pass
01-11 00:05:22.835  6820 11734 I BLASTBufferQueue: [VRI[NavigationBar0]#0](f:0,a:2) [graphic] releaseBufferCallback layer id is bufferId:29291676958722 framenumber:66695
01-11 00:05:22.845  1320  1742 D AppStartScene: updateAPPMem: error pid= -1
01-11 00:05:22.847  6820  6820 W View    : requestLayout() improperly called by com.android.keyguard.AlphaOptimizedLinearLayout{1329110 V.E...... ......ID 5,0-49,44 #7f0b074e app:id/wifi_group} during second layout pass: posting in next frame
01-11 00:05:22.853  6820  6820 W View    : requestLayout() improperly called by StatusBarIconView(slot=wifi icon=null notification=null) during layout: running second layout pass
01-11 00:05:22.855  1320  1344 W ActivityManager: setHasOverlayUi called on unknown pid: 26480
01-11 00:05:22.855   936   964 I mali_gralloc: unregister: id=0x376000047a4, base=0x0, importpid=936
01-11 00:05:22.858   936   964 I mali_gralloc: unregister: id=0x376000047a6, base=0x0, importpid=936
01-11 00:05:22.865   936   936 E BpTransactionCompletedListener: Failed to transact (-32)
01-11 00:05:22.868   936   964 I mali_gralloc: unregister: id=0x376000047ae, base=0x0, importpid=936
01-11 00:05:22.870  6820  6820 W View    : requestLayout() improperly called by com.android.keyguard.AlphaOptimizedLinearLayout{1329110 V.E...... ......ID 5,0-49,44 #7f0b074e app:id/wifi_group} during second layout pass: posting in next frame
01-11 00:05:22.880  6820  6820 W View    : requestLayout() improperly called by StatusBarIconView(slot=wifi icon=null notification=null) during layout: running second layout pass
01-11 00:05:22.889  6820  6820 W View    : requestLayout() improperly called by com.android.keyguard.AlphaOptimizedLinearLayout{1329110 V.E...... ......ID 5,0-49,44 #7f0b074e app:id/wifi_group} during second layout pass: posting in next frame
01-11 00:05:22.900  1320  1435 W PackageConfigPersister: App-specific configuration not found for packageName: com.habittracker and userId: 0
01-11 00:05:22.903  6820  6820 W View    : requestLayout() improperly called by StatusBarIconView(slot=wifi icon=null notification=null) during layout: running second layout pass
01-11 00:05:22.904  7585  7585 W AppButtonsPrefCtl: App is not explicitly stopped
01-11 00:05:22.912  6820  6820 W View    : requestLayout() improperly called by com.android.keyguard.AlphaOptimizedLinearLayout{1329110 V.E...... ......ID 5,0-49,44 #7f0b074e app:id/wifi_group} during second layout pass: posting in next frame
01-11 00:05:22.913  1320  2665 D NetworkAdapter: UnisocOffloadUsbTetheringStatsProvider.onRequestStatsUpdate
01-11 00:05:22.913  1320  1898 D NetworkAdapter: UnisocOffloadUsbTetheringStatsProvider.pushTetherStats
01-11 00:05:22.914  7585  7585 D VRI[InstalledAppDetails]: performTraversals relayoutWindow: maybeSyncSeqId=-1 ,mSyncSeqId=0 ,relayoutResult=0
01-11 00:05:22.914  1320  1898 D NetworkAdapter: Unisoc Offload UsbTethering StatsProvider getTetherStats
01-11 00:05:22.914  1320  1898 D NetworkAdapter: OFFLOAD_USB_TETHERING_PROP = 0
01-11 00:05:22.915  1320  1898 D NetworkAdapter: Unisoc Offload UsbTethering StatsProvider getTetherStats
01-11 00:05:22.915  1320  1898 D NetworkAdapter: OFFLOAD_USB_TETHERING_PROP = 0
01-11 00:05:22.916  7585 26536 W TileUtils: Found com.android.settings.Settings$SmartControlsSettingsActivity for intent Intent { act=com.android.settings.action.SETTINGS pkg=com.android.settings } missing metadata 
01-11 00:05:22.924   936   963 I mali_gralloc: register: id=0x376000047b3, importpid=7585
01-11 00:05:22.925  1320  1436 D WindowManager: finishDrawing: syncSeqId=0, postDrawTransaction=android.view.SurfaceControl$Transaction@50ce6a9, mSyncState=0, mDrawState=4, hasSyncHandlers=false, mClientWasDrawingForSync=false, win=Window{64fa15e u0 com.android.settings/com.android.settings.applications.InstalledAppDetails}-[Surface(name=*Title#12672)/@0x708b57f]
01-11 00:05:22.925  1320  1436 D WindowManager: finishDrawingLocked: mDrawState=4 ,mLastHidden=false ,mShownAlpha=1.0 ,mLastAlpha=1.0 ,postDrawTransaction=android.view.SurfaceControl$Transaction@50ce6a9 ,mWin=Window{64fa15e u0 com.android.settings/com.android.settings.applications.InstalledAppDetails}-[Surface(name=*Title#12672)/@0x708b57f]
01-11 00:05:22.926  1320  1436 D WindowManager: finishDrawingLocked: syncTransaction=android.view.SurfaceControl$Transaction@f8586ba ,mSyncTransaction=android.view.SurfaceControl$Transaction@fbde699 ,mWin=Window{64fa15e u0 com.android.settings/com.android.settings.applications.InstalledAppDetails}-[Surface(name=*Title#12672)/@0x708b57f]
01-11 00:05:22.926  6820  6820 W View    : requestLayout() improperly called by StatusBarIconView(slot=wifi icon=null notification=null) during layout: running second layout pass
01-11 00:05:22.929  7585 26536 W TileUtils: Found com.google.android.gms.auth.proximity.multidevice.SettingsMaterialNextActivity for intent Intent { act=com.android.settings.action.IA_SETTINGS } missing metadata 
01-11 00:05:22.930  7585  7585 D AppInfoDashboard: Package change irrelevant, skipping
01-11 00:05:22.933   887   941 I mali_gralloc: register: id=0x376000047b3, importpid=936
01-11 00:05:22.933  6820  6820 W View    : requestLayout() improperly called by com.android.keyguard.AlphaOptimizedLinearLayout{1329110 V.E...... ......ID 5,0-49,44 #7f0b074e app:id/wifi_group} during second layout pass: posting in next frame
01-11 00:05:22.947  6820  6820 W View    : requestLayout() improperly called by StatusBarIconView(slot=wifi icon=null notification=null) during layout: running second layout pass
01-11 00:05:22.950  1320  1435 D NetworkAdapter: UnisocOffloadUsbTetheringStatsProvider.onRequestStatsUpdate
01-11 00:05:22.950  1320  1898 D NetworkAdapter: UnisocOffloadUsbTetheringStatsProvider.pushTetherStats
01-11 00:05:22.950  1320  1898 D NetworkAdapter: Unisoc Offload UsbTethering StatsProvider getTetherStats
01-11 00:05:22.951  1320  1898 D NetworkAdapter: OFFLOAD_USB_TETHERING_PROP = 0
01-11 00:05:22.951  1320  1898 D NetworkAdapter: Unisoc Offload UsbTethering StatsProvider getTetherStats
01-11 00:05:22.951  1320  1898 D NetworkAdapter: OFFLOAD_USB_TETHERING_PROP = 0
01-11 00:05:22.956  6820  6820 W View    : requestLayout() improperly called by com.android.keyguard.AlphaOptimizedLinearLayout{1329110 V.E...... ......ID 5,0-49,44 #7f0b074e app:id/wifi_group} during second layout pass: posting in next frame
01-11 00:05:22.970  6820  6820 W View    : requestLayout() improperly called by StatusBarIconView(slot=wifi icon=null notification=null) during layout: running second layout pass
01-11 00:05:22.978  1320  1436 D NetworkAdapter: UnisocOffloadUsbTetheringStatsProvider.onRequestStatsUpdate
01-11 00:05:22.978  1320  1898 D NetworkAdapter: UnisocOffloadUsbTetheringStatsProvider.pushTetherStats
01-11 00:05:22.978  6820  6820 W View    : requestLayout() improperly called by com.android.keyguard.AlphaOptimizedLinearLayout{1329110 V.E...... ......ID 5,0-49,44 #7f0b074e app:id/wifi_group} during second layout pass: posting in next frame
