01-10 14:32:15.547  4454  4454 E AndroidRuntime: 	at androidx.compose.ui.node.LayoutNodeLayoutDelegate$MeasurePassDelegate.remeasure-BRTryo0(LayoutNodeLayoutDelegate.kt:620)
01-10 14:32:15.547  4454  4454 E AndroidRuntime: 	at androidx.compose.ui.node.LayoutNodeLayoutDelegate$MeasurePassDelegate.measure-BRTryo0(LayoutNodeLayoutDelegate.kt:596)
01-10 14:32:15.547  4454  4454 E AndroidRuntime: 	at androidx.compose.material3.ScaffoldKt$ScaffoldLayoutWithMeasureFix$1$1.invoke-0kLqBqw(Scaffold.kt:304)
01-10 14:32:15.547  4454  4454 E AndroidRuntime: 	at androidx.compose.material3.ScaffoldKt$ScaffoldLayoutWithMeasureFix$1$1.invoke(Scaffold.kt:179)
01-10 14:32:15.547  4454  4454 E AndroidRuntime: 	at androidx.compose.ui.layout.LayoutNodeSubcompositionsState$createMeasurePolicy$1.measure-3p2s80s(SubcomposeLayout.kt:709)
01-10 14:32:15.547  4454  4454 E AndroidRuntime: 	at androidx.compose.ui.node.InnerNodeCoordinator.measure-BRTryo0(InnerNodeCoordinator.kt:126)
01-10 14:32:15.547  4454  4454 E AndroidRuntime: 	at androidx.compose.ui.node.LayoutNodeLayoutDelegate$performMeasureBlock$1.invoke(LayoutNodeLayoutDelegate.kt:252)
01-10 14:32:15.547  4454  4454 E AndroidRuntime: 	at androidx.compose.ui.node.LayoutNodeLayoutDelegate$performMeasureBlock$1.invoke(LayoutNodeLayoutDelegate.kt:251)
01-10 14:32:15.547  4454  4454 E AndroidRuntime: 	at androidx.compose.runtime.snapshots.Snapshot$Companion.observe(Snapshot.kt:2303)
01-10 14:32:15.547  4454  4454 E AndroidRuntime: 	at androidx.compose.runtime.snapshots.SnapshotStateObserver$ObservedScopeMap.observe(SnapshotStateObserver.kt:500)
01-10 14:32:15.547  4454  4454 E AndroidRuntime: 	at androidx.compose.runtime.snapshots.SnapshotStateObserver.observeReads(SnapshotStateObserver.kt:256)
01-10 14:32:15.547  4454  4454 E AndroidRuntime: 	at androidx.compose.ui.node.OwnerSnapshotObserver.observeReads$ui_release(OwnerSnapshotObserver.kt:133)
01-10 14:32:15.547  4454  4454 E AndroidRuntime: 	at androidx.compose.ui.node.OwnerSnapshotObserver.observeMeasureSnapshotReads$ui_release(OwnerSnapshotObserver.kt:113)
01-10 14:32:15.547  4454  4454 E AndroidRuntime: 	at androidx.compose.ui.node.LayoutNodeLayoutDelegate.performMeasure-BRTryo0(LayoutNodeLayoutDelegate.kt:1617)
01-10 14:32:15.547  4454  4454 E AndroidRuntime: 	at androidx.compose.ui.node.LayoutNodeLayoutDelegate.access$performMeasure-BRTryo0(LayoutNodeLayoutDelegate.kt:36)
01-10 14:32:15.547  4454  4454 E AndroidRuntime: 	at androidx.compose.ui.node.LayoutNodeLayoutDelegate$MeasurePassDelegate.remeasure-BRTryo0(LayoutNodeLayoutDelegate.kt:620)
01-10 14:32:15.547  4454  4454 E AndroidRuntime: 	at androidx.compose.ui.node.LayoutNode.remeasure-_Sx5XlM$ui_release(LayoutNode.kt:1145)
01-10 14:32:15.547  4454  4454 E AndroidRuntime: 	at androidx.compose.ui.node.LayoutNode.remeasure-_Sx5XlM$ui_release$default(LayoutNode.kt:1136)
01-10 14:32:15.547  4454  4454 E AndroidRuntime: 	at androidx.compose.ui.node.MeasureAndLayoutDelegate.doRemeasure-sdFAvZA(MeasureAndLayoutDelegate.kt:356)
01-10 14:32:15.548  4454  4454 E AndroidRuntime: 	at androidx.compose.ui.node.MeasureAndLayoutDelegate.remeasureAndRelayoutIfNeeded(MeasureAndLayoutDelegate.kt:514)
01-10 14:32:15.548  4454  4454 E AndroidRuntime: 	at androidx.compose.ui.node.MeasureAndLayoutDelegate.onlyRemeasureIfScheduled(MeasureAndLayoutDelegate.kt:598)
01-10 14:32:15.548  4454  4454 E AndroidRuntime: 	at androidx.compose.ui.node.MeasureAndLayoutDelegate.forceMeasureTheSubtreeInternal(MeasureAndLayoutDelegate.kt:624)
01-10 14:32:15.548  4454  4454 E AndroidRuntime: 	at androidx.compose.ui.node.MeasureAndLayoutDelegate.forceMeasureTheSubtree(MeasureAndLayoutDelegate.kt:587)
01-10 14:32:15.548  4454  4454 E AndroidRuntime: 	at androidx.compose.ui.platform.AndroidComposeView.forceMeasureTheSubtree(AndroidComposeView.android.kt:993)
01-10 14:32:15.548  4454  4454 E AndroidRuntime: 	at androidx.compose.ui.node.Owner.forceMeasureTheSubtree$default(Owner.kt:239)
01-10 14:32:15.548  4454  4454 E AndroidRuntime: 	at androidx.compose.ui.node.LayoutNodeLayoutDelegate$MeasurePassDelegate.remeasure-BRTryo0(LayoutNodeLayoutDelegate.kt:632)
01-10 14:32:15.548  4454  4454 E AndroidRuntime: 	at androidx.compose.ui.node.LayoutNodeLayoutDelegate$MeasurePassDelegate.measure-BRTryo0(LayoutNodeLayoutDelegate.kt:596)
01-10 14:32:15.548  4454  4454 E AndroidRuntime: 	at androidx.compose.animation.AnimatedEnterExitMeasurePolicy.measure-3p2s80s(AnimatedVisibility.kt:851)
01-10 14:32:15.548  4454  4454 E AndroidRuntime: 	at androidx.compose.ui.node.InnerNodeCoordinator.measure-BRTryo0(InnerNodeCoordinator.kt:126)
01-10 14:32:15.548  4454  4454 E AndroidRuntime: 	at androidx.compose.animation.EnterExitTransitionModifierNode.measure-3p2s80s(EnterExitTransition.kt:1156)
01-10 14:32:15.548  4454  4454 E AndroidRuntime: 	at androidx.compose.ui.node.LayoutModifierNodeCoordinator.measure-BRTryo0(LayoutModifierNodeCoordinator.kt:116)
01-10 14:32:15.548  4454  4454 E AndroidRuntime: 	at androidx.compose.ui.graphics.SimpleGraphicsLayerModifier.measure-3p2s80s(GraphicsLayerModifier.kt:646)
01-10 14:32:15.548  4454  4454 E AndroidRuntime: 	at androidx.compose.ui.node.LayoutModifierNodeCoordinator.measure-BRTryo0(LayoutModifierNodeCoordinator.kt:116)
01-10 14:32:15.548  4454  4454 E AndroidRuntime: 	at androidx.compose.animation.AnimatedContentKt$AnimatedContent$6$1$1.invoke-3p2s80s(AnimatedContent.kt:733)
01-10 14:32:15.548  4454  4454 E AndroidRuntime: 	at androidx.compose.animation.AnimatedContentKt$AnimatedContent$6$1$1.invoke(AnimatedContent.kt:732)
01-10 14:32:15.548  4454  4454 E AndroidRuntime: 	at androidx.compose.ui.layout.LayoutModifierImpl.measure-3p2s80s(LayoutModifier.kt:294)
01-10 14:32:15.548  4454  4454 E AndroidRuntime: 	at androidx.compose.ui.node.LayoutModifierNodeCoordinator.measure-BRTryo0(LayoutModifierNodeCoordinator.kt:116)
01-10 14:32:15.548  4454  4454 E AndroidRuntime: 	at androidx.compose.ui.node.LayoutNodeLayoutDelegate$performMeasureBlock$1.invoke(LayoutNodeLayoutDelegate.kt:252)
01-10 14:32:15.548  4454  4454 E AndroidRuntime: 	at androidx.compose.ui.node.LayoutNodeLayoutDelegate$performMeasureBlock$1.invoke(LayoutNodeLayoutDelegate.kt:251)
01-10 14:32:15.548  4454  4454 E AndroidRuntime: 	at androidx.compose.runtime.snapshots.Snapshot$Companion.observe(Snapshot.kt:2303)
01-10 14:32:15.548  4454  4454 E AndroidRuntime: 	at androidx.compose.runtime.snapshots.SnapshotStateObserver$ObservedScopeMap.observe(SnapshotStateObserver.kt:500)
01-10 14:32:15.548  4454  4454 E AndroidRuntime: 	at androidx.compose.runtime.snapshots.SnapshotStateObserver.observeReads(SnapshotStateObserver.kt:256)
01-10 14:32:15.548  4454  4454 E AndroidRuntime: 	at androidx.compose.ui.node.OwnerSnapshotObserver.observeReads$ui_release(OwnerSnapshotObserver.kt:133)
01-10 14:32:15.548  4454  4454 E AndroidRuntime: 	at androidx.compose.ui.node.OwnerSnapshotObserver.observeMeasureSnapshotReads$ui_release(OwnerSnapshotObserver.kt:113)
01-10 14:32:15.548  4454  4454 E AndroidRuntime: 	at androidx.compose.ui.node.LayoutNodeLayoutDelegate.performMeasure-BRTryo0(LayoutNodeLayoutDelegate.kt:1617)
01-10 14:32:15.548  4454  4454 E AndroidRuntime: 	at androidx.compose.ui.node.LayoutNodeLayoutDelegate.access$performMeasure-BRTryo0(LayoutNodeLayoutDelegate.kt:36)
01-10 14:32:15.548  4454  4454 E AndroidRuntime: 	at androidx.compose.ui.node.LayoutNodeLayoutDelegate$MeasurePassDelegate.remeasure-BRTryo0(LayoutNodeLayoutDelegate.kt:620)
01-10 14:32:15.548  4454  4454 E AndroidRuntime: 	at androidx.compose.ui.node.LayoutNode.remeasure-_Sx5XlM$ui_release(LayoutNode.kt:1145)
01-10 14:32:15.548  4454  4454 E AndroidRuntime: 	at androidx.compose.ui.node.LayoutNode.remeasure-_Sx5XlM$ui_release$default(LayoutNode.kt:1136)
01-10 14:32:15.548  4454  4454 E AndroidRuntime: 	at androidx.compose.ui.node.MeasureAndLayoutDelegate.doRemeasure-sdFAvZA(MeasureAndLayoutDelegate.kt:356)
01-10 14:32:15.548  4454  4454 E AndroidRuntime: 	at androidx.compose.ui.node.MeasureAndLayoutDelegate.remeasureAndRelayoutIfNeeded(MeasureAndLayoutDelegate.kt:514)
01-10 14:32:15.548  4454  4454 E AndroidRuntime: 	at androidx.compose.ui.node.MeasureAndLayoutDelegate.remeasureAndRelayoutIfNeeded$default(MeasureAndLayoutDelegate.kt:491)
01-10 14:32:15.548  4454  4454 E AndroidRuntime: 	at androidx.compose.ui.node.MeasureAndLayoutDelegate.measureAndLayout(MeasureAndLayoutDelegate.kt:377)
01-10 14:32:15.548  4454  4454 E AndroidRuntime: 	at androidx.compose.ui.platform.AndroidComposeView.measureAndLayout(AndroidComposeView.android.kt:971)
01-10 14:32:15.548  4454  4454 E AndroidRuntime: 	at androidx.compose.ui.node.Owner.measureAndLayout$default(Owner.kt:228)
01-10 14:32:15.548  4454  4454 E AndroidRuntime: 	at androidx.compose.ui.platform.AndroidComposeView.dispatchDraw(AndroidComposeView.android.kt:1224)
01-10 14:32:15.549  4454  4454 E AndroidRuntime: 	at android.view.View.draw(View.java:20224)
01-10 14:32:15.549  4454  4454 E AndroidRuntime: 	at android.view.View.updateDisplayListIfDirty(View.java:19096)
01-10 14:32:15.549  4454  4454 E AndroidRuntime: 	at android.view.ViewGroup.recreateChildDisplayList(ViewGroup.java:4349)
01-10 14:32:15.549  4454  4454 E AndroidRuntime: 	at android.view.ViewGroup.dispatchGetDisplayList(ViewGroup.java:4322)
01-10 14:32:15.549  4454  4454 E AndroidRuntime: 	at android.view.View.updateDisplayListIfDirty(View.java:19056)
01-10 14:32:15.549  4454  4454 E AndroidRuntime: 	at android.view.ViewGroup.recreateChildDisplayList(ViewGroup.java:4349)
01-10 14:32:15.549  4454  4454 E AndroidRuntime: 	at android.view.ViewGroup.dispatchGetDisplayList(ViewGroup.java:4322)
01-10 14:32:15.549  4454  4454 E AndroidRuntime: 	at android.view.View.updateDisplayListIfDirty(View.java:19056)
01-10 14:32:15.549  4454  4454 E AndroidRuntime: 	at android.view.ViewGroup.recreateChildDisplayList(ViewGroup.java:4349)
01-10 14:32:15.549  4454  4454 E AndroidRuntime: 	at android.view.ViewGroup.dispatchGetDisplayList(ViewGroup.java:4322)
01-10 14:32:15.549  4454  4454 E AndroidRuntime: 	at android.view.View.updateDisplayListIfDirty(View.java:19056)
01-10 14:32:15.549  4454  4454 E AndroidRuntime: 	at android.view.ViewGroup.recreateChildDisplayList(ViewGroup.java:4349)
01-10 14:32:15.549  4454  4454 E AndroidRuntime: 	at android.view.ViewGroup.dispatchGetDisplayList(ViewGroup.java:4322)
01-10 14:32:15.549  4454  4454 E AndroidRuntime: 	at android.view.View.updateDisplayListIfDirty(View.java:19056)
01-10 14:32:15.549  4454  4454 E AndroidRuntime: 	at android.view.ThreadedRenderer.updateViewTreeDisplayList(ThreadedRenderer.java:686)
01-10 14:32:15.549  4454  4454 E AndroidRuntime: 	at android.view.ThreadedRenderer.updateRootDisplayList(ThreadedRenderer.java:692)
01-10 14:32:15.549  4454  4454 E AndroidRuntime: 	at android.view.ThreadedRenderer.draw(ThreadedRenderer.java:801)
01-10 14:32:15.549  4454  4454 E AndroidRuntime: 	at android.view.ViewRootImpl.draw(ViewRootImpl.java:3318)
01-10 14:32:15.549  4454  4454 E AndroidRuntime: 	at android.view.ViewRootImpl.performDraw(ViewRootImpl.java:3122)
01-10 14:32:15.549  4454  4454 E AndroidRuntime: 	at android.view.ViewRootImpl.performTraversals(ViewRootImpl.java:2481)
01-10 14:32:15.549  4454  4454 E AndroidRuntime: 	at android.view.ViewRootImpl.doTraversal(ViewRootImpl.java:1463)
01-10 14:32:15.549  4454  4454 E AndroidRuntime: 	at android.view.ViewRootImpl$TraversalRunnable.run(ViewRootImpl.java:7190)
01-10 14:32:15.549  4454  4454 E AndroidRuntime: 	at android.view.Choreographer$CallbackRecord.run(Choreographer.java:949)
01-10 14:32:15.549  4454  4454 E AndroidRuntime: 	at android.view.Choreographer.doCallbacks(Choreographer.java:761)
01-10 14:32:15.549  4454  4454 E AndroidRuntime: 	at android.view.Choreographer.doFrame(Choreographer.java:696)
01-10 14:32:15.549  4454  4454 E AndroidRuntime: 	at android.view.Choreographer$FrameDisplayEventReceiver.run(Choreographer.java:935)
01-10 14:32:15.549  4454  4454 E AndroidRuntime: 	at android.os.Handler.handleCallback(Handler.java:873)
01-10 14:32:15.549  4454  4454 E AndroidRuntime: 	at android.os.Handler.dispatchMessage(Handler.java:99)
01-10 14:32:15.549  4454  4454 E AndroidRuntime: 	at android.os.Looper.loop(Looper.java:193)
01-10 14:32:15.549  4454  4454 E AndroidRuntime: 	at android.app.ActivityThread.main(ActivityThread.java:6840)
01-10 14:32:15.549  4454  4454 E AndroidRuntime: 	at java.lang.reflect.Method.invoke(Native Method)
01-10 14:32:15.549  4454  4454 E AndroidRuntime: 	at com.android.internal.os.RuntimeInit$MethodAndArgsCaller.run(RuntimeInit.java:493)
01-10 14:32:15.549  4454  4454 E AndroidRuntime: 	at com.android.internal.os.ZygoteInit.main(ZygoteInit.java:860)
01-10 14:32:16.032  2656  2806 E EGL_emulation: tid 2806: eglSurfaceAttrib(1493): error 0x3009 (EGL_BAD_MATCH)
01-10 14:32:18.886  1583  1844 E         : Couldn't opendir /data/app/vmdl1538399893.tmp: No such file or directory
01-10 14:32:18.886  1583  1844 E installd: Failed to delete /data/app/vmdl1538399893.tmp: No such file or directory
01-10 14:32:20.557  3681  3975 E memtrack: Couldn't load memtrack module
01-10 14:32:20.582  4592  4592 E ndroid.keychai: Not starting debugger since process cannot load the jdwp agent.
01-10 14:32:20.608  4597  4597 E droid.gallery3: Not starting debugger since process cannot load the jdwp agent.
01-10 14:32:26.246  4660  4692 E HostConnection: /data/local/cfg-yhind/gl_force format error! com.ncsoft.lineagen gl
01-10 14:32:26.246  4660  4692 E HostConnection: /data/local/cfg-yhind/gl_force format error! com.vng.thiennhaiminhnguyetdaovng gl
01-10 14:32:26.246  4660  4692 E HostConnection: /data/local/cfg-yhind/gl_force format error! com.proximabeta.tdm.kr gl
01-10 14:32:26.246  4660  4692 E HostConnection: /data/local/cfg-yhind/gl_force format error! com.proximabeta.tdm.kr.cloud gl
01-10 14:32:26.246  4660  4692 E HostConnection: /data/local/cfg-yhind/gl_force format error! com.proximabeta.tdm.kr.onestore gl
01-10 14:32:26.246  4660  4692 E HostConnection: /data/local/cfg-yhind/gl_force format error! com.tencent.tmgp.wuxia gl
01-10 14:32:26.246  4660  4692 E HostConnection: /data/local/cfg-yhind/gl_force format error! com.qqsy.gundam.ld gl
01-10 14:32:26.246  4660  4692 E HostConnection: /data/local/cfg-yhind/gl_force format error! com.qqsy.gundam gl
01-10 14:32:26.246  4660  4692 E HostConnection: /data/local/cfg-yhind/gl_force format error! com.gravity.cute.tw.testand gl
01-10 14:32:26.246  4660  4692 E HostConnection: /data/local/cfg-yhind/gl_force format error! com.cayenne.gvl gl
01-10 14:32:26.246  4660  4692 E HostConnection: /data/local/cfg-yhind/gl_force format error! com.netmarble.tskgb gl
01-10 14:32:26.246  4660  4692 E HostConnection: /data/local/cfg-yhind/gl_force format error! com.longe.racehmt gl
01-10 14:32:26.246  4660  4692 E HostConnection: /data/local/cfg-yhind/gl_force format error! com.gvi.robegins.aos gl
01-10 14:32:26.246  4660  4692 E HostConnection: /data/local/cfg-yhind/gl_force format error! com.studiocodedragon.projectss gl
01-10 14:32:26.246  4660  4692 E HostConnection: /data/local/cfg-yhind/gl_force format error! com.jingxiu.hygd gl
01-10 14:32:26.246  4660  4692 E HostConnection: /data/local/cfg-yhind/gl_force format error! com.playwith.nsealm.tw.googl gl
01-10 14:32:26.246  4660  4692 E HostConnection: /data/local/cfg-yhind/gl_force format error! com.playwith.sealm.kr.googl gl
01-10 14:32:26.246  4660  4692 E HostConnection: /data/local/cfg-yhind/gl_force format error! com.gravity.cute.tw.and gl
01-10 14:32:26.246  4660  4692 E HostConnection: /data/local/cfg-yhind/gl_force format error! com.forgefun.redcovenant gl
01-10 14:32:26.246  4660  4692 E HostConnection: /data/local/cfg-yhind/gl_force format error! com.silkroad.mb gl
01-10 14:32:26.246  4660  4692 E HostConnection: /data/local/cfg-yhind/gl_force format error! com.vortexgravity.bealive.ld gl
01-10 14:32:26.246  4660  4692 E HostConnection: /data/local/cfg-yhind/gl_force format error! com.com2usholdings.soulstrike.android.google.global.normal gl
01-10 14:32:26.246  4660  4692 E HostConnection: /data/local/cfg-yhind/gl_force format error! com.cobby.lonelysurvivor gl
01-10 14:32:26.246  4660  4692 E HostConnection: /data/local/cfg-yhind/gl_force format error! com.cmge.ltqrc gl
01-10 14:32:26.246  4660  4692 E HostConnection: /data/local/cfg-yhind/gl_force format error! com.cmge.ltqrc.ld gl
01-10 14:32:26.246  4660  4692 E HostConnection: /data/local/cfg-yhind/gl_force format error! com.seasun.jxqy0.jsgf.xsj gl
01-10 14:32:26.246  4660  4692 E HostConnection: /data/local/cfg-yhind/gl_force format error! com.seasun.jxqy0.huawei gl
01-10 14:32:26.246  4660  4692 E HostConnection: /data/local/cfg-yhind/gl_force format error! com.mobigame.tt12 gl
01-10 14:32:26.246  4660  4692 E HostConnection: /data/local/cfg-yhind/gl_force format error! com.kaneten.client.and gl
01-10 14:32:26.246  4660  4692 E HostConnection: /data/local/cfg-yhind/gl_force format error! com.playwith.rohan2.kr gl
01-10 14:32:26.246  4660  4692 E HostConnection: /data/local/cfg-yhind/gl_force format error! com.linecorp.LGATF gl
01-10 14:32:26.246  4660  4692 E HostConnection: /data/local/cfg-yhind/gl_force format error! com.atknsyl.weaponmaster gl
01-10 14:32:26.246  4660  4692 E HostConnection: /data/local/cfg-yhind/gl_force format error! com.blizzard.diablo.immortal gl
01-10 14:32:26.246  4660  4692 E HostConnection: /data/local/cfg-yhind/gl_force format error! com.netease.dfjssea gl
01-10 14:32:26.246  4660  4692 E HostConnection: /data/local/cfg-yhind/gl_force format error! com.netease.dfjsjp gl
01-10 14:32:26.246  4660  4692 E HostConnection: /data/local/cfg-yhind/gl_force format error! com.netease.dfjskr gl
01-10 14:32:26.246  4660  4692 E HostConnection: /data/local/cfg-yhind/gl_force format error! jp.co.applibot.chiikawapocketgl gl
01-10 14:32:26.246  4660  4692 E HostConnection: /data/local/cfg-yhind/gl_force format error! jp.co.applibot.chiikawapocket gl
01-10 14:32:26.246  4660  4692 E HostConnection: /data/local/cfg-yhind/gl_force format error! com.kakaogames.pcr gl
01-10 14:32:26.246  4660  4692 E HostConnection: /data/local/cfg-yhind/gl_force format error! com.kakaogames.eversoul gl
01-10 14:32:26.246  4660  4692 E HostConnection: /data/local/cfg-yhind/gl_force format error! com.kakaogames.eversouljp gl
01-10 14:32:26.246  4660  4692 E HostConnection: /data/local/cfg-yhind/gl_force format error! com.ntrance.dkr.and gl
01-10 14:32:26.246  4660  4692 E HostConnection: /data/local/cfg-yhind/gl_force format error! com.zlongame.eversoul gl
01-10 14:32:26.246  4660  4692 E HostConnection: /data/local/cfg-yhind/gl_force format error! com.Chillgaming.oneState gl
01-10 14:32:26.246  4660  4692 E HostConnection: /data/local/cfg-yhind/gl_force format error! com.activision.callofduty.shooter gl
01-10 14:32:26.246  4660  4692 E HostConnection: /data/local/cfg-yhind/gl_force format error! com.garena.game.codm gl
01-10 14:32:26.246  4660  4692 E HostConnection: /data/local/cfg-yhind/gl_force format error! com.vng.codmvn gl
01-10 14:32:26.246  4660  4692 E HostConnection: /data/local/cfg-yhind/gl_force format error! com.VIIBYTE.RivalisAcademiaNexus gl
01-10 14:32:26.246  4660  4692 E HostConnection: /data/local/cfg-yhind/gl_force format error! com.qjsjqy.ld gl
01-10 14:32:26.246  4660  4692 E HostConnection: /data/local/cfg-yhind/gl_force format error! com.dragonli.projectsnow gl
01-10 14:32:26.246  4660  4692 E HostConnection: /data/local/cfg-yhind/gl_force format error! com.netmarble.kofafk gl
01-10 14:32:26.246  4660  4692 E HostConnection: /data/local/cfg-yhind/gl_force format error! com.greenmushroom.boomblitz.gp gl
01-10 14:32:26.246  4660  4692 E HostConnection: /data/local/cfg-yhind/gl_force format error! com.hermes.p6gameos gl
01-10 14:32:26.246  4660  4692 E HostConnection: /data/local/cfg-yhind/gl_force format error! com.crystal.usad gl
01-10 14:32:26.246  4660  4692 E HostConnection: /data/local/cfg-yhind/gl_force format error! com.jingxiu.yanwu gl
01-10 14:32:26.246  4660  4692 E HostConnection: /data/local/cfg-yhind/gl_force format error! com.playhardlab.heroes gl
01-10 14:32:26.246  4660  4692 E HostConnection: /data/local/cfg-yhind/gl_force format error! com.topgamestudio.americanblocksnipersurvival.jf gl
01-10 14:32:26.246  4660  4692 E HostConnection: /data/local/cfg-yhind/gl_force format error! vng.games.gs1.phongthan.mobile.com gl
01-10 14:32:26.246  4660  4692 E HostConnection: /data/local/cfg-yhind/gl_force format error! com.userjoy.szm gl
01-10 14:32:26.246  4660  4692 E HostConnection: /data/local/cfg-yhind/gl_force format error! com.netease.yzs gl
01-10 14:32:26.246  4660  4692 E HostConnection: /data/local/cfg-yhind/gl_force format error! com.korea.tamamonkr.google gl
01-10 14:32:26.246  4660  4692 E HostConnection: /data/local/cfg-yhind/gl_force format error! com.huanxi.datulong gl
01-10 14:32:26.246  4660  4692 E HostConnection: /data/local/cfg-yhind/gl_force format error! com.com2us.legendsummoner.android.google.global.normal gl
01-10 14:32:26.246  4660  4692 E HostConnection: /data/local/cfg-yhind/gl_force format error! com.metek.atm2 gl
01-10 14:32:26.246  4660  4692 E HostConnection: /data/local/cfg-yhind/gl_force format error! com.huiqi.mrby gl
01-10 14:32:26.246  4660  4692 E HostConnection: /data/local/cfg-yhind/gl_force format error! com.tencent.wlfz gl
01-10 14:32:26.246  4660  4692 E HostConnection: /data/local/cfg-yhind/gl_force format error! com.yh.hunter4.firstformal gl
01-10 14:32:26.246  4660  4692 E HostConnection: /data/local/cfg-yhind/gl_force format error! com.phonecoolgame.sanguo gl
01-10 14:32:26.246  4660  4692 E HostConnection: /data/local/cfg-yhind/gl_force format error! com.epidgames.trickcalrevive gl
01-10 14:32:26.246  4660  4692 E HostConnection: /data/local/cfg-yhind/gl_force format error! com.tanle.sycq gl
01-10 14:32:26.246  4660  4692 E HostConnection: /data/local/cfg-yhind/gl_force format error! com.youzu.djlw gl
01-10 14:32:26.246  4660  4692 E HostConnection: /data/local/cfg-yhind/gl_force format error! com.happyelements.rxr gl
01-10 14:32:26.246  4660  4692 E HostConnection: /data/local/cfg-yhind/gl_force format error! com.tencent.zd gl
01-10 14:32:26.246  4660  4692 E HostConnection: /data/local/cfg-yhind/gl_force format error! com.leisure.tw gl
01-10 14:32:26.246  4660  4692 E HostConnection: /data/local/cfg-yhind/gl_force format error! aos.playpark.ygc gl
01-10 14:32:26.247  4660  4692 E HostConnection: /data/local/cfg-yhind/gl_force format error! com.zhuyue.dungeon4 gl
01-10 14:32:26.247  4660  4692 E HostConnection: /data/local/cfg-yhind/gl_force format error! com.sunking.as3d gl
01-10 14:32:26.247  4660  4692 E HostConnection: /data/local/cfg-yhind/gl_force format error! com.ncsoft.bsh gl
01-10 14:32:26.247  4660  4692 E HostConnection: /data/local/cfg-yhind/gl_force format error! com.zengame.hlmjhdj gl
01-10 14:32:26.247  4660  4692 E HostConnection: /data/local/cfg-yhind/gl_force format error! com.zengame.zjscmj gl
01-10 14:32:26.247  4660  4692 E HostConnection: /data/local/cfg-yhind/gl_force format error! com.leduo.zjscmj gl
01-10 14:32:26.247  4660  4692 E HostConnection: /data/local/cfg-yhind/gl_force format error! com.tencent.tmgp.scmjxzddnew gl
01-10 14:32:26.247  4660  4692 E HostConnection: /data/local/cfg-yhind/gl_force format error! com.drivezone.car.race.game gl
01-10 14:32:26.247  4660  4692 E HostConnection: /data/local/cfg-yhind/gl_force format error! com.game.sgzzqtxsy gl
01-10 14:32:26.247  4660  4692 E HostConnection: /data/local/cfg-yhind/gl_force format error! com.leduo.ttmjdjb gl
01-10 14:32:26.247  4660  4692 E HostConnection: /data/local/cfg-yhind/gl_force format error! com.hygame.mhxy.tw.gp gl
01-10 14:32:26.247  4660  4692 E HostConnection: /data/local/cfg-yhind/gl_force format error! com.hxen.ld gl
01-10 14:32:26.247  4660  4692 E HostConnection: /data/local/cfg-yhind/gl_force format error! com.leduo.ttmjdjb.p234 gl
01-10 14:32:26.247  4660  4692 E HostConnection: /data/local/cfg-yhind/gl_force format error! com.kt.ld gl
01-10 14:32:26.247  4660  4692 E HostConnection: /data/local/cfg-yhind/gl_force format error! gg.maxion.knt.and gl
01-10 14:32:26.247  4660  4692 E HostConnection: /data/local/cfg-yhind/gl_force format error! com.wwjd.ld gl
01-10 14:32:26.247  4660  4692 E HostConnection: /data/local/cfg-yhind/gl_force format error! com.uwocn.aos gl
01-10 14:32:26.247  4660  4692 E HostConnection: /data/local/cfg-yhind/gl_force format error! com.joycrit.wac.and.ru.ld gl
01-10 14:32:26.247  4660  4692 E HostConnection: /data/local/cfg-yhind/gl_force format error! com.hx.interactive gl
01-10 14:32:26.247  4660  4692 E HostConnection: /data/local/cfg-yhind/gl_force format error! com.chinesegamer.xqj gl
01-10 14:32:26.286  4660  4692 E eglCodecCommon: glUtilsParamSize: unknow param 0x000082da
01-10 14:32:26.286  4660  4692 E eglCodecCommon: glUtilsParamSize: unknow param 0x000082e5
01-10 14:32:26.293  4660  4692 E eglCodecCommon: glUtilsParamSize: unknow param 0x00008c29
01-10 14:32:26.294  4660  4692 E eglCodecCommon: glUtilsParamSize: unknow param 0x000087fe
01-10 14:32:26.387  4660  4692 E EGL_emulation: tid 4692: eglSurfaceAttrib(1493): error 0x3009 (EGL_BAD_MATCH)
01-10 14:32:29.105  1591  1651 E storaged: getDiskStats failed with result NOT_SUPPORTED and size 0
01-10 14:32:31.937  4660  4660 E AndroidRuntime: FATAL EXCEPTION: main
01-10 14:32:31.937  4660  4660 E AndroidRuntime: Process: com.habittracker, PID: 4660
01-10 14:32:31.937  4660  4660 E AndroidRuntime: java.lang.ArrayIndexOutOfBoundsException: length=0; index=-5
01-10 14:32:31.937  4660  4660 E AndroidRuntime: 	at androidx.compose.runtime.SlotTableKt.key(SlotTable.kt:3522)
01-10 14:32:31.937  4660  4660 E AndroidRuntime: 	at androidx.compose.runtime.SlotTableKt.access$key(SlotTable.kt:1)
01-10 14:32:31.937  4660  4660 E AndroidRuntime: 	at androidx.compose.runtime.SlotReader.groupKey(SlotTable.kt:957)
01-10 14:32:31.937  4660  4660 E AndroidRuntime: 	at androidx.compose.runtime.ComposerImpl.end(Composer.kt:2357)
01-10 14:32:31.937  4660  4660 E AndroidRuntime: 	at androidx.compose.runtime.ComposerImpl.endGroup(Composer.kt:1607)
01-10 14:32:31.937  4660  4660 E AndroidRuntime: 	at androidx.compose.runtime.ComposerImpl.endRoot(Composer.kt:1483)
01-10 14:32:31.937  4660  4660 E AndroidRuntime: 	at androidx.compose.runtime.ComposerImpl.doCompose(Composer.kt:3317)
01-10 14:32:31.937  4660  4660 E AndroidRuntime: 	at androidx.compose.runtime.ComposerImpl.composeContent$runtime_release(Composer.kt:3235)
01-10 14:32:31.937  4660  4660 E AndroidRuntime: 	at androidx.compose.runtime.CompositionImpl.composeContent(Composition.kt:725)
01-10 14:32:31.937  4660  4660 E AndroidRuntime: 	at androidx.compose.runtime.Recomposer.composeInitial$runtime_release(Recomposer.kt:1071)
01-10 14:32:31.937  4660  4660 E AndroidRuntime: 	at androidx.compose.runtime.ComposerImpl$CompositionContextImpl.composeInitial$runtime_release(Composer.kt:3599)
01-10 14:32:31.937  4660  4660 E AndroidRuntime: 	at androidx.compose.runtime.ComposerImpl$CompositionContextImpl.composeInitial$runtime_release(Composer.kt:3599)
01-10 14:32:31.937  4660  4660 E AndroidRuntime: 	at androidx.compose.runtime.CompositionImpl.composeInitial(Composition.kt:633)
01-10 14:32:31.937  4660  4660 E AndroidRuntime: 	at androidx.compose.runtime.CompositionImpl.setContent(Composition.kt:619)
01-10 14:32:31.937  4660  4660 E AndroidRuntime: 	at androidx.compose.ui.layout.LayoutNodeSubcompositionsState.subcomposeInto(SubcomposeLayout.kt:500)
01-10 14:32:31.937  4660  4660 E AndroidRuntime: 	at androidx.compose.ui.layout.LayoutNodeSubcompositionsState.subcompose(SubcomposeLayout.kt:472)
01-10 14:32:31.937  4660  4660 E AndroidRuntime: 	at androidx.compose.ui.layout.LayoutNodeSubcompositionsState.subcompose(SubcomposeLayout.kt:463)
01-10 14:32:31.937  4660  4660 E AndroidRuntime: 	at androidx.compose.ui.layout.LayoutNodeSubcompositionsState.subcompose(SubcomposeLayout.kt:447)
01-10 14:32:31.937  4660  4660 E AndroidRuntime: 	at androidx.compose.ui.layout.LayoutNodeSubcompositionsState$Scope.subcompose(SubcomposeLayout.kt:872)
01-10 14:32:31.937  4660  4660 E AndroidRuntime: 	at androidx.compose.foundation.lazy.layout.LazyLayoutMeasureScopeImpl.measure-0kLqBqw(LazyLayoutMeasureScope.kt:125)
01-10 14:32:31.937  4660  4660 E AndroidRuntime: 	at androidx.compose.foundation.lazy.LazyListMeasuredItemProvider.getAndMeasure(LazyListMeasuredItemProvider.kt:48)
01-10 14:32:31.937  4660  4660 E AndroidRuntime: 	at androidx.compose.foundation.lazy.LazyListMeasureKt.measureLazyList-5IMabDg(LazyListMeasure.kt:195)
01-10 14:32:31.937  4660  4660 E AndroidRuntime: 	at androidx.compose.foundation.lazy.LazyListKt$rememberLazyListMeasurePolicy$1$1.invoke-0kLqBqw(LazyList.kt:313)
01-10 14:32:31.937  4660  4660 E AndroidRuntime: 	at androidx.compose.foundation.lazy.LazyListKt$rememberLazyListMeasurePolicy$1$1.invoke(LazyList.kt:178)
01-10 14:32:31.937  4660  4660 E AndroidRuntime: 	at androidx.compose.foundation.lazy.layout.LazyLayoutKt$LazyLayout$3$2$1.invoke-0kLqBqw(LazyLayout.kt:107)
01-10 14:32:31.937  4660  4660 E AndroidRuntime: 	at androidx.compose.foundation.lazy.layout.LazyLayoutKt$LazyLayout$3$2$1.invoke(LazyLayout.kt:100)
01-10 14:32:31.937  4660  4660 E AndroidRuntime: 	at androidx.compose.ui.layout.LayoutNodeSubcompositionsState$createMeasurePolicy$1.measure-3p2s80s(SubcomposeLayout.kt:709)
01-10 14:32:31.937  4660  4660 E AndroidRuntime: 	at androidx.compose.ui.node.InnerNodeCoordinator.measure-BRTryo0(InnerNodeCoordinator.kt:126)
01-10 14:32:31.937  4660  4660 E AndroidRuntime: 	at androidx.compose.ui.graphics.SimpleGraphicsLayerModifier.measure-3p2s80s(GraphicsLayerModifier.kt:646)
01-10 14:32:31.937  4660  4660 E AndroidRuntime: 	at androidx.compose.ui.node.LayoutModifierNodeCoordinator.measure-BRTryo0(LayoutModifierNodeCoordinator.kt:116)
01-10 14:32:31.937  4660  4660 E AndroidRuntime: 	at androidx.compose.foundation.layout.FillNode.measure-3p2s80s(Size.kt:699)
01-10 14:32:31.937  4660  4660 E AndroidRuntime: 	at androidx.compose.ui.node.LayoutModifierNodeCoordinator.measure-BRTryo0(LayoutModifierNodeCoordinator.kt:116)
01-10 14:32:31.937  4660  4660 E AndroidRuntime: 	at androidx.compose.ui.node.LayoutNodeLayoutDelegate$performMeasureBlock$1.invoke(LayoutNodeLayoutDelegate.kt:252)
01-10 14:32:31.937  4660  4660 E AndroidRuntime: 	at androidx.compose.ui.node.LayoutNodeLayoutDelegate$performMeasureBlock$1.invoke(LayoutNodeLayoutDelegate.kt:251)
01-10 14:32:31.937  4660  4660 E AndroidRuntime: 	at androidx.compose.runtime.snapshots.Snapshot$Companion.observe(Snapshot.kt:2303)
01-10 14:32:31.937  4660  4660 E AndroidRuntime: 	at androidx.compose.runtime.snapshots.SnapshotStateObserver$ObservedScopeMap.observe(SnapshotStateObserver.kt:500)
01-10 14:32:31.937  4660  4660 E AndroidRuntime: 	at androidx.compose.runtime.snapshots.SnapshotStateObserver.observeReads(SnapshotStateObserver.kt:256)
01-10 14:32:31.937  4660  4660 E AndroidRuntime: 	at androidx.compose.ui.node.OwnerSnapshotObserver.observeReads$ui_release(OwnerSnapshotObserver.kt:133)
01-10 14:32:31.937  4660  4660 E AndroidRuntime: 	at androidx.compose.ui.node.OwnerSnapshotObserver.observeMeasureSnapshotReads$ui_release(OwnerSnapshotObserver.kt:113)
01-10 14:32:31.937  4660  4660 E AndroidRuntime: 	at androidx.compose.ui.node.LayoutNodeLayoutDelegate.performMeasure-BRTryo0(LayoutNodeLayoutDelegate.kt:1617)
01-10 14:32:31.937  4660  4660 E AndroidRuntime: 	at androidx.compose.ui.node.LayoutNodeLayoutDelegate.access$performMeasure-BRTryo0(LayoutNodeLayoutDelegate.kt:36)
01-10 14:32:31.937  4660  4660 E AndroidRuntime: 	at androidx.compose.ui.node.LayoutNodeLayoutDelegate$MeasurePassDelegate.remeasure-BRTryo0(LayoutNodeLayoutDelegate.kt:620)
01-10 14:32:31.937  4660  4660 E AndroidRuntime: 	at androidx.compose.ui.node.LayoutNodeLayoutDelegate$MeasurePassDelegate.measure-BRTryo0(LayoutNodeLayoutDelegate.kt:596)
01-10 14:32:31.937  4660  4660 E AndroidRuntime: 	at androidx.compose.foundation.layout.BoxMeasurePolicy.measure-3p2s80s(Box.kt:122)
01-10 14:32:31.937  4660  4660 E AndroidRuntime: 	at androidx.compose.ui.node.InnerNodeCoordinator.measure-BRTryo0(InnerNodeCoordinator.kt:126)
01-10 14:32:31.937  4660  4660 E AndroidRuntime: 	at androidx.compose.foundation.layout.PaddingValuesModifier.measure-3p2s80s(Padding.kt:455)
01-10 14:32:31.937  4660  4660 E AndroidRuntime: 	at androidx.compose.ui.node.LayoutModifierNodeCoordinator.measure-BRTryo0(LayoutModifierNodeCoordinator.kt:116)
01-10 14:32:31.937  4660  4660 E AndroidRuntime: 	at androidx.compose.foundation.layout.FillNode.measure-3p2s80s(Size.kt:699)
01-10 14:32:31.937  4660  4660 E AndroidRuntime: 	at androidx.compose.ui.node.LayoutModifierNodeCoordinator.measure-BRTryo0(LayoutModifierNodeCoordinator.kt:116)
01-10 14:32:31.937  4660  4660 E AndroidRuntime: 	at androidx.compose.ui.node.LayoutNodeLayoutDelegate$performMeasureBlock$1.invoke(LayoutNodeLayoutDelegate.kt:252)
01-10 14:32:31.937  4660  4660 E AndroidRuntime: 	at androidx.compose.ui.node.LayoutNodeLayoutDelegate$performMeasureBlock$1.invoke(LayoutNodeLayoutDelegate.kt:251)
01-10 14:32:31.937  4660  4660 E AndroidRuntime: 	at androidx.compose.runtime.snapshots.Snapshot$Companion.observe(Snapshot.kt:2303)
01-10 14:32:31.937  4660  4660 E AndroidRuntime: 	at androidx.compose.runtime.snapshots.SnapshotStateObserver$ObservedScopeMap.observe(SnapshotStateObserver.kt:500)
01-10 14:32:31.937  4660  4660 E AndroidRuntime: 	at androidx.compose.runtime.snapshots.SnapshotStateObserver.observeReads(SnapshotStateObserver.kt:256)
01-10 14:32:31.937  4660  4660 E AndroidRuntime: 	at androidx.compose.ui.node.OwnerSnapshotObserver.observeReads$ui_release(OwnerSnapshotObserver.kt:133)
01-10 14:32:31.937  4660  4660 E AndroidRuntime: 	at androidx.compose.ui.node.OwnerSnapshotObserver.observeMeasureSnapshotReads$ui_release(OwnerSnapshotObserver.kt:113)
01-10 14:32:31.937  4660  4660 E AndroidRuntime: 	at androidx.compose.ui.node.LayoutNodeLayoutDelegate.performMeasure-BRTryo0(LayoutNodeLayoutDelegate.kt:1617)
01-10 14:32:31.937  4660  4660 E AndroidRuntime: 	at androidx.compose.ui.node.LayoutNodeLayoutDelegate.access$performMeasure-BRTryo0(LayoutNodeLayoutDelegate.kt:36)
01-10 14:32:31.937  4660  4660 E AndroidRuntime: 	at androidx.compose.ui.node.LayoutNodeLayoutDelegate$MeasurePassDelegate.remeasure-BRTryo0(LayoutNodeLayoutDelegate.kt:620)
01-10 14:32:31.937  4660  4660 E AndroidRuntime: 	at androidx.compose.ui.node.LayoutNodeLayoutDelegate$MeasurePassDelegate.measure-BRTryo0(LayoutNodeLayoutDelegate.kt:596)
01-10 14:32:31.937  4660  4660 E AndroidRuntime: 	at androidx.compose.material3.ScaffoldKt$ScaffoldLayoutWithMeasureFix$1$1.invoke-0kLqBqw(Scaffold.kt:304)
01-10 14:32:31.937  4660  4660 E AndroidRuntime: 	at androidx.compose.material3.ScaffoldKt$ScaffoldLayoutWithMeasureFix$1$1.invoke(Scaffold.kt:179)
01-10 14:32:31.937  4660  4660 E AndroidRuntime: 	at androidx.compose.ui.layout.LayoutNodeSubcompositionsState$createMeasurePolicy$1.measure-3p2s80s(SubcomposeLayout.kt:709)
01-10 14:32:31.937  4660  4660 E AndroidRuntime: 	at androidx.compose.ui.node.InnerNodeCoordinator.measure-BRTryo0(InnerNodeCoordinator.kt:126)
01-10 14:32:31.937  4660  4660 E AndroidRuntime: 	at androidx.compose.ui.node.LayoutNodeLayoutDelegate$performMeasureBlock$1.invoke(LayoutNodeLayoutDelegate.kt:252)
01-10 14:32:31.937  4660  4660 E AndroidRuntime: 	at androidx.compose.ui.node.LayoutNodeLayoutDelegate$performMeasureBlock$1.invoke(LayoutNodeLayoutDelegate.kt:251)
01-10 14:32:31.937  4660  4660 E AndroidRuntime: 	at androidx.compose.runtime.snapshots.Snapshot$Companion.observe(Snapshot.kt:2303)
01-10 14:32:31.937  4660  4660 E AndroidRuntime: 	at androidx.compose.runtime.snapshots.SnapshotStateObserver$ObservedScopeMap.observe(SnapshotStateObserver.kt:500)
01-10 14:32:31.937  4660  4660 E AndroidRuntime: 	at androidx.compose.runtime.snapshots.SnapshotStateObserver.observeReads(SnapshotStateObserver.kt:256)
01-10 14:32:31.937  4660  4660 E AndroidRuntime: 	at androidx.compose.ui.node.OwnerSnapshotObserver.observeReads$ui_release(OwnerSnapshotObserver.kt:133)
01-10 14:32:31.937  4660  4660 E AndroidRuntime: 	at androidx.compose.ui.node.OwnerSnapshotObserver.observeMeasureSnapshotReads$ui_release(OwnerSnapshotObserver.kt:113)
01-10 14:32:31.937  4660  4660 E AndroidRuntime: 	at androidx.compose.ui.node.LayoutNodeLayoutDelegate.performMeasure-BRTryo0(LayoutNodeLayoutDelegate.kt:1617)
01-10 14:32:31.937  4660  4660 E AndroidRuntime: 	at androidx.compose.ui.node.LayoutNodeLayoutDelegate.access$performMeasure-BRTryo0(LayoutNodeLayoutDelegate.kt:36)
01-10 14:32:31.937  4660  4660 E AndroidRuntime: 	at androidx.compose.ui.node.LayoutNodeLayoutDelegate$MeasurePassDelegate.remeasure-BRTryo0(LayoutNodeLayoutDelegate.kt:620)
01-10 14:32:31.937  4660  4660 E AndroidRuntime: 	at androidx.compose.ui.node.LayoutNode.remeasure-_Sx5XlM$ui_release(LayoutNode.kt:1145)
01-10 14:32:31.937  4660  4660 E AndroidRuntime: 	at androidx.compose.ui.node.LayoutNode.remeasure-_Sx5XlM$ui_release$default(LayoutNode.kt:1136)
01-10 14:32:31.937  4660  4660 E AndroidRuntime: 	at androidx.compose.ui.node.MeasureAndLayoutDelegate.doRemeasure-sdFAvZA(MeasureAndLayoutDelegate.kt:356)
01-10 14:32:31.937  4660  4660 E AndroidRuntime: 	at androidx.compose.ui.node.MeasureAndLayoutDelegate.remeasureAndRelayoutIfNeeded(MeasureAndLayoutDelegate.kt:514)
01-10 14:32:31.937  4660  4660 E AndroidRuntime: 	at androidx.compose.ui.node.MeasureAndLayoutDelegate.onlyRemeasureIfScheduled(MeasureAndLayoutDelegate.kt:598)
01-10 14:32:31.937  4660  4660 E AndroidRuntime: 	at androidx.compose.ui.node.MeasureAndLayoutDelegate.forceMeasureTheSubtreeInternal(MeasureAndLayoutDelegate.kt:624)
01-10 14:32:31.937  4660  4660 E AndroidRuntime: 	at androidx.compose.ui.node.MeasureAndLayoutDelegate.forceMeasureTheSubtree(MeasureAndLayoutDelegate.kt:587)
01-10 14:32:31.937  4660  4660 E AndroidRuntime: 	at androidx.compose.ui.platform.AndroidComposeView.forceMeasureTheSubtree(AndroidComposeView.android.kt:993)
01-10 14:32:31.937  4660  4660 E AndroidRuntime: 	at androidx.compose.ui.node.Owner.forceMeasureTheSubtree$default(Owner.kt:239)
01-10 14:32:31.937  4660  4660 E AndroidRuntime: 	at androidx.compose.ui.node.LayoutNodeLayoutDelegate$MeasurePassDelegate.remeasure-BRTryo0(LayoutNodeLayoutDelegate.kt:632)
01-10 14:32:31.937  4660  4660 E AndroidRuntime: 	at androidx.compose.ui.node.LayoutNodeLayoutDelegate$MeasurePassDelegate.measure-BRTryo0(LayoutNodeLayoutDelegate.kt:596)
01-10 14:32:31.937  4660  4660 E AndroidRuntime: 	at androidx.compose.animation.AnimatedEnterExitMeasurePolicy.measure-3p2s80s(AnimatedVisibility.kt:851)
01-10 14:32:31.937  4660  4660 E AndroidRuntime: 	at androidx.compose.ui.node.InnerNodeCoordinator.measure-BRTryo0(InnerNodeCoordinator.kt:126)
01-10 14:32:31.937  4660  4660 E AndroidRuntime: 	at androidx.compose.animation.EnterExitTransitionModifierNode.measure-3p2s80s(EnterExitTransition.kt:1156)
01-10 14:32:31.937  4660  4660 E AndroidRuntime: 	at androidx.compose.ui.node.LayoutModifierNodeCoordinator.measure-BRTryo0(LayoutModifierNodeCoordinator.kt:116)
01-10 14:32:31.937  4660  4660 E AndroidRuntime: 	at androidx.compose.ui.graphics.SimpleGraphicsLayerModifier.measure-3p2s80s(GraphicsLayerModifier.kt:646)
01-10 14:32:31.937  4660  4660 E AndroidRuntime: 	at androidx.compose.ui.node.LayoutModifierNodeCoordinator.measure-BRTryo0(LayoutModifierNodeCoordinator.kt:116)
01-10 14:32:31.937  4660  4660 E AndroidRuntime: 	at androidx.compose.animation.AnimatedContentKt$AnimatedContent$6$1$1.invoke-3p2s80s(AnimatedContent.kt:733)
01-10 14:32:31.937  4660  4660 E AndroidRuntime: 	at androidx.compose.animation.AnimatedContentKt$AnimatedContent$6$1$1.invoke(AnimatedContent.kt:732)
01-10 14:32:31.937  4660  4660 E AndroidRuntime: 	at androidx.compose.ui.layout.LayoutModifierImpl.measure-3p2s80s(LayoutModifier.kt:294)
01-10 14:32:31.937  4660  4660 E AndroidRuntime: 	at androidx.compose.ui.node.LayoutModifierNodeCoordinator.measure-BRTryo0(LayoutModifierNodeCoordinator.kt:116)
01-10 14:32:31.937  4660  4660 E AndroidRuntime: 	at androidx.compose.ui.node.LayoutNodeLayoutDelegate$performMeasureBlock$1.invoke(LayoutNodeLayoutDelegate.kt:252)
01-10 14:32:31.937  4660  4660 E AndroidRuntime: 	at androidx.compose.ui.node.LayoutNodeLayoutDelegate$performMeasureBlock$1.invoke(LayoutNodeLayoutDelegate.kt:251)
01-10 14:32:31.937  4660  4660 E AndroidRuntime: 	at androidx.compose.runtime.snapshots.Snapshot$Companion.observe(Snapshot.kt:2303)
01-10 14:32:31.937  4660  4660 E AndroidRuntime: 	at androidx.compose.runtime.snapshots.SnapshotStateObserver$ObservedScopeMap.observe(SnapshotStateObserver.kt:500)
01-10 14:32:31.937  4660  4660 E AndroidRuntime: 	at androidx.compose.runtime.snapshots.SnapshotStateObserver.observeReads(SnapshotStateObserver.kt:256)
01-10 14:32:31.937  4660  4660 E AndroidRuntime: 	at androidx.compose.ui.node.OwnerSnapshotObserver.observeReads$ui_release(OwnerSnapshotObserver.kt:133)
01-10 14:32:31.937  4660  4660 E AndroidRuntime: 	at androidx.compose.ui.node.OwnerSnapshotObserver.observeMeasureSnapshotReads$ui_release(OwnerSnapshotObserver.kt:113)
01-10 14:32:31.937  4660  4660 E AndroidRuntime: 	at androidx.compose.ui.node.LayoutNodeLayoutDelegate.performMeasure-BRTryo0(LayoutNodeLayoutDelegate.kt:1617)
01-10 14:32:31.937  4660  4660 E AndroidRuntime: 	at androidx.compose.ui.node.LayoutNodeLayoutDelegate.access$performMeasure-BRTryo0(LayoutNodeLayoutDelegate.kt:36)
01-10 14:32:31.937  4660  4660 E AndroidRuntime: 	at androidx.compose.ui.node.LayoutNodeLayoutDelegate$MeasurePassDelegate.remeasure-BRTryo0(LayoutNodeLayoutDelegate.kt:620)
01-10 14:32:31.937  4660  4660 E AndroidRuntime: 	at androidx.compose.ui.node.LayoutNode.remeasure-_Sx5XlM$ui_release(LayoutNode.kt:1145)
01-10 14:32:31.937  4660  4660 E AndroidRuntime: 	at androidx.compose.ui.node.LayoutNode.remeasure-_Sx5XlM$ui_release$default(LayoutNode.kt:1136)
01-10 14:32:31.937  4660  4660 E AndroidRuntime: 	at androidx.compose.ui.node.MeasureAndLayoutDelegate.doRemeasure-sdFAvZA(MeasureAndLayoutDelegate.kt:356)
01-10 14:32:31.937  4660  4660 E AndroidRuntime: 	at androidx.compose.ui.node.MeasureAndLayoutDelegate.remeasureAndRelayoutIfNeeded(MeasureAndLayoutDelegate.kt:514)
01-10 14:32:31.937  4660  4660 E AndroidRuntime: 	at androidx.compose.ui.node.MeasureAndLayoutDelegate.remeasureAndRelayoutIfNeeded$default(MeasureAndLayoutDelegate.kt:491)
01-10 14:32:31.937  4660  4660 E AndroidRuntime: 	at androidx.compose.ui.node.MeasureAndLayoutDelegate.measureAndLayout(MeasureAndLayoutDelegate.kt:377)
01-10 14:32:31.937  4660  4660 E AndroidRuntime: 	at androidx.compose.ui.platform.AndroidComposeView.measureAndLayout(AndroidComposeView.android.kt:971)
01-10 14:32:31.937  4660  4660 E AndroidRuntime: 	at androidx.compose.ui.node.Owner.measureAndLayout$default(Owner.kt:228)
01-10 14:32:31.937  4660  4660 E AndroidRuntime: 	at androidx.compose.ui.platform.AndroidComposeView.dispatchDraw(AndroidComposeView.android.kt:1224)
01-10 14:32:31.938  4660  4660 E AndroidRuntime: 	at android.view.View.draw(View.java:20224)
01-10 14:32:31.938  4660  4660 E AndroidRuntime: 	at android.view.View.updateDisplayListIfDirty(View.java:19096)
01-10 14:32:31.938  4660  4660 E AndroidRuntime: 	at android.view.ViewGroup.recreateChildDisplayList(ViewGroup.java:4349)
01-10 14:32:31.938  4660  4660 E AndroidRuntime: 	at android.view.ViewGroup.dispatchGetDisplayList(ViewGroup.java:4322)
01-10 14:32:31.938  4660  4660 E AndroidRuntime: 	at android.view.View.updateDisplayListIfDirty(View.java:19056)
01-10 14:32:31.938  4660  4660 E AndroidRuntime: 	at android.view.ViewGroup.recreateChildDisplayList(ViewGroup.java:4349)
01-10 14:32:31.938  4660  4660 E AndroidRuntime: 	at android.view.ViewGroup.dispatchGetDisplayList(ViewGroup.java:4322)
01-10 14:32:31.938  4660  4660 E AndroidRuntime: 	at android.view.View.updateDisplayListIfDirty(View.java:19056)
01-10 14:32:31.938  4660  4660 E AndroidRuntime: 	at android.view.ViewGroup.recreateChildDisplayList(ViewGroup.java:4349)
01-10 14:32:31.938  4660  4660 E AndroidRuntime: 	at android.view.ViewGroup.dispatchGetDisplayList(ViewGroup.java:4322)
01-10 14:32:31.938  4660  4660 E AndroidRuntime: 	at android.view.View.updateDisplayListIfDirty(View.java:19056)
01-10 14:32:31.938  4660  4660 E AndroidRuntime: 	at android.view.ViewGroup.recreateChildDisplayList(ViewGroup.java:4349)
01-10 14:32:31.938  4660  4660 E AndroidRuntime: 	at android.view.ViewGroup.dispatchGetDisplayList(ViewGroup.java:4322)
01-10 14:32:31.938  4660  4660 E AndroidRuntime: 	at android.view.View.updateDisplayListIfDirty(View.java:19056)
01-10 14:32:31.938  4660  4660 E AndroidRuntime: 	at android.view.ThreadedRenderer.updateViewTreeDisplayList(ThreadedRenderer.java:686)
01-10 14:32:31.938  4660  4660 E AndroidRuntime: 	at android.view.ThreadedRenderer.updateRootDisplayList(ThreadedRenderer.java:692)
01-10 14:32:31.938  4660  4660 E AndroidRuntime: 	at android.view.ThreadedRenderer.draw(ThreadedRenderer.java:801)
01-10 14:32:31.938  4660  4660 E AndroidRuntime: 	at android.view.ViewRootImpl.draw(ViewRootImpl.java:3318)
01-10 14:32:31.938  4660  4660 E AndroidRuntime: 	at android.view.ViewRootImpl.performDraw(ViewRootImpl.java:3122)
01-10 14:32:31.938  4660  4660 E AndroidRuntime: 	at android.view.ViewRootImpl.performTraversals(ViewRootImpl.java:2481)
01-10 14:32:31.938  4660  4660 E AndroidRuntime: 	at android.view.ViewRootImpl.doTraversal(ViewRootImpl.java:1463)
01-10 14:32:31.938  4660  4660 E AndroidRuntime: 	at android.view.ViewRootImpl$TraversalRunnable.run(ViewRootImpl.java:7190)
01-10 14:32:31.938  4660  4660 E AndroidRuntime: 	at android.view.Choreographer$CallbackRecord.run(Choreographer.java:949)
01-10 14:32:31.938  4660  4660 E AndroidRuntime: 	at android.view.Choreographer.doCallbacks(Choreographer.java:761)
01-10 14:32:31.938  4660  4660 E AndroidRuntime: 	at android.view.Choreographer.doFrame(Choreographer.java:696)
01-10 14:32:31.938  4660  4660 E AndroidRuntime: 	at android.view.Choreographer$FrameDisplayEventReceiver.run(Choreographer.java:935)
01-10 14:32:31.938  4660  4660 E AndroidRuntime: 	at android.os.Handler.handleCallback(Handler.java:873)
01-10 14:32:31.938  4660  4660 E AndroidRuntime: 	at android.os.Handler.dispatchMessage(Handler.java:99)
01-10 14:32:31.938  4660  4660 E AndroidRuntime: 	at android.os.Looper.loop(Looper.java:193)
01-10 14:32:31.938  4660  4660 E AndroidRuntime: 	at android.app.ActivityThread.main(ActivityThread.java:6840)
01-10 14:32:31.938  4660  4660 E AndroidRuntime: 	at java.lang.reflect.Method.invoke(Native Method)
01-10 14:32:31.938  4660  4660 E AndroidRuntime: 	at com.android.internal.os.RuntimeInit$MethodAndArgsCaller.run(RuntimeInit.java:493)
01-10 14:32:31.938  4660  4660 E AndroidRuntime: 	at com.android.internal.os.ZygoteInit.main(ZygoteInit.java:860)
01-10 14:32:32.613  2656  2806 E EGL_emulation: tid 2806: eglSurfaceAttrib(1493): error 0x3009 (EGL_BAD_MATCH)
01-10 14:32:33.033  1759  1759 E NotificationService: Muting recently noisy 0|com.android.server.telecom|1337|null|1000
01-10 14:32:36.584  2417  2483 E Pay     : NfcAdapter is null while obtaining CardEmulation instance. [CONTEXT service_id=198 ]
01-10 14:32:36.584  2417  2483 E Pay     : CardEmulation is null while checking aid registration. [CONTEXT service_id=198 ]
01-10 14:32:36.594  2417  2483 E Pay     : NfcAdapter is null while obtaining CardEmulation instance. [CONTEXT service_id=198 ]
01-10 14:32:36.594  2417  2483 E Pay     : CardEmulation is null while trying to register AIDs. [CONTEXT service_id=198 ]
01-10 14:32:36.602  2417  2483 E Pay     : HCE service enablement failed: FAILED_CARD_EMULATION [CONTEXT service_id=198 ]
01-10 14:32:51.940  1759  1792 E memtrack: Couldn't load memtrack module
01-10 14:32:55.290  1759  1792 E memtrack: Couldn't load memtrack module
01-10 14:32:55.305  1759  1792 E memtrack: Couldn't load memtrack module
01-10 14:33:00.006  1759  1792 E memtrack: Couldn't load memtrack module
01-10 14:33:01.340  2259  4734 E NFC     : could not retrieve NFC service
01-10 14:33:02.820  1759  1792 E memtrack: Couldn't load memtrack module
01-10 14:33:02.837  1759  1792 E memtrack: Couldn't load memtrack module
01-10 14:33:02.852  1759  1792 E memtrack: Couldn't load memtrack module
01-10 14:33:21.655  1759  1792 E memtrack: Couldn't load memtrack module
01-10 14:33:21.666  1759  1792 E memtrack: Couldn't load memtrack module
01-10 14:33:29.112  1591  1651 E storaged: getDiskStats failed with result NOT_SUPPORTED and size 0
01-10 14:33:37.874  2417  2483 E Pay     : NfcAdapter is null while obtaining CardEmulation instance. [CONTEXT service_id=198 ]
01-10 14:33:37.875  2417  2483 E Pay     : CardEmulation is null while checking aid registration. [CONTEXT service_id=198 ]
01-10 14:33:37.888  2417  2483 E Pay     : NfcAdapter is null while obtaining CardEmulation instance. [CONTEXT service_id=198 ]
01-10 14:33:37.888  2417  2483 E Pay     : CardEmulation is null while trying to register AIDs. [CONTEXT service_id=198 ]
01-10 14:33:37.895  2417  2483 E Pay     : HCE service enablement failed: FAILED_CARD_EMULATION [CONTEXT service_id=198 ]
01-10 14:33:51.087  2417  2483 E memtrack: Couldn't load memtrack module
01-10 14:34:00.023  1759  1792 E memtrack: Couldn't load memtrack module
01-10 14:34:17.390  1759  1792 E memtrack: Couldn't load memtrack module
01-10 14:34:29.137  1591  1651 E storaged: getDiskStats failed with result NOT_SUPPORTED and size 0
01-10 14:35:00.005  1759  1792 E memtrack: Couldn't load memtrack module
01-10 14:35:29.139  1591  1651 E storaged: getDiskStats failed with result NOT_SUPPORTED and size 0
01-10 14:35:53.119  1759  1792 E memtrack: Couldn't load memtrack module
01-10 14:35:53.343  2259  4774 E NFC     : could not retrieve NFC service
01-10 14:35:53.441  2417  2483 E Pay     : NfcAdapter is null while obtaining CardEmulation instance. [CONTEXT service_id=198 ]
01-10 14:35:53.441  2417  2483 E Pay     : CardEmulation is null while checking aid registration. [CONTEXT service_id=198 ]
