--------- beginning of main
01-10 17:58:15.979  1759  1780 I chatty  : uid=1000(system) FinalizerDaemon expire 39 lines
01-10 17:58:15.979  1759  1780 W System  : A resource failed to call close. 
01-10 17:58:15.994  2417  3895 I Icing   : IndexChimeraService.getServiceInterface callingPackage=com.google.android.gms componentName=AppsCorpus serviceId=36
--------- beginning of system
01-10 17:58:16.005  1759  2600 W BackupManagerService: dataChanged but no participant pkg='com.ldmnq.launcher3' uid=10044
01-10 17:58:16.039  2417  2417 D BoundBrokerSvc: onBind: Intent { act=com.google.android.gms.feedback.internal.IFeedbackService dat=chimera-action: cmp=com.google.android.gms/.chimera.GmsBoundBrokerService }
01-10 17:58:16.039  2417  2417 D BoundBrokerSvc: Loading bound service for intent: Intent { act=com.google.android.gms.feedback.internal.IFeedbackService dat=chimera-action: cmp=com.google.android.gms/.chimera.GmsBoundBrokerService }
01-10 17:58:16.105  2417  2676 I Icing   : IndexChimeraService.getServiceInterface callingPackage=com.google.android.gms componentName=null serviceId=30
01-10 17:58:16.177  2866  2913 I Finsky  : [114] qls.accept(61): SCH: Scheduling phonesky job Id: 12-1, CT: 1768064293198, Constraints: [{ L: 15000, D: 86400000, C: 1, I: 1, N: 1 }]
01-10 17:58:16.191  2866  2906 I Finsky  : [107] krm.apply(333): SCH: Scheduling 1 system job(s)
01-10 17:58:16.197  2866  2906 I Finsky  : [107] abtz.d(88): SCH: Scheduling system job Id: 9968, L: 12006, D: 77222237, C: false, I: false, N: 1
01-10 17:58:16.209  2656  2656 I RenderThread: type=1400 audit(0.0:1746): avc: denied { ioctl } for path="/dev/fastpipe" dev="tmpfs" ino=6206 ioctlcmd=6867 scontext=u:r:untrusted_app:s0:c44,c256,c512,c768 tcontext=u:object_r:device:s0 tclass=chr_file permissive=1
01-10 17:58:16.209  2656  2656 W RenderThread: type=1300 audit(0.0:1746): arch=c000003e syscall=16 success=yes exit=0 a0=37 a1=80046867 a2=7fff6ba3ba30 a3=0 items=0 ppid=1517 auid=4294967295 uid=10044 gid=10044 euid=10044 suid=10044 fsuid=10044 egid=10044 sgid=10044 fsgid=10044 tty=(none) ses=4294967295 exe="/system/bin/app_process64" subj=u:r:untrusted_app:s0:c44,c256,c512,c768 key=(null)
01-10 17:58:16.209  1359  1359 W auditd  : type=1327 audit(0.0:1746): proctitle="com.ldmnq.launcher3"
01-10 17:58:16.209  1359  1359 W auditd  : type=1320 audit(0.0:1746): 
01-10 17:58:16.269  9303  9303 I om.habittracker: type=1400 audit(0.0:1747): avc: denied { open } for path="/data/local/cfg-yhind/app_device" dev="sdb2" ino=131955 scontext=u:r:untrusted_app:s0:c61,c256,c512,c768 tcontext=u:object_r:system_data_file:s0 tclass=file permissive=1
01-10 17:58:16.311  2866  2913 I Finsky  : [114] qls.accept(61): SCH: Scheduling phonesky job Id: 12-1, CT: 1768064293996, Constraints: [{ L: 15000, D: 86400000, C: 1, I: 1, N: 1 }]
01-10 17:58:16.329  2866  2894 I Finsky  : [101] mmz.aiE(263): [ContentSync] finished, scheduled=true
01-10 17:58:16.345  2866  2925 I Finsky  : [121] krm.apply(333): SCH: Scheduling 0 system job(s)
01-10 17:58:16.346  2866  2925 I Finsky  : [121] mmz.aiE(263): [ContentSync] finished, scheduled=true
01-10 17:58:16.362  2417  5883 I Icing   : Usage reports ok 1, Failed Usage reports 0, indexed 0, rejected 0
01-10 17:58:16.496  2417  5883 I Icing   : Usage reports ok 0, Failed Usage reports 0, indexed 0, rejected 0
01-10 17:58:16.576  2417  5883 I Icing   : Indexing com.google.android.gms-apps from com.google.android.gms
01-10 17:58:16.625  2417  5883 I Icing   : Indexing done com.google.android.gms-apps
01-10 17:58:16.626  2417  5883 I Icing   : Indexing com.google.android.gms-apps from com.google.android.gms
01-10 17:58:16.627  2417  5883 I Icing   : Indexing done com.google.android.gms-apps
01-10 17:58:18.643  9303  9303 I om.habittracker: type=1400 audit(0.0:1751): avc: denied { read } for name="Pictures" dev="sdcardfs" ino=1966083 scontext=u:r:untrusted_app:s0:c61,c256,c512,c768 tcontext=u:object_r:sdcardfs:s0 tclass=lnk_file permissive=1
01-10 17:58:18.643  9303  9303 I om.habittracker: type=1400 audit(0.0:1751): avc: denied { search } for name="/" dev="vboxsf" ino=1 scontext=u:r:untrusted_app:s0:c61,c256,c512,c768 tcontext=u:object_r:unlabeled:s0 tclass=dir permissive=1
01-10 17:58:18.643  9303  9303 W om.habittracker: type=1300 audit(0.0:1751): arch=c000003e syscall=269 success=no exit=-2 a0=ffffff9c a1=7fff72a7e840 a2=0 a3=7fff72a27208 items=0 ppid=1517 auid=4294967295 uid=10061 gid=10061 euid=10061 suid=10061 fsuid=10061 egid=10061 sgid=10061 fsgid=10061 tty=(none) ses=4294967295 exe="/system/bin/app_process64" subj=u:r:untrusted_app:s0:c61,c256,c512,c768 key=(null)
01-10 17:58:18.643  1359  1359 W auditd  : type=1327 audit(0.0:1751): proctitle="com.habittracker"
01-10 17:58:18.643  1359  1359 W auditd  : type=1320 audit(0.0:1751): 
01-10 17:58:18.706  9303  9303 W om.habittracke: Accessing hidden field Landroid/os/Trace;->TRACE_TAG_APP:J (light greylist, reflection)
01-10 17:58:18.706  9303  9303 W om.habittracke: Accessing hidden method Landroid/os/Trace;->isTagEnabled(J)Z (light greylist, reflection)
01-10 17:58:18.731  9303  9303 D WM-WrkMgrInitializer: Initializing WorkManager with default configuration.
01-10 17:58:18.977  8477  8550 D LDSpaceReceiver: onReceive, action = android.intent.action.TASK.REQ_APP_VERSION, extras = {"from":"playerx"}
01-10 17:58:19.493  8477  8565 D LdAnalyticsSDK: responseCode = 200
01-10 17:58:19.816  8477  8477 I DefaultDispatch: type=1400 audit(0.0:1752): avc: denied { write } for name="appInfo.txt" dev="vboxsf" ino=105 scontext=u:r:priv_app:s0:c512,c768 tcontext=u:object_r:unlabeled:s0 tclass=file permissive=1
01-10 17:58:19.862  1567  1567 D ldinit  : Broadcast completed: result=0
01-10 17:58:19.884  2533  2533 W ContextImpl: Calling a method in the system process without a qualified user: android.app.ContextImpl.startService:1531 android.content.ContextWrapper.startService:664 android.content.ContextWrapper.startService:664 com.android.coreservice.CoreBroadcastReceiver.onReceive:53 android.app.ActivityThread.handleReceiver:3424 
01-10 17:58:20.986  1546  1546 I health@2.0-serv: type=1400 audit(0.0:1763): avc: denied { read } for name="present" dev="sysfs" ino=6606 scontext=u:r:init:s0 tcontext=u:object_r:sysfs:s0 tclass=file permissive=1
01-10 17:58:20.986  1546  1546 I health@2.0-serv: type=1400 audit(0.0:1763): avc: denied { open } for path="/sys/devices/LNXSYSTM:00/LNXSYBUS:00/PNP0A03:00/PNP0C0A:00/power_supply/BAT0/present" dev="sysfs" ino=6606 scontext=u:r:init:s0 tcontext=u:object_r:sysfs:s0 tclass=file permissive=1
01-10 17:58:20.986  1546  1546 W health@2.0-serv: type=1300 audit(0.0:1763): arch=c000003e syscall=257 success=yes exit=9 a0=ffffff9c a1=7ffff72283f0 a2=a0000 a3=0 items=0 ppid=1 auid=4294967295 uid=1000 gid=1000 euid=1000 suid=1000 fsuid=1000 egid=1000 sgid=1000 fsgid=1000 tty=(none) ses=4294967295 exe="/system/vendor/bin/hw/android.hardware.health@2.0-service.default" subj=u:r:init:s0 key=(null)
01-10 17:58:21.408  1759  1782 I system_server: Background concurrent copying GC freed 462901(15MB) AllocSpace objects, 35(700KB) LOS objects, 42% free, 17MB/30MB, paused 85us total 179.408ms
01-10 17:58:21.451  1759  1780 W System  : A resource failed to call close. 
01-10 17:58:21.452  1759  1780 I chatty  : uid=1000(system) FinalizerDaemon identical 32 lines
01-10 17:58:21.452  1759  1780 W System  : A resource failed to call close. 
01-10 17:58:24.475  9303  9354 D ProfileInstaller: Installing profile for com.habittracker
01-10 17:58:26.030  7422  7430 W System  : A resource failed to call close. 
01-10 17:58:30.940  1592  1592 W wificond: Scan already started
01-10 17:58:30.973  2866  2866 I Finsky  : [2] abvx.onStartJob(128): SCH: job service start with id 9968.
01-10 17:58:30.998  2866  9267 I Finsky  : [428] aano.a(115): SCH: Satisfied jobs for 9968 are: 12-1
01-10 17:58:31.004  2866  9355 I Finsky  : [433] abuw.accept(574): SCH: Job 12-1 starting
01-10 17:58:31.008  2866  2866 I Finsky  : [2] ContentSyncJob.h(14): [ContentSync] job started
01-10 17:58:31.155  2866  9356 I Finsky  : [434] kyk.f(41): Completed 0 account content syncs with 0 successful.
01-10 17:58:31.155  2866  2866 I Finsky  : [2] ContentSyncJob.a(14): [ContentSync] Installation state replication succeeded.
01-10 17:58:31.155  2866  2866 I Finsky  : [2] abuc.r(83): SCH: jobFinished: 12-1. TimeElapsed: 150ms.
01-10 17:58:31.165  2866  2913 I Finsky  : [114] qls.accept(61): SCH: Scheduling phonesky job Id: 1-1337, CT: 1768055275472, Constraints: [{ L: 43042957, D: 86242957, C: 1, I: 1, N: 1 }]
01-10 17:58:31.166  2866  2913 I Finsky  : [114] qls.accept(61): SCH: Scheduling phonesky job Id: 34-36, CT: 1768058900794, Constraints: [{ L: 79195544, D: 1375195544, C: 1, I: 1, N: 1 }]
01-10 17:58:31.166  2866  2913 I Finsky  : [114] qls.accept(61): SCH: Scheduling phonesky job Id: 34-38, CT: 1768058905984, Constraints: [{ L: 604800000, D: 2591995057, C: 1, I: 1, N: 1 }]
01-10 17:58:31.175  2866  2906 I Finsky  : [107] krm.apply(333): SCH: Scheduling 1 system job(s)
01-10 17:58:31.176  2866  2906 I Finsky  : [107] abtz.d(88): SCH: Scheduling system job Id: 9973, L: 34007254, D: 77207254, C: false, I: false, N: 1
01-10 17:58:31.185  2866  9355 I Finsky  : [433] abvx.a(26): SCH: job service finished with id 9968.
01-10 17:58:31.191  2417  2417 D BoundBrokerSvc: onUnbind: Intent { act=com.google.android.gms.feedback.internal.IFeedbackService dat=chimera-action: cmp=com.google.android.gms/.chimera.GmsBoundBrokerService }
01-10 17:58:31.940  1759  2065 D WificondControl: Scan result ready event
01-10 17:58:33.472  1591  1591 I storaged: type=1400 audit(0.0:1766): avc: denied { call } for scontext=u:r:storaged:s0 tcontext=u:r:init:s0 tclass=binder permissive=1
01-10 17:58:33.479  1591  1651 E storaged: getDiskStats failed with result NOT_SUPPORTED and size 0
01-10 17:58:33.472  1591  1591 W storaged: type=1300 audit(0.0:1766): arch=c000003e syscall=16 success=yes exit=0 a0=4 a1=c0306201 a2=7ffff7384ea0 a3=7ffff6e27288 items=0 ppid=1 auid=4294967295 uid=0 gid=1032 euid=0 suid=0 fsuid=0 egid=1032 sgid=1032 fsgid=1032 tty=(none) ses=4294967295 exe="/system/bin/storaged" subj=u:r:storaged:s0 key=(null)
01-10 17:58:38.972  2259  9236 I .gms.persisten: Explicit concurrent copying GC freed 42369(2MB) AllocSpace objects, 28(664KB) LOS objects, 49% free, 8MB/17MB, paused 33us total 59.044ms
01-10 17:58:41.824  1759  1792 E memtrack: Couldn't load memtrack module
01-10 17:58:41.824  1759  1792 W android.os.Debug: failed to get memory consumption info: -1
01-10 17:58:41.839  1759  1792 E memtrack: Couldn't load memtrack module
01-10 17:58:41.839  1759  1792 W android.os.Debug: failed to get memory consumption info: -1
01-10 17:58:45.223  2417  5883 I gle.android.gm: Explicit concurrent copying GC freed 890(81KB) AllocSpace objects, 0(0B) LOS objects, 25% free, 13MB/17MB, paused 35us total 56.573ms
01-10 17:59:00.029  1759  1792 E memtrack: Couldn't load memtrack module
01-10 17:59:00.029  1759  1792 W android.os.Debug: failed to get memory consumption info: -1
01-10 17:59:00.040  1759  1792 E memtrack: Couldn't load memtrack module
01-10 17:59:00.040  1759  1792 W android.os.Debug: failed to get memory consumption info: -1
01-10 17:59:01.740  1543  1605 D EmuHWC2 : sent 625 syncs in 60s
01-10 17:59:14.653  2417  2417 D BoundBrokerSvc: onUnbind: Intent { act=com.google.android.gms.common.BIND_SHARED_PREFS pkg=com.google.android.gms }
01-10 17:59:14.653  1759  1792 E memtrack: Couldn't load memtrack module
01-10 17:59:14.653  1759  1792 W android.os.Debug: failed to get memory consumption info: -1
01-10 17:59:14.783  1759  1780 W System  : A resource failed to call close. 
01-10 17:59:14.783  1759  1780 I chatty  : uid=1000(system) FinalizerDaemon identical 31 lines
01-10 17:59:14.783  1759  1780 W System  : A resource failed to call close. 
01-10 17:59:29.926  1546  1546 I health@2.0-serv: type=1400 audit(0.0:1767): avc: denied { read } for scontext=u:r:init:s0 tcontext=u:r:init:s0 tclass=netlink_kobject_uevent_socket permissive=1
01-10 17:59:33.482  1591  1651 E storaged: getDiskStats failed with result NOT_SUPPORTED and size 0
01-10 17:59:47.864  1551  1841 D sensor_hal: sensor_device_default_flush handle=0
01-10 17:59:49.404  1551  1841 D sensor_hal: cb_setDelay handle=0 delay-ns=200000000
01-10 17:59:49.426  2259  3572 I ActivityScheduler: nextTriggerTime: 12807405, in 235296ms, detectorType: 39, FULL_TYPE alarmWindowMillis: 30000
01-10 17:59:54.914  1759  1780 W System  : A resource failed to call close. 
01-10 17:59:54.915  1759  1780 I chatty  : uid=1000(system) FinalizerDaemon identical 43 lines
01-10 17:59:54.915  1759  1780 W System  : A resource failed to call close. 
01-10 18:00:00.009  1930  1930 I RenderThread: type=1400 audit(0.0:1768): avc: denied { ioctl } for path="/dev/fastpipe" dev="tmpfs" ino=6206 ioctlcmd=6867 scontext=u:r:platform_app:s0:c512,c768 tcontext=u:object_r:device:s0 tclass=chr_file permissive=1
01-10 18:00:00.991  2259  9236 I AlarmManager: setExactAndAllowWhileIdle [name: GCM_HB_ALARM type: 2 triggerAtMillis: 12943682]
01-10 18:00:01.135  2259  9287 I AlarmManager: setExactAndAllowWhileIdle [name: FcmRetry type: 2 triggerAtMillis: 12703807]
01-10 18:00:01.145  2259  9236 I AlarmManager: setExactAndAllowWhileIdle [name: GCM_HB_ALARM type: 2 triggerAtMillis: 12943836]
01-10 18:00:01.225  7216  7216 W fb4a.AppComponentFactory: Instantiating BroadcastReceiver
01-10 18:00:01.339  7216  7216 W fb4a.AppComponentFactory: Instantiating Service
01-10 18:00:01.371  7216  7216 E fb4a.SlowAppComponent: 0ms: FirebaseInstanceIdReceiver instantiating…
01-10 18:00:01.371  7216  7216 E fb4a.SlowAppComponent: 139ms: FcmListenerService instantiating…
01-10 18:00:01.371  7216  7216 E fb4a.SlowAppComponent: Main thread was blocked for 172ms in the background starting with FirebaseInstanceIdReceiver
01-10 18:00:01.646  7216  9368 E fb4a.OpenMessagingPushPathLogger: Flow is inactive when adding debug checkpoint for instance key 205912627
01-10 18:00:01.675  1543  1605 D EmuHWC2 : sent 643 syncs in 60s
01-10 18:00:01.790  7216  9368 E fb4a.OpenMessagingPushPathLogger: Flow is inactive when adding debug checkpoint for instance key 205912627
01-10 18:00:01.859  7216  9368 E fb4a.OpenMessagingPushPathLogger: Flow is inactive when adding debug checkpoint for instance key 205912627
01-10 18:00:01.861  7216  9368 E fb4a.OpenMessagingPushPathLogger: Flow is inactive while trying to log push property annotations for instance key 205912627
01-10 18:00:01.861  7216  9368 E fb4a.OpenMessagingPushPathLogger: Flow is inactive while trying to log for message id: null, instance key: 205912627, mi trace id: 350107562941874651
01-10 18:00:02.016  7216  9368 E fb4a.OpenMessagingPushPathLogger: Flow is inactive when adding debug checkpoint for instance key 205912627
01-10 18:00:02.171  7216  8206 W fb4a.AppInfoCore: [AI] Package not found when getting package info
01-10 18:00:03.623  7216  7331 W fb4a.HeroManager: mediaPreload.prefetchInternal : source: Type: DASH_VOD
01-10 18:00:03.623  7216  7331 W fb4a.HeroManager: 	Id: 3430766543765966
01-10 18:00:03.623  7216  7331 W fb4a.HeroManager: 	Uri: https://scontent.fiba1-1.fna.fbcdn.net/o1/v/t2/f2/m367/AQPQLsW1nUH1lrA3R_s1F7Kx28VhIyNr8oQMtVb70W2wGqgl9MC474IepsggsMPn9HckVDjz_R2pg0mvZRX2Kbyt1sQVnKlapWO3oq0wnw.mp4?_nc_cat=109&_nc_oc=Admpj0t6S0Q_7jl51Aa0oiPvZINO__KTEvB_zwrF5CsDZpnOXnvsDO9t0r0q8C925R4&_nc_sid=8bf8fe&_nc_ht=scontent.fiba1-1.fna.fbcdn.net&_nc_ohc=Ozx2rof4hdIQ7kNvwHfj7WF&efg=eyJ2ZW5jb2RlX3RhZyI6Inhwdl9wcm9ncmVzc2l2ZS5GQUNFQk9PSy4uQzMuMzYwLnByb2dyZXNzaXZlX2gyNjQtYmFzaWMtZ2VuMl8zNjBwIiwieHB2X2Fzc2V0X2lkIjoxNDA0OTAzNDc3NzUyNzgyLCJhc3NldF9hZ2VfZGF5cyI6MCwidmlfdXNlY2FzZV9pZCI6MTAwOTksImR1cmF0aW9uX3MiOjExLCJ1cmxnZW5fc291cmNlIjoid3d3In0%3D&ccb=17-1&_nc_zt=28&oh=00_AfoA3bSmS00EiQvQndEeLxUdgaP9T1hxVPPPHhnLXxXJWw&oe=69683F31&bitrate=209031&tag=progressive_h264-basic-gen2_360p
01-10 18:00:03.623  7216  7331 W fb4a.HeroManager: 	Origin: NOTIFICATION
01-10 18:00:03.623  7216  7331 W fb4a.HeroManager: 	PrefetchOrigin: NOTIFICATION
01-10 18:00:03.623  7216  7331 W fb4a.HeroManager: 	DashMPD: 5990
01-10 18:00:03.623  7216  7331 W fb4a.HeroManager: 	liveLatency: -1
01-10 18:00:03.623  7216  7331 W fb4a.HeroManager: 	liveLatencyTolerance: -1
01-10 18:00:03.623  7216  7331 W fb4a.HeroManager: 	isSpherical: false
01-10 18:00:03.623  7216  7331 W fb4a.HeroManager: 	isSponsored: false
01-10 18:00:03.623  7216  7331 W fb4a.HeroManager: 	isAdBreak: false
01-10 18:00:03.623  7216  7331 W fb4a.HeroManager: 	isLiveTraceEnabled: false
01-10 18:00:03.623  7216  7331 W fb4a.HeroManager: 	renderMode: AUDIO_VIDEO
01-10 18:00:03.623  7216  7331 W fb4a.HeroManager: 	isBroadcast: false
01-10 18:00:03.623  7216  7331 W fb4a.HeroManager: 	contentType: GENERAL
01-10 18:00:03.623  7216  7331 W fb4a.HeroManager: 	isAudioDataListenerEnabled: false
01-10 18:00:03.623  7216  7331 W fb4a.HeroManager: 	liveViewerCount: -1, type: DASH_VOD
01-10 18:00:03.643  7216  7274 W fb4a.FeedDbMutationService: DedupKey not found for cache ID: 6657028520843013048
01-10 18:00:03.665  1759  1780 W System  : A resource failed to call close. 
01-10 18:00:03.666  1759  1780 I chatty  : uid=1000(system) FinalizerDaemon identical 38 lines
01-10 18:00:03.666  1759  1780 W System  : A resource failed to call close. 
01-10 18:00:03.679  7216  7331 W fb4a.HeroManager: mediaPreload.prefetchInternal : source: Type: DASH_VOD
01-10 18:00:03.679  7216  7331 W fb4a.HeroManager: 	Id: 3430766543765966
01-10 18:00:03.679  7216  7331 W fb4a.HeroManager: 	Uri: https://scontent.fiba1-1.fna.fbcdn.net/o1/v/t2/f2/m367/AQPQLsW1nUH1lrA3R_s1F7Kx28VhIyNr8oQMtVb70W2wGqgl9MC474IepsggsMPn9HckVDjz_R2pg0mvZRX2Kbyt1sQVnKlapWO3oq0wnw.mp4?_nc_cat=109&_nc_oc=Admpj0t6S0Q_7jl51Aa0oiPvZINO__KTEvB_zwrF5CsDZpnOXnvsDO9t0r0q8C925R4&_nc_sid=8bf8fe&_nc_ht=scontent.fiba1-1.fna.fbcdn.net&_nc_ohc=Ozx2rof4hdIQ7kNvwHfj7WF&efg=eyJ2ZW5jb2RlX3RhZyI6Inhwdl9wcm9ncmVzc2l2ZS5GQUNFQk9PSy4uQzMuMzYwLnByb2dyZXNzaXZlX2gyNjQtYmFzaWMtZ2VuMl8zNjBwIiwieHB2X2Fzc2V0X2lkIjoxNDA0OTAzNDc3NzUyNzgyLCJhc3NldF9hZ2VfZGF5cyI6MCwidmlfdXNlY2FzZV9pZCI6MTAwOTksImR1cmF0aW9uX3MiOjExLCJ1cmxnZW5fc291cmNlIjoid3d3In0%3D&ccb=17-1&_nc_zt=28&oh=00_AfoA3bSmS00EiQvQndEeLxUdgaP9T1hxVPPPHhnLXxXJWw&oe=69683F31&bitrate=209031&tag=progressive_h264-basic-gen2_360p
01-10 18:00:03.679  7216  7331 W fb4a.HeroManager: 	Origin: FEED
01-10 18:00:03.679  7216  7331 W fb4a.HeroManager: 	PrefetchOrigin: FEED
01-10 18:00:03.679  7216  7331 W fb4a.HeroManager: 	DashMPD: 5990
01-10 18:00:03.679  7216  7331 W fb4a.HeroManager: 	liveLatency: -1
01-10 18:00:03.679  7216  7331 W fb4a.HeroManager: 	liveLatencyTolerance: -1
01-10 18:00:03.679  7216  7331 W fb4a.HeroManager: 	isSpherical: false
01-10 18:00:03.679  7216  7331 W fb4a.HeroManager: 	isSponsored: false
01-10 18:00:03.679  7216  7331 W fb4a.HeroManager: 	isAdBreak: false
01-10 18:00:03.679  7216  7331 W fb4a.HeroManager: 	isLiveTraceEnabled: false
01-10 18:00:03.679  7216  7331 W fb4a.HeroManager: 	renderMode: AUDIO_VIDEO
01-10 18:00:03.679  7216  7331 W fb4a.HeroManager: 	isBroadcast: false
01-10 18:00:03.679  7216  7331 W fb4a.HeroManager: 	contentType: GENERAL
01-10 18:00:03.679  7216  7331 W fb4a.HeroManager: 	isAudioDataListenerEnabled: false
01-10 18:00:03.679  7216  7331 W fb4a.HeroManager: 	liveViewerCount: -1, type: DASH_VOD
01-10 18:00:03.685  7216  9377 W fb4a.FeedDbMutationService: DedupKey not found for cache ID: 3877762827613859122
01-10 18:00:03.688  7216  9377 W fb4a.FeedDbMutationService: DedupKey not found for cache ID: 3877762827613859122
01-10 18:00:03.702  7216  9373 W fb4a.FeedDbMutationService: DedupKey not found for cache ID: 2019149588030805978
01-10 18:00:03.712  7216  9373 W fb4a.FeedDbMutationService: DedupKey not found for cache ID: 2019149588030805978
01-10 18:00:03.713  7216  9377 W fb4a.FeedDbMutationService: DedupKey not found for cache ID: 2019149588030805978
01-10 18:00:03.719  7216  7241 I facebook.katan: Waiting for a blocking GC ProfileSaver
01-10 18:00:03.756  7216  7241 I facebook.katan: WaitForGcToComplete blocked ProfileSaver on ProfileSaver for 35.749ms
01-10 18:00:03.762  7216  8206 W fb4a.FeedDbMutationService: DedupKey not found for cache ID: 2019149588030805978
01-10 18:00:03.770  7216  7274 W fb4a.FeedDbMutationService: DedupKey not found for cache ID: 2019149588030805978
01-10 18:00:03.777  7216  8206 W fb4a.FeedDbMutationService: DedupKey not found for cache ID: 6546766492661780432
01-10 18:00:03.778  7216  7241 W facebook.katan: Profile data size exceeds 500000 bytes
01-10 18:00:03.784  7216  7274 W fb4a.FeedDbMutationService: DedupKey not found for cache ID: 357920399467754944
01-10 18:00:03.787  7216  7283 W fb4a.FeedDbMutationService: DedupKey not found for cache ID: 357920399467754944
01-10 18:00:11.211  2259  2259 D BoundBrokerSvc: onRebind: Intent { act=com.google.android.gms.libs.gmscorelogger.service.START dat=chimera-action: cmp=com.google.android.gms/.chimera.PersistentDirectBootAwareApiService }
01-10 18:00:17.376  1759  1797 E BatteryExternalStatsWorker: no controller energy info supplied for wifi
01-10 18:00:17.388  1759  1797 E BatteryExternalStatsWorker: no controller energy info supplied for bluetooth
01-10 18:00:17.400  1594  1594 E VSoCRil : Request 135 not supported.
01-10 18:00:17.412  1759  1797 E KernelCpuSpeedReader: Failed to read cpu-freq: /sys/devices/system/cpu/cpu0/cpufreq/stats/time_in_state (No such file or directory)
01-10 18:00:17.414  1759  1797 E KernelWakelockReader: neither /proc/wakelocks nor /d/wakeup_sources exists
01-10 18:00:17.428  1759  1797 W BatteryStatsImpl: Couldn't get kernel wake lock stats
01-10 18:00:17.429  1759  1759 I batterystats-wo: type=1400 audit(0.0:1769): avc: denied { call } for scontext=u:r:system_server:s0 tcontext=u:r:init:s0 tclass=binder permissive=1
01-10 18:00:17.436  1759  1797 W BatteryExternalStatsWorker: modem info is invalid: ModemActivityInfo{ mTimestamp=0 mSleepTimeMs=0 mIdleTimeMs=0 mTxTimeMs[]=[0, 0, 0, 0, 0] mRxTimeMs=0 mEnergyUsed=0}
01-10 18:00:17.429  1759  1759 W batterystats-wo: type=1300 audit(0.0:1769): arch=c000003e syscall=16 success=yes exit=0 a0=27 a1=c0306201 a2=7fff4eab2840 a3=7fff72bb4f08 items=0 ppid=1517 auid=4294967295 uid=1000 gid=1000 euid=1000 suid=1000 fsuid=1000 egid=1000 sgid=1000 fsgid=1000 tty=(none) ses=4294967295 exe="/system/bin/app_process64" subj=u:r:system_server:s0 key=(null)
01-10 18:00:17.459  1759  1793 W BroadcastQueue: Background execution not allowed: receiving Intent { act=android.intent.action.DROPBOX_ENTRY_ADDED flg=0x10 (has extras) } to com.google.android.gms/.stats.service.DropBoxEntryAddedReceiver
01-10 18:00:20.859  1546  1546 I health@2.0-serv: type=1400 audit(0.0:1770): avc: denied { read } for name="present" dev="sysfs" ino=6606 scontext=u:r:init:s0 tcontext=u:object_r:sysfs:s0 tclass=file permissive=1
01-10 18:00:26.275  2259  2259 D BoundBrokerSvc: onUnbind: Intent { act=com.google.android.gms.libs.gmscorelogger.service.START dat=chimera-action: cmp=com.google.android.gms/.chimera.PersistentDirectBootAwareApiService }
01-10 18:00:33.479  1591  1591 I storaged: type=1400 audit(0.0:1771): avc: denied { call } for scontext=u:r:storaged:s0 tcontext=u:r:init:s0 tclass=binder permissive=1
01-10 18:00:33.486  1591  1651 E storaged: getDiskStats failed with result NOT_SUPPORTED and size 0
01-10 18:00:33.479  1591  1591 W storaged: type=1300 audit(0.0:1771): arch=c000003e syscall=16 success=yes exit=0 a0=4 a1=c0306201 a2=7ffff7384ea0 a3=7ffff6e27288 items=0 ppid=1 auid=4294967295 uid=0 gid=1032 euid=0 suid=0 fsuid=0 egid=1032 sgid=1032 fsgid=1032 tty=(none) ses=4294967295 exe="/system/bin/storaged" subj=u:r:storaged:s0 key=(null)
01-10 18:00:34.686  1922  1922 I hci_thread: type=1400 audit(0.0:1772): avc: denied { call } for scontext=u:r:bluetooth:s0 tcontext=u:r:init:s0 tclass=binder permissive=1
01-10 18:00:34.690  1532  2204 I dual_mode_controller: Command opcode: 0x2018, OGF: 0x0008, OCF: 0x0018
01-10 18:00:34.686  1922  1922 W hci_thread: type=1300 audit(0.0:1772): arch=c000003e syscall=16 success=yes exit=0 a0=44 a1=c0306201 a2=7fff5407a240 a3=1 items=0 ppid=1517 auid=4294967295 uid=1002 gid=1002 euid=1002 suid=1002 fsuid=1002 egid=1002 sgid=1002 fsgid=1002 tty=(none) ses=4294967295 exe="/system/bin/app_process64" subj=u:r:bluetooth:s0 key=(null)
01-10 18:00:34.686  1359  1359 W auditd  : type=1327 audit(0.0:1772): proctitle="com.android.bluetooth"
01-10 18:00:34.686  1359  1359 W auditd  : type=1320 audit(0.0:1772): 
01-10 18:00:34.699  1532  2204 I dual_mode_controller: Command opcode: 0x2005, OGF: 0x0008, OCF: 0x0005
01-10 18:00:34.699  1532  2204 I dual_mode_controller: Controller performing command: LE SetRandomAddress
01-10 18:00:35.018  1759  1780 W System  : A resource failed to call close. 
01-10 18:00:35.019  1759  1780 I chatty  : uid=1000(system) FinalizerDaemon identical 37 lines
01-10 18:00:35.019  1759  1780 W System  : A resource failed to call close. 
01-10 18:00:41.858  8427  8443 I Finsky:background: [310] myo.run(353): Stats for Executor: bgExecutor ozi@4b80b38[Running, pool size = 1, active threads = 0, queued tasks = 0, completed tasks = 1]
01-10 18:00:41.858  8427  8443 I Finsky:background: [310] myo.run(353): Stats for Executor: LightweightExecutor ozi@b180711[Running, pool size = 0, active threads = 0, queued tasks = 0, completed tasks = 0]
01-10 18:01:01.343  1543  1605 D EmuHWC2 : sent 642 syncs in 60s
01-10 18:01:10.973  1592  1592 W wificond: Scan already started
01-10 18:01:11.119  2259  2259 D BoundBrokerSvc: onRebind: Intent { act=com.google.android.gms.auth.aang.events.services.START dat=chimera-action: cmp=com.google.android.gms/.chimera.PersistentApiService }
01-10 18:01:11.975  1759  1849 D WificondControl: Scan result ready event
01-10 18:01:12.576  1759  1780 W System  : A resource failed to call close. 
01-10 18:01:12.576  1759  1780 I chatty  : uid=1000(system) FinalizerDaemon identical 41 lines
01-10 18:01:12.576  1759  1780 W System  : A resource failed to call close. 
01-10 18:01:18.830  1534  1534 V QCamera_Camera: getCameraInfo
01-10 18:01:18.831  1534  1534 V QCamera_BaseCamera: getCameraInfo
01-10 18:01:18.859  1534  1534 V QCamera_Camera: getCameraInfo
01-10 18:01:18.859  1534  1534 V QCamera_BaseCamera: getCameraInfo
01-10 18:01:26.249  2259  2259 D BoundBrokerSvc: onUnbind: Intent { act=com.google.android.gms.auth.aang.events.services.START dat=chimera-action: cmp=com.google.android.gms/.chimera.PersistentApiService }
01-10 18:01:33.487  1591  1651 E storaged: getDiskStats failed with result NOT_SUPPORTED and size 0
01-10 18:01:35.257  1759  1780 W System  : A resource failed to call close. 
01-10 18:01:35.257  1759  1780 I chatty  : uid=1000(system) FinalizerDaemon identical 40 lines
01-10 18:01:35.257  1759  1780 W System  : A resource failed to call close. 
01-10 18:01:57.756  2866  2886 I Finsky  : [93] myo.run(353): Stats for Executor: BlockingExecutor ozi@f3a7cbb[Running, pool size = 0, active threads = 0, queued tasks = 0, completed tasks = 253]
01-10 18:01:57.756  2866  2886 I Finsky  : [93] myo.run(353): Stats for Executor: LightweightExecutor ozi@18a45d8[Running, pool size = 3, active threads = 0, queued tasks = 0, completed tasks = 1336]
01-10 18:01:57.812  2866  2886 I Finsky  : [93] myo.run(353): Stats for Executor: bgExecutor ozi@637bd31[Running, pool size = 4, active threads = 0, queued tasks = 0, completed tasks = 4307]
01-10 18:02:01.375  1543  1605 D EmuHWC2 : sent 650 syncs in 60s
01-10 18:02:21.026  1759  1780 W System  : A resource failed to call close. 
01-10 18:02:33.487  1591  1651 E storaged: getDiskStats failed with result NOT_SUPPORTED and size 0
01-10 18:03:00.003  1759  1759 I ActivityManager: Killing 8182:com.google.android.gms.unstable/u0a24 (adj 906): empty for 1859s
01-10 18:02:21.026  1759  1780 I chatty  : uid=1000(system) FinalizerDaemon identical 45 lines
01-10 18:02:21.026  1759  1780 W System  : A resource failed to call close. 
01-10 18:03:00.008  1759  1796 W libprocessgroup: kill(-8182, 9) failed: No such process
01-10 18:03:00.026  1517  1517 I Zygote  : Process 8182 exited due to signal (9)
01-10 18:03:00.049  1759  1796 W libprocessgroup: kill(-8182, 9) failed: No such process
01-10 18:03:00.049  1759  1796 I libprocessgroup: Successfully killed process cgroup uid 10024 pid 8182 in 41ms
01-10 18:03:01.761  1543  1605 D EmuHWC2 : sent 654 syncs in 60s
01-10 18:03:20.104  1759  1780 W System  : A resource failed to call close. 
01-10 18:03:20.104  1759  1780 I chatty  : uid=1000(system) FinalizerDaemon identical 38 lines
01-10 18:03:20.104  1759  1780 W System  : A resource failed to call close. 
01-10 18:03:20.946  1543  1543 I HwBinder:1543_2: type=1400 audit(0.0:1774): avc: denied { ioctl } for path="/dev/fastpipe" dev="tmpfs" ino=6206 ioctlcmd=6867 scontext=u:r:hal_graphics_composer_default:s0 tcontext=u:object_r:device:s0 tclass=chr_file permissive=1
01-10 18:03:33.488  1591  1651 E storaged: getDiskStats failed with result NOT_SUPPORTED and size 0
01-10 18:03:50.976  1592  1592 W wificond: Scan already started
01-10 18:03:51.016  1551  1841 D sensor_hal: sensor_device_default_flush handle=0
01-10 18:03:51.978  1759  1848 D WificondControl: Scan result ready event
01-10 18:03:52.526  1551  1551 D sensor_hal: cb_setDelay handle=0 delay-ns=200000000
01-10 18:03:52.547  2259  3572 I ActivityScheduler: nextTriggerTime: 13050529, in 235293ms, detectorType: 39, FULL_TYPE alarmWindowMillis: 30000
01-10 18:04:00.281  1759  1780 W System  : A resource failed to call close. 
01-10 18:04:00.281  1759  1780 I chatty  : uid=1000(system) FinalizerDaemon identical 47 lines
01-10 18:04:00.281  1759  1780 W System  : A resource failed to call close. 
01-10 18:04:01.726  1543  1605 D EmuHWC2 : sent 642 syncs in 60s
01-10 18:04:33.489  1591  1651 E storaged: getDiskStats failed with result NOT_SUPPORTED and size 0
01-10 18:04:51.757  2259  9366 I AlarmManager: setExactAndAllowWhileIdle [name: GCM_HB_ALARM type: 2 triggerAtMillis: 13234447]
01-10 18:04:51.792  2259  9366 I AlarmManager: setExactAndAllowWhileIdle [name: GCM_HB_ALARM type: 2 triggerAtMillis: 13234483]
01-10 18:04:51.857  1759  1782 I system_server: Background concurrent copying GC freed 364330(12MB) AllocSpace objects, 39(780KB) LOS objects, 42% free, 19MB/33MB, paused 76us total 136.698ms
01-10 18:04:51.909  2259  2760 I NetworkScheduler: (REDACTED) Error inserting %s
01-10 18:04:51.948  1759  1780 W System  : A resource failed to call close. 
01-10 18:04:51.948  1759  1780 I chatty  : uid=1000(system) FinalizerDaemon identical 37 lines
01-10 18:04:51.948  1759  1780 W System  : A resource failed to call close. 
01-10 18:04:51.994  2259  9406 I NetworkScheduler.Stats: (REDACTED) Task %s/%s started execution. cause:%s exec_start_elapsed_seconds: %s
01-10 18:04:52.066  2259  9366 I NetworkScheduler.Stats: (REDACTED) Task %s/%s started execution. cause:%s exec_start_elapsed_seconds: %s
01-10 18:04:52.114  2259  9406 I NetworkScheduler.Stats: (REDACTED) Task %s/%s finished executing. cause:%s result: %s elapsed_millis: %s uptime_millis: %s exec_start_elapsed_seconds: %s
01-10 18:04:52.148  2259  9406 I NetworkScheduler.Stats: (REDACTED) Task %s/%s finished executing. cause:%s result: %s elapsed_millis: %s uptime_millis: %s exec_start_elapsed_seconds: %s
01-10 18:05:00.026  1574  1574 I surfaceflinger: type=1400 audit(0.0:1775): avc: denied { ioctl } for path="/dev/fastpipe" dev="tmpfs" ino=6206 ioctlcmd=6867 scontext=u:r:surfaceflinger:s0 tcontext=u:object_r:device:s0 tclass=chr_file permissive=1
01-10 18:05:00.488  1759  1780 W System  : A resource failed to call close. 
01-10 18:05:00.488  1759  1780 I chatty  : uid=1000(system) FinalizerDaemon identical 42 lines
01-10 18:05:00.488  1759  1780 W System  : A resource failed to call close. 
01-10 18:05:01.776  1543  1605 D EmuHWC2 : sent 648 syncs in 60s
01-10 18:05:11.421  1759  4189 I ActivityManager: Force stopping com.habittracker appid=10061 user=0: from pid 9412
01-10 18:05:11.422  1759  4189 I ActivityManager: Killing 9303:com.habittracker/u0a61 (adj 902): stop com.habittracker
01-10 18:05:11.423  1759  1796 W libprocessgroup: kill(-9303, 9) failed: No such process
01-10 18:05:11.440  1759  1796 W libprocessgroup: kill(-9303, 9) failed: No such process
01-10 18:05:11.446  1517  1517 I Zygote  : Process 9303 exited due to signal (9)
01-10 18:05:11.475  2121  2121 D CarrierSvcBindHelper: No carrier app for: 0
01-10 18:05:11.486  1759  1796 W libprocessgroup: kill(-9303, 9) failed: No such process
01-10 18:05:11.486  1759  1796 I libprocessgroup: Successfully killed process cgroup uid 10061 pid 9303 in 62ms
01-10 18:05:11.512  2533  2533 W ContextImpl: Calling a method in the system process without a qualified user: android.app.ContextImpl.startService:1531 android.content.ContextWrapper.startService:664 android.content.ContextWrapper.startService:664 com.android.coreservice.CoreBroadcastReceiver.onReceive:53 android.app.ActivityThread.handleReceiver:3424 
01-10 18:05:11.553  1759  4189 I ActivityManager: START u0 {flg=0x10000000 cmp=com.habittracker/.MainActivity} from uid 2000
01-10 18:05:11.632  1759  1759 I Binder:1759_1F: type=1400 audit(0.0:1776): avc: denied { call } for scontext=u:r:system_server:s0 tcontext=u:r:init:s0 tclass=binder permissive=1
01-10 18:05:11.654  2533  2533 W ContextImpl: Calling a method in the system process without a qualified user: android.app.ContextImpl.startService:1531 android.content.ContextWrapper.startService:664 android.content.ContextWrapper.startService:664 com.android.coreservice.CoreBroadcastReceiver.onReceive:44 android.app.ActivityThread.handleReceiver:3424 
01-10 18:05:11.669  2533  2533 I oid.coreservice: type=1400 audit(0.0:1777): avc: denied { ioctl } for path="/dev/fastpipe" dev="tmpfs" ino=6206 ioctlcmd=6867 scontext=u:r:system_app:s0 tcontext=u:object_r:device:s0 tclass=chr_file permissive=1
01-10 18:05:11.669  2533  2533 W oid.coreservice: type=1300 audit(0.0:1777): arch=c000003e syscall=16 success=yes exit=0 a0=1a a1=80046867 a2=7fff6a0f1710 a3=7fff72a27208 items=0 ppid=1517 auid=4294967295 uid=1000 gid=1000 euid=1000 suid=1000 fsuid=1000 egid=1000 sgid=1000 fsgid=1000 tty=(none) ses=4294967295 exe="/system/bin/app_process64" subj=u:r:system_app:s0 key=(null)
01-10 18:05:11.669  1359  1359 W auditd  : type=1327 audit(0.0:1777): proctitle="com.android.coreservice"
01-10 18:05:11.776  1759  1795 I ActivityManager: Start proc 9420:com.habittracker/u0a61 for activity com.habittracker/.MainActivity
01-10 18:05:11.853  2417  2417 D BoundBrokerSvc: onBind: Intent { act=com.google.android.gms.measurement.START pkg=com.google.android.gms }
01-10 18:05:11.853  2417  2417 D BoundBrokerSvc: Loading bound service for intent: Intent { act=com.google.android.gms.measurement.START pkg=com.google.android.gms }
01-10 18:05:11.880  9420  9420 I Zygote  : seccomp disabled by setenforce 0
01-10 18:05:11.883  9420  9420 I om.habittracke: Late-enabling -Xcheck:jni
01-10 18:05:11.958  9420  9420 D nativebridge: call UnloadNativeBridge! state=1
01-10 18:05:12.023  2417  9427 D AdvertisingIdClient: AdvertisingIdClient already created.
01-10 18:05:12.023  2417  9427 D AdvertisingIdClient: AdvertisingIdClient is not bounded. Starting to bind it...
01-10 18:05:12.053  2417  9427 D AdvertisingIdClient: AdvertisingIdClient is bounded
01-10 18:05:12.087  2417  9427 I AdvertisingIdClient: shouldSendLog 11369251
01-10 18:05:12.087  2417  9427 I AdvertisingIdClient: GetInfoInternal elapse 65ms
01-10 18:05:12.102  2259  2259 D BoundBrokerSvc: onRebind: Intent { act=com.google.android.gms.presencemanager.service.START dat=chimera-action: cmp=com.google.android.gms/.chimera.PersistentApiService }
01-10 18:05:12.107  2259  2259 D BoundBrokerSvc: onRebind: Intent { act=com.google.android.gms.presencemanager.service.INTERNAL_IDENTITY dat=chimera-action: cmp=com.google.android.gms/.chimera.PersistentApiService }
01-10 18:05:12.164  2259  9438 I NetworkScheduler: (REDACTED) Error inserting %s
01-10 18:05:12.239  2533  2533 W ContextImpl: Calling a method in the system process without a qualified user: android.app.ContextImpl.startService:1531 android.content.ContextWrapper.startService:664 android.content.ContextWrapper.startService:664 com.android.coreservice.CoreBroadcastReceiver.onReceive:53 android.app.ActivityThread.handleReceiver:3424 
01-10 18:05:13.852  2656  9419 I FA      : Application backgrounded at: timestamp_millis: 1768064711849
01-10 18:05:13.906  2417  2440 W gle.android.gm: Profile data size exceeds 500000 bytes
01-10 18:05:14.299  9420  9420 I om.habittracker: type=1400 audit(0.0:1790): avc: denied { read } for name="Pictures" dev="sdcardfs" ino=1966083 scontext=u:r:untrusted_app:s0:c61,c256,c512,c768 tcontext=u:object_r:sdcardfs:s0 tclass=lnk_file permissive=1
01-10 18:05:14.347  9420  9420 W om.habittracke: Accessing hidden field Landroid/os/Trace;->TRACE_TAG_APP:J (light greylist, reflection)
01-10 18:05:14.348  9420  9420 W om.habittracke: Accessing hidden method Landroid/os/Trace;->isTagEnabled(J)Z (light greylist, reflection)
01-10 18:05:14.364  9420  9420 D WM-WrkMgrInitializer: Initializing WorkManager with default configuration.
01-10 18:05:14.667  9420  9420 D OpenGLRenderer: Skia GL Pipeline
01-10 18:05:14.773  9420  9420 I om.habittracke: Rejecting re-init on previously-failed class java.lang.Class<androidx.compose.ui.platform.AndroidComposeView$AndroidComposeViewTranslationCallback>: java.lang.NoClassDefFoundError: Failed resolution of: Landroid/view/translation/ViewTranslationCallback;
01-10 18:05:14.773  9420  9420 I om.habittracke:   at androidx.compose.runtime.Composition androidx.compose.ui.platform.Wrapper_androidKt.setContent(androidx.compose.ui.platform.AbstractComposeView, androidx.compose.runtime.CompositionContext, kotlin.jvm.functions.Function2) (Wrapper.android.kt:77)
01-10 18:05:14.773  9420  9420 I om.habittracke:   at void androidx.compose.ui.platform.AbstractComposeView.ensureCompositionCreated() (ComposeView.android.kt:251)
01-10 18:05:14.773  9420  9420 I om.habittracke:   at void androidx.compose.ui.platform.AbstractComposeView.onAttachedToWindow() (ComposeView.android.kt:283)
01-10 18:05:14.773  9420  9420 I om.habittracke:   at void android.view.View.dispatchAttachedToWindow(android.view.View$AttachInfo, int) (View.java:18361)
01-10 18:05:14.773  9420  9420 I om.habittracke:   at void android.view.ViewGroup.dispatchAttachedToWindow(android.view.View$AttachInfo, int) (ViewGroup.java:3429)
01-10 18:05:14.773  9420  9420 I om.habittracke:   at void android.view.ViewGroup.dispatchAttachedToWindow(android.view.View$AttachInfo, int) (ViewGroup.java:3436)
01-10 18:05:14.773  9420  9420 I chatty  : uid=10061(com.habittracker) identical 1 line
01-10 18:05:14.773  9420  9420 I om.habittracke:   at void android.view.ViewGroup.dispatchAttachedToWindow(android.view.View$AttachInfo, int) (ViewGroup.java:3436)
01-10 18:05:14.773  9420  9420 I om.habittracke:   at void android.view.ViewRootImpl.performTraversals() (ViewRootImpl.java:1764)
01-10 18:05:14.773  9420  9420 I om.habittracke:   at void android.view.ViewRootImpl.doTraversal() (ViewRootImpl.java:1463)
01-10 18:05:14.773  9420  9420 I om.habittracke:   at void android.view.ViewRootImpl$TraversalRunnable.run() (ViewRootImpl.java:7190)
01-10 18:05:14.773  9420  9420 I om.habittracke:   at void android.view.Choreographer$CallbackRecord.run(long) (Choreographer.java:949)
01-10 18:05:14.773  9420  9420 I om.habittracke:   at void android.view.Choreographer.doCallbacks(int, long) (Choreographer.java:761)
01-10 18:05:14.773  9420  9420 I om.habittracke:   at void android.view.Choreographer.doFrame(long, int) (Choreographer.java:696)
01-10 18:05:14.773  9420  9420 I om.habittracke:   at void android.view.Choreographer$FrameDisplayEventReceiver.run() (Choreographer.java:935)
01-10 18:05:14.773  9420  9420 I om.habittracke:   at void android.os.Handler.handleCallback(android.os.Message) (Handler.java:873)
01-10 18:05:14.773  9420  9420 I om.habittracke:   at void android.os.Handler.dispatchMessage(android.os.Message) (Handler.java:99)
01-10 18:05:14.773  9420  9420 I om.habittracke:   at void android.os.Looper.loop() (Looper.java:193)
01-10 18:05:14.773  9420  9420 I om.habittracke:   at void android.app.ActivityThread.main(java.lang.String[]) (ActivityThread.java:6840)
01-10 18:05:14.773  9420  9420 I om.habittracke:   at java.lang.Object java.lang.reflect.Method.invoke(java.lang.Object, java.lang.Object[]) (Method.java:-2)
01-10 18:05:14.773  9420  9420 I om.habittracke:   at void com.android.internal.os.RuntimeInit$MethodAndArgsCaller.run() (RuntimeInit.java:493)
01-10 18:05:14.773  9420  9420 I om.habittracke:   at void com.android.internal.os.ZygoteInit.main(java.lang.String[]) (ZygoteInit.java:860)
01-10 18:05:14.773  9420  9420 I om.habittracke: Caused by: java.lang.ClassNotFoundException: Didn't find class "android.view.translation.ViewTranslationCallback" on path: DexPathList[[zip file "/data/app/com.habittracker-JfFz7-p25SJ7YFljvGCnzQ==/base.apk"],nativeLibraryDirectories=[/data/app/com.habittracker-JfFz7-p25SJ7YFljvGCnzQ==/lib/x86_64, /system/lib64, /system/vendor/lib64]]
01-10 18:05:14.773  9420  9420 I om.habittracke:   at java.lang.Class dalvik.system.BaseDexClassLoader.findClass(java.lang.String) (BaseDexClassLoader.java:134)
01-10 18:05:14.773  9420  9420 I om.habittracke:   at java.lang.Class java.lang.ClassLoader.loadClass(java.lang.String, boolean) (ClassLoader.java:379)
01-10 18:05:14.773  9420  9420 I om.habittracke:   at java.lang.Class java.lang.ClassLoader.loadClass(java.lang.String) (ClassLoader.java:312)
01-10 18:05:14.773  9420  9420 I om.habittracke:   at androidx.compose.runtime.Composition androidx.compose.ui.platform.Wrapper_androidKt.setContent(androidx.compose.ui.platform.AbstractComposeView, androidx.compose.runtime.CompositionContext, kotlin.jvm.functions.Function2) (Wrapper.android.kt:77)
01-10 18:05:14.773  9420  9420 I om.habittracke:   at void androidx.compose.ui.platform.AbstractComposeView.ensureCompositionCreated() (ComposeView.android.kt:251)
01-10 18:05:14.773  9420  9420 I om.habittracke:   at void androidx.compose.ui.platform.AbstractComposeView.onAttachedToWindow() (ComposeView.android.kt:283)
01-10 18:05:14.773  9420  9420 I om.habittracke:   at void android.view.View.dispatchAttachedToWindow(android.view.View$AttachInfo, int) (View.java:18361)
01-10 18:05:14.773  9420  9420 I om.habittracke:   at void android.view.ViewGroup.dispatchAttachedToWindow(android.view.View$AttachInfo, int) (ViewGroup.java:3429)
01-10 18:05:14.773  9420  9420 I om.habittracke:   at void android.view.ViewGroup.dispatchAttachedToWindow(android.view.View$AttachInfo, int) (ViewGroup.java:3436)
01-10 18:05:14.773  9420  9420 I chatty  : uid=10061(com.habittracker) identical 1 line
01-10 18:05:14.773  9420  9420 I om.habittracke:   at void android.view.ViewGroup.dispatchAttachedToWindow(android.view.View$AttachInfo, int) (ViewGroup.java:3436)
01-10 18:05:14.773  9420  9420 I om.habittracke:   at void android.view.ViewRootImpl.performTraversals() (ViewRootImpl.java:1764)
01-10 18:05:14.773  9420  9420 I om.habittracke:   at void android.view.ViewRootImpl.doTraversal() (ViewRootImpl.java:1463)
01-10 18:05:14.773  9420  9420 I om.habittracke:   at void android.view.ViewRootImpl$TraversalRunnable.run() (ViewRootImpl.java:7190)
01-10 18:05:14.773  9420  9420 I om.habittracke:   at void android.view.Choreographer$CallbackRecord.run(long) (Choreographer.java:949)
01-10 18:05:14.773  9420  9420 I om.habittracke:   at void android.view.Choreographer.doCallbacks(int, long) (Choreographer.java:761)
01-10 18:05:14.773  9420  9420 I om.habittracke:   at void android.view.Choreographer.doFrame(long, int) (Choreographer.java:696)
01-10 18:05:14.773  9420  9420 I om.habittracke:   at void android.view.Choreographer$FrameDisplayEventReceiver.run() (Choreographer.java:935)
01-10 18:05:14.773  9420  9420 I om.habittracke:   at void android.os.Handler.handleCallback(android.os.Message) (Handler.java:873)
01-10 18:05:14.773  9420  9420 I om.habittracke:   at void android.os.Handler.dispatchMessage(android.os.Message) (Handler.java:99)
01-10 18:05:14.773  9420  9420 I om.habittracke:   at void android.os.Looper.loop() (Looper.java:193)
01-10 18:05:14.773  9420  9420 I om.habittracke:   at void android.app.ActivityThread.main(java.lang.String[]) (ActivityThread.java:6840)
01-10 18:05:14.773  9420  9420 I om.habittracke:   at java.lang.Object java.lang.reflect.Method.invoke(java.lang.Object, java.lang.Object[]) (Method.java:-2)
01-10 18:05:14.773  9420  9420 I om.habittracke:   at void com.android.internal.os.RuntimeInit$MethodAndArgsCaller.run() (RuntimeInit.java:493)
01-10 18:05:14.773  9420  9420 I om.habittracke:   at void com.android.internal.os.ZygoteInit.main(java.lang.String[]) (ZygoteInit.java:860)
01-10 18:05:14.773  9420  9420 I om.habittracke: 
01-10 18:05:14.773  9420  9420 I om.habittracke: Rejecting re-init on previously-failed class java.lang.Class<androidx.compose.ui.platform.AndroidComposeView$AndroidComposeViewTranslationCallback>: java.lang.NoClassDefFoundError: Failed resolution of: Landroid/view/translation/ViewTranslationCallback;
01-10 18:05:14.773  9420  9420 I om.habittracke:   at androidx.compose.runtime.Composition androidx.compose.ui.platform.Wrapper_androidKt.setContent(androidx.compose.ui.platform.AbstractComposeView, androidx.compose.runtime.CompositionContext, kotlin.jvm.functions.Function2) (Wrapper.android.kt:77)
01-10 18:05:14.773  9420  9420 I om.habittracke:   at void androidx.compose.ui.platform.AbstractComposeView.ensureCompositionCreated() (ComposeView.android.kt:251)
01-10 18:05:14.773  9420  9420 I om.habittracke:   at void androidx.compose.ui.platform.AbstractComposeView.onAttachedToWindow() (ComposeView.android.kt:283)
01-10 18:05:14.773  9420  9420 I om.habittracke:   at void android.view.View.dispatchAttachedToWindow(android.view.View$AttachInfo, int) (View.java:18361)
01-10 18:05:14.773  9420  9420 I om.habittracke:   at void android.view.ViewGroup.dispatchAttachedToWindow(android.view.View$AttachInfo, int) (ViewGroup.java:3429)
01-10 18:05:14.773  9420  9420 I om.habittracke:   at void android.view.ViewGroup.dispatchAttachedToWindow(android.view.View$AttachInfo, int) (ViewGroup.java:3436)
01-10 18:05:14.773  9420  9420 I chatty  : uid=10061(com.habittracker) identical 1 line
01-10 18:05:14.773  9420  9420 I om.habittracke:   at void android.view.ViewGroup.dispatchAttachedToWindow(android.view.View$AttachInfo, int) (ViewGroup.java:3436)
01-10 18:05:14.773  9420  9420 I om.habittracke:   at void android.view.ViewRootImpl.performTraversals() (ViewRootImpl.java:1764)
01-10 18:05:14.773  9420  9420 I om.habittracke:   at void android.view.ViewRootImpl.doTraversal() (ViewRootImpl.java:1463)
01-10 18:05:14.773  9420  9420 I om.habittracke:   at void android.view.ViewRootImpl$TraversalRunnable.run() (ViewRootImpl.java:7190)
01-10 18:05:14.773  9420  9420 I om.habittracke:   at void android.view.Choreographer$CallbackRecord.run(long) (Choreographer.java:949)
01-10 18:05:14.773  9420  9420 I om.habittracke:   at void android.view.Choreographer.doCallbacks(int, long) (Choreographer.java:761)
01-10 18:05:14.773  9420  9420 I om.habittracke:   at void android.view.Choreographer.doFrame(long, int) (Choreographer.java:696)
01-10 18:05:14.773  9420  9420 I om.habittracke:   at void android.view.Choreographer$FrameDisplayEventReceiver.run() (Choreographer.java:935)
01-10 18:05:14.773  9420  9420 I om.habittracke:   at void android.os.Handler.handleCallback(android.os.Message) (Handler.java:873)
01-10 18:05:14.773  9420  9420 I om.habittracke:   at void android.os.Handler.dispatchMessage(android.os.Message) (Handler.java:99)
01-10 18:05:14.773  9420  9420 I om.habittracke:   at void android.os.Looper.loop() (Looper.java:193)
01-10 18:05:14.773  9420  9420 I om.habittracke:   at void android.app.ActivityThread.main(java.lang.String[]) (ActivityThread.java:6840)
01-10 18:05:14.773  9420  9420 I om.habittracke:   at java.lang.Object java.lang.reflect.Method.invoke(java.lang.Object, java.lang.Object[]) (Method.java:-2)
01-10 18:05:14.773  9420  9420 I om.habittracke:   at void com.android.internal.os.RuntimeInit$MethodAndArgsCaller.run() (RuntimeInit.java:493)
01-10 18:05:14.773  9420  9420 I om.habittracke:   at void com.android.internal.os.ZygoteInit.main(java.lang.String[]) (ZygoteInit.java:860)
01-10 18:05:14.773  9420  9420 I om.habittracke: Caused by: java.lang.ClassNotFoundException: Didn't find class "android.view.translation.ViewTranslationCallback" on path: DexPathList[[zip file "/data/app/com.habittracker-JfFz7-p25SJ7YFljvGCnzQ==/base.apk"],nativeLibraryDirectories=[/data/app/com.habittracker-JfFz7-p25SJ7YFljvGCnzQ==/lib/x86_64, /system/lib64, /system/vendor/lib64]]
01-10 18:05:14.773  9420  9420 I om.habittracke:   at java.lang.Class dalvik.system.BaseDexClassLoader.findClass(java.lang.String) (BaseDexClassLoader.java:134)
01-10 18:05:14.773  9420  9420 I om.habittracke:   at java.lang.Class java.lang.ClassLoader.loadClass(java.lang.String, boolean) (ClassLoader.java:379)
01-10 18:05:14.773  9420  9420 I om.habittracke:   at java.lang.Class java.lang.ClassLoader.loadClass(java.lang.String) (ClassLoader.java:312)
01-10 18:05:14.773  9420  9420 I om.habittracke:   at androidx.compose.runtime.Composition androidx.compose.ui.platform.Wrapper_androidKt.setContent(androidx.compose.ui.platform.AbstractComposeView, androidx.compose.runtime.CompositionContext, kotlin.jvm.functions.Function2) (Wrapper.android.kt:77)
01-10 18:05:14.773  9420  9420 I om.habittracke:   at void androidx.compose.ui.platform.AbstractComposeView.ensureCompositionCreated() (ComposeView.android.kt:251)
01-10 18:05:14.773  9420  9420 I om.habittracke:   at void androidx.compose.ui.platform.AbstractComposeView.onAttachedToWindow() (ComposeView.android.kt:283)
