01-10 18:41:34.574  1591  1651 E storaged: getDiskStats failed with result NOT_SUPPORTED and size 0
01-10 18:41:57.978  2866  2886 I Finsky  : [93] myo.run(353): Stats for Executor: BlockingExecutor ozi@f3a7cbb[Running, pool size = 0, active threads = 0, queued tasks = 0, completed tasks = 281]
01-10 18:41:57.978  2866  2886 I Finsky  : [93] myo.run(353): Stats for Executor: LightweightExecutor ozi@18a45d8[Running, pool size = 3, active threads = 0, queued tasks = 0, completed tasks = 1404]
01-10 18:41:57.978  2866  2886 I Finsky  : [93] myo.run(353): Stats for Executor: bgExecutor ozi@637bd31[Running, pool size = 4, active threads = 0, queued tasks = 0, completed tasks = 4902]
01-10 18:42:00.009  1543  1605 D EmuHWC2 : sent 18 syncs in 60s
01-10 18:42:03.076  1759  1780 W System  : A resource failed to call close. 
01-10 18:42:03.076  1759  1780 I chatty  : uid=1000(system) FinalizerDaemon identical 41 lines
01-10 18:42:03.076  1759  1780 W System  : A resource failed to call close. 
01-10 18:42:20.506  1526  1526 I healthd : type=1400 audit(0.0:2043): avc: denied { read } for name="present" dev="sysfs" ino=6606 scontext=u:r:healthd:s0 tcontext=u:object_r:sysfs:s0 tclass=file permissive=1
01-10 18:42:20.506  1526  1526 I healthd : type=1400 audit(0.0:2043): avc: denied { open } for path="/sys/devices/LNXSYSTM:00/LNXSYBUS:00/PNP0A03:00/PNP0C0A:00/power_supply/BAT0/present" dev="sysfs" ino=6606 scontext=u:r:healthd:s0 tcontext=u:object_r:sysfs:s0 tclass=file permissive=1
01-10 18:42:20.506  1526  1526 W healthd : type=1300 audit(0.0:2043): arch=c000003e syscall=257 success=yes exit=9 a0=ffffff9c a1=7ffff7228360 a2=a0000 a3=0 items=0 ppid=1 auid=4294967295 uid=0 gid=0 euid=0 suid=0 fsuid=0 egid=0 sgid=0 fsgid=0 tty=(none) ses=4294967295 exe="/system/bin/healthd" subj=u:r:healthd:s0 key=(null)
01-10 18:42:20.506  1359  1359 W auditd  : type=1327 audit(0.0:2043): proctitle="/system/bin/healthd"
01-10 18:42:20.506  1359  1359 W auditd  : type=1320 audit(0.0:2043): 
01-10 18:42:20.506  1526  1526 I healthd : type=1400 audit(0.0:2044): avc: denied { getattr } for path="/sys/devices/LNXSYSTM:00/LNXSYBUS:00/PNP0A03:00/PNP0C0A:00/power_supply/BAT0/present" dev="sysfs" ino=6606 scontext=u:r:healthd:s0 tcontext=u:object_r:sysfs:s0 tclass=file permissive=1
01-10 18:42:20.506  1526  1526 W healthd : type=1300 audit(0.0:2044): arch=c000003e syscall=5 success=yes exit=0 a0=9 a1=7fffffffe150 a2=a0000 a3=0 items=0 ppid=1 auid=4294967295 uid=0 gid=0 euid=0 suid=0 fsuid=0 egid=0 sgid=0 fsgid=0 tty=(none) ses=4294967295 exe="/system/bin/healthd" subj=u:r:healthd:s0 key=(null)
01-10 18:42:34.576  1591  1651 E storaged: getDiskStats failed with result NOT_SUPPORTED and size 0
01-10 18:42:43.485  2259 10105 I AlarmManager: setExactAndAllowWhileIdle [name: GCM_HB_ALARM type: 2 triggerAtMillis: 15506176]
01-10 18:42:43.627  2259  2259 D BoundBrokerSvc: onRebind: Intent { act=com.google.android.gms.common.telemetry.service.START dat=chimera-action: cmp=com.google.android.gms/.chimera.PersistentApiService }
01-10 18:42:43.648  1759  1780 W System  : A resource failed to call close. 
01-10 18:42:43.648  1759  1780 I chatty  : uid=1000(system) FinalizerDaemon identical 45 lines
01-10 18:42:43.648  1759  1780 W System  : A resource failed to call close. 
01-10 18:42:43.657  2259 10145 I AlarmManager: setExactAndAllowWhileIdle [name: GCM_HB_ALARM type: 2 triggerAtMillis: 15506347]
01-10 18:42:43.663  2259 10108 I AlarmManager: setExactAndAllowWhileIdle [name: FcmRetry type: 2 triggerAtMillis: 15266333]
01-10 18:42:43.724  1759  1795 I ActivityManager: Start proc 10148:com.pheebz.a1data/u0a76 for broadcast com.pheebz.a1data/io.flutter.plugins.firebase.messaging.FlutterFirebaseMessagingReceiver
01-10 18:42:43.759 10148 10148 I Zygote  : seccomp disabled by setenforce 0
01-10 18:42:43.760 10148 10148 D nativebridge: call UnloadNativeBridge! state=1
01-10 18:42:43.766 10148 10148 E m.pheebz.a1dat: Not starting debugger since process cannot load the jdwp agent.
01-10 18:42:43.796 10148 10148 I m.pheebz.a1data: type=1400 audit(0.0:2045): avc: denied { open } for path="/data/local/cfg-yhind/app_device" dev="sdb2" ino=131955 scontext=u:r:untrusted_app:s0:c76,c256,c512,c768 tcontext=u:object_r:system_data_file:s0 tclass=file permissive=1
01-10 18:42:43.859  1348  1348 E SELinux : avc:  denied  { find } for service=tab pid=10148 uid=10076 scontext=u:r:untrusted_app:s0:c76,c256,c512,c768 tcontext=u:object_r:default_android_service:s0 tclass=service_manager permissive=1
01-10 18:42:43.918 10148 10148 W m.pheebz.a1dat: JIT profile information will not be recorded: profile file does not exits.
01-10 18:42:43.918 10148 10148 I chatty  : uid=10076(com.pheebz.a1data) identical 1 line
01-10 18:42:43.918 10148 10148 W m.pheebz.a1dat: JIT profile information will not be recorded: profile file does not exits.
01-10 18:42:43.922 10148 10148 I m.pheebz.a1data: type=1400 audit(0.0:2046): avc: denied { read } for name="Pictures" dev="sdcardfs" ino=1966083 scontext=u:r:untrusted_app:s0:c76,c256,c512,c768 tcontext=u:object_r:sdcardfs:s0 tclass=lnk_file permissive=1
01-10 18:42:43.948 10148 10148 I MultiDex: VM with version 2.1.0 has multidex support
01-10 18:42:43.948 10148 10148 I MultiDex: Installing application
01-10 18:42:43.948 10148 10148 I MultiDex: VM has multidex support, MultiDex support library is disabled.
01-10 18:42:43.974 10148 10148 I FirebaseApp: Device unlocked: initializing all Firebase APIs for app [DEFAULT]
01-10 18:42:43.990 10148 10148 I FirebaseInitProvider: FirebaseApp initialization successful
01-10 18:42:43.990 10148 10148 D FLTFireContextHolder: received application context.
01-10 18:42:44.010 10148 10165 W m.pheebz.a1dat: Unsupported class loader
01-10 18:42:44.019 10148 10165 W m.pheebz.a1dat: Skipping duplicate class check due to unsupported classloader
01-10 18:42:44.024 10148 10148 D FLTFireMsgReceiver: broadcast received for message
01-10 18:42:44.028 10148 10165 I DynamiteModule: Considering local module com.google.android.gms.measurement.dynamite:95 and remote module com.google.android.gms.measurement.dynamite:170
01-10 18:42:44.028 10148 10165 I DynamiteModule: Selected remote version of com.google.android.gms.measurement.dynamite, version >= 170
01-10 18:42:44.028 10148 10165 V DynamiteModule: Dynamite loader version >= 2, using loadModule2NoCrashUtils
01-10 18:42:44.084 10148 10165 W m.pheebz.a1dat: Unknown chunk type '200'.
01-10 18:42:44.084 10148 10165 I chatty  : uid=10076(com.pheebz.a1data) ScionFrontendAp identical 1 line
01-10 18:42:44.087 10148 10165 W m.pheebz.a1dat: Unknown chunk type '200'.
01-10 18:42:44.096 10148 10165 W m.pheebz.a1dat: Unsupported class loader
01-10 18:42:44.101 10148 10165 W m.pheebz.a1dat: Skipping duplicate class check due to unsupported classloader
01-10 18:42:44.109 10148 10179 W FLTFireMsgService: A background message could not be handled in Dart as no onBackgroundMessage handler has been registered.
01-10 18:42:44.181  1759  2965 D NotificationService: notify pkg=com.pheebz.a1data pid=1759
01-10 18:42:44.189 10148 10187 I FA      : App measurement initialized, version: 146007
01-10 18:42:44.189 10148 10187 I FA      : To enable debug logging run: adb shell setprop log.tag.FA VERBOSE
01-10 18:42:44.189 10148 10187 I FA      : To enable faster debug mode event logging run:
01-10 18:42:44.189 10148 10187 I FA      :   adb shell setprop debug.firebase.analytics.app com.pheebz.a1data
01-10 18:42:44.204  2533  2533 W ContextImpl: Calling a method in the system process without a qualified user: android.app.ContextImpl.startService:1531 android.content.ContextWrapper.startService:664 android.content.ContextWrapper.startService:664 com.android.coreservice.CoreBroadcastReceiver.onReceive:53 android.app.ActivityThread.handleReceiver:3424 
01-10 18:42:44.209  2259  4272 I PhenotypeResourceReader: unable to find any Phenotype resource metadata for com.pheebz.a1data
01-10 18:42:44.265  2417  2417 D BoundBrokerSvc: onBind: Intent { act=com.google.android.gms.measurement.START pkg=com.google.android.gms }
01-10 18:42:44.265  2417  2417 D BoundBrokerSvc: Loading bound service for intent: Intent { act=com.google.android.gms.measurement.START pkg=com.google.android.gms }
01-10 18:42:44.291 10148 10187 I FA      : Tag Manager is not found and thus will not be used
01-10 18:42:44.425  2417 10199 D AdvertisingIdClient: AdvertisingIdClient already created.
01-10 18:42:44.425  2417 10199 D AdvertisingIdClient: AdvertisingIdClient is not bounded. Starting to bind it...
01-10 18:42:44.455  1930  1930 D StatusBar: disable<e i a s b h r c s > disable2<q i n >
01-10 18:42:44.456  2417 10199 D AdvertisingIdClient: AdvertisingIdClient is bounded
01-10 18:42:44.527  1930  1930 D StatusBar: disable<e i a s b h r c s > disable2<q i n >
01-10 18:42:44.534  2417 10199 I AdvertisingIdClient: shouldSendLog 14545417
01-10 18:42:44.535  2417 10199 I AdvertisingIdClient: GetInfoInternal elapse 109ms
01-10 18:42:44.551  1930  1930 I vol.Events: writeEvent dismiss_dialog volume_controller
01-10 18:42:44.616  2259  2259 D BoundBrokerSvc: onRebind: Intent { act=com.google.android.gms.presencemanager.service.START dat=chimera-action: cmp=com.google.android.gms/.chimera.PersistentApiService }
01-10 18:42:44.617  2259  2259 D BoundBrokerSvc: onRebind: Intent { act=com.google.android.gms.presencemanager.service.INTERNAL_IDENTITY dat=chimera-action: cmp=com.google.android.gms/.chimera.PersistentApiService }
01-10 18:42:44.623  1930  2242 E EGL_emulation: tid 2242: eglSurfaceAttrib(1493): error 0x3009 (EGL_BAD_MATCH)
01-10 18:42:44.624  1930  2242 W OpenGLRenderer: Failed to set EGL_SWAP_BEHAVIOR on surface 0x7fff6baed800, error=EGL_BAD_MATCH
01-10 18:42:44.674  2259 10146 W NetworkScheduler.ATC: Called cancelTask for already completed task com.google.android.gms/.measurement.PackageMeasurementTaskService{u=0 tag="Measurement.PackageMeasurementTaskService.UPLOAD_TASK_TAG" trigger=window{start=163s,end=327s,earliest=-438s,latest=-274s} requirements=[NET_CONNECTED,PREFERRED_NET_UNMETERED,PREFERRED_CHARGING] attributes=[PERSISTED] scheduled=-601s last_run=-396s exec_window_multiplier=1.0000 jid=N/A status=ACTIVE retries=0 client_lib=GMS_TASK_SCHEDULER-254730000} :1 [CONTEXT service_id=218 ]
01-10 18:42:44.712  1759  1780 W System  : A resource failed to call close. 
01-10 18:42:44.712  1759  1780 I chatty  : uid=1000(system) FinalizerDaemon identical 37 lines
01-10 18:42:44.713  1759  1780 W System  : A resource failed to call close. 
01-10 18:42:44.821  1562  1562 I VibratorService: turn vibrator off
01-10 18:42:44.816  1759  1759 I Thread-83: type=1400 audit(0.0:2054): avc: denied { call } for scontext=u:r:system_server:s0 tcontext=u:r:init:s0 tclass=binder permissive=1
01-10 18:42:44.827  1562  1562 I VibratorService: turn vibrator on timeout_ms=350
01-10 18:42:44.828  1562  1562 I VibratorService: Setting amplitude  to: 3596
01-10 18:42:44.816  1759  1759 W Thread-83: type=1300 audit(0.0:2054): arch=c000003e syscall=16 success=yes exit=0 a0=27 a1=c0306201 a2=7fff3ecbc980 a3=7fff536f2108 items=0 ppid=1517 auid=4294967295 uid=1000 gid=1000 euid=1000 suid=1000 fsuid=1000 egid=1000 sgid=1000 fsgid=1000 tty=(none) ses=4294967295 exe="/system/bin/app_process64" subj=u:r:system_server:s0 key=(null)
01-10 18:42:45.443  1562  1562 I VibratorService: turn vibrator on timeout_ms=350
01-10 18:42:45.443  1562  1562 I VibratorService: Setting amplitude  to: 3596
01-10 18:42:45.795  1562  1562 I VibratorService: turn vibrator off
01-10 18:42:49.574  2259  2259 D BoundBrokerSvc: onUnbind: Intent { act=com.google.android.gms.common.telemetry.service.START dat=chimera-action: cmp=com.google.android.gms/.chimera.PersistentApiService }
01-10 18:42:49.726 10148 10202 D ProfileInstaller: Skipping profile installation for com.pheebz.a1data
01-10 18:42:50.209  1930  1930 D StatusBar: disable<e i a s b h r c s > disable2<q i n >
01-10 18:42:50.225  1930  1930 D StatusBar: disable<e i a s b h r c s > disable2<q i n >
01-10 18:42:50.265  1930  2242 E EGL_emulation: tid 2242: eglSurfaceAttrib(1493): error 0x3009 (EGL_BAD_MATCH)
01-10 18:42:50.265  1930  2242 W OpenGLRenderer: Failed to set EGL_SWAP_BEHAVIOR on surface 0x7fff6baed800, error=EGL_BAD_MATCH
01-10 18:42:53.689  2259  2259 D BoundBrokerSvc: onRebind: Intent { act=com.google.android.gms.libs.gmscorelogger.service.START dat=chimera-action: cmp=com.google.android.gms/.chimera.PersistentDirectBootAwareApiService }
01-10 18:42:54.761  2417  2417 D BoundBrokerSvc: onUnbind: Intent { act=com.google.android.gms.measurement.START pkg=com.google.android.gms }
01-10 18:42:59.683  2259  2259 D BoundBrokerSvc: onUnbind: Intent { act=com.google.android.gms.presencemanager.service.START dat=chimera-action: cmp=com.google.android.gms/.chimera.PersistentApiService }
01-10 18:42:59.684  2259  2259 D BoundBrokerSvc: onUnbind: Intent { act=com.google.android.gms.presencemanager.service.INTERNAL_IDENTITY dat=chimera-action: cmp=com.google.android.gms/.chimera.PersistentApiService }
01-10 18:43:00.008  1543  1605 D EmuHWC2 : sent 30 syncs in 60s
01-10 18:43:08.785  1759  1792 E memtrack: Couldn't load memtrack module
01-10 18:43:08.786  1759  1792 W android.os.Debug: failed to get memory consumption info: -1
01-10 18:43:08.786  2259  2259 D BoundBrokerSvc: onUnbind: Intent { act=com.google.android.gms.libs.gmscorelogger.service.START dat=chimera-action: cmp=com.google.android.gms/.chimera.PersistentDirectBootAwareApiService }
01-10 18:43:20.862  1546  1546 I health@2.0-serv: type=1400 audit(0.0:2055): avc: denied { call } for scontext=u:r:init:s0 tcontext=u:r:system_server:s0 tclass=binder permissive=1
01-10 18:43:28.431  1759  1782 I system_server: Background concurrent copying GC freed 352075(12MB) AllocSpace objects, 43(860KB) LOS objects, 42% free, 20MB/36MB, paused 51us total 400.370ms
01-10 18:43:28.561  1759  1780 W System  : A resource failed to call close. 
01-10 18:43:28.562  1759  1780 I chatty  : uid=1000(system) FinalizerDaemon identical 41 lines
01-10 18:43:28.562  1759  1780 W System  : A resource failed to call close. 
01-10 18:43:33.013  2259 10145 I AlarmManager: setExactAndAllowWhileIdle [name: GCM_HB_ALARM type: 2 triggerAtMillis: 15555703]
01-10 18:43:33.094  2259 10108 I AlarmManager: setExactAndAllowWhileIdle [name: FcmRetry type: 2 triggerAtMillis: 15315773]
01-10 18:43:33.108 10148 10148 D FLTFireMsgReceiver: broadcast received for message
01-10 18:43:33.155 10148 10210 W FLTFireMsgService: A background message could not be handled in Dart as no onBackgroundMessage handler has been registered.
01-10 18:43:33.203  1759  2071 D NotificationService: notify pkg=com.pheebz.a1data pid=1759
01-10 18:43:33.207  2417  2417 D BoundBrokerSvc: onBind: Intent { act=com.google.android.gms.measurement.START pkg=com.google.android.gms }
01-10 18:43:33.207  2417  2417 D BoundBrokerSvc: Loading bound service for intent: Intent { act=com.google.android.gms.measurement.START pkg=com.google.android.gms }
01-10 18:43:33.264  2417 10213 D AdvertisingIdClient: AdvertisingIdClient already created.
01-10 18:43:33.264  2417 10213 D AdvertisingIdClient: AdvertisingIdClient is not bounded. Starting to bind it...
01-10 18:43:33.268  2417 10213 D AdvertisingIdClient: AdvertisingIdClient is bounded
01-10 18:43:33.271  2417 10213 I AdvertisingIdClient: shouldSendLog 14545417
01-10 18:43:33.271  2417 10213 I AdvertisingIdClient: GetInfoInternal elapse 6ms
01-10 18:43:33.290  2259 10108 W NetworkScheduler.ATC: Called cancelTask for already completed task com.google.android.gms/.measurement.PackageMeasurementTaskService{u=0 tag="Measurement.PackageMeasurementTaskService.UPLOAD_TASK_TAG" trigger=window{start=163s,end=327s,earliest=-487s,latest=-323s} requirements=[NET_CONNECTED,PREFERRED_NET_UNMETERED,PREFERRED_CHARGING] attributes=[PERSISTED] scheduled=-650s last_run=-445s exec_window_multiplier=1.0000 jid=N/A status=ACTIVE retries=0 client_lib=GMS_TASK_SCHEDULER-254730000} :1 [CONTEXT service_id=218 ]
01-10 18:43:33.410  1930  1930 D StatusBar: disable<e i a s b h r c s > disable2<q i n >
01-10 18:43:33.460  1930  1930 D StatusBar: disable<e i a s b h r c s > disable2<q i n >
01-10 18:43:33.475  1930  1930 I vol.Events: writeEvent dismiss_dialog volume_controller
01-10 18:43:33.540  1930  2242 E EGL_emulation: tid 2242: eglSurfaceAttrib(1493): error 0x3009 (EGL_BAD_MATCH)
01-10 18:43:33.540  1930  2242 W OpenGLRenderer: Failed to set EGL_SWAP_BEHAVIOR on surface 0x7fff6baed800, error=EGL_BAD_MATCH
01-10 18:43:33.812  1562  1562 I VibratorService: turn vibrator off
01-10 18:43:33.814  1562  1562 I VibratorService: turn vibrator on timeout_ms=350
01-10 18:43:33.814  1562  1562 I VibratorService: Setting amplitude  to: 3596
01-10 18:43:34.155  1759  1780 W System  : A resource failed to call close. 
01-10 18:43:34.156  1759  1780 I chatty  : uid=1000(system) FinalizerDaemon identical 44 lines
01-10 18:43:34.156  1759  1780 W System  : A resource failed to call close. 
01-10 18:43:34.419  1562  1562 I VibratorService: turn vibrator on timeout_ms=350
01-10 18:43:34.419  1562  1562 I VibratorService: Setting amplitude  to: 3596
01-10 18:43:34.576  1591  1591 I storaged: type=1400 audit(0.0:2056): avc: denied { call } for scontext=u:r:storaged:s0 tcontext=u:r:init:s0 tclass=binder permissive=1
01-10 18:43:34.580  1591  1651 E storaged: getDiskStats failed with result NOT_SUPPORTED and size 0
01-10 18:43:34.576  1591  1591 W storaged: type=1300 audit(0.0:2056): arch=c000003e syscall=16 success=yes exit=0 a0=4 a1=c0306201 a2=7ffff7384ea0 a3=7ffff6e27288 items=0 ppid=1 auid=4294967295 uid=0 gid=1032 euid=0 suid=0 fsuid=0 egid=1032 sgid=1032 fsgid=1032 tty=(none) ses=4294967295 exe="/system/bin/storaged" subj=u:r:storaged:s0 key=(null)
01-10 18:43:34.770  1562  1562 I VibratorService: turn vibrator off
01-10 18:43:39.141  1930  1930 D StatusBar: disable<e i a s b h r c s > disable2<q i n >
01-10 18:43:39.157  1930  1930 D StatusBar: disable<e i a s b h r c s > disable2<q i n >
01-10 18:43:39.199  1930  2242 E EGL_emulation: tid 2242: eglSurfaceAttrib(1493): error 0x3009 (EGL_BAD_MATCH)
01-10 18:43:39.199  1930  2242 W OpenGLRenderer: Failed to set EGL_SWAP_BEHAVIOR on surface 0x7fff6baed800, error=EGL_BAD_MATCH
01-10 18:43:43.105  2259  2259 D BoundBrokerSvc: onRebind: Intent { act=com.google.android.gms.libs.gmscorelogger.service.START dat=chimera-action: cmp=com.google.android.gms/.chimera.PersistentDirectBootAwareApiService }
01-10 18:43:43.343  2417  2417 D BoundBrokerSvc: onUnbind: Intent { act=com.google.android.gms.measurement.START pkg=com.google.android.gms }
01-10 18:43:58.158  2259  2259 D BoundBrokerSvc: onUnbind: Intent { act=com.google.android.gms.libs.gmscorelogger.service.START dat=chimera-action: cmp=com.google.android.gms/.chimera.PersistentDirectBootAwareApiService }
01-10 18:44:00.009  1543  1605 D EmuHWC2 : sent 30 syncs in 60s
01-10 18:44:01.452  1592  1592 W wificond: Scan already started
01-10 18:44:01.485  9716  9716 W fb4a.AppComponentFactory: Instantiating Service
01-10 18:44:01.498  9716  9716 E fb4a.SlowAppComponent: 0ms: LollipopUploadService instantiating
01-10 18:44:01.498  9716  9716 E fb4a.SlowAppComponent: Main thread was blocked for 22ms in the background starting with LollipopUploadService
01-10 18:44:01.508  1551  1551 D sensor_hal: sensor_device_default_flush handle=0
01-10 18:44:02.454  1759  2071 D WificondControl: Scan result ready event
01-10 18:44:03.053  1551  1551 D sensor_hal: cb_setDelay handle=0 delay-ns=200000000
01-10 18:44:03.065  2259  3572 I ActivityScheduler: nextTriggerTime: 15461053, in 235299ms, detectorType: 39, FULL_TYPE alarmWindowMillis: 30000
01-10 18:44:03.174  1759  1780 W System  : A resource failed to call close. 
01-10 18:44:03.175  1759  1780 I chatty  : uid=1000(system) FinalizerDaemon identical 39 lines
01-10 18:44:03.175  1759  1780 W System  : A resource failed to call close. 
01-10 18:44:20.859  1546  1546 I health@2.0-serv: type=1400 audit(0.0:2057): avc: denied { read } for name="present" dev="sysfs" ino=6606 scontext=u:r:init:s0 tcontext=u:object_r:sysfs:s0 tclass=file permissive=1
01-10 18:44:20.859  1546  1546 I health@2.0-serv: type=1400 audit(0.0:2057): avc: denied { open } for path="/sys/devices/LNXSYSTM:00/LNXSYBUS:00/PNP0A03:00/PNP0C0A:00/power_supply/BAT0/present" dev="sysfs" ino=6606 scontext=u:r:init:s0 tcontext=u:object_r:sysfs:s0 tclass=file permissive=1
01-10 18:44:20.859  1546  1546 W health@2.0-serv: type=1300 audit(0.0:2057): arch=c000003e syscall=257 success=yes exit=9 a0=ffffff9c a1=7ffff72283f0 a2=a0000 a3=0 items=0 ppid=1 auid=4294967295 uid=1000 gid=1000 euid=1000 suid=1000 fsuid=1000 egid=1000 sgid=1000 fsgid=1000 tty=(none) ses=4294967295 exe="/system/vendor/bin/hw/android.hardware.health@2.0-service.default" subj=u:r:init:s0 key=(null)
01-10 18:44:20.859  1359  1359 W auditd  : type=1327 audit(0.0:2057): proctitle="/vendor/bin/hw/android.hardware.health@2.0-service.default"
01-10 18:44:20.859  1359  1359 W auditd  : type=1320 audit(0.0:2057): 
01-10 18:44:20.859  1546  1546 I health@2.0-serv: type=1400 audit(0.0:2058): avc: denied { call } for scontext=u:r:init:s0 tcontext=u:r:storaged:s0 tclass=binder permissive=1
01-10 18:44:20.859  1546  1546 W health@2.0-serv: type=1300 audit(0.0:2058): arch=c000003e syscall=16 success=yes exit=0 a0=5 a1=c0306201 a2=7fffffffe150 a3=2 items=0 ppid=1 auid=4294967295 uid=1000 gid=1000 euid=1000 suid=1000 fsuid=1000 egid=1000 sgid=1000 fsgid=1000 tty=(none) ses=4294967295 exe="/system/vendor/bin/hw/android.hardware.health@2.0-service.default" subj=u:r:init:s0 key=(null)
01-10 18:44:20.859  1359  1359 W auditd  : type=1327 audit(0.0:2058): proctitle="/vendor/bin/hw/android.hardware.health@2.0-service.default"
01-10 18:44:34.591  1591  1651 E storaged: getDiskStats failed with result NOT_SUPPORTED and size 0
01-10 18:44:52.743  1759  1780 W System  : A resource failed to call close. 
01-10 18:44:52.744  1759  1780 I chatty  : uid=1000(system) FinalizerDaemon identical 44 lines
01-10 18:44:52.744  1759  1780 W System  : A resource failed to call close. 
01-10 18:45:00.025  1543  1605 D EmuHWC2 : sent 12 syncs in 60s
01-10 18:45:34.635  1591  1651 E storaged: getDiskStats failed with result NOT_SUPPORTED and size 0
01-10 18:45:34.802  1532  2204 I dual_mode_controller: Command opcode: 0x2018, OGF: 0x0008, OCF: 0x0018
01-10 18:45:34.796  1922  1922 I hci_thread: type=1400 audit(0.0:2059): avc: denied { call } for scontext=u:r:bluetooth:s0 tcontext=u:r:init:s0 tclass=binder permissive=1
01-10 18:45:34.809  1532  2204 I dual_mode_controller: Command opcode: 0x2005, OGF: 0x0008, OCF: 0x0005
01-10 18:45:34.810  1532  2204 I dual_mode_controller: Controller performing command: LE SetRandomAddress
01-10 18:45:34.796  1359  1359 W auditd  : type=1327 audit(0.0:2059): proctitle="com.android.bluetooth"
01-10 18:45:34.799  1532  1532 I bluetooth@1.0-s: type=1400 audit(0.0:2060): avc: denied { call } for scontext=u:r:init:s0 tcontext=u:r:bluetooth:s0 tclass=binder permissive=1
01-10 18:45:43.746  1759  1780 W System  : A resource failed to call close. 
01-10 18:45:43.746  1759  1780 I chatty  : uid=1000(system) FinalizerDaemon identical 40 lines
01-10 18:45:43.746  1759  1780 W System  : A resource failed to call close. 
01-10 18:46:00.008  1543  1605 D EmuHWC2 : sent 12 syncs in 60s
01-10 18:46:28.950  1759  1780 W System  : A resource failed to call close. 
01-10 18:46:34.664  1591  1651 E storaged: getDiskStats failed with result NOT_SUPPORTED and size 0
01-10 18:46:28.950  1759  1780 I chatty  : uid=1000(system) FinalizerDaemon identical 45 lines
01-10 18:46:28.950  1759  1780 W System  : A resource failed to call close. 
01-10 18:46:39.470  2259 10204 I .gms.persisten: Explicit concurrent copying GC freed 31281(1480KB) AllocSpace objects, 1(20KB) LOS objects, 50% free, 8MB/17MB, paused 97us total 63.199ms
01-10 18:46:45.949  2417  9498 I gle.android.gm: Explicit concurrent copying GC freed 12017(841KB) AllocSpace objects, 2(40KB) LOS objects, 24% free, 13MB/17MB, paused 58us total 53.226ms
01-10 18:47:00.003  1759  1792 E memtrack: Couldn't load memtrack module
01-10 18:47:00.003  1759  1792 W android.os.Debug: failed to get memory consumption info: -1
01-10 18:47:00.009  1543  1605 D EmuHWC2 : sent 12 syncs in 60s
01-10 18:47:29.064  1759  1780 W System  : A resource failed to call close. 
01-10 18:47:34.665  1591  1651 E storaged: getDiskStats failed with result NOT_SUPPORTED and size 0
01-10 18:47:58.366  1592  1592 W wificond: Scan already started
01-10 18:47:29.064  1759  1780 I chatty  : uid=1000(system) FinalizerDaemon identical 39 lines
01-10 18:47:29.064  1759  1780 W System  : A resource failed to call close. 
01-10 18:47:58.413  1551  1841 D sensor_hal: sensor_device_default_flush handle=0
01-10 18:47:59.367  1759  2496 D WificondControl: Scan result ready event
01-10 18:47:59.952  1551  1841 D sensor_hal: cb_setDelay handle=0 delay-ns=200000000
01-10 18:47:59.953  2259  3572 I ActivityScheduler: nextTriggerTime: 15697944, in 235300ms, detectorType: 39, FULL_TYPE alarmWindowMillis: 30000
01-10 18:47:59.962  2259  2259 D BoundBrokerSvc: onRebind: Intent { act=com.google.android.gms.common.telemetry.service.START dat=chimera-action: cmp=com.google.android.gms/.chimera.PersistentApiService }
01-10 18:48:00.009  1543  1605 D EmuHWC2 : sent 12 syncs in 60s
01-10 18:48:05.007  2259  2259 D BoundBrokerSvc: onUnbind: Intent { act=com.google.android.gms.common.telemetry.service.START dat=chimera-action: cmp=com.google.android.gms/.chimera.PersistentApiService }
01-10 18:48:23.235  2259 10204 I AlarmManager: setExactAndAllowWhileIdle [name: GCM_HB_ALARM type: 2 triggerAtMillis: 15845926]
01-10 18:48:23.236  2259 10204 I AlarmManager: setExactAndAllowWhileIdle [name: GCM_HB_ALARM type: 2 triggerAtMillis: 15845927]
01-10 18:48:23.306  1759  1780 W System  : A resource failed to call close. 
01-10 18:48:34.683  1591  1651 E storaged: getDiskStats failed with result NOT_SUPPORTED and size 0
01-10 18:48:23.306  1759  1780 I chatty  : uid=1000(system) FinalizerDaemon identical 45 lines
01-10 18:48:23.306  1759  1780 W System  : A resource failed to call close. 
01-10 18:49:00.025  1543  1605 D EmuHWC2 : sent 18 syncs in 60s
01-10 18:49:21.030  1759  1780 W System  : A resource failed to call close. 
01-10 18:49:34.746  1591  1651 E storaged: getDiskStats failed with result NOT_SUPPORTED and size 0
01-10 18:49:21.030  1759  1780 I chatty  : uid=1000(system) FinalizerDaemon identical 47 lines
01-10 18:49:21.030  1759  1780 W System  : A resource failed to call close. 
01-10 18:50:00.025  1543  1605 D EmuHWC2 : sent 12 syncs in 60s
01-10 18:50:09.616  1759  1780 W System  : A resource failed to call close. 
01-10 18:50:34.767  1591  1651 E storaged: getDiskStats failed with result NOT_SUPPORTED and size 0
01-10 18:50:09.616  1759  1780 I chatty  : uid=1000(system) FinalizerDaemon identical 43 lines
01-10 18:50:09.616  1759  1780 W System  : A resource failed to call close. 
01-10 18:50:42.061  8427  8443 I Finsky:background: [310] myo.run(353): Stats for Executor: bgExecutor ozi@4b80b38[Running, pool size = 1, active threads = 0, queued tasks = 0, completed tasks = 1]
01-10 18:50:42.062  8427  8443 I Finsky:background: [310] myo.run(353): Stats for Executor: LightweightExecutor ozi@b180711[Running, pool size = 0, active threads = 0, queued tasks = 0, completed tasks = 0]
01-10 18:51:00.008  1543  1605 D EmuHWC2 : sent 12 syncs in 60s
01-10 18:51:00.093  1759  1792 I UsageStatsService: User[0] Flushing usage stats to disk
01-10 18:51:09.850  1759  1780 W System  : A resource failed to call close. 
01-10 18:51:09.850  1759  1780 I chatty  : uid=1000(system) FinalizerDaemon identical 34 lines
01-10 18:51:09.850  1759  1780 W System  : A resource failed to call close. 
01-10 18:51:19.224  1534  1534 V QCamera_Camera: getCameraInfo
01-10 18:51:19.225  1534  1534 V QCamera_BaseCamera: getCameraInfo
01-10 18:51:19.248  1534  1534 V QCamera_Camera: getCameraInfo
01-10 18:51:19.248  1534  1534 V QCamera_BaseCamera: getCameraInfo
01-10 18:51:34.770  1591  1651 E storaged: getDiskStats failed with result NOT_SUPPORTED and size 0
01-10 18:51:45.024  1759  1780 W System  : A resource failed to call close. 
01-10 18:51:55.256  1592  1592 W wificond: Scan already started
01-10 18:51:45.024  1759  1780 I chatty  : uid=1000(system) FinalizerDaemon identical 38 lines
01-10 18:51:45.024  1759  1780 W System  : A resource failed to call close. 
01-10 18:51:55.302  1551  1841 D sensor_hal: sensor_device_default_flush handle=0
01-10 18:51:56.259  1759  2959 D WificondControl: Scan result ready event
01-10 18:51:56.846  1551  1841 D sensor_hal: cb_setDelay handle=0 delay-ns=200000000
01-10 18:51:56.847  2259  3572 I ActivityScheduler: nextTriggerTime: 15934838, in 235300ms, detectorType: 39, FULL_TYPE alarmWindowMillis: 30000
01-10 18:51:58.039  2866  2886 I Finsky  : [93] myo.run(353): Stats for Executor: BlockingExecutor ozi@f3a7cbb[Running, pool size = 0, active threads = 0, queued tasks = 0, completed tasks = 281]
01-10 18:51:58.040  2866  2886 I Finsky  : [93] myo.run(353): Stats for Executor: LightweightExecutor ozi@18a45d8[Running, pool size = 3, active threads = 0, queued tasks = 0, completed tasks = 1404]
01-10 18:51:58.040  2866  2886 I Finsky  : [93] myo.run(353): Stats for Executor: bgExecutor ozi@637bd31[Running, pool size = 4, active threads = 0, queued tasks = 0, completed tasks = 4902]
01-10 18:52:00.008  1543  1605 D EmuHWC2 : sent 18 syncs in 60s
01-10 18:52:25.131  1759  1780 W System  : A resource failed to call close. 
01-10 18:52:34.777  1591  1651 E storaged: getDiskStats failed with result NOT_SUPPORTED and size 0
01-10 18:52:25.131  1759  1780 I chatty  : uid=1000(system) FinalizerDaemon identical 42 lines
01-10 18:52:25.131  1759  1780 W System  : A resource failed to call close. 
01-10 18:53:00.025  1543  1605 D EmuHWC2 : sent 12 syncs in 60s
01-10 18:53:13.774  2259 10204 I AlarmManager: setExactAndAllowWhileIdle [name: GCM_HB_ALARM type: 2 triggerAtMillis: 16196465]
01-10 18:53:13.776  2259 10204 I AlarmManager: setExactAndAllowWhileIdle [name: GCM_HB_ALARM type: 2 triggerAtMillis: 16196466]
01-10 18:53:13.814  1759  1782 I system_server: Background concurrent copying GC freed 417538(14MB) AllocSpace objects, 45(900KB) LOS objects, 42% free, 19MB/34MB, paused 2.243ms total 145.488ms
01-10 18:53:13.882  1759  1780 W System  : A resource failed to call close. 
01-10 18:53:34.777  1591  1651 E storaged: getDiskStats failed with result NOT_SUPPORTED and size 0
01-10 18:53:13.882  1759  1780 I chatty  : uid=1000(system) FinalizerDaemon identical 43 lines
01-10 18:53:13.882  1759  1780 W System  : A resource failed to call close. 
01-10 18:54:00.010  1759  1792 E memtrack: Couldn't load memtrack module
01-10 18:54:00.010  1759  1792 W android.os.Debug: failed to get memory consumption info: -1
01-10 18:54:00.025  1543  1605 D EmuHWC2 : sent 12 syncs in 60s
01-10 18:54:10.580  1759  1780 W System  : A resource failed to call close. 
01-10 18:54:34.787  1591  1651 E storaged: getDiskStats failed with result NOT_SUPPORTED and size 0
01-10 18:54:10.581  1759  1780 I chatty  : uid=1000(system) FinalizerDaemon identical 45 lines
01-10 18:54:10.581  1759  1780 W System  : A resource failed to call close. 
01-10 18:54:39.586  2259 10272 I .gms.persisten: Explicit concurrent copying GC freed 7959(513KB) AllocSpace objects, 2(40KB) LOS objects, 49% free, 8MB/17MB, paused 36us total 42.838ms
01-10 18:54:46.048  2417  9498 I gle.android.gm: Explicit concurrent copying GC freed 3449(227KB) AllocSpace objects, 2(40KB) LOS objects, 25% free, 13MB/17MB, paused 47us total 57.202ms
01-10 18:55:00.008  1543  1605 D EmuHWC2 : sent 12 syncs in 60s
01-10 18:55:10.893  1759  1780 W System  : A resource failed to call close. 
01-10 18:55:10.893  1759  1780 I chatty  : uid=1000(system) FinalizerDaemon identical 43 lines
01-10 18:55:10.893  1759  1780 W System  : A resource failed to call close. 
01-10 18:55:25.202  2533  2533 I Thread-3: type=1400 audit(0.0:2061): avc: denied { ioctl } for path="/dev/fastpipe" dev="tmpfs" ino=6206 ioctlcmd=6865 scontext=u:r:system_app:s0 tcontext=u:object_r:device:s0 tclass=chr_file permissive=1
01-10 18:55:25.756  1567  1567 I ldinit  : type=1400 audit(0.0:2062): avc: denied { read } for name="partitions" dev="proc" ino=4026532050 scontext=u:r:ldinit:s0 tcontext=u:object_r:proc:s0 tclass=file permissive=1
01-10 18:55:29.479  1759  1759 I system_server: type=1400 audit(0.0:2064): avc: denied { ioctl } for path="/dev/fastpipe" dev="tmpfs" ino=6206 ioctlcmd=6865 scontext=u:r:system_server:s0 tcontext=u:object_r:device:s0 tclass=chr_file permissive=1
01-10 18:55:29.486  1759  1759 I InputDispatcher: type=1400 audit(0.0:2065): avc: denied { call } for scontext=u:r:system_server:s0 tcontext=u:r:init:s0 tclass=binder permissive=1
01-10 18:55:29.630  1759  2959 I ActivityManager: START u0 {act=android.intent.action.MAIN cat=[android.intent.category.LAUNCHER] flg=0x10200000 cmp=com.habittracker/.MainActivity bnds=[469,148][690,320] (has extras)} from uid 10044
01-10 18:55:29.743  2533  2533 W ContextImpl: Calling a method in the system process without a qualified user: android.app.ContextImpl.startService:1531 android.content.ContextWrapper.startService:664 android.content.ContextWrapper.startService:664 com.android.coreservice.CoreBroadcastReceiver.onReceive:44 android.app.ActivityThread.handleReceiver:3424 
01-10 18:55:29.750  1759  1793 W BroadcastQueue: Permission Denial: receiving Intent { act=com.android.launcher3.action.LAUNCH flg=0x10 (has extras) } to ProcessRecord{30be098 2259:com.google.android.gms.persistent/u0a24} (pid=2259, uid=10024) requires com.android.launcher3.permission.RECEIVE_LAUNCH_BROADCASTS due to sender com.ldmnq.launcher3 (uid 10044)
01-10 18:55:29.753  1759  2959 W BroadcastQueue: Permission Denial: receiving Intent { act=com.android.launcher3.action.LAUNCH flg=0x10 (has extras) } to com.google.android.gms/.chimera.GmsIntentOperationService$GmsExternalReceiver requires com.android.launcher3.permission.RECEIVE_LAUNCH_BROADCASTS due to sender com.ldmnq.launcher3 (uid 10044)
01-10 18:55:29.814 10045 10045 W ActivityThread: handleWindowVisibility: no activity for token android.os.BinderProxy@b180711
01-10 18:55:29.918  8477  9091 D AppStartReceiver: onReceive, action = com.ldmnq.APP_START, extras = Bundle[{packageName=com.habittracker}]
01-10 18:55:30.104  1930  1978 W ziparchive: Unable to open '/data/app/com.habittracker-P3SKp6V_Rxf_C6fA0bk3Ww==/base.apk': No such file or directory
01-10 18:55:30.105  1930  1978 E ndroid.systemu: Failed to open APK '/data/app/com.habittracker-P3SKp6V_Rxf_C6fA0bk3Ww==/base.apk' I/O error
01-10 18:55:30.105  1930  1978 E ResourcesManager: failed to add asset path /data/app/com.habittracker-P3SKp6V_Rxf_C6fA0bk3Ww==/base.apk
01-10 18:55:30.106  1930  1978 W PackageManager: Failure retrieving resources for com.habittracker
01-10 18:55:30.106  1930  1978 W ziparchive: Unable to open '/data/app/com.habittracker-P3SKp6V_Rxf_C6fA0bk3Ww==/base.apk': No such file or directory
01-10 18:55:30.106  1930  1978 E ndroid.systemu: Failed to open APK '/data/app/com.habittracker-P3SKp6V_Rxf_C6fA0bk3Ww==/base.apk' I/O error
01-10 18:55:30.106  1930  1978 E ResourcesManager: failed to add asset path /data/app/com.habittracker-P3SKp6V_Rxf_C6fA0bk3Ww==/base.apk
01-10 18:55:30.107  1930  1978 W PackageManager: Failure retrieving resources for com.habittracker
01-10 18:55:30.107  1930  1978 W ziparchive: Unable to open '/data/app/com.habittracker-P3SKp6V_Rxf_C6fA0bk3Ww==/base.apk': No such file or directory
01-10 18:55:30.107  1930  1978 E ndroid.systemu: Failed to open APK '/data/app/com.habittracker-P3SKp6V_Rxf_C6fA0bk3Ww==/base.apk' I/O error
01-10 18:55:30.107  1930  1978 E ResourcesManager: failed to add asset path /data/app/com.habittracker-P3SKp6V_Rxf_C6fA0bk3Ww==/base.apk
01-10 18:55:30.107  1930  1978 W PackageManager: Failure retrieving resources for com.habittracker
01-10 18:55:30.140  2417  2417 D BoundBrokerSvc: onBind: Intent { act=com.google.android.gms.measurement.START pkg=com.google.android.gms }
01-10 18:55:30.140  2417  2417 D BoundBrokerSvc: Loading bound service for intent: Intent { act=com.google.android.gms.measurement.START pkg=com.google.android.gms }
01-10 18:55:30.205 10045 10045 D OpenGLRenderer: Skia GL Pipeline
01-10 18:55:30.205  2533  2533 W ContextImpl: Calling a method in the system process without a qualified user: android.app.ContextImpl.startService:1531 android.content.ContextWrapper.startService:664 android.content.ContextWrapper.startService:664 com.android.coreservice.CoreBroadcastReceiver.onReceive:53 android.app.ActivityThread.handleReceiver:3424 
01-10 18:55:30.239  2417 10293 D AdvertisingIdClient: AdvertisingIdClient already created.
01-10 18:55:30.239  2417 10293 D AdvertisingIdClient: AdvertisingIdClient is not bounded. Starting to bind it...
01-10 18:55:30.251  2417 10293 D AdvertisingIdClient: AdvertisingIdClient is bounded
01-10 18:55:30.267  2417 10293 I AdvertisingIdClient: shouldSendLog 14545417
01-10 18:55:30.267  2417 10293 I AdvertisingIdClient: GetInfoInternal elapse 28ms
01-10 18:55:30.279  2259  2259 D BoundBrokerSvc: onRebind: Intent { act=com.google.android.gms.presencemanager.service.START dat=chimera-action: cmp=com.google.android.gms/.chimera.PersistentApiService }
01-10 18:55:30.284  2259  2259 D BoundBrokerSvc: onRebind: Intent { act=com.google.android.gms.presencemanager.service.INTERNAL_IDENTITY dat=chimera-action: cmp=com.google.android.gms/.chimera.PersistentApiService }
01-10 18:55:30.320 10045 10045 I om.habittracke: Rejecting re-init on previously-failed class java.lang.Class<androidx.compose.ui.platform.AndroidComposeView$AndroidComposeViewTranslationCallback>: java.lang.NoClassDefFoundError: Failed resolution of: Landroid/view/translation/ViewTranslationCallback;
01-10 18:55:30.320 10045 10045 I om.habittracke:   at androidx.compose.runtime.Composition androidx.compose.ui.platform.Wrapper_androidKt.setContent(androidx.compose.ui.platform.AbstractComposeView, androidx.compose.runtime.CompositionContext, kotlin.jvm.functions.Function2) (Wrapper.android.kt:77)
01-10 18:55:30.320 10045 10045 I om.habittracke:   at void androidx.compose.ui.platform.AbstractComposeView.ensureCompositionCreated() (ComposeView.android.kt:251)
01-10 18:55:30.320 10045 10045 I om.habittracke:   at void androidx.compose.ui.platform.AbstractComposeView.onAttachedToWindow() (ComposeView.android.kt:283)
01-10 18:55:30.320 10045 10045 I om.habittracke:   at void android.view.View.dispatchAttachedToWindow(android.view.View$AttachInfo, int) (View.java:18361)
01-10 18:55:30.320 10045 10045 I om.habittracke:   at void android.view.ViewGroup.dispatchAttachedToWindow(android.view.View$AttachInfo, int) (ViewGroup.java:3429)
01-10 18:55:30.320 10045 10045 I om.habittracke:   at void android.view.ViewGroup.dispatchAttachedToWindow(android.view.View$AttachInfo, int) (ViewGroup.java:3436)
01-10 18:55:30.320 10045 10045 I chatty  : uid=10061(com.habittracker) identical 1 line
01-10 18:55:30.320 10045 10045 I om.habittracke:   at void android.view.ViewGroup.dispatchAttachedToWindow(android.view.View$AttachInfo, int) (ViewGroup.java:3436)
01-10 18:55:30.320 10045 10045 I om.habittracke:   at void android.view.ViewRootImpl.performTraversals() (ViewRootImpl.java:1764)
01-10 18:55:30.320 10045 10045 I om.habittracke:   at void android.view.ViewRootImpl.doTraversal() (ViewRootImpl.java:1463)
01-10 18:55:30.320 10045 10045 I om.habittracke:   at void android.view.ViewRootImpl$TraversalRunnable.run() (ViewRootImpl.java:7190)
01-10 18:55:30.320 10045 10045 I om.habittracke:   at void android.view.Choreographer$CallbackRecord.run(long) (Choreographer.java:949)
01-10 18:55:30.320 10045 10045 I om.habittracke:   at void android.view.Choreographer.doCallbacks(int, long) (Choreographer.java:761)
01-10 18:55:30.320 10045 10045 I om.habittracke:   at void android.view.Choreographer.doFrame(long, int) (Choreographer.java:696)
01-10 18:55:30.320 10045 10045 I om.habittracke:   at void android.view.Choreographer$FrameDisplayEventReceiver.run() (Choreographer.java:935)
01-10 18:55:30.320 10045 10045 I om.habittracke:   at void android.os.Handler.handleCallback(android.os.Message) (Handler.java:873)
01-10 18:55:30.320 10045 10045 I om.habittracke:   at void android.os.Handler.dispatchMessage(android.os.Message) (Handler.java:99)
01-10 18:55:30.320 10045 10045 I om.habittracke:   at void android.os.Looper.loop() (Looper.java:193)
01-10 18:55:30.320 10045 10045 I om.habittracke:   at void android.app.ActivityThread.main(java.lang.String[]) (ActivityThread.java:6840)
01-10 18:55:30.320 10045 10045 I om.habittracke:   at java.lang.Object java.lang.reflect.Method.invoke(java.lang.Object, java.lang.Object[]) (Method.java:-2)
01-10 18:55:30.320 10045 10045 I om.habittracke:   at void com.android.internal.os.RuntimeInit$MethodAndArgsCaller.run() (RuntimeInit.java:493)
01-10 18:55:30.320 10045 10045 I om.habittracke:   at void com.android.internal.os.ZygoteInit.main(java.lang.String[]) (ZygoteInit.java:860)
01-10 18:55:30.320 10045 10045 I om.habittracke: Caused by: java.lang.ClassNotFoundException: Didn't find class "android.view.translation.ViewTranslationCallback" on path: DexPathList[[zip file "/data/app/com.habittracker-fEUi4L5V2H7kYUDdl2TGYw==/base.apk"],nativeLibraryDirectories=[/data/app/com.habittracker-fEUi4L5V2H7kYUDdl2TGYw==/lib/x86_64, /system/lib64, /system/vendor/lib64]]
01-10 18:55:30.320 10045 10045 I om.habittracke:   at java.lang.Class dalvik.system.BaseDexClassLoader.findClass(java.lang.String) (BaseDexClassLoader.java:134)
01-10 18:55:30.320 10045 10045 I om.habittracke:   at java.lang.Class java.lang.ClassLoader.loadClass(java.lang.String, boolean) (ClassLoader.java:379)
01-10 18:55:30.320 10045 10045 I om.habittracke:   at java.lang.Class java.lang.ClassLoader.loadClass(java.lang.String) (ClassLoader.java:312)
01-10 18:55:30.320 10045 10045 I om.habittracke:   at androidx.compose.runtime.Composition androidx.compose.ui.platform.Wrapper_androidKt.setContent(androidx.compose.ui.platform.AbstractComposeView, androidx.compose.runtime.CompositionContext, kotlin.jvm.functions.Function2) (Wrapper.android.kt:77)
01-10 18:55:30.320 10045 10045 I om.habittracke:   at void androidx.compose.ui.platform.AbstractComposeView.ensureCompositionCreated() (ComposeView.android.kt:251)
01-10 18:55:30.320 10045 10045 I om.habittracke:   at void androidx.compose.ui.platform.AbstractComposeView.onAttachedToWindow() (ComposeView.android.kt:283)
01-10 18:55:30.320 10045 10045 I om.habittracke:   at void android.view.View.dispatchAttachedToWindow(android.view.View$AttachInfo, int) (View.java:18361)
01-10 18:55:30.320 10045 10045 I om.habittracke:   at void android.view.ViewGroup.dispatchAttachedToWindow(android.view.View$AttachInfo, int) (ViewGroup.java:3429)
01-10 18:55:30.320 10045 10045 I om.habittracke:   at void android.view.ViewGroup.dispatchAttachedToWindow(android.view.View$AttachInfo, int) (ViewGroup.java:3436)
01-10 18:55:30.320 10045 10045 I chatty  : uid=10061(com.habittracker) identical 1 line
01-10 18:55:30.320 10045 10045 I om.habittracke:   at void android.view.ViewGroup.dispatchAttachedToWindow(android.view.View$AttachInfo, int) (ViewGroup.java:3436)
01-10 18:55:30.320 10045 10045 I om.habittracke:   at void android.view.ViewRootImpl.performTraversals() (ViewRootImpl.java:1764)
01-10 18:55:30.320 10045 10045 I om.habittracke:   at void android.view.ViewRootImpl.doTraversal() (ViewRootImpl.java:1463)
01-10 18:55:30.320 10045 10045 I om.habittracke:   at void android.view.ViewRootImpl$TraversalRunnable.run() (ViewRootImpl.java:7190)
01-10 18:55:30.320 10045 10045 I om.habittracke:   at void android.view.Choreographer$CallbackRecord.run(long) (Choreographer.java:949)
01-10 18:55:30.320 10045 10045 I om.habittracke:   at void android.view.Choreographer.doCallbacks(int, long) (Choreographer.java:761)
01-10 18:55:30.320 10045 10045 I om.habittracke:   at void android.view.Choreographer.doFrame(long, int) (Choreographer.java:696)
01-10 18:55:30.320 10045 10045 I om.habittracke:   at void android.view.Choreographer$FrameDisplayEventReceiver.run() (Choreographer.java:935)
01-10 18:55:30.320 10045 10045 I om.habittracke:   at void android.os.Handler.handleCallback(android.os.Message) (Handler.java:873)
01-10 18:55:30.320 10045 10045 I om.habittracke:   at void android.os.Handler.dispatchMessage(android.os.Message) (Handler.java:99)
01-10 18:55:30.320 10045 10045 I om.habittracke:   at void android.os.Looper.loop() (Looper.java:193)
01-10 18:55:30.320 10045 10045 I om.habittracke:   at void android.app.ActivityThread.main(java.lang.String[]) (ActivityThread.java:6840)
01-10 18:55:30.320 10045 10045 I om.habittracke:   at java.lang.Object java.lang.reflect.Method.invoke(java.lang.Object, java.lang.Object[]) (Method.java:-2)
01-10 18:55:30.320 10045 10045 I om.habittracke:   at void com.android.internal.os.RuntimeInit$MethodAndArgsCaller.run() (RuntimeInit.java:493)
01-10 18:55:30.320 10045 10045 I om.habittracke:   at void com.android.internal.os.ZygoteInit.main(java.lang.String[]) (ZygoteInit.java:860)
01-10 18:55:30.320 10045 10045 I om.habittracke: 
01-10 18:55:30.320 10045 10045 I om.habittracke: Rejecting re-init on previously-failed class java.lang.Class<androidx.compose.ui.platform.AndroidComposeView$AndroidComposeViewTranslationCallback>: java.lang.NoClassDefFoundError: Failed resolution of: Landroid/view/translation/ViewTranslationCallback;
01-10 18:55:30.320 10045 10045 I om.habittracke:   at androidx.compose.runtime.Composition androidx.compose.ui.platform.Wrapper_androidKt.setContent(androidx.compose.ui.platform.AbstractComposeView, androidx.compose.runtime.CompositionContext, kotlin.jvm.functions.Function2) (Wrapper.android.kt:77)
01-10 18:55:30.320 10045 10045 I om.habittracke:   at void androidx.compose.ui.platform.AbstractComposeView.ensureCompositionCreated() (ComposeView.android.kt:251)
01-10 18:55:30.320 10045 10045 I om.habittracke:   at void androidx.compose.ui.platform.AbstractComposeView.onAttachedToWindow() (ComposeView.android.kt:283)
01-10 18:55:30.320 10045 10045 I om.habittracke:   at void android.view.View.dispatchAttachedToWindow(android.view.View$AttachInfo, int) (View.java:18361)
01-10 18:55:30.320 10045 10045 I om.habittracke:   at void android.view.ViewGroup.dispatchAttachedToWindow(android.view.View$AttachInfo, int) (ViewGroup.java:3429)
01-10 18:55:30.320 10045 10045 I om.habittracke:   at void android.view.ViewGroup.dispatchAttachedToWindow(android.view.View$AttachInfo, int) (ViewGroup.java:3436)
01-10 18:55:30.320 10045 10045 I chatty  : uid=10061(com.habittracker) identical 1 line
01-10 18:55:30.320 10045 10045 I om.habittracke:   at void android.view.ViewGroup.dispatchAttachedToWindow(android.view.View$AttachInfo, int) (ViewGroup.java:3436)
01-10 18:55:30.320 10045 10045 I om.habittracke:   at void android.view.ViewRootImpl.performTraversals() (ViewRootImpl.java:1764)
01-10 18:55:30.320 10045 10045 I om.habittracke:   at void android.view.ViewRootImpl.doTraversal() (ViewRootImpl.java:1463)
01-10 18:55:30.320 10045 10045 I om.habittracke:   at void android.view.ViewRootImpl$TraversalRunnable.run() (ViewRootImpl.java:7190)
01-10 18:55:30.320 10045 10045 I om.habittracke:   at void android.view.Choreographer$CallbackRecord.run(long) (Choreographer.java:949)
01-10 18:55:30.320 10045 10045 I om.habittracke:   at void android.view.Choreographer.doCallbacks(int, long) (Choreographer.java:761)
01-10 18:55:30.320 10045 10045 I om.habittracke:   at void android.view.Choreographer.doFrame(long, int) (Choreographer.java:696)
01-10 18:55:30.320 10045 10045 I om.habittracke:   at void android.view.Choreographer$FrameDisplayEventReceiver.run() (Choreographer.java:935)
01-10 18:55:30.320 10045 10045 I om.habittracke:   at void android.os.Handler.handleCallback(android.os.Message) (Handler.java:873)
01-10 18:55:30.320 10045 10045 I om.habittracke:   at void android.os.Handler.dispatchMessage(android.os.Message) (Handler.java:99)
01-10 18:55:30.320 10045 10045 I om.habittracke:   at void android.os.Looper.loop() (Looper.java:193)
01-10 18:55:30.320 10045 10045 I om.habittracke:   at void android.app.ActivityThread.main(java.lang.String[]) (ActivityThread.java:6840)
01-10 18:55:30.320 10045 10045 I om.habittracke:   at java.lang.Object java.lang.reflect.Method.invoke(java.lang.Object, java.lang.Object[]) (Method.java:-2)
01-10 18:55:30.320 10045 10045 I om.habittracke:   at void com.android.internal.os.RuntimeInit$MethodAndArgsCaller.run() (RuntimeInit.java:493)
01-10 18:55:30.320 10045 10045 I om.habittracke:   at void com.android.internal.os.ZygoteInit.main(java.lang.String[]) (ZygoteInit.java:860)
01-10 18:55:30.320 10045 10045 I om.habittracke: Caused by: java.lang.ClassNotFoundException: Didn't find class "android.view.translation.ViewTranslationCallback" on path: DexPathList[[zip file "/data/app/com.habittracker-fEUi4L5V2H7kYUDdl2TGYw==/base.apk"],nativeLibraryDirectories=[/data/app/com.habittracker-fEUi4L5V2H7kYUDdl2TGYw==/lib/x86_64, /system/lib64, /system/vendor/lib64]]
01-10 18:55:30.320 10045 10045 I om.habittracke:   at java.lang.Class dalvik.system.BaseDexClassLoader.findClass(java.lang.String) (BaseDexClassLoader.java:134)
01-10 18:55:30.320 10045 10045 I om.habittracke:   at java.lang.Class java.lang.ClassLoader.loadClass(java.lang.String, boolean) (ClassLoader.java:379)
01-10 18:55:30.320 10045 10045 I om.habittracke:   at java.lang.Class java.lang.ClassLoader.loadClass(java.lang.String) (ClassLoader.java:312)
01-10 18:55:30.320 10045 10045 I om.habittracke:   at androidx.compose.runtime.Composition androidx.compose.ui.platform.Wrapper_androidKt.setContent(androidx.compose.ui.platform.AbstractComposeView, androidx.compose.runtime.CompositionContext, kotlin.jvm.functions.Function2) (Wrapper.android.kt:77)
