01-10 18:31:57.172  9716  9747 W AppInitScheduler|Run:   Finished MobileConfigAdminIdInit in 23ms
01-10 18:31:57.172  9716  9747 W AppInitScheduler|Schedule:   Executing 123:EarlyFetchStartupDestinationAppInit
01-10 18:31:57.172  9716  9747 W AppInitScheduler|Run: Running EarlyFetchStartupDestinationAppInit [*]
01-10 18:31:57.172  9716  9747 W AppInitScheduler|Run:   Finished EarlyFetchStartupDestinationAppInit in 1ms
01-10 18:31:57.172  9716  9747 W AppInitScheduler|Run: Running AddProcessNameToErrorReport
01-10 18:31:57.172  9716  9747 W AppInitScheduler|Run:   Finished AddProcessNameToErrorReport in 0ms
01-10 18:31:57.172  9716  9747 W AppInitScheduler|Run: Running FbMCPPluginInitializer
01-10 18:31:57.180  9716  9748 W AppInitScheduler|Run:   Finished MobileConfigInit in 18ms
01-10 18:31:57.180  9716  9748 W AppInitScheduler|Schedule:   Executing 115:E2EForceMobileConfigFetch
01-10 18:31:57.180  9716  9748 W AppInitScheduler|Schedule:   Executing 134:FdidInitSync
01-10 18:31:57.180  9716  9748 W AppInitScheduler|Schedule:   Executing 325:PrivacyUiiDetectionLogger
01-10 18:31:57.180  9716  9748 W AppInitScheduler|Schedule:   Executing 98:CheckUnstableContentProvider
01-10 18:31:57.180  9716  9748 W AppInitScheduler|Schedule:   Executing 2:AnalyticsInit
01-10 18:31:57.180  9716  9748 W AppInitScheduler|Schedule:   Executing 114:DownloadedFbResources
01-10 18:31:57.180  9716  9748 W AppInitScheduler|Schedule:   Executing 138:FixieNoSync
01-10 18:31:57.180  9716  9748 W AppInitScheduler|Schedule:   Executing 151:INeedInitForSharedPrefsListenerRegister
01-10 18:31:57.180  9716  9748 W AppInitScheduler|Schedule:   Executing 168:InitFury
01-10 18:31:57.180  9716  9748 W AppInitScheduler|Schedule:   Executing 169:InitHelium
01-10 18:31:57.180  9716  9748 W AppInitScheduler|Schedule:   Executing 176:InitMemoryDumpHandler
01-10 18:31:57.180  9716  9748 W AppInitScheduler|Schedule:   Executing 207:LocationRequestDetector
01-10 18:31:57.180  9716  9748 W AppInitScheduler|Schedule:   Executing 360:TabBadgeFetchAppInit
01-10 18:31:57.180  9716  9748 W AppInitScheduler|Schedule:   Executing 383:WarmFacebookEmojiFont
01-10 18:31:57.180  9716  9748 W AppInitScheduler|Run: Running E2EForceMobileConfigFetch [*]
01-10 18:31:57.180  9716  9748 W AppInitScheduler|Run:   Finished E2EForceMobileConfigFetch in 0ms
01-10 18:31:57.180  9716  9748 W AppInitScheduler|Schedule:   Executing 337:RunEarlyInitForActivity
01-10 18:31:57.180  9716  9748 W AppInitScheduler|Run: Running FdidInitSync [*]
01-10 18:31:57.183  9716  9745 W AppInitScheduler|Run:   Finished InitExecutors in 135ms
01-10 18:31:57.183  9716  9745 W AppInitScheduler|Schedule:   Executing 359:StringResourcesDelegate
01-10 18:31:57.183  9716  9745 W AppInitScheduler|Schedule:   Executing 3:AnalyticsLoggerInit
01-10 18:31:57.183  9716  9745 W AppInitScheduler|Schedule:   Executing 339:RunPerfMarkers
01-10 18:31:57.183  9716  9745 W AppInitScheduler|Schedule:   Executing 202:LithoConfiguration
01-10 18:31:57.183  9716  9745 W AppInitScheduler|Schedule:   Executing 118:EagerInitFBTigon
01-10 18:31:57.183  9716  9745 W AppInitScheduler|Schedule:   Executing 354:StartupQPLInit
01-10 18:31:57.183  9716  9745 W AppInitScheduler|Schedule:   Executing 99:ClientCacheEdgeManagerInitializer
01-10 18:31:57.183  9716  9745 W AppInitScheduler|Schedule:   Executing 100:ClientCacheEdgeManagerInitializerUserScoped
01-10 18:31:57.183  9716  9745 W AppInitScheduler|Schedule:   Executing 102:ComposerSavedSessionStoreInitializer
01-10 18:31:57.184  9716  9745 W AppInitScheduler|Schedule:   Executing 107:DgwEarlySyncInitializer
01-10 18:31:57.184  9716  9745 W AppInitScheduler|Schedule:   Executing 124:ErrorReporterSecondaryInit
01-10 18:31:57.184  9716  9745 W AppInitScheduler|Schedule:   Executing 126:Fb4aReactEagerInitHotMCUnpacker
01-10 18:31:57.184  9716  9745 W AppInitScheduler|Schedule:   Executing 130:FbMsysPostBootstrapListenerRegistrarOnAppInit
01-10 18:31:57.184  9716  9745 W AppInitScheduler|Schedule:   Executing 292:NotifyAppStateManagerOnCreateComplete
01-10 18:31:57.184  9716  9745 W AppInitScheduler|Schedule:   Executing 173:InitLacrimaLaterInit
01-10 18:31:57.184  9716  9745 W AppInitScheduler|Schedule:   Executing 192:InitSurfaces
01-10 18:31:57.184  9716  9745 W AppInitScheduler|Schedule:   Executing 297:PendingStoryStoreInitializer
01-10 18:31:57.184  9716  9745 W AppInitScheduler|Schedule:   Executing 210:LongtailVoltronAppInit
01-10 18:31:57.184  9716  9745 W AppInitScheduler|Schedule:   Executing 228:MobileConfigAdminIdLaterInit
01-10 18:31:57.184  9716  9745 W AppInitScheduler|Schedule:   Executing 230:MobileConfigLaterInit
01-10 18:31:57.184  9716  9745 W AppInitScheduler|Schedule:   Executing 233:MobileConfigSessionlessLaterInit
01-10 18:31:57.184  9716  9745 W AppInitScheduler|Run: Running StringResourcesDelegate [*]
01-10 18:31:57.189  9716  9747 W AppInitScheduler|Run:   Finished FbMCPPluginInitializer in 17ms
01-10 18:31:57.189  9716  9747 W AppInitScheduler|Run: Running AnalyticsLoggerInit [*]
01-10 18:31:57.209  9716  9735 W System  : A resource failed to call close. 
01-10 18:31:57.210  9716  9735 W System  : A resource failed to call close. 
01-10 18:31:57.210  9716  9748 W AppInitScheduler|Run:   Finished FdidInitSync in 30ms
01-10 18:31:57.210  9716  9748 W AppInitScheduler|Run: Running RunPerfMarkers [*]
01-10 18:31:57.213  9716  9748 W StartupMetricTracker: Waiting for foreground/background determination...
01-10 18:31:57.234  9716  9745 W FrscLanguagePackLoader: Loading FRSC strings for locale (en)
01-10 18:31:57.234  9716  9745 W AppInitScheduler|Run:   Finished StringResourcesDelegate in 51ms
01-10 18:31:57.234  9716  9745 W AppInitScheduler|Run: Running LithoConfiguration [*]
01-10 18:31:57.238  9716  9748 E AppState: Returning default for firstRunInfo
01-10 18:31:57.238  9716  9748 E AppState: Returning default for firstRunInfo
01-10 18:31:57.238  9716  9748 W AppInitScheduler|Run:   Finished RunPerfMarkers in 28ms
01-10 18:31:57.238  9716  9748 W AppInitScheduler|Run: Running PrivacyUiiDetectionLogger [*]
01-10 18:31:57.240  9716  9776 E QPLProvider: QuickPerformanceLogger instance wasn't installed in provider, returning noop. Please call QuickPerformanceLoggerProvider.setQuickPerformanceLogger() before getting the instance.
01-10 18:31:57.240  9716  9776 E QPLProvider: java.lang.IllegalStateException: No QPL instance provided
01-10 18:31:57.240  9716  9776 E QPLProvider: 	at com.facebook.quicklog.QuickPerformanceLoggerProvider.getQPLInstance(:8)
01-10 18:31:57.240  9716  9776 E QPLProvider: 	at X.URU.AsE(:10)
01-10 18:31:57.240  9716  9776 E QPLProvider: 	at X.URL.Anm(:3)
01-10 18:31:57.240  9716  9776 E QPLProvider: 	at X.1GU.A01(:15)
01-10 18:31:57.240  9716  9776 E QPLProvider: 	at X.1FR.run(:131)
01-10 18:31:57.240  9716  9776 E QPLProvider: QuickPerformanceLogger instance wasn't installed in provider, returning noop. Please call QuickPerformanceLoggerProvider.setQuickPerformanceLogger() before getting the instance.
01-10 18:31:57.240  9716  9776 E QPLProvider: java.lang.IllegalStateException: No QPL instance provided
01-10 18:31:57.240  9716  9776 E QPLProvider: 	at com.facebook.quicklog.QuickPerformanceLoggerProvider.getQPLInstance(:8)
01-10 18:31:57.240  9716  9776 E QPLProvider: 	at X.URU.AsE(:22)
01-10 18:31:57.240  9716  9776 E QPLProvider: 	at X.URL.Anm(:3)
01-10 18:31:57.240  9716  9776 E QPLProvider: 	at X.1GU.A01(:15)
01-10 18:31:57.240  9716  9776 E QPLProvider: 	at X.1FR.run(:131)
01-10 18:31:57.240  9716  9776 E QPLProvider: QuickPerformanceLogger instance wasn't installed in provider, returning noop. Please call QuickPerformanceLoggerProvider.setQuickPerformanceLogger() before getting the instance.
01-10 18:31:57.240  9716  9776 E QPLProvider: java.lang.IllegalStateException: No QPL instance provided
01-10 18:31:57.240  9716  9776 E QPLProvider: 	at com.facebook.quicklog.QuickPerformanceLoggerProvider.getQPLInstance(:8)
01-10 18:31:57.240  9716  9776 E QPLProvider: 	at X.URU.AsE(:33)
01-10 18:31:57.240  9716  9776 E QPLProvider: 	at X.URL.Anm(:3)
01-10 18:31:57.240  9716  9776 E QPLProvider: 	at X.1GU.A01(:15)
01-10 18:31:57.240  9716  9776 E QPLProvider: 	at X.1FR.run(:131)
01-10 18:31:57.240  9716  9776 E QPLProvider: QuickPerformanceLogger instance wasn't installed in provider, returning noop. Please call QuickPerformanceLoggerProvider.setQuickPerformanceLogger() before getting the instance.
01-10 18:31:57.240  9716  9776 E QPLProvider: java.lang.IllegalStateException: No QPL instance provided
01-10 18:31:57.240  9716  9776 E QPLProvider: 	at com.facebook.quicklog.QuickPerformanceLoggerProvider.getQPLInstance(:8)
01-10 18:31:57.240  9716  9776 E QPLProvider: 	at X.URL.AsE(:12)
01-10 18:31:57.240  9716  9776 E QPLProvider: 	at X.URU.AsE(:44)
01-10 18:31:57.240  9716  9776 E QPLProvider: 	at X.URL.Anm(:3)
01-10 18:31:57.240  9716  9776 E QPLProvider: 	at X.1GU.A01(:15)
01-10 18:31:57.240  9716  9776 E QPLProvider: 	at X.1FR.run(:131)
01-10 18:31:57.240  9716  9776 E QPLProvider: QuickPerformanceLogger instance wasn't installed in provider, returning noop. Please call QuickPerformanceLoggerProvider.setQuickPerformanceLogger() before getting the instance.
01-10 18:31:57.240  9716  9776 E QPLProvider: java.lang.IllegalStateException: No QPL instance provided
01-10 18:31:57.240  9716  9776 E QPLProvider: 	at com.facebook.quicklog.QuickPerformanceLoggerProvider.getQPLInstance(:8)
01-10 18:31:57.240  9716  9776 E QPLProvider: 	at X.URL.AsE(:24)
01-10 18:31:57.240  9716  9776 E QPLProvider: 	at X.URU.AsE(:44)
01-10 18:31:57.240  9716  9776 E QPLProvider: 	at X.URL.Anm(:3)
01-10 18:31:57.240  9716  9776 E QPLProvider: 	at X.1GU.A01(:15)
01-10 18:31:57.240  9716  9776 E QPLProvider: 	at X.1FR.run(:131)
01-10 18:31:57.240  9716  9776 E QPLProvider: QuickPerformanceLogger instance wasn't installed in provider, returning noop. Please call QuickPerformanceLoggerProvider.setQuickPerformanceLogger() before getting the instance.
01-10 18:31:57.240  9716  9776 E QPLProvider: java.lang.IllegalStateException: No QPL instance provided
01-10 18:31:57.240  9716  9776 E QPLProvider: 	at com.facebook.quicklog.QuickPerformanceLoggerProvider.getQPLInstance(:8)
01-10 18:31:57.240  9716  9776 E QPLProvider: 	at X.URL.AsE(:35)
01-10 18:31:57.240  9716  9776 E QPLProvider: 	at X.URU.AsE(:44)
01-10 18:31:57.240  9716  9776 E QPLProvider: 	at X.URL.Anm(:3)
01-10 18:31:57.240  9716  9776 E QPLProvider: 	at X.1GU.A01(:15)
01-10 18:31:57.240  9716  9776 E QPLProvider: 	at X.1FR.run(:131)
01-10 18:31:57.240  9716  9776 E QPLProvider: QuickPerformanceLogger instance wasn't installed in provider, returning noop. Please call QuickPerformanceLoggerProvider.setQuickPerformanceLogger() before getting the instance.
01-10 18:31:57.240  9716  9776 E QPLProvider: java.lang.IllegalStateException: No QPL instance provided
01-10 18:31:57.240  9716  9776 E QPLProvider: 	at com.facebook.quicklog.QuickPerformanceLoggerProvider.getQPLInstance(:8)
01-10 18:31:57.240  9716  9776 E QPLProvider: 	at X.URL.AsE(:50)
01-10 18:31:57.240  9716  9776 E QPLProvider: 	at X.URU.AsE(:44)
01-10 18:31:57.240  9716  9776 E QPLProvider: 	at X.URL.Anm(:3)
01-10 18:31:57.240  9716  9776 E QPLProvider: 	at X.1GU.A01(:15)
01-10 18:31:57.240  9716  9776 E QPLProvider: 	at X.1FR.run(:131)
01-10 18:31:57.240  9716  9776 E QPLProvider: QuickPerformanceLogger instance wasn't installed in provider, returning noop. Please call QuickPerformanceLoggerProvider.setQuickPerformanceLogger() before getting the instance.
01-10 18:31:57.240  9716  9776 E QPLProvider: java.lang.IllegalStateException: No QPL instance provided
01-10 18:31:57.240  9716  9776 E QPLProvider: 	at com.facebook.quicklog.QuickPerformanceLoggerProvider.getQPLInstance(:8)
01-10 18:31:57.240  9716  9776 E QPLProvider: 	at X.URL.AsE(:61)
01-10 18:31:57.240  9716  9776 E QPLProvider: 	at X.URU.AsE(:44)
01-10 18:31:57.240  9716  9776 E QPLProvider: 	at X.URL.Anm(:3)
01-10 18:31:57.240  9716  9776 E QPLProvider: 	at X.1GU.A01(:15)
01-10 18:31:57.240  9716  9776 E QPLProvider: 	at X.1FR.run(:131)
01-10 18:31:57.240  9716  9776 E QPLProvider: QuickPerformanceLogger instance wasn't installed in provider, returning noop. Please call QuickPerformanceLoggerProvider.setQuickPerformanceLogger() before getting the instance.
01-10 18:31:57.240  9716  9776 E QPLProvider: java.lang.IllegalStateException: No QPL instance provided
01-10 18:31:57.240  9716  9776 E QPLProvider: 	at com.facebook.quicklog.QuickPerformanceLoggerProvider.getQPLInstance(:8)
01-10 18:31:57.240  9716  9776 E QPLProvider: 	at X.URL.AsE(:93)
01-10 18:31:57.240  9716  9776 E QPLProvider: 	at X.URU.AsE(:44)
01-10 18:31:57.240  9716  9776 E QPLProvider: 	at X.URL.Anm(:3)
01-10 18:31:57.240  9716  9776 E QPLProvider: 	at X.1GU.A01(:15)
01-10 18:31:57.240  9716  9776 E QPLProvider: 	at X.1FR.run(:131)
01-10 18:31:57.240  9716  9776 E QPLProvider: QuickPerformanceLogger instance wasn't installed in provider, returning noop. Please call QuickPerformanceLoggerProvider.setQuickPerformanceLogger() before getting the instance.
01-10 18:31:57.240  9716  9776 E QPLProvider: java.lang.IllegalStateException: No QPL instance provided
01-10 18:31:57.240  9716  9776 E QPLProvider: 	at com.facebook.quicklog.QuickPerformanceLoggerProvider.getQPLInstance(:8)
01-10 18:31:57.240  9716  9776 E QPLProvider: 	at X.URL.AsE(:112)
01-10 18:31:57.240  9716  9776 E QPLProvider: 	at X.URU.AsE(:44)
01-10 18:31:57.240  9716  9776 E QPLProvider: 	at X.URL.Anm(:3)
01-10 18:31:57.240  9716  9776 E QPLProvider: 	at X.1GU.A01(:15)
01-10 18:31:57.240  9716  9776 E QPLProvider: 	at X.1FR.run(:131)
01-10 18:31:57.240  9716  9776 E QPLProvider: QuickPerformanceLogger instance wasn't installed in provider, returning noop. Please call QuickPerformanceLoggerProvider.setQuickPerformanceLogger() before getting the instance.
01-10 18:31:57.240  9716  9776 E QPLProvider: java.lang.IllegalStateException: No QPL instance provided
01-10 18:31:57.240  9716  9776 E QPLProvider: 	at com.facebook.quicklog.QuickPerformanceLoggerProvider.getQPLInstance(:8)
01-10 18:31:57.240  9716  9776 E QPLProvider: 	at X.URL.AsE(:127)
01-10 18:31:57.240  9716  9776 E QPLProvider: 	at X.URU.AsE(:44)
01-10 18:31:57.240  9716  9776 E QPLProvider: 	at X.URL.Anm(:3)
01-10 18:31:57.240  9716  9776 E QPLProvider: 	at X.1GU.A01(:15)
01-10 18:31:57.240  9716  9776 E QPLProvider: 	at X.1FR.run(:131)
01-10 18:31:57.241  9716  9776 E QPLProvider: QuickPerformanceLogger instance wasn't installed in provider, returning noop. Please call QuickPerformanceLoggerProvider.setQuickPerformanceLogger() before getting the instance.
01-10 18:31:57.241  9716  9776 E QPLProvider: java.lang.IllegalStateException: No QPL instance provided
01-10 18:31:57.241  9716  9776 E QPLProvider: 	at com.facebook.quicklog.QuickPerformanceLoggerProvider.getQPLInstance(:8)
01-10 18:31:57.241  9716  9776 E QPLProvider: 	at X.URL.AsE(:152)
01-10 18:31:57.241  9716  9776 E QPLProvider: 	at X.URU.AsE(:44)
01-10 18:31:57.241  9716  9776 E QPLProvider: 	at X.URL.Anm(:3)
01-10 18:31:57.241  9716  9776 E QPLProvider: 	at X.1GU.A01(:15)
01-10 18:31:57.241  9716  9776 E QPLProvider: 	at X.1FR.run(:131)
01-10 18:31:57.241  9716  9776 E QPLProvider: QuickPerformanceLogger instance wasn't installed in provider, returning noop. Please call QuickPerformanceLoggerProvider.setQuickPerformanceLogger() before getting the instance.
01-10 18:31:57.241  9716  9776 E QPLProvider: java.lang.IllegalStateException: No QPL instance provided
01-10 18:31:57.241  9716  9776 E QPLProvider: 	at com.facebook.quicklog.QuickPerformanceLoggerProvider.getQPLInstance(:8)
01-10 18:31:57.241  9716  9776 E QPLProvider: 	at X.URU.AsE(:48)
01-10 18:31:57.241  9716  9776 E QPLProvider: 	at X.URL.Anm(:3)
01-10 18:31:57.241  9716  9776 E QPLProvider: 	at X.1GU.A01(:15)
01-10 18:31:57.241  9716  9776 E QPLProvider: 	at X.1FR.run(:131)
01-10 18:31:57.241  9716  9776 E QPLProvider: QuickPerformanceLogger instance wasn't installed in provider, returning noop. Please call QuickPerformanceLoggerProvider.setQuickPerformanceLogger() before getting the instance.
01-10 18:31:57.241  9716  9776 E QPLProvider: java.lang.IllegalStateException: No QPL instance provided
01-10 18:31:57.241  9716  9776 E QPLProvider: 	at com.facebook.quicklog.QuickPerformanceLoggerProvider.getQPLInstance(:8)
01-10 18:31:57.241  9716  9776 E QPLProvider: 	at X.URU.AsE(:59)
01-10 18:31:57.241  9716  9776 E QPLProvider: 	at X.URL.Anm(:3)
01-10 18:31:57.241  9716  9776 E QPLProvider: 	at X.1GU.A01(:15)
01-10 18:31:57.241  9716  9776 E QPLProvider: 	at X.1FR.run(:131)
01-10 18:31:57.241  9716  9776 E QPLProvider: QuickPerformanceLogger instance wasn't installed in provider, returning noop. Please call QuickPerformanceLoggerProvider.setQuickPerformanceLogger() before getting the instance.
01-10 18:31:57.241  9716  9776 E QPLProvider: java.lang.IllegalStateException: No QPL instance provided
01-10 18:31:57.241  9716  9776 E QPLProvider: 	at com.facebook.quicklog.QuickPerformanceLoggerProvider.getQPLInstance(:8)
01-10 18:31:57.241  9716  9776 E QPLProvider: 	at X.URU.AsE(:91)
01-10 18:31:57.241  9716  9776 E QPLProvider: 	at X.URL.Anm(:3)
01-10 18:31:57.241  9716  9776 E QPLProvider: 	at X.1GU.A01(:15)
01-10 18:31:57.241  9716  9776 E QPLProvider: 	at X.1FR.run(:131)
01-10 18:31:57.241  9716  9776 E QPLProvider: QuickPerformanceLogger instance wasn't installed in provider, returning noop. Please call QuickPerformanceLoggerProvider.setQuickPerformanceLogger() before getting the instance.
01-10 18:31:57.241  9716  9776 E QPLProvider: java.lang.IllegalStateException: No QPL instance provided
01-10 18:31:57.241  9716  9776 E QPLProvider: 	at com.facebook.quicklog.QuickPerformanceLoggerProvider.getQPLInstance(:8)
01-10 18:31:57.241  9716  9776 E QPLProvider: 	at X.URU.AsE(:103)
01-10 18:31:57.241  9716  9776 E QPLProvider: 	at X.URL.Anm(:3)
01-10 18:31:57.241  9716  9776 E QPLProvider: 	at X.1GU.A01(:15)
01-10 18:31:57.241  9716  9776 E QPLProvider: 	at X.1FR.run(:131)
01-10 18:31:57.241  9716  9776 E QPLProvider: QuickPerformanceLogger instance wasn't installed in provider, returning noop. Please call QuickPerformanceLoggerProvider.setQuickPerformanceLogger() before getting the instance.
01-10 18:31:57.241  9716  9776 E QPLProvider: java.lang.IllegalStateException: No QPL instance provided
01-10 18:31:57.241  9716  9776 E QPLProvider: 	at com.facebook.quicklog.QuickPerformanceLoggerProvider.getQPLInstance(:8)
01-10 18:31:57.241  9716  9776 E QPLProvider: 	at X.URU.AsE(:128)
01-10 18:31:57.241  9716  9776 E QPLProvider: 	at X.URL.Anm(:3)
01-10 18:31:57.241  9716  9776 E QPLProvider: 	at X.1GU.A01(:15)
01-10 18:31:57.241  9716  9776 E QPLProvider: 	at X.1FR.run(:131)
01-10 18:31:57.241  9716  9776 E QPLProvider: QuickPerformanceLogger instance wasn't installed in provider, returning noop. Please call QuickPerformanceLoggerProvider.setQuickPerformanceLogger() before getting the instance.
01-10 18:31:57.241  9716  9776 E QPLProvider: java.lang.IllegalStateException: No QPL instance provided
01-10 18:31:57.241  9716  9776 E QPLProvider: 	at com.facebook.quicklog.QuickPerformanceLoggerProvider.getQPLInstance(:8)
01-10 18:31:57.241  9716  9776 E QPLProvider: 	at X.URU.AsE(:140)
01-10 18:31:57.241  9716  9776 E QPLProvider: 	at X.URL.Anm(:3)
01-10 18:31:57.241  9716  9776 E QPLProvider: 	at X.1GU.A01(:15)
01-10 18:31:57.241  9716  9776 E QPLProvider: 	at X.1FR.run(:131)
01-10 18:31:57.242  9716  9748 W AppInitScheduler|Run:   Finished PrivacyUiiDetectionLogger in 4ms
01-10 18:31:57.243  9716  9748 W AppInitScheduler|Run: Running EagerInitFBTigon [*]
01-10 18:31:57.245  9716  9745 W AppInitScheduler|Run:   Finished LithoConfiguration in 11ms
01-10 18:31:57.245  9716  9745 W AppInitScheduler|Run: Running RunEarlyInitForActivity [*]
01-10 18:31:57.245  9716  9745 W AppInitScheduler|Run:   Finished RunEarlyInitForActivity in 0ms
01-10 18:31:57.245  9716  9745 W AppInitScheduler|Run: Running CheckUnstableContentProvider
01-10 18:31:57.245  9716  9745 W AppInitScheduler|Run:   Finished CheckUnstableContentProvider in 0ms
01-10 18:31:57.245  9716  9745 W AppInitScheduler|Run: Running StartupQPLInit
01-10 18:31:57.250  9716  9776 W FrscLanguagePackLoader: FRSC English strings buffer size - (limit : 764408, capacity : 764408)
01-10 18:31:57.254  9716  9748 W AppInitScheduler|Schedule:   Executing async work for EagerInitFBTigon: InjectTigonServiceHolder
01-10 18:31:57.254  9716  9748 W AppInitScheduler|Schedule:   Executing async work for EagerInitFBTigon: InjectNativePlatformContextHolder
01-10 18:31:57.257  9716  9745 W QuickPerformanceLoggerModule: Providing QPL... begin
01-10 18:31:57.258  9716  9745 W QuickPerformanceLoggerModule: Providing QPL... end
01-10 18:31:57.259  9716  9747 W EndToEndAnalyticsEventListener: WRITE_ANALYTICS_TO_LOGCAT = null, EndToEnd.isRunningEndToEndTest() = false
01-10 18:31:57.261  9716  9745 W AppInitScheduler|Run:   Finished StartupQPLInit in 16ms
01-10 18:31:57.261  9716  9745 W AppInitScheduler|Schedule:   Executing 148:INeedInitForBroadcastReceiverRegister
01-10 18:31:57.261  9716  9745 W AppInitScheduler|Schedule:   Executing 167:InitFeedVpvSeenStore
01-10 18:31:57.261  9716  9745 W AppInitScheduler|Schedule:   Executing 300:PreloadClassesForReelsTabRestores
01-10 18:31:57.261  9716  9745 W AppInitScheduler|Schedule:   Executing 301:PreloadClassesForReelsTabStarts
01-10 18:31:57.261  9716  9745 W AppInitScheduler|Schedule:   Executing 312:PreloadNavigationIcons
01-10 18:31:57.261  9716  9745 W AppInitScheduler|Schedule:   Executing 321:PreloadVideoHomeDataController
01-10 18:31:57.261  9716  9745 W AppInitScheduler|Schedule:   Executing 326:ProfiloBridgeFactoryImpl
01-10 18:31:57.261  9716  9745 W AppInitScheduler|Schedule:   Executing 335:ReliabilityUserPerceptibleScopeToQPL
01-10 18:31:57.261  9716  9745 W AppInitScheduler|Schedule:   Executing 363:TransientNetworkTraceEarlyInit
01-10 18:31:57.261  9716  9745 W AppInitScheduler|Schedule:   Executing 388:ZOptLoggingInitializer
01-10 18:31:57.261  9716  9745 W AppInitScheduler|Schedule:   Executing 303:PreloadFeedDataLoader
01-10 18:31:57.261  9716  9745 W AppInitScheduler|Schedule:   Executing 305:PreloadFeedFullCacheLoad
01-10 18:31:57.261  9716  9745 W AppInitScheduler|Schedule:   Executing 198:KeepWarm
01-10 18:31:57.261  9716  9745 W AppInitScheduler|Schedule:   Executing 226:MetaCasper
01-10 18:31:57.261  9716  9745 W AppInitScheduler|Schedule:   Executing 306:PreloadFeedRequest
01-10 18:31:57.261  9716  9745 W AppInitScheduler|Schedule:   Executing 299:PreloadClashManager
01-10 18:31:57.261  9716  9745 W AppInitScheduler|Schedule:   Executing 302:PreloadFeedConfig
01-10 18:31:57.261  9716  9745 W AppInitScheduler|Schedule:   Executing 304:PreloadFeedFetchMetadata
01-10 18:31:57.261  9716  9745 W AppInitScheduler|Schedule:   Executing 307:PreloadFreshFeedRanker
01-10 18:31:57.261  9716  9745 W AppInitScheduler|Schedule:   Executing 308:PreloadHeroManager
01-10 18:31:57.261  9716  9745 W AppInitScheduler|Schedule:   Executing 319:PreloadStoriesTrayFetchController
01-10 18:31:57.261  9716  9745 W AppInitScheduler|Schedule:   Executing 320:PreloadStoriesTrayQuery
01-10 18:31:57.261  9716  9745 W AppInitScheduler|Schedule:   Executing 322:PreloadVideoPrivateSharing
01-10 18:31:57.261  9716  9745 W AppInitScheduler|Schedule:   Executing 323:PreloadVideoTabRestart
01-10 18:31:57.261  9716  9745 W AppInitScheduler|Schedule:   Executing 347:SetupBlockingBackgroundComponentReporting
01-10 18:31:57.261  9716  9745 W AppInitScheduler|Schedule:   Executing 355:StartupQPLReplayer
01-10 18:31:57.266  9716  9748 W AppInitScheduler|Schedule:   Executing async work for EagerInitFBTigon: InjectHttpClient
01-10 18:31:57.284  9716  9747 W AppInitScheduler|Run:   Finished AnalyticsLoggerInit in 94ms
01-10 18:31:57.284  9716  9747 W AppInitScheduler|Schedule:   Executing 185:InitPushLiteSdk
01-10 18:31:57.284  9716  9747 W AppInitScheduler|Schedule:   Executing 324:PreloadWordmark
01-10 18:31:57.284  9716  9747 W AppInitScheduler|Schedule:   Executing 120:EagerInitImagePipeline
01-10 18:31:57.284  9716  9747 W AppInitScheduler|Schedule:   Executing 4:AnalyticsLoggerPostInitReplay
01-10 18:31:57.284  9716  9747 W AppInitScheduler|Schedule:   Executing 97:BloksInitializer
01-10 18:31:57.284  9716  9747 W AppInitScheduler|Schedule:   Executing 129:FbMsysImmediateInitializer
01-10 18:31:57.284  9716  9747 W AppInitScheduler|Schedule:   Executing 213:MessageQueueDoctor
01-10 18:31:57.284  9716  9747 W AppInitScheduler|Schedule:   Executing 310:PreloadLogDb
01-10 18:31:57.284  9716  9747 W AppInitScheduler|Schedule:   Executing 314:PreloadReactions
01-10 18:31:57.292  9716  9746 W AppInitScheduler|Run:   Finished FbSharedPreferenceInitializerAsync in 195ms
01-10 18:31:57.304  1551  1551 D sensor_hal: cb_setDelay handle=0 delay-ns=200000000
01-10 18:31:57.309  9716  9773 W DefaultNetworkConfig: com.facebook.katana: getShouldCheckCertsInternal: true
01-10 18:31:57.359  2259  3572 I ActivityScheduler: nextTriggerTime: 14735329, in 235294ms, detectorType: 39, FULL_TYPE alarmWindowMillis: 30000
01-10 18:31:57.457  9716  9747 W AppInitScheduler|Run: Running InitPushLiteSdk [*]
01-10 18:31:57.466  9716  9745 W AppInitScheduler|Run: Running PreloadWordmark [*]
01-10 18:31:57.475  9716  9747 W AppInitScheduler|Run:   Finished InitPushLiteSdk in 18ms
01-10 18:31:57.476  9716  9747 W AppInitScheduler|Run: Running EagerInitImagePipeline [*]
01-10 18:31:57.512  9716  9735 W System  : A resource failed to call close. 
01-10 18:31:57.529  9716  9745 W AppInitScheduler|Run:   Finished PreloadWordmark in 64ms
01-10 18:31:57.529  9716  9745 W AppInitScheduler|Run: Running AnalyticsInit
01-10 18:31:57.546  9716  9745 W AppInitScheduler|Run:   Finished AnalyticsInit in 16ms
01-10 18:31:57.546  9716  9745 W AppInitScheduler|Run: Running AnalyticsLoggerPostInitReplay
01-10 18:31:57.563  9716  9747 W AppInitScheduler|Run:   Finished EagerInitImagePipeline in 87ms
01-10 18:31:57.563  9716  9747 W AppInitScheduler|Schedule:   Executing 381:WaitForUIDependenciesInitializer
01-10 18:31:57.563  9716  9747 W AppInitScheduler|Schedule:   Executing 309:PreloadInlineComposerProfileImage
01-10 18:31:57.563  9716  9747 W AppInitScheduler|Run: Running WaitForUIDependenciesInitializer [*]
01-10 18:31:57.563  9716  9747 W AppInitScheduler|Run:   Finished WaitForUIDependenciesInitializer in 0ms
01-10 18:31:57.563  9716  9747 W AppInitScheduler|Schedule:   Executing 110:DismissSplashScreens
01-10 18:31:57.563  9716  9747 W AppInitScheduler|Schedule:   Executing 336:ReplayBroadcastReceivedDuringAppInit
01-10 18:31:57.563  9716  9747 W AppInitScheduler|Schedule:   Executing 341:ScheduleLowPriWork
01-10 18:31:57.563  9716  9747 W AppInitScheduler|Run: Running DismissSplashScreens [*]
01-10 18:31:57.563  9716  9747 W InitStatus: Providers unblocked (153853718)
01-10 18:31:57.563  9716  9747 W InitStatus: Services unblocked (51355799)
01-10 18:31:57.563  9716  9747 W InitStatus: BroadcastReceivers unblocked (207590020)
01-10 18:31:57.563  9716  9716 W InitStatus: Unblocked Service (51355799)
01-10 18:31:57.563  9716  9762 W InitStatus: Unblocked Provider (153853718)
01-10 18:31:57.563  9716  9716 W AppComponentFactory: Instantiating Service
01-10 18:31:57.563  9716  9762 W InitStatus: Not blocking Provider (153853718)
01-10 18:31:57.566  9716  9747 W AppInitScheduler|Run:   Finished DismissSplashScreens in 3ms
01-10 18:31:57.566  9716  9747 W AppInitScheduler|Schedule:   Executing 236:MqttEarlySyncInitializerAfterAppCreate
01-10 18:31:57.566  9716  9747 W AppInitScheduler|Schedule:   Executing 154:InitAppComponentFactoryStartupController
01-10 18:31:57.567  9716  9747 W AppInitScheduler|Run: Running BloksInitializer
01-10 18:31:57.570  9716  9747 W AppInitScheduler|Run:   Finished BloksInitializer in 2ms
01-10 18:31:57.570  9716  9747 W AppInitScheduler|Run: Running ClientCacheEdgeManagerInitializer
01-10 18:31:57.572  9716  9747 W AppInitScheduler|Run:   Finished ClientCacheEdgeManagerInitializer in 2ms
01-10 18:31:57.572  9716  9747 W AppInitScheduler|Run: Running ClientCacheEdgeManagerInitializerUserScoped
01-10 18:31:57.572  9716  9747 W AppInitScheduler|Run:   Finished ClientCacheEdgeManagerInitializerUserScoped in 0ms
01-10 18:31:57.572  9716  9747 W AppInitScheduler|Run: Running ComposerSavedSessionStoreInitializer
01-10 18:31:57.572  9716  9745 W AppInitScheduler|Run:   Finished AnalyticsLoggerPostInitReplay in 27ms
01-10 18:31:57.573  9716  9745 W AppInitScheduler|Run: Running DgwEarlySyncInitializer
01-10 18:31:57.573  9716  9745 W AppInitScheduler|Run:   Finished DgwEarlySyncInitializer in 1ms
01-10 18:31:57.573  9716  9745 W AppInitScheduler|Run: Running DownloadedFbResources
01-10 18:31:57.573  9716  9747 W AppInitScheduler|Run:   Finished ComposerSavedSessionStoreInitializer in 1ms
01-10 18:31:57.573  9716  9747 W AppInitScheduler|Run: Running ErrorReporterSecondaryInit
01-10 18:31:57.574  9716  9747 W AppInitScheduler|Run:   Finished ErrorReporterSecondaryInit in 1ms
01-10 18:31:57.574  9716  9747 W AppInitScheduler|Run: Running Fb4aReactEagerInitHotMCUnpacker
01-10 18:31:57.580  9716  9724 I facebook.katan: Method exceeds compiler instruction limit: 19002 in boolean com.facebook.soloader.SoLoader.A07(android.os.StrictMode$ThreadPolicy, java.lang.String, java.lang.String, java.lang.String, int)
01-10 18:31:57.598  9716  9747 E AppState: Returning default for firstRunInfo
01-10 18:31:57.598  9716  9747 I chatty  : uid=10084(com.facebook.katana) identical 1 line
01-10 18:31:57.598  9716  9747 E AppState: Returning default for firstRunInfo
01-10 18:31:57.598  9716  9747 W AppInitScheduler|Run:   Finished Fb4aReactEagerInitHotMCUnpacker in 24ms
01-10 18:31:57.598  9716  9747 W AppInitScheduler|Run: Running FbMsysImmediateInitializer
01-10 18:31:57.599  9716  9745 D CACHE_HINTS: Entering madvise file
01-10 18:31:57.599  9716  9745 D CACHE_HINTS: MADVISE_RAND file 0x7fff436ef000 3215359 /data/data/com.facebook.katana/app_restricks/layouts.bin
01-10 18:31:57.606  9716  9747 W AppInfoCore: [AI] Package not found when getting package info
01-10 18:31:57.606  9716  9747 W AppInitScheduler|Run:   Finished FbMsysImmediateInitializer in 8ms
01-10 18:31:57.606  9716  9747 W AppInitScheduler|Run: Running FbMsysPostBootstrapListenerRegistrarOnAppInit
01-10 18:31:57.607  9716  9747 W AppInitScheduler|Run:   Finished FbMsysPostBootstrapListenerRegistrarOnAppInit in 1ms
01-10 18:31:57.607  9716  9747 W AppInitScheduler|Run: Running NotifyAppStateManagerOnCreateComplete
01-10 18:31:57.608  9716  9747 W AppInitScheduler|Run:   Finished NotifyAppStateManagerOnCreateComplete in 0ms
01-10 18:31:57.608  9716  9747 W AppInitScheduler|Schedule:   Executing 133:FbSharedUIQREnvironment
01-10 18:31:57.608  9716  9747 W AppInitScheduler|Run: Running FbSharedUIQREnvironment
01-10 18:31:57.613  9716  9745 W AppInitScheduler|Run:   Finished DownloadedFbResources in 40ms
01-10 18:31:57.613  9716  9745 W AppInitScheduler|Run: Running FixieActivityManagerHook
01-10 18:31:57.613  9716  9747 W AppInitScheduler|Run:   Finished FbSharedUIQREnvironment in 6ms
01-10 18:31:57.613  9716  9747 W AppInitScheduler|Schedule:   Executing 199:LanguageSwitcherCommonExInit
01-10 18:31:57.613  9716  9747 W AppInitScheduler|Run: Running FixieLimitNativeStackSize
01-10 18:31:57.614  9716  9747 W AppInitScheduler|Run:   Finished FixieLimitNativeStackSize in 0ms
01-10 18:31:57.614  9716  9747 W AppInitScheduler|Run: Running FixieNoSync
01-10 18:31:57.616  9716  9747 W AppInitScheduler|Run:   Finished FixieNoSync in 3ms
01-10 18:31:57.616  9716  9747 W AppInitScheduler|Run: Running InitAppChoreographer
01-10 18:31:57.617  9716  9747 W AppInitScheduler|Run:   Finished InitAppChoreographer in 0ms
01-10 18:31:57.617  9716  9747 W AppInitScheduler|Schedule:   Executing 139:FixieScheduleIdleWork
01-10 18:31:57.617  9716  9747 W AppInitScheduler|Run: Running FixieScheduleIdleWork
01-10 18:31:57.617  9716  9747 W AppInitScheduler|Run:   Finished FixieScheduleIdleWork in 0ms
01-10 18:31:57.617  9716  9747 W AppInitScheduler|Run: Running HandleAppComponentsForPreTosBuild
01-10 18:31:57.633  9716  9747 W AppInitScheduler|Run:   Finished HandleAppComponentsForPreTosBuild in 16ms
01-10 18:31:57.635  9716  9762 W ComponentDiscovery: Class com.google.firebase.dynamicloading.DynamicLoadingRegistrar is not an found.
01-10 18:31:57.636  9716  9747 W AppInitScheduler|Run: Running INeedInitForBroadcastReceiverRegister
01-10 18:31:57.674  9716  9745 W AppInitScheduler|Run:   Finished FixieActivityManagerHook in 60ms
01-10 18:31:57.674  9716  9745 W AppInitScheduler|Run: Running INeedInitForEventBusRegister
01-10 18:31:57.674  9716  9745 W AppInitScheduler|Run:   Finished INeedInitForEventBusRegister in 1ms
01-10 18:31:57.674  9716  9745 W AppInitScheduler|Run: Running INeedInitForSharedPrefsListenerRegister
01-10 18:31:57.682  9716  9745 W AppInitScheduler|Run:   Finished INeedInitForSharedPrefsListenerRegister in 8ms
01-10 18:31:57.683  9716  9745 W AppInitScheduler|Run: Running InitAndroidX
01-10 18:31:57.683  9716  9745 W AppInitScheduler|Run:   Finished InitAndroidX in 0ms
01-10 18:31:57.683  9716  9745 W AppInitScheduler|Run: Running InitFeedVpvSeenStore
01-10 18:31:57.683  9716  9745 W AppInitScheduler|Run:   Finished InitFeedVpvSeenStore in 1ms
01-10 18:31:57.683  9716  9745 W AppInitScheduler|Run: Running InitFury
01-10 18:31:57.686  9716  9747 W AppInitScheduler|Run:   Finished INeedInitForBroadcastReceiverRegister in 50ms
01-10 18:31:57.686  9716  9747 W AppInitScheduler|Run: Running InitHelium
01-10 18:31:57.686  9716  9747 W AppInitScheduler|Run:   Finished InitHelium in 1ms
01-10 18:31:57.687  9716  9747 W AppInitScheduler|Run: Running InitLacrimaLaterInit
01-10 18:31:57.687  9716  9747 W lacrima : FbErrorReportingConfig.laterInit
01-10 18:31:57.699  1759  1915 D Ethernet: got request NetworkRequest [ TRACK_DEFAULT id=78, [ Capabilities: INTERNET&NOT_RESTRICTED&TRUSTED Unwanted:  Uid: 10084] ] with score 60
01-10 18:31:57.699  1759  1883 D WIFI_UT : got request NetworkRequest [ TRACK_DEFAULT id=78, [ Capabilities: INTERNET&NOT_RESTRICTED&TRUSTED Unwanted:  Uid: 10084] ] with score 60
01-10 18:31:57.699  1759  1914 D WIFI_AWARE_FACTORY: got request NetworkRequest [ TRACK_DEFAULT id=78, [ Capabilities: INTERNET&NOT_RESTRICTED&TRUSTED Unwanted:  Uid: 10084] ] with score 60
01-10 18:31:57.700  1759  1883 D WIFI    : got request NetworkRequest [ TRACK_DEFAULT id=78, [ Capabilities: INTERNET&NOT_RESTRICTED&TRUSTED Unwanted:  Uid: 10084] ] with score 60
01-10 18:31:57.700  2121  2121 D PhoneSwitcherNetworkRequstListener: got request NetworkRequest [ TRACK_DEFAULT id=78, [ Capabilities: INTERNET&NOT_RESTRICTED&TRUSTED Unwanted:  Uid: 10084] ] with score 60
01-10 18:31:57.706  9716  9745 W AppInitScheduler|Run:   Finished InitFury in 23ms
01-10 18:31:57.706  9716  9745 W AppInitScheduler|Run: Running InitLogging
01-10 18:31:57.709  9716  9745 W fb4a.AppInitScheduler|Run:   Finished InitLogging in 0ms
01-10 18:31:57.709  9716  9745 W fb4a.AppInitScheduler|Run: Running InitMallocHooks
01-10 18:31:57.709  9716  9745 W fb4a.AppInitScheduler|Run:   Finished InitMallocHooks in 0ms
01-10 18:31:57.709  9716  9745 W fb4a.AppInitScheduler|Run: Running InitMemoryDumpHandler
01-10 18:31:57.709  9716  9745 W fb4a.AppInitScheduler|Run:   Finished InitMemoryDumpHandler in 0ms
01-10 18:31:57.709  9716  9745 W fb4a.AppInitScheduler|Run: Running InitSurfaces
01-10 18:31:57.709  9716  9745 W fb4a.AppInitScheduler|Run:   Finished InitSurfaces in 0ms
01-10 18:31:57.710  9716  9745 W fb4a.AppInitScheduler|Run: Running InitSystrace
01-10 18:31:57.710  9716  9745 W fb4a.AppInitScheduler|Run:   Finished InitSystrace in 0ms
01-10 18:31:57.710  9716  9745 W fb4a.AppInitScheduler|Run: Running LanguageSwitcherCommonExInit
01-10 18:31:57.710  9716  9745 W fb4a.AppInitScheduler|Run:   Finished LanguageSwitcherCommonExInit in 1ms
01-10 18:31:57.710  9716  9745 W fb4a.AppInitScheduler|Run: Running LocationRequestDetector
01-10 18:31:57.710  9716  9745 W fb4a.AppInitScheduler|Run:   Finished LocationRequestDetector in 0ms
01-10 18:31:57.710  9716  9745 W fb4a.AppInitScheduler|Run: Running LogController
01-10 18:31:57.710  9716  9745 W fb4a.AppInitScheduler|Run:   Finished LogController in 0ms
01-10 18:31:57.710  9716  9745 W fb4a.AppInitScheduler|Run: Running MessageQueueDoctor
01-10 18:31:57.710  9716  9745 W fb4a.AppInitScheduler|Run:   Finished MessageQueueDoctor in 0ms
01-10 18:31:57.710  9716  9745 W fb4a.AppInitScheduler|Run: Running MqttEarlySyncInitializerAfterAppCreate
01-10 18:31:57.710  9716  9745 W fb4a.AppInitScheduler|Run:   Finished MqttEarlySyncInitializerAfterAppCreate in 0ms
01-10 18:31:57.710  9716  9745 W fb4a.AppInitScheduler|Run: Running ObjectCountJestE2EBridge
01-10 18:31:57.711  9716  9745 W fb4a.AppInitScheduler|Run:   Finished ObjectCountJestE2EBridge in 0ms
01-10 18:31:57.711  9716  9745 W fb4a.AppInitScheduler|Run: Running PendingStoryStoreInitializer
01-10 18:31:57.711  9716  9745 W fb4a.AppInitScheduler|Run:   Finished PendingStoryStoreInitializer in 0ms
01-10 18:31:57.711  9716  9745 W fb4a.AppInitScheduler|Run: Running PreloadClassesForReelsTabRestores
01-10 18:31:57.711  9716  9745 W fb4a.AppInitScheduler|Run:   Finished PreloadClassesForReelsTabRestores in 0ms
01-10 18:31:57.711  9716  9745 W fb4a.AppInitScheduler|Run: Running PreloadClassesForReelsTabStarts
01-10 18:31:57.711  9716  9745 W fb4a.AppInitScheduler|Run:   Finished PreloadClassesForReelsTabStarts in 0ms
01-10 18:31:57.711  9716  9745 W fb4a.AppInitScheduler|Run: Running PreloadNavigationIcons
01-10 18:31:57.722  9716  9748 W fb4a.AppInitScheduler|Run:   Finished EagerInitFBTigon in 480ms
01-10 18:31:57.722  9716  9748 W fb4a.AppInitScheduler|Schedule:   Executing 146:GraphServiceEagerInit
01-10 18:31:57.722  9716  9748 W fb4a.AppInitScheduler|Schedule:   Executing 387:ZeroLibraryInitializer
01-10 18:31:57.722  9716  9748 W fb4a.AppInitScheduler|Schedule:   Executing 195:InitTrafficNTS
01-10 18:31:57.722  9716  9748 W fb4a.AppInitScheduler|Run: Running GraphServiceEagerInit [*]
01-10 18:31:57.722  9716  9748 W fb4a.AppInitScheduler|Schedule:   Executing async work for GraphServiceEagerInit: InjectTigonServiceHolder
01-10 18:31:57.722  9716  9748 W fb4a.AppInitScheduler|Schedule:   Executing async work for GraphServiceEagerInit: InjectGraphQLConsistencyJNI
01-10 18:31:57.724  9716  9746 W facebook.katan: Long monitor contention with owner AppInit4 (9748) at int com.facebook.soloader.MergedSoMapping$Invoke_JNI_OnLoad.libliger_so()(:-2) waiters=0 in java.lang.Object X.3LS.A01(int) for 429ms
01-10 18:31:57.738  9716  9793 E fb4a.Analytics2SessionManager: analyticsClaim from VC from LoggedInUserSessionManager is null.
01-10 18:31:57.738  9716  9716 W fb4a.BackgroundStartupDetector: coldStartMode=DEFINITELY_BACKGROUND
01-10 18:31:57.739  9716  9716 W fb4a.StartupMetricTracker: Begin BACKGROUND UNTRACKED start
01-10 18:31:57.740  9716  9748 W facebook.katan: JNI RegisterNativeMethods: attempt to register 0 native methods for com.facebook.pando.PandoDataJNI
01-10 18:31:57.806  9716  9747 W SoLoader[NativeDeps]: Falling back to custom ELF parsing when loading libunwindstack_binary.so, this can be slow
01-10 18:31:57.813  9716  9747 W SoLoader[NativeDeps]: Falling back to custom ELF parsing when loading libfbunwindstack.so, this can be slow
01-10 18:31:57.815  9716  9716 W fb4a.BackgroundStartupDetector: bgMode=BACKGROUND
01-10 18:31:57.815  9716  9747 W SoLoader[NativeDeps]: Falling back to custom ELF parsing when loading libc++_shared.so, this can be slow
01-10 18:31:57.823  9716  9716 E fb4a.SlowAppComponent: 0ms: FacebookApplication instantiating
01-10 18:31:57.823  9716  9716 E fb4a.SlowAppComponent: Main thread was blocked for 1344ms in the background starting with FacebookApplication
01-10 18:31:57.826  9716  9747 W fb4a.SigquitDetectorLacrima: nativeInit
01-10 18:31:57.832  9716  9747 W fb4a.lacrima: Start AnrDetector... com.facebook.acra.anr.multisignal.MultiSignalANRDetector
01-10 18:31:57.832  9716  9747 W fb4a.MultiSignalANRDetectorLacrima: Starting
01-10 18:31:57.832  9716  9747 W fb4a.ProcessAnrErrorMonitor: startMonitoring with delay: 0
01-10 18:31:57.836  9716  9746 W fb4a.AppInitScheduler|Run: Running ZeroLibraryInitializer
01-10 18:31:57.836  9716  9748 W fb4a.AppInitScheduler|Run:   Finished GraphServiceEagerInit in 114ms
01-10 18:31:57.836  9716  9748 W fb4a.AppInitScheduler|Schedule:   Executing 184:InitPushabilityCheck
01-10 18:31:57.836  9716  9748 W fb4a.AppInitScheduler|Schedule:   Executing 315:PreloadReelsCsrForReelsTabStarts
01-10 18:31:57.836  9716  9748 W fb4a.AppInitScheduler|Run: Running InitPushabilityCheck
01-10 18:31:57.841  9716  9748 W fb4a.AppInitScheduler|Run:   Finished InitPushabilityCheck in 5ms
01-10 18:31:57.841  9716  9748 W fb4a.AppInitScheduler|Run: Running InitTrafficNTS
01-10 18:31:57.845  9716  9748 W facebook.katan: JNI RegisterNativeMethods: attempt to register 0 native methods for com.facebook.traffic.nts.providers.background.BackgroundV2TaskSchedulerCommonImpl
01-10 18:31:57.845  9716  9748 W facebook.katan: JNI RegisterNativeMethods: attempt to register 0 native methods for com.facebook.traffic.nts.providers.http.HttpProviderAppLayerUpcallsImpl
01-10 18:31:57.845  9716  9748 W facebook.katan: JNI RegisterNativeMethods: attempt to register 0 native methods for com.facebook.traffic.nts.providers.startup_signals.StartupSignalsProviderAppLayerUpcallsImpl
01-10 18:31:57.873  9716  9806 W fb4a.ProcessAnrErrorMonitor: Starting process monitor checks for process 'com.facebook.katana'
01-10 18:31:57.874  9716  9806 W fb4a.MultiSignalANRDetectorLacrima: Started monitoring
01-10 18:31:57.893  9716  9747 W fb4a.AppInitScheduler|Run:   Finished InitLacrimaLaterInit in 207ms
01-10 18:31:57.893  9716  9747 W fb4a.AppInitScheduler|Run: Running PreloadReelsCsrForReelsTabStarts
01-10 18:31:57.894  9716  9747 W fb4a.AppInitScheduler|Run:   Finished PreloadReelsCsrForReelsTabStarts in 0ms
01-10 18:31:57.894  9716  9747 W fb4a.AppInitScheduler|Run: Running PreloadVideoHomeDataController
01-10 18:31:57.894  9716  9747 W fb4a.AppInitScheduler|Run:   Finished PreloadVideoHomeDataController in 0ms
01-10 18:31:57.894  9716  9747 W fb4a.AppInitScheduler|Run: Running ProfiloBridgeFactoryImpl
01-10 18:31:57.894  9716  9747 W Profilo/TraceControl: START PROFILO_TRACEID: HjGG1khdQsz 30539777
01-10 18:31:57.903  9716  9759 W fb4a.lacrima: FixedLengthFiles.init() called twice.
01-10 18:31:57.903  9716  9759 W fb4a.lacrima: FixedLengthFiles.init() called twice.
01-10 18:31:57.915  9716  9748 W fb4a.AppInitScheduler|Run:   Finished InitTrafficNTS in 74ms
01-10 18:31:57.915  9716  9748 W fb4a.AppInitScheduler|Run: Running RasFileInitializer
01-10 18:31:57.915  9716  9748 W fb4a.AppInitScheduler|Run:   Finished RasFileInitializer in 0ms
01-10 18:31:57.915  9716  9748 W fb4a.AppInitScheduler|Run: Running RegisterFrameRateTraceListener
01-10 18:31:57.915  9716  9748 W fb4a.AppInitScheduler|Run:   Finished RegisterFrameRateTraceListener in 0ms
01-10 18:31:57.915  9716  9748 W fb4a.AppInitScheduler|Run: Running RegisterMainLooperTracer
01-10 18:31:57.916  9716  9748 W fb4a.AppInitScheduler|Run:   Finished RegisterMainLooperTracer in 0ms
01-10 18:31:57.916  9716  9748 W fb4a.AppInitScheduler|Run: Running ReleaseDeferredBroadcastReceiver
01-10 18:31:57.916  9716  9748 W fb4a.AppInitScheduler|Run:   Finished ReleaseDeferredBroadcastReceiver in 0ms
01-10 18:31:57.916  9716  9748 W fb4a.AppInitScheduler|Run: Running ReliabilityExperiments
01-10 18:31:57.919  9716  9748 W fb4a.AppInitScheduler|Run:   Finished ReliabilityExperiments in 4ms
01-10 18:31:57.919  9716  9748 W fb4a.AppInitScheduler|Run: Running ReliabilityUserPerceptibleScopeToQPL
01-10 18:31:57.919  9716  9748 W fb4a.AppInitScheduler|Run:   Finished ReliabilityUserPerceptibleScopeToQPL in 0ms
01-10 18:31:57.919  9716  9748 W fb4a.AppInitScheduler|Run: Running ReplayBroadcastReceivedDuringAppInit
01-10 18:31:57.920  9716  9748 W fb4a.AppInitScheduler|Run:   Finished ReplayBroadcastReceivedDuringAppInit in 0ms
01-10 18:31:57.920  9716  9748 W fb4a.AppInitScheduler|Run: Running ScheduleLowPriWork
01-10 18:31:57.920  9716  9748 W fb4a.AppInitScheduler|Run:   Finished ScheduleLowPriWork in 0ms
01-10 18:31:57.920  9716  9748 W fb4a.AppInitScheduler|Run: Running SetupDynaBuilds
01-10 18:31:57.920  9716  9748 W fb4a.AppInitScheduler|Run:   Finished SetupDynaBuilds in 1ms
01-10 18:31:57.920  9716  9748 W fb4a.AppInitScheduler|Run: Running SetupSmartGc
01-10 18:31:57.920  9716  9748 W fb4a.AppInitScheduler|Run:   Finished SetupSmartGc in 0ms
01-10 18:31:57.920  9716  9748 W fb4a.AppInitScheduler|Run: Running TabBadgeFetchAppInit
01-10 18:31:57.921  9716  9748 W fb4a.AppInitScheduler|Run:   Finished TabBadgeFetchAppInit in 0ms
01-10 18:31:57.921  9716  9748 W fb4a.AppInitScheduler|Run: Running TransientNetworkTraceEarlyInit
01-10 18:31:57.921  9716  9748 W fb4a.AppInitScheduler|Run:   Finished TransientNetworkTraceEarlyInit in 0ms
01-10 18:31:57.921  9716  9748 W fb4a.AppInitScheduler|Run: Running WarmFacebookEmojiFont
01-10 18:31:57.921  9716  9748 W fb4a.AppInitScheduler|Run:   Finished WarmFacebookEmojiFont in 1ms
01-10 18:31:57.921  9716  9748 W fb4a.AppInitScheduler|Run: Running WhitehatOverlayInitializer
01-10 18:31:57.921  9716  9748 W fb4a.AppInitScheduler|Run:   Finished WhitehatOverlayInitializer in 0ms
01-10 18:31:57.921  9716  9748 W fb4a.AppInitScheduler|Run: Running ZOptLoggingInitializer
01-10 18:31:57.921  9716  9748 W fb4a.AppInitScheduler|Run:   Finished ZOptLoggingInitializer in 0ms
01-10 18:31:57.921  9716  9748 W fb4a.AppInitScheduler|Run: Running PreloadFeedDataLoader
01-10 18:31:57.938  2866  2886 I Finsky  : [93] myo.run(353): Stats for Executor: BlockingExecutor ozi@f3a7cbb[Running, pool size = 0, active threads = 0, queued tasks = 0, completed tasks = 267]
01-10 18:31:57.939  2866  2886 I Finsky  : [93] myo.run(353): Stats for Executor: LightweightExecutor ozi@18a45d8[Running, pool size = 3, active threads = 0, queued tasks = 0, completed tasks = 1370]
01-10 18:31:57.939  2866  2886 I Finsky  : [93] myo.run(353): Stats for Executor: bgExecutor ozi@637bd31[Running, pool size = 4, active threads = 0, queued tasks = 0, completed tasks = 4756]
01-10 18:31:57.972  9716  9747 W fb4a.AppInitScheduler|Run:   Finished ProfiloBridgeFactoryImpl in 78ms
01-10 18:31:57.972  9716  9747 W fb4a.AppInitScheduler|Run: Running PreloadFeedFullCacheLoad
01-10 18:31:58.006  9716  9745 W fb4a.AppInitScheduler|Run:   Finished PreloadNavigationIcons in 294ms
01-10 18:31:58.006  9716  9745 W fb4a.AppInitScheduler|Run: Running InitAppComponentFactoryStartupController
01-10 18:31:58.006  9716  9745 W fb4a.AppInitScheduler|Run:   Finished InitAppComponentFactoryStartupController in 1ms
01-10 18:31:58.006  9716  9745 W fb4a.AppInitScheduler|Run: Running KeepWarm
01-10 18:31:58.009  9716  9734 W JavaBinder: BinderProxy is being destroyed but the application did not call unlinkToDeath to unlink all of its death recipients beforehand.  Releasing leaked death recipient: X.05y
01-10 18:31:58.057  9716  9745 W fb4a.AppInitScheduler|Run:   Finished KeepWarm in 50ms
01-10 18:31:58.057  9716  9745 W fb4a.AppInitScheduler|Run: Running LongtailVoltronAppInit
01-10 18:31:58.057  9716  9745 W fb4a.HalfnosisInitializer: Halfnosis is not enabled!
01-10 18:31:58.057  9716  9745 W fb4a.LongtailVoltronAppInit: HalfnosisInitializer: fail
01-10 18:31:58.057  9716  9745 W fb4a.AppInitScheduler|Run:   Finished LongtailVoltronAppInit in 1ms
01-10 18:31:58.057  9716  9745 W fb4a.AppInitScheduler|Run: Running MetaCasper
01-10 18:31:58.072  9716  9745 W fb4a.AppInitScheduler|Run:   Finished MetaCasper in 14ms
01-10 18:31:58.072  9716  9745 W fb4a.AppInitScheduler|Run: Running MobileConfigAdminIdLaterInit
01-10 18:31:58.072  9716  9745 W fb4a.AppInitScheduler|Run:   Finished MobileConfigAdminIdLaterInit in 1ms
01-10 18:31:58.072  9716  9745 W fb4a.AppInitScheduler|Run: Running MobileConfigLaterInit
01-10 18:31:58.072  9716  9745 W fb4a.AppInitScheduler|Run:   Finished MobileConfigLaterInit in 0ms
01-10 18:31:58.072  9716  9745 W fb4a.AppInitScheduler|Run: Running MobileConfigSessionlessLaterInit
01-10 18:31:58.072  9716  9745 W fb4a.AppInitScheduler|Run:   Finished MobileConfigSessionlessLaterInit in 0ms
01-10 18:31:58.072  9716  9745 W fb4a.AppInitScheduler|Run: Running PreloadFeedRequest
01-10 18:31:58.072  9716  9745 W fb4a.AppInitScheduler|Run:   Finished PreloadFeedRequest in 0ms
01-10 18:31:58.072  9716  9745 W fb4a.AppInitScheduler|Schedule:   Executing 298:PrefetchFeedNetwork
01-10 18:31:58.072  9716  9745 W fb4a.AppInitScheduler|Run: Running PrefetchFeedNetwork
01-10 18:31:58.072  9716  9745 W fb4a.AppInitScheduler|Run:   Finished PrefetchFeedNetwork in 0ms
01-10 18:31:58.072  9716  9745 W fb4a.AppInitScheduler|Run: Running PreloadClashManager
01-10 18:31:58.077  9716  9745 W fb4a.AppInitScheduler|Run:   Finished PreloadClashManager in 5ms
01-10 18:31:58.077  9716  9745 W fb4a.AppInitScheduler|Run: Running PreloadFeedConfig
01-10 18:31:58.077  9716  9745 W fb4a.AppInitScheduler|Run:   Finished PreloadFeedConfig in 0ms
01-10 18:31:58.077  9716  9745 W fb4a.AppInitScheduler|Run: Running PreloadFeedFetchMetadata
01-10 18:31:58.077  9716  9745 W fb4a.AppInitScheduler|Run:   Finished PreloadFeedFetchMetadata in 0ms
01-10 18:31:58.077  9716  9745 W fb4a.AppInitScheduler|Run: Running PreloadFreshFeedRanker
01-10 18:31:58.102  9716  9748 W fb4a.AppInitScheduler|Run:   Finished PreloadFeedDataLoader in 181ms
01-10 18:31:58.102  9716  9747 W fb4a.AppInitScheduler|Run:   Finished PreloadFeedFullCacheLoad in 130ms
01-10 18:31:58.102  9716  9747 W fb4a.AppInitScheduler|Schedule:   Executing 119:EagerInitFeedDataLoader
01-10 18:31:58.102  9716  9747 W fb4a.AppInitScheduler|Run: Running EagerInitFeedDataLoader
