01-10 15:40:00.361  5952  5976 I VoiceDataDownloader: Getting pack name en-us-x-multi-seanet-r43
01-10 15:40:00.361  5952  5976 I VoiceDataDownloader: Adding pack en-us-x-multi-seanet-r43 to superpack.
01-10 15:40:00.361  5952  5976 I VoiceDataDownloader: Getting pack name en-us-x-afh-r43
01-10 15:40:00.362  5952  5976 I VoiceDataDownloader: Adding pack en-us-x-afh-r43 to superpack.
01-10 15:40:00.362  5952  5976 I VoiceDataDownloader: Getting pack name en-us-x-fis-r43
01-10 15:40:00.362  5952  5976 I VoiceDataDownloader: Adding pack en-us-x-fis-r43 to superpack.
01-10 15:40:00.362  5952  5976 I VoiceDataDownloader: Getting pack name en-us-x-multi-wavernn-r43
01-10 15:40:00.362  5952  5976 I VoiceDataDownloader: Adding pack en-us-x-multi-wavernn-r43 to superpack.
01-10 15:40:00.363  5952  5976 I VoiceDataDownloader: Getting pack name en-us-x-multi-darwinn-wavernn-r43
01-10 15:40:00.363  5952  5976 I VoiceDataDownloader: Adding pack en-us-x-multi-darwinn-wavernn-r43 to superpack.
01-10 15:40:00.363  5952  5976 I VoiceDataDownloader: Syncing superpack en-us
01-10 15:40:00.364  5952  5979 I SP      : Registering en-us.43, url: null, constraints: *:*:*:*, flags: *, requested: 43, current: 43
01-10 15:40:00.387  5952  5979 I SP      : Syncing en-us (43) with slices: [{en-us-x-multi-r43, m:*:*:*}], metadata: false
01-10 15:40:00.397  5952  5978 I VoiceLanguageHelper: #initializeLanguages
01-10 15:40:00.414  5952  5979 I SP      : Sync for en-us succeeded in 48 ms: no changes
01-10 15:40:00.415  5952  5979 I SP      : GC for 'en-us' (10) with ttl of 0 ms took 1 ms (0/1/0)
01-10 15:40:00.415  5952  5976 I VoiceDataDownloader: Superpack download completed.
01-10 15:40:00.416  5952  5976 I VoiceDataDownloader: Download default Success true
01-10 15:40:00.417  5952  5982 I LPDownloadSettingsState: Defaulting LP download condition to WIFI_ONLY as user has not edited settings.
01-10 15:40:00.417  5952  5982 I DefaultLPManager: #getAvailablePackages
01-10 15:40:00.418  5952  5982 I ecz     : #getDownloadableLanguagePacks
01-10 15:40:00.418  5952  5982 W SystemLPSourceImpl: #getAvailablePackages: Note there is not reason to call this method, as getInstalledPackages() returns the same LanguagePacks for this impl.
01-10 15:40:00.418  5952  5982 I LPRequestClient: #getAllPacks
01-10 15:40:00.418  5952  5982 I DefaultLPManager: #getAvailablePackages
01-10 15:40:00.419  5952  5982 I ecz     : #getDownloadableLanguagePacks
01-10 15:40:00.419  5952  5982 W SystemLPSourceImpl: #getAvailablePackages: Note there is not reason to call this method, as getInstalledPackages() returns the same LanguagePacks for this impl.
01-10 15:40:00.419  5952  5982 I DefaultLPManager: #getRequestedPackages
01-10 15:40:00.420  5952  5982 I ecz     : #getDownloadableLanguagePacks
01-10 15:40:00.420  5952  5982 W SystemLPSourceImpl: #getRequestedPackages: There is not reason to call this method, as the result is always empty.
01-10 15:40:00.420  5952  5982 I DefaultLPManager: #getInstalledPackages
01-10 15:40:00.420  5952  5982 I ecz     : #getInstalledPackages
01-10 15:40:00.421  5952  5982 I DefaultLPManager: #getInstalledPackages
01-10 15:40:00.422  5952  5982 I ecz     : #getInstalledPackages
01-10 15:40:00.423  5952  5983 I LPRequestState: [ZipfileRequests] #resolveDesiredLanguagePacks
01-10 15:40:00.425  5952  5983 I LPRequestState: [ManagerRequests] #resolveDesiredLanguagePacks
01-10 15:40:00.425  5952  5983 I ecz     : #getPendingPackages
01-10 15:40:00.426  5952  5982 I DefaultLPManager: #getRequestedPackages
01-10 15:40:00.428  5952  5982 I ecz     : #getDownloadableLanguagePacks
01-10 15:40:00.428  5952  5982 W SystemLPSourceImpl: #getRequestedPackages: There is not reason to call this method, as the result is always empty.
01-10 15:40:00.429  5952  5982 I DefaultLPManager: #getAvailablePackages
01-10 15:40:00.429  5952  5983 I LPRequestState: [ZipfileRequests] #resolveDesiredLanguagePacks
01-10 15:40:00.430  5952  5983 I ecz     : #getPendingPackages
01-10 15:40:00.430  5952  5982 I ecz     : #getDownloadableLanguagePacks
01-10 15:40:00.430  5952  5982 W SystemLPSourceImpl: #getAvailablePackages: Note there is not reason to call this method, as getInstalledPackages() returns the same LanguagePacks for this impl.
01-10 15:40:00.442  5952  5969 I WM-WorkerWrapper: Worker result SUCCESS for Work [ id=b8785322-eaa4-403f-9989-f0c94aeb51d1, tags={ com.google.apps.tiktok.contrib.work.TikTokListenableWorker, TikTokWorker#com.google.apps.tiktok.sync.impl.workmanager.SyncWorker } ]
01-10 15:40:00.448  5952  5983 I gle.android.tt: Rejecting re-init on previously-failed class java.lang.Class<androidx.wear.ambient.WearableControllerProvider$1>: java.lang.NoClassDefFoundError: Failed resolution of: Lcom/google/android/wearable/compat/WearableActivityController$AmbientCallback;
01-10 15:40:00.448  5952  5983 I gle.android.tt:   at void fxn.d(java.lang.Runnable, java.util.concurrent.Executor) (PG:3)
01-10 15:40:00.448  5952  5983 I gle.android.tt:   at void cfc.<init>(fxm, fxo) (PG:3)
01-10 15:40:00.448  5952  5983 I gle.android.tt:   at fxo cfe.b(java.lang.Runnable, long, java.util.concurrent.TimeUnit) (PG:4)
01-10 15:40:00.448  5952  5983 I gle.android.tt:   at fxo cfq.b(java.lang.Runnable, long, java.util.concurrent.TimeUnit) (PG:1)
01-10 15:40:00.448  5952  5983 I gle.android.tt:   at void evf.b(boolean) (PG:7)
01-10 15:40:00.448  5952  5983 I gle.android.tt:   at void evf.p() (PG:4)
01-10 15:40:00.448  5952  5983 I gle.android.tt:   at void dlc.c(java.util.Map) (PG:3)
01-10 15:40:00.448  5952  5983 I gle.android.tt:   at void dlo.a() (PG:6)
01-10 15:40:00.448  5952  5983 I gle.android.tt:   at void dlh.a() (PG:5)
01-10 15:40:00.448  5952  5983 I gle.android.tt:   at void evl.onCreate() (PG:23)
01-10 15:40:00.448  5952  5983 I gle.android.tt:   at void brr.onCreate() (PG:1)
01-10 15:40:00.448  5952  5983 I gle.android.tt:   at void bob.onCreate() (PG:4)
01-10 15:40:00.448  5952  5983 I gle.android.tt:   at void com.google.android.apps.speech.tts.googletts.GoogleTTSRoot_Application.onCreate() (PG:12)
01-10 15:40:00.448  5952  5983 I gle.android.tt:   at void android.app.Instrumentation.callApplicationOnCreate(android.app.Application) (Instrumentation.java:1154)
01-10 15:40:00.448  5952  5983 I gle.android.tt:   at void android.app.ActivityThread.handleBindApplication(android.app.ActivityThread$AppBindData) (ActivityThread.java:6036)
01-10 15:40:00.448  5952  5983 I gle.android.tt:   at void android.app.ActivityThread.access$1100(android.app.ActivityThread, android.app.ActivityThread$AppBindData) (ActivityThread.java:207)
01-10 15:40:00.448  5952  5983 I gle.android.tt:   at void android.app.ActivityThread$H.handleMessage(android.os.Message) (ActivityThread.java:1663)
01-10 15:40:00.448  5952  5983 I gle.android.tt:   at void android.os.Handler.dispatchMessage(android.os.Message) (Handler.java:106)
01-10 15:40:00.448  5952  5983 I gle.android.tt:   at void android.os.Looper.loop() (Looper.java:193)
01-10 15:40:00.448  5952  5983 I gle.android.tt:   at void android.app.ActivityThread.main(java.lang.String[]) (ActivityThread.java:6840)
01-10 15:40:00.448  5952  5983 I gle.android.tt:   at java.lang.Object java.lang.reflect.Method.invoke(java.lang.Object, java.lang.Object[]) (Method.java:-2)
01-10 15:40:00.448  5952  5983 I gle.android.tt:   at void com.android.internal.os.RuntimeInit$MethodAndArgsCaller.run() (RuntimeInit.java:493)
01-10 15:40:00.448  5952  5983 I gle.android.tt:   at void com.android.internal.os.ZygoteInit.main(java.lang.String[]) (ZygoteInit.java:860)
01-10 15:40:00.448  5952  5983 I gle.android.tt: Caused by: java.lang.ClassNotFoundException: Didn't find class "com.google.android.wearable.compat.WearableActivityController$AmbientCallback" on path: DexPathList[[zip file "/system/app/GoogleTTS/GoogleTTS.apk"],nativeLibraryDirectories=[/system/app/GoogleTTS/lib/x86_64, /system/app/GoogleTTS/GoogleTTS.apk!/lib/x86_64, /system/lib64, /system/vendor/lib64, /system/lib64, /system/vendor/lib64]]
01-10 15:40:00.448  5952  5983 I gle.android.tt:   at java.lang.Class dalvik.system.BaseDexClassLoader.findClass(java.lang.String) (BaseDexClassLoader.java:134)
01-10 15:40:00.448  5952  5983 I gle.android.tt:   at java.lang.Class java.lang.ClassLoader.loadClass(java.lang.String, boolean) (ClassLoader.java:379)
01-10 15:40:00.448  5952  5983 I gle.android.tt:   at java.lang.Class java.lang.ClassLoader.loadClass(java.lang.String) (ClassLoader.java:312)
01-10 15:40:00.448  5952  5983 I gle.android.tt:   at void fxn.d(java.lang.Runnable, java.util.concurrent.Executor) (PG:3)
01-10 15:40:00.448  5952  5983 I gle.android.tt:   at void cfc.<init>(fxm, fxo) (PG:3)
01-10 15:40:00.448  5952  5983 I gle.android.tt:   at fxo cfe.b(java.lang.Runnable, long, java.util.concurrent.TimeUnit) (PG:4)
01-10 15:40:00.448  5952  5983 I gle.android.tt:   at fxo cfq.b(java.lang.Runnable, long, java.util.concurrent.TimeUnit) (PG:1)
01-10 15:40:00.448  5952  5983 I gle.android.tt:   at void evf.b(boolean) (PG:7)
01-10 15:40:00.448  5952  5983 I gle.android.tt:   at void evf.p() (PG:4)
01-10 15:40:00.448  5952  5983 I gle.android.tt:   at void dlc.c(java.util.Map) (PG:3)
01-10 15:40:00.448  5952  5983 I gle.android.tt:   at void dlo.a() (PG:6)
01-10 15:40:00.448  5952  5983 I gle.android.tt:   at void dlh.a() (PG:5)
01-10 15:40:00.448  5952  5983 I gle.android.tt:   at void evl.onCreate() (PG:23)
01-10 15:40:00.448  5952  5983 I gle.android.tt:   at void brr.onCreate() (PG:1)
01-10 15:40:00.448  5952  5983 I gle.android.tt:   at void bob.onCreate() (PG:4)
01-10 15:40:00.448  5952  5983 I gle.android.tt:   at void com.google.android.apps.speech.tts.googletts.GoogleTTSRoot_Application.onCreate() (PG:12)
01-10 15:40:00.448  5952  5983 I gle.android.tt:   at void android.app.Instrumentation.callApplicationOnCreate(android.app.Application) (Instrumentation.java:1154)
01-10 15:40:00.448  5952  5983 I gle.android.tt:   at void android.app.ActivityThread.handleBindApplication(android.app.ActivityThread$AppBindData) (ActivityThread.java:6036)
01-10 15:40:00.448  5952  5983 I gle.android.tt:   at void android.app.ActivityThread.access$1100(android.app.ActivityThread, android.app.ActivityThread$AppBindData) (ActivityThread.java:207)
01-10 15:40:00.448  5952  5983 I gle.android.tt:   at void android.app.ActivityThread$H.handleMessage(android.os.Message) (ActivityThread.java:1663)
01-10 15:40:00.448  5952  5983 I gle.android.tt:   at void android.os.Handler.dispatchMessage(android.os.Message) (Handler.java:106)
01-10 15:40:00.448  5952  5983 I gle.android.tt:   at void android.os.Looper.loop() (Looper.java:193)
01-10 15:40:00.448  5952  5983 I gle.android.tt:   at void android.app.ActivityThread.main(java.lang.String[]) (ActivityThread.java:6840)
01-10 15:40:00.448  5952  5983 I gle.android.tt:   at java.lang.Object java.lang.reflect.Method.invoke(java.lang.Object, java.lang.Object[]) (Method.java:-2)
01-10 15:40:00.448  5952  5983 I gle.android.tt:   at void com.android.internal.os.RuntimeInit$MethodAndArgsCaller.run() (RuntimeInit.java:493)
01-10 15:40:00.448  5952  5983 I gle.android.tt:   at void com.android.internal.os.ZygoteInit.main(java.lang.String[]) (ZygoteInit.java:860)
01-10 15:40:00.448  5952  5983 I gle.android.tt: 
01-10 15:40:00.448  5952  5983 I gle.android.tt: Rejecting re-init on previously-failed class java.lang.Class<androidx.wear.ambient.WearableControllerProvider$1>: java.lang.NoClassDefFoundError: Failed resolution of: Lcom/google/android/wearable/compat/WearableActivityController$AmbientCallback;
01-10 15:40:00.448  5952  5983 I gle.android.tt:   at void fxn.d(java.lang.Runnable, java.util.concurrent.Executor) (PG:3)
01-10 15:40:00.448  5952  5983 I gle.android.tt:   at void cfc.<init>(fxm, fxo) (PG:3)
01-10 15:40:00.448  5952  5983 I gle.android.tt:   at fxo cfe.b(java.lang.Runnable, long, java.util.concurrent.TimeUnit) (PG:4)
01-10 15:40:00.448  5952  5983 I gle.android.tt:   at fxo cfq.b(java.lang.Runnable, long, java.util.concurrent.TimeUnit) (PG:1)
01-10 15:40:00.448  5952  5983 I gle.android.tt:   at void evf.b(boolean) (PG:7)
01-10 15:40:00.448  5952  5983 I gle.android.tt:   at void evf.p() (PG:4)
01-10 15:40:00.448  5952  5983 I gle.android.tt:   at void dlc.c(java.util.Map) (PG:3)
01-10 15:40:00.448  5952  5983 I gle.android.tt:   at void dlo.a() (PG:6)
01-10 15:40:00.448  5952  5983 I gle.android.tt:   at void dlh.a() (PG:5)
01-10 15:40:00.448  5952  5983 I gle.android.tt:   at void evl.onCreate() (PG:23)
01-10 15:40:00.448  5952  5983 I gle.android.tt:   at void brr.onCreate() (PG:1)
01-10 15:40:00.448  5952  5983 I gle.android.tt:   at void bob.onCreate() (PG:4)
01-10 15:40:00.448  5952  5983 I gle.android.tt:   at void com.google.android.apps.speech.tts.googletts.GoogleTTSRoot_Application.onCreate() (PG:12)
01-10 15:40:00.448  5952  5983 I gle.android.tt:   at void android.app.Instrumentation.callApplicationOnCreate(android.app.Application) (Instrumentation.java:1154)
01-10 15:40:00.448  5952  5983 I gle.android.tt:   at void android.app.ActivityThread.handleBindApplication(android.app.ActivityThread$AppBindData) (ActivityThread.java:6036)
01-10 15:40:00.448  5952  5983 I gle.android.tt:   at void android.app.ActivityThread.access$1100(android.app.ActivityThread, android.app.ActivityThread$AppBindData) (ActivityThread.java:207)
01-10 15:40:00.448  5952  5983 I gle.android.tt:   at void android.app.ActivityThread$H.handleMessage(android.os.Message) (ActivityThread.java:1663)
01-10 15:40:00.448  5952  5983 I gle.android.tt:   at void android.os.Handler.dispatchMessage(android.os.Message) (Handler.java:106)
01-10 15:40:00.448  5952  5983 I gle.android.tt:   at void android.os.Looper.loop() (Looper.java:193)
01-10 15:40:00.448  5952  5983 I gle.android.tt:   at void android.app.ActivityThread.main(java.lang.String[]) (ActivityThread.java:6840)
01-10 15:40:00.448  5952  5983 I gle.android.tt:   at java.lang.Object java.lang.reflect.Method.invoke(java.lang.Object, java.lang.Object[]) (Method.java:-2)
01-10 15:40:00.448  5952  5983 I gle.android.tt:   at void com.android.internal.os.RuntimeInit$MethodAndArgsCaller.run() (RuntimeInit.java:493)
01-10 15:40:00.448  5952  5983 I gle.android.tt:   at void com.android.internal.os.ZygoteInit.main(java.lang.String[]) (ZygoteInit.java:860)
01-10 15:40:00.448  5952  5983 I gle.android.tt: Caused by: java.lang.ClassNotFoundException: Didn't find class "com.google.android.wearable.compat.WearableActivityController$AmbientCallback" on path: DexPathList[[zip file "/system/app/GoogleTTS/GoogleTTS.apk"],nativeLibraryDirectories=[/system/app/GoogleTTS/lib/x86_64, /system/app/GoogleTTS/GoogleTTS.apk!/lib/x86_64, /system/lib64, /system/vendor/lib64, /system/lib64, /system/vendor/lib64]]
01-10 15:40:00.448  5952  5983 I gle.android.tt:   at java.lang.Class dalvik.system.BaseDexClassLoader.findClass(java.lang.String) (BaseDexClassLoader.java:134)
01-10 15:40:00.448  5952  5983 I gle.android.tt:   at java.lang.Class java.lang.ClassLoader.loadClass(java.lang.String, boolean) (ClassLoader.java:379)
01-10 15:40:00.448  5952  5983 I gle.android.tt:   at java.lang.Class java.lang.ClassLoader.loadClass(java.lang.String) (ClassLoader.java:312)
01-10 15:40:00.448  5952  5983 I gle.android.tt:   at void fxn.d(java.lang.Runnable, java.util.concurrent.Executor) (PG:3)
01-10 15:40:00.448  5952  5983 I gle.android.tt:   at void cfc.<init>(fxm, fxo) (PG:3)
01-10 15:40:00.448  5952  5983 I gle.android.tt:   at fxo cfe.b(java.lang.Runnable, long, java.util.concurrent.TimeUnit) (PG:4)
01-10 15:40:00.448  5952  5983 I gle.android.tt:   at fxo cfq.b(java.lang.Runnable, long, java.util.concurrent.TimeUnit) (PG:1)
01-10 15:40:00.448  5952  5983 I gle.android.tt:   at void evf.b(boolean) (PG:7)
01-10 15:40:00.448  5952  5983 I gle.android.tt:   at void evf.p() (PG:4)
01-10 15:40:00.448  5952  5983 I gle.android.tt:   at void dlc.c(java.util.Map) (PG:3)
01-10 15:40:00.448  5952  5983 I gle.android.tt:   at void dlo.a() (PG:6)
01-10 15:40:00.448  5952  5983 I gle.android.tt:   at void dlh.a() (PG:5)
01-10 15:40:00.448  5952  5983 I gle.android.tt:   at void evl.onCreate() (PG:23)
01-10 15:40:00.448  5952  5983 I gle.android.tt:   at void brr.onCreate() (PG:1)
01-10 15:40:00.448  5952  5983 I gle.android.tt:   at void bob.onCreate() (PG:4)
01-10 15:40:00.448  5952  5983 I gle.android.tt:   at void com.google.android.apps.speech.tts.googletts.GoogleTTSRoot_Application.onCreate() (PG:12)
01-10 15:40:00.448  5952  5983 I gle.android.tt:   at void android.app.Instrumentation.callApplicationOnCreate(android.app.Application) (Instrumentation.java:1154)
01-10 15:40:00.448  5952  5983 I gle.android.tt:   at void android.app.ActivityThread.handleBindApplication(android.app.ActivityThread$AppBindData) (ActivityThread.java:6036)
01-10 15:40:00.448  5952  5983 I gle.android.tt:   at void android.app.ActivityThread.access$1100(android.app.ActivityThread, android.app.ActivityThread$AppBindData) (ActivityThread.java:207)
01-10 15:40:00.448  5952  5983 I gle.android.tt:   at void android.app.ActivityThread$H.handleMessage(android.os.Message) (ActivityThread.java:1663)
01-10 15:40:00.448  5952  5983 I gle.android.tt:   at void android.os.Handler.dispatchMessage(android.os.Message) (Handler.java:106)
01-10 15:40:00.448  5952  5983 I gle.android.tt:   at void android.os.Looper.loop() (Looper.java:193)
01-10 15:40:00.448  5952  5983 I gle.android.tt:   at void android.app.ActivityThread.main(java.lang.String[]) (ActivityThread.java:6840)
01-10 15:40:00.448  5952  5983 I gle.android.tt:   at java.lang.Object java.lang.reflect.Method.invoke(java.lang.Object, java.lang.Object[]) (Method.java:-2)
01-10 15:40:00.448  5952  5983 I gle.android.tt:   at void com.android.internal.os.RuntimeInit$MethodAndArgsCaller.run() (RuntimeInit.java:493)
01-10 15:40:00.448  5952  5983 I gle.android.tt:   at void com.android.internal.os.ZygoteInit.main(java.lang.String[]) (ZygoteInit.java:860)
01-10 15:40:00.448  5952  5983 I gle.android.tt: 
01-10 15:40:00.517  5952  5982 I LPRequestState: [ManagerRequests] #resolveUnusedLanguagePacks
01-10 15:40:00.517  5952  5983 I LPRequestState: [ManagerRequests] #resolveUnusedLanguagePacks
01-10 15:40:00.517  5952  5983 I LPRequestState: [ManagerRequests] #resolveDesiredLanguagePacks
01-10 15:40:00.517  5952  5982 I LPRequestState: [ManagerRequests] #resolveDesiredLanguagePacks
01-10 15:40:00.517  5952  5983 I LPAutoUpdateSynclet: Background downloading 0 packs, for an ideal set of 0 total packs
01-10 15:40:00.518  5952  5982 I LPAutoUpdateSynclet: Background deleting 0 stale packs
01-10 15:40:00.518  5952  5982 I LPAutoUpdateSynclet: Background LanguagePack updates finished successfully
01-10 15:40:00.567  2259  4272 W .gms.persisten: Unknown chunk type '200'.
01-10 15:40:00.567  2259  4272 W .gms.persisten: Unknown chunk type '200'.
01-10 15:40:00.647  1759  2071 I chatty  : uid=1000(system) Binder:1759_7 expire 5 lines
01-10 15:40:01.216  1551  1551 D sensor_hal: cb_setDelay handle=0 delay-ns=200000000
01-10 15:40:01.229  2259  3572 I ActivityScheduler: nextTriggerTime: 4419216, in 235298ms, detectorType: 39, FULL_TYPE alarmWindowMillis: 30000
01-10 15:40:04.890  5952  5966 I gle.android.tt: Waiting for a blocking GC ProfileSaver
01-10 15:40:04.901  5952  5966 I gle.android.tt: WaitForGcToComplete blocked ProfileSaver on HeapTrim for 10.755ms
01-10 15:40:07.639  1567  1567 I ldinit  : type=1400 audit(0.0:1130): avc: denied { read } for name="partitions" dev="proc" ino=4026532050 scontext=u:r:ldinit:s0 tcontext=u:object_r:proc:s0 tclass=file permissive=1
01-10 15:40:07.639  1567  1567 I ldinit  : type=1400 audit(0.0:1130): avc: denied { open } for path="/proc/partitions" dev="proc" ino=4026532050 scontext=u:r:ldinit:s0 tcontext=u:object_r:proc:s0 tclass=file permissive=1
01-10 15:40:07.639  1567  1567 W ldinit  : type=1300 audit(0.0:1130): arch=c000003e syscall=257 success=yes exit=6 a0=ffffff9c a1=7ffff7728278 a2=0 a3=0 items=0 ppid=1 auid=4294967295 uid=0 gid=0 euid=0 suid=0 fsuid=0 egid=0 sgid=0 fsgid=0 tty=(none) ses=4294967295 exe="/system/bin/ldinit" subj=u:r:ldinit:s0 key=(null)
01-10 15:40:07.639  1359  1359 W auditd  : type=1327 audit(0.0:1130): proctitle="/system/bin/ldinit"
01-10 15:40:07.639  1359  1359 W auditd  : type=1320 audit(0.0:1130): 
01-10 15:40:20.506  1526  1526 I healthd : type=1400 audit(0.0:1132): avc: denied { read } for name="present" dev="sysfs" ino=6606 scontext=u:r:healthd:s0 tcontext=u:object_r:sysfs:s0 tclass=file permissive=1
01-10 15:40:20.506  1526  1526 I healthd : type=1400 audit(0.0:1132): avc: denied { open } for path="/sys/devices/LNXSYSTM:00/LNXSYBUS:00/PNP0A03:00/PNP0C0A:00/power_supply/BAT0/present" dev="sysfs" ino=6606 scontext=u:r:healthd:s0 tcontext=u:object_r:sysfs:s0 tclass=file permissive=1
01-10 15:40:20.506  1526  1526 W healthd : type=1300 audit(0.0:1132): arch=c000003e syscall=257 success=yes exit=9 a0=ffffff9c a1=7ffff7228360 a2=a0000 a3=0 items=0 ppid=1 auid=4294967295 uid=0 gid=0 euid=0 suid=0 fsuid=0 egid=0 sgid=0 fsgid=0 tty=(none) ses=4294967295 exe="/system/bin/healthd" subj=u:r:healthd:s0 key=(null)
01-10 15:40:20.506  1359  1359 W auditd  : type=1327 audit(0.0:1132): proctitle="/system/bin/healthd"
01-10 15:40:20.506  1359  1359 W auditd  : type=1320 audit(0.0:1132): 
01-10 15:40:20.955  1759  1780 I chatty  : uid=1000(system) FinalizerDaemon expire 36 lines
01-10 15:40:21.791  1930  2242 I OpenGLRenderer: Davey! duration=900ms; Flags=0, IntendedVsync=4203581761784, Vsync=4203581761784, OldestInputEvent=9223372036854775807, NewestInputEvent=0, HandleInputStart=4203582000257, AnimationStart=4203582009631, PerformTraversalsStart=4203582025143, DrawStart=4203582694395, SyncQueued=4203582972136, SyncStart=4203583008825, IssueDrawCommandsStart=4203583047291, SwapBuffers=4203583310357, FrameCompleted=4204481990098, DequeueBufferDuration=297000, QueueBufferDuration=2760000, 
01-10 15:40:30.609  1591  1651 E storaged: getDiskStats failed with result NOT_SUPPORTED and size 0
01-10 15:40:39.238  1759  1795 I ActivityManager: Start proc 5992:com.facebook.katana/u0a84 for service com.facebook.katana/androidx.work.impl.background.systemjob.SystemJobService
01-10 15:40:39.376  5992  5992 I Zygote  : seccomp disabled by setenforce 0
01-10 15:40:39.377  5992  5992 I chatty  : uid=10084(com.facebook.katana) identical 120 lines
01-10 15:40:39.632  1359  1359 W auditd  : type=1327 audit(0.0:1135): proctitle="com.facebook.katana"
01-10 15:40:39.632  1359  1359 W auditd  : type=1320 audit(0.0:1135): 
01-10 15:40:39.654  2533  2533 W ContextImpl: Calling a method in the system process without a qualified user: android.app.ContextImpl.startService:1531 android.content.ContextWrapper.startService:664 android.content.ContextWrapper.startService:664 com.android.coreservice.CoreBroadcastReceiver.onReceive:53 android.app.ActivityThread.handleReceiver:3424 
01-10 15:40:39.744  5992  6012 I chatty  : uid=10084(com.facebook.katana) expire 31 lines
01-10 15:40:39.745  5992  6013 I chatty  : uid=10084(com.facebook.katana) expire 1 line
01-10 15:40:39.746  5992  6014 I chatty  : uid=10084(com.facebook.katana) expire 222 lines
01-10 15:40:39.746  5992  6015 I chatty  : uid=10084(com.facebook.katana) expire 76 lines
01-10 15:40:39.747  5992  6016 I chatty  : uid=10084(com.facebook.katana) expire 126 lines
01-10 15:40:39.752  5992  6017 I chatty  : uid=10084(com.facebook.katana) expire 46 lines
01-10 15:40:39.760  5992  6018 I chatty  : uid=10084(com.facebook.katana) expire 3 lines
01-10 15:40:39.767  5992  6019 I chatty  : uid=10084(com.facebook.katana) FileObserver expire 1 line
01-10 15:40:39.777  5992  6021 I chatty  : uid=10084(com.facebook.katana) expire 78 lines
01-10 15:40:39.798  1759  1849 D ActivityManager: getDeviceConfigurationInfo gles: 196609
01-10 15:40:39.827  5992  6022 I chatty  : uid=10084(com.facebook.katana) Lacrima_single_ expire 111 lines
01-10 15:40:39.880  5992  6032 I chatty  : uid=10084(com.facebook.katana) expire 4 lines
01-10 15:40:39.909  1542  1542 D gralloc_default: gralloc_alloc: Creating ashmem region of size 4096, ignore more log...
01-10 15:40:40.115  5992  6035 I chatty  : uid=10084(com.facebook.katana) expire 1 line
01-10 15:40:40.162  5992  6033 I chatty  : uid=10084(com.facebook.katana) expire 2 lines
01-10 15:40:40.327  5992  6042 I chatty  : uid=10084(com.facebook.katana) expire 19 lines
01-10 15:40:40.341  5992  6004 I chatty  : uid=10084(com.facebook.katana) FinalizerDaemon expire 3 lines
01-10 15:40:40.429  5992  6049 I chatty  : uid=10084(com.facebook.katana) CombinedTP3 expire 1 line
01-10 15:40:40.619  5992  5997 I chatty  : uid=10084(com.facebook.katana) Jit thread pool expire 1 line
01-10 15:40:40.674  2121  2121 D PhoneSwitcherNetworkRequstListener: got request NetworkRequest [ TRACK_DEFAULT id=51, [ Capabilities: INTERNET&NOT_RESTRICTED&TRUSTED Unwanted:  Uid: 10084] ] with score 60
01-10 15:40:40.696  5992  6014 I chatty  : uid=10084(com.facebook.katana) expire 5 lines
01-10 15:40:40.697  5992  6015 I chatty  : uid=10084(com.facebook.katana) expire 5 lines
01-10 15:40:40.700  5992  6061 I chatty  : uid=10084(com.facebook.katana) expire 1 line
01-10 15:40:40.724  5992  6015 I chatty  : uid=10084(com.facebook.katana) expire 1 line
01-10 15:40:40.731  5992  5992 I chatty  : uid=10084(com.facebook.katana) expire 1 line
01-10 15:40:40.736  5992  5992 W fb4a.StartupMetricTracker: Begin BACKGROUND UNTRACKED start
01-10 15:40:40.763  5992  6016 W SoLoader[NativeDeps]: Falling back to custom ELF parsing when loading libunwindstack_binary.so, this can be slow
01-10 15:40:40.769  5992  6016 W SoLoader[NativeDeps]: Falling back to custom ELF parsing when loading libfbunwindstack.so, this can be slow
01-10 15:40:40.773  5992  6016 W SoLoader[NativeDeps]: Falling back to custom ELF parsing when loading libc++_shared.so, this can be slow
01-10 15:40:40.777  5992  6016 W fb4a.SigquitDetectorLacrima: nativeInit
01-10 15:40:40.780  5992  6016 W fb4a.lacrima: Start AnrDetector... com.facebook.acra.anr.multisignal.MultiSignalANRDetector
01-10 15:40:40.780  5992  6016 W fb4a.MultiSignalANRDetectorLacrima: Starting
01-10 15:40:40.780  5992  6016 W fb4a.ProcessAnrErrorMonitor: startMonitoring with delay: 0
01-10 15:40:40.792  5992  6015 W fb4a.AppInitScheduler|Run:   Finished GraphServiceEagerInit in 94ms
01-10 15:40:40.793  5992  6015 W fb4a.AppInitScheduler|Schedule:   Executing 184:InitPushabilityCheck
01-10 15:40:40.793  5992  6015 W fb4a.AppInitScheduler|Schedule:   Executing 315:PreloadReelsCsrForReelsTabStarts
01-10 15:40:40.793  5992  6015 W fb4a.AppInitScheduler|Run: Running InitPushabilityCheck
01-10 15:40:40.795  5992  6073 W fb4a.MultiSignalANRDetectorLacrima: Moving to background
01-10 15:40:40.796  5992  5992 W fb4a.BackgroundStartupDetector: bgMode=BACKGROUND
01-10 15:40:40.804  5992  6015 W fb4a.AppInitScheduler|Run:   Finished InitPushabilityCheck in 11ms
01-10 15:40:40.805  5992  6015 W fb4a.AppInitScheduler|Run: Running InitTrafficNTS
01-10 15:40:40.812  5992  5992 E fb4a.SlowAppComponent: 0ms: FacebookApplication instantiating
01-10 15:40:40.814  5992  5992 E fb4a.SlowAppComponent: Main thread was blocked for 1086ms in the background starting with FacebookApplication
01-10 15:40:40.817  5992  6015 W facebook.katan: JNI RegisterNativeMethods: attempt to register 0 native methods for com.facebook.traffic.nts.providers.background.BackgroundV2TaskSchedulerCommonImpl
01-10 15:40:40.817  5992  6015 W facebook.katan: JNI RegisterNativeMethods: attempt to register 0 native methods for com.facebook.traffic.nts.providers.http.HttpProviderAppLayerUpcallsImpl
01-10 15:40:40.817  5992  6015 W facebook.katan: JNI RegisterNativeMethods: attempt to register 0 native methods for com.facebook.traffic.nts.providers.startup_signals.StartupSignalsProviderAppLayerUpcallsImpl
01-10 15:40:40.851  5992  6016 W fb4a.AppInitScheduler|Run:   Finished InitLacrimaLaterInit in 184ms
01-10 15:40:40.851  5992  6016 W fb4a.AppInitScheduler|Run: Running PreloadReelsCsrForReelsTabStarts
01-10 15:40:40.852  5992  6075 W fb4a.ProcessAnrErrorMonitor: Starting process monitor checks for process 'com.facebook.katana'
01-10 15:40:40.852  5992  6016 W fb4a.AppInitScheduler|Run:   Finished PreloadReelsCsrForReelsTabStarts in 0ms
01-10 15:40:40.852  5992  6075 W fb4a.MultiSignalANRDetectorLacrima: Started monitoring
01-10 15:40:40.852  5992  6016 W fb4a.AppInitScheduler|Run: Running ProfiloBridgeFactoryImpl
01-10 15:40:40.853  5992  6016 W Profilo/TraceControl: START PROFILO_TRACEID: ETkRjQnqJra 30539777
01-10 15:40:40.861  5992  6015 W fb4a.AppInitScheduler|Run:   Finished InitTrafficNTS in 57ms
01-10 15:40:40.861  5992  6015 W fb4a.AppInitScheduler|Run: Running RasFileInitializer
01-10 15:40:40.861  5992  6015 W fb4a.AppInitScheduler|Run:   Finished RasFileInitializer in 0ms
01-10 15:40:40.861  5992  6015 W fb4a.AppInitScheduler|Run: Running RegisterFrameRateTraceListener
01-10 15:40:40.862  5992  6015 W fb4a.AppInitScheduler|Run:   Finished RegisterFrameRateTraceListener in 0ms
01-10 15:40:40.862  5992  6015 W fb4a.AppInitScheduler|Run: Running RegisterMainLooperTracer
01-10 15:40:40.863  5992  6015 W fb4a.AppInitScheduler|Run:   Finished RegisterMainLooperTracer in 2ms
01-10 15:40:40.863  5992  6015 W fb4a.AppInitScheduler|Run: Running ReleaseDeferredBroadcastReceiver
01-10 15:40:40.863  5992  6015 W fb4a.AppInitScheduler|Run:   Finished ReleaseDeferredBroadcastReceiver in 0ms
01-10 15:40:40.863  5992  6015 W fb4a.AppInitScheduler|Run: Running ReliabilityExperiments
01-10 15:40:40.865  5992  6015 W fb4a.AppInitScheduler|Run:   Finished ReliabilityExperiments in 1ms
01-10 15:40:40.865  5992  6015 W fb4a.AppInitScheduler|Run: Running ReliabilityUserPerceptibleScopeToQPL
01-10 15:40:40.865  5992  6015 W fb4a.AppInitScheduler|Run:   Finished ReliabilityUserPerceptibleScopeToQPL in 0ms
01-10 15:40:40.865  5992  6015 W fb4a.AppInitScheduler|Run: Running ReplayBroadcastReceivedDuringAppInit
01-10 15:40:40.865  5992  6015 W fb4a.AppInitScheduler|Run:   Finished ReplayBroadcastReceivedDuringAppInit in 1ms
01-10 15:40:40.865  5992  6015 W fb4a.AppInitScheduler|Run: Running ScheduleLowPriWork
01-10 15:40:40.865  5992  6015 W fb4a.AppInitScheduler|Run:   Finished ScheduleLowPriWork in 0ms
01-10 15:40:40.865  5992  6015 W fb4a.AppInitScheduler|Run: Running SetupDynaBuilds
01-10 15:40:40.865  5992  6015 W fb4a.AppInitScheduler|Run:   Finished SetupDynaBuilds in 0ms
01-10 15:40:40.865  5992  6015 W fb4a.AppInitScheduler|Run: Running SetupSmartGc
01-10 15:40:40.865  5992  6015 W fb4a.AppInitScheduler|Run:   Finished SetupSmartGc in 0ms
01-10 15:40:40.865  5992  6015 W fb4a.AppInitScheduler|Run: Running TabBadgeFetchAppInit
01-10 15:40:40.865  5992  6015 W fb4a.AppInitScheduler|Run:   Finished TabBadgeFetchAppInit in 0ms
01-10 15:40:40.865  5992  6015 W fb4a.AppInitScheduler|Run: Running TransientNetworkTraceEarlyInit
01-10 15:40:40.865  5992  6015 W fb4a.AppInitScheduler|Run:   Finished TransientNetworkTraceEarlyInit in 0ms
01-10 15:40:40.865  5992  6015 W fb4a.AppInitScheduler|Run: Running WarmFacebookEmojiFont
01-10 15:40:40.865  5992  6015 W fb4a.AppInitScheduler|Run:   Finished WarmFacebookEmojiFont in 0ms
01-10 15:40:40.865  5992  6015 W fb4a.AppInitScheduler|Run: Running WhitehatOverlayInitializer
01-10 15:40:40.866  5992  6015 W fb4a.AppInitScheduler|Run:   Finished WhitehatOverlayInitializer in 0ms
01-10 15:40:40.866  5992  6015 W fb4a.AppInitScheduler|Run: Running ZOptLoggingInitializer
01-10 15:40:40.866  5992  6015 W fb4a.AppInitScheduler|Run:   Finished ZOptLoggingInitializer in 0ms
01-10 15:40:40.866  5992  6015 W fb4a.AppInitScheduler|Run: Running PreloadFeedDataLoader
01-10 15:40:40.872  5992  6029 W fb4a.lacrima: FixedLengthFiles.init() called twice.
01-10 15:40:40.872  5992  6029 W fb4a.lacrima: FixedLengthFiles.init() called twice.
01-10 15:40:40.940  5992  6016 W fb4a.AppInitScheduler|Run:   Finished ProfiloBridgeFactoryImpl in 88ms
01-10 15:40:40.940  5992  6016 W fb4a.AppInitScheduler|Run: Running PreloadFeedFullCacheLoad
01-10 15:40:40.965  1759  1780 I chatty  : uid=1000(system) FinalizerDaemon expire 210 lines
01-10 15:40:40.978  5992  6021 W fb4a.AppInitScheduler|Run:   Finished PreloadNavigationIcons in 302ms
01-10 15:40:40.978  5992  6021 W fb4a.AppInitScheduler|Run: Running InitAppComponentFactoryStartupController
01-10 15:40:40.979  5992  6021 W fb4a.AppInitScheduler|Run:   Finished InitAppComponentFactoryStartupController in 0ms
01-10 15:40:40.979  5992  6021 W fb4a.AppInitScheduler|Run: Running KeepWarm
01-10 15:40:40.992  5992  6003 W JavaBinder: BinderProxy is being destroyed but the application did not call unlinkToDeath to unlink all of its death recipients beforehand.  Releasing leaked death recipient: X.05y
01-10 15:40:40.996  5992  6021 W fb4a.AppInitScheduler|Run:   Finished KeepWarm in 17ms
01-10 15:40:40.996  5992  6021 W fb4a.AppInitScheduler|Run: Running LongtailVoltronAppInit
01-10 15:40:40.996  5992  6021 W fb4a.HalfnosisInitializer: Halfnosis is not enabled!
01-10 15:40:40.996  5992  6021 W fb4a.LongtailVoltronAppInit: HalfnosisInitializer: fail
01-10 15:40:40.996  5992  6021 W fb4a.AppInitScheduler|Run:   Finished LongtailVoltronAppInit in 1ms
01-10 15:40:40.996  5992  6021 W fb4a.AppInitScheduler|Run: Running MetaCasper
01-10 15:40:41.005  5992  6015 W fb4a.AppInitScheduler|Run:   Finished PreloadFeedDataLoader in 139ms
01-10 15:40:41.005  5992  6015 W fb4a.AppInitScheduler|Run: Running MobileConfigAdminIdLaterInit
01-10 15:40:41.005  5992  6015 W fb4a.AppInitScheduler|Run:   Finished MobileConfigAdminIdLaterInit in 1ms
01-10 15:40:41.005  5992  6016 W fb4a.AppInitScheduler|Run:   Finished PreloadFeedFullCacheLoad in 65ms
01-10 15:40:41.005  5992  6015 W fb4a.AppInitScheduler|Run: Running MobileConfigLaterInit
01-10 15:40:41.006  5992  6015 W fb4a.AppInitScheduler|Run:   Finished MobileConfigLaterInit in 1ms
01-10 15:40:41.006  5992  6015 W fb4a.AppInitScheduler|Run: Running MobileConfigSessionlessLaterInit
01-10 15:40:41.006  5992  6016 W fb4a.AppInitScheduler|Schedule:   Executing 119:EagerInitFeedDataLoader
01-10 15:40:41.006  5992  6016 W fb4a.AppInitScheduler|Run: Running EagerInitFeedDataLoader
01-10 15:40:41.006  5992  6016 W fb4a.AppInitScheduler|Run:   Finished EagerInitFeedDataLoader in 0ms
01-10 15:40:41.006  5992  6016 W fb4a.AppInitScheduler|Run: Running PreloadFeedRequest
01-10 15:40:41.007  5992  6015 W fb4a.AppInitScheduler|Run:   Finished MobileConfigSessionlessLaterInit in 0ms
01-10 15:40:41.007  5992  6015 W fb4a.AppInitScheduler|Run: Running PreloadClashManager
01-10 15:40:41.009  5992  6021 W fb4a.AppInitScheduler|Run:   Finished MetaCasper in 13ms
01-10 15:40:41.009  5992  6021 W fb4a.AppInitScheduler|Run: Running PreloadFeedConfig
01-10 15:40:41.009  5992  6021 W fb4a.AppInitScheduler|Run:   Finished PreloadFeedConfig in 0ms
01-10 15:40:41.009  5992  6021 W fb4a.AppInitScheduler|Run: Running PreloadFeedFetchMetadata
01-10 15:40:41.009  5992  6021 W fb4a.AppInitScheduler|Run:   Finished PreloadFeedFetchMetadata in 0ms
01-10 15:40:41.009  5992  6021 W fb4a.AppInitScheduler|Run: Running PreloadFreshFeedRanker
01-10 15:40:41.010  5992  6016 W fb4a.AppInitScheduler|Run:   Finished PreloadFeedRequest in 3ms
01-10 15:40:41.010  5992  6016 W fb4a.AppInitScheduler|Schedule:   Executing 298:PrefetchFeedNetwork
01-10 15:40:41.010  5992  6016 W fb4a.AppInitScheduler|Run: Running PrefetchFeedNetwork
01-10 15:40:41.010  5992  6016 W fb4a.AppInitScheduler|Run:   Finished PrefetchFeedNetwork in 0ms
01-10 15:40:41.010  5992  6016 W fb4a.AppInitScheduler|Run: Running PreloadHeroManager
01-10 15:40:41.010  5992  6016 W fb4a.AppInitScheduler|Run:   Finished PreloadHeroManager in 0ms
01-10 15:40:41.010  5992  6016 W fb4a.AppInitScheduler|Run: Running PreloadInlineComposerProfileImage
01-10 15:40:41.011  5992  6015 W fb4a.AppInitScheduler|Run:   Finished PreloadClashManager in 5ms
01-10 15:40:41.012  5992  6015 W fb4a.AppInitScheduler|Run: Running PreloadLogDb
01-10 15:40:41.012  5992  6015 W fb4a.AppInitScheduler|Run:   Finished PreloadLogDb in 0ms
01-10 15:40:41.012  5992  6015 W fb4a.AppInitScheduler|Run: Running PreloadReactions
01-10 15:40:41.022  5992  6016 W fb4a.AppInitScheduler|Run:   Finished PreloadInlineComposerProfileImage in 12ms
01-10 15:40:41.022  5992  6016 W fb4a.AppInitScheduler|Run: Running PreloadStoriesTrayFetchController
01-10 15:40:41.064  5992  6015 W fb4a.AppInitScheduler|Run:   Finished PreloadReactions in 53ms
01-10 15:40:41.064  5992  6015 W fb4a.AppInitScheduler|Run: Running PreloadStoriesTrayQuery
01-10 15:40:41.064  5992  6015 W fb4a.AppInitScheduler|Run:   Finished PreloadStoriesTrayQuery in 0ms
01-10 15:40:41.064  5992  6015 W fb4a.AppInitScheduler|Run: Running PreloadVideoPrivateSharing
01-10 15:40:41.064  5992  6015 W fb4a.AppInitScheduler|Run:   Finished PreloadVideoPrivateSharing in 0ms
01-10 15:40:41.064  5992  6015 W fb4a.AppInitScheduler|Run: Running PreloadVideoTabRestart
01-10 15:40:41.065  5992  6021 W fb4a.AppInitScheduler|Run:   Finished PreloadFreshFeedRanker in 55ms
01-10 15:40:41.065  5992  6021 W fb4a.AppInitScheduler|Run: Running SetupBlockingBackgroundComponentReporting
01-10 15:40:41.065  5992  6015 W fb4a.AppInitScheduler|Run:   Finished PreloadVideoTabRestart in 0ms
01-10 15:40:41.065  5992  6015 W fb4a.AppInitScheduler|Run: Running StartupQPLReplayer
01-10 15:40:41.065  5992  6021 W fb4a.AppInitScheduler|Run:   Finished SetupBlockingBackgroundComponentReporting in 1ms
01-10 15:40:41.066  5992  6015 W fb4a.AppInitScheduler|Run:   Finished StartupQPLReplayer in 2ms
01-10 15:40:41.066  5992  6015 W fb4a.AppInitScheduler|Schedule:   Executing 356:StartupQPLTransitToMatureStage
01-10 15:40:41.066  5992  6015 W fb4a.AppInitScheduler|Run: Running StartupQPLTransitToMatureStage
01-10 15:40:41.066  5992  6015 W fb4a.AppInitScheduler|Run:   Finished StartupQPLTransitToMatureStage in 0ms
01-10 15:40:41.074  5992  6016 W fb4a.AppInitScheduler|Run:   Finished PreloadStoriesTrayFetchController in 52ms
01-10 15:40:41.086  5992  6014 W Settings: Setting airplane_mode_on has moved from android.provider.Settings.System to android.provider.Settings.Global, returning read-only value.
01-10 15:40:41.094  5992  6014 W fb4a.HeadersDataCache: [AI] Failed to get optional string for key: cursor
01-10 15:40:41.094  5992  6014 W fb4a.HeadersDataCache: [AI] Failed to get optional string for key: useForLoginKey
01-10 15:40:41.094  5992  6014 W fb4a.HeadersDataCache: [AI] Failed to get optional string for key: useForFOSKey
01-10 15:40:41.094  5992  6014 W fb4a.HeadersDataCache: [AI] Failed to get optional string for key: headwindStorageKey
01-10 15:40:41.094  5992  6014 W fb4a.HeadersDataCache: [AI] Failed to get optional string for key: transparencyDesign
01-10 15:40:41.094  5992  6014 W fb4a.HeadersJSONUtils: [AI] Failed to get nullable string from JSON
01-10 15:40:41.094  5992  6014 W fb4a.HeadersDataCache: [AI] Failed to deserialize client header params
01-10 15:40:41.110  5992  6063 W fb4a.QuickPerformanceLoggerModule: Provided QPL: 185258184
01-10 15:40:41.121  2121  2121 D PhoneSwitcherNetworkRequstListener: got request NetworkRequest [ REQUEST id=52, [ Transports: CELLULAR Capabilities: INTERNET&NOT_RESTRICTED&TRUSTED&NOT_VPN Unwanted:  Uid: 10084] ] with score 0
01-10 15:40:41.123  5992  6014 W fb4a.AppInitScheduler|Run:   Finished ZeroLibraryInitializer in 425ms
01-10 15:40:41.123  5992  6014 W fb4a.AppInitScheduler|Schedule:   Executing 186:InitReliableMedia
01-10 15:40:41.123  5992  6014 W fb4a.AppInitScheduler|Run: Running InitReliableMedia
01-10 15:40:41.132  5992  6014 W fb4a.AppInitScheduler|Run:   Finished InitReliableMedia in 10ms
01-10 15:40:41.140  5992  6004 W fb4a.Xks: AsyncDrawable with url https://lookaside.facebook.com/ras/v2/?id=AQACHbcaDXk4&cfg=d$1.5x wasn't hidden before it was GC'd. Please call setVisible(false, ___ ) in View.onDetachedFromWindow()
01-10 15:40:41.151  2121  2121 D TelephonyProvider: subIdString = 1 subId = 1
01-10 15:40:41.151  2121  2121 D TelephonyProvider: getPreferredApnIdFromApn: for subId 1
01-10 15:40:41.229  5992  6017 W fb4a.AppInitScheduler|Run:   Finished EarliestPossibleColdStartClassPreloadStarter in 1019ms
01-10 15:40:41.229  5992  6017 W fb4a.AppInitScheduler|Schedule:   Executing 343:SecondaryDexPreloaderBg
01-10 15:40:41.229  5992  6017 W fb4a.AppInitScheduler|Run: Running SecondaryDexPreloaderBg
01-10 15:40:41.472  5992  6017 W fb4a.AppInitScheduler|Run:   Finished SecondaryDexPreloaderBg in 243ms
01-10 15:40:41.472  5992  6017 W fb4a.AppInitScheduler|Schedule: Pending tasks reached zero, maybe shutting down
01-10 15:40:41.473  5992  6017 W fb4a.AppInitScheduler|Run: All work finished.
01-10 15:40:41.506  5992  6063 W fb4a.3Qo: creating VideoPerformanceTracking with event bus
01-10 15:40:41.506  5992  5992 I CombinedTP5: type=1400 audit(0.0:1146): avc: denied { read } for name="stats" dev="proc" ino=4026532099 scontext=u:r:untrusted_app:s0:c84,c256,c512,c768 tcontext=u:object_r:proc_qtaguid_stat:s0 tclass=file permissive=1
01-10 15:40:41.506  5992  5992 W CombinedTP5: type=1300 audit(0.0:1146): arch=c000003e syscall=269 success=yes exit=0 a0=ffffff9c a1=7fff53e3cb60 a2=4 a3=7fff6862b688 items=0 ppid=1517 auid=4294967295 uid=10084 gid=10084 euid=10084 suid=10084 fsuid=10084 egid=10084 sgid=10084 fsgid=10084 tty=(none) ses=4294967295 exe="/system/bin/app_process64" subj=u:r:untrusted_app:s0:c84,c256,c512,c768 key=(null)
01-10 15:40:41.525  5992  5997 I facebook.katan: Method exceeds compiler instruction limit: 19302 in long X.1HQ.A03(long)
01-10 15:40:41.506  1359  1359 W auditd  : type=1327 audit(0.0:1146): proctitle="com.facebook.katana"
01-10 15:40:41.506  1359  1359 W auditd  : type=1320 audit(0.0:1146): 
01-10 15:40:41.506  5992  5992 I CombinedTP5: type=1400 audit(0.0:1147): avc: denied { open } for path="/proc/5992/net/xt_qtaguid/stats" dev="proc" ino=4026532099 scontext=u:r:untrusted_app:s0:c84,c256,c512,c768 tcontext=u:object_r:proc_qtaguid_stat:s0 tclass=file permissive=1
01-10 15:40:41.541  5992  6102 W fb4a.HeroManager: mediaPreload.prefetchInternal : source: Type: DASH_VOD
01-10 15:40:41.541  5992  6102 W fb4a.HeroManager: 	Id: 1102223831915406
01-10 15:40:41.541  5992  6102 W fb4a.HeroManager: 	Uri: https://scontent.fiba1-1.fna.fbcdn.net/o1/v/t2/f2/m412/AQOWng24v9D0V61VOe1PwFysd2XICJnSTok75Ec6BqKyrOwntVfwtN1YQaMSEaJXVvAtCOVQdGN8jvqVCIy9Mrmxtd_b4agjxWwz9PeS0A.mp4?_nc_cat=110&_nc_oc=Adk48Zx9Q7en9UvLcZpdjwivPUVF9BG36m6XXhzJBHxqdBmmyCJ7Vue1YoNUGd2bDqA&_nc_sid=8bf8fe&_nc_ht=scontent.fiba1-1.fna.fbcdn.net&_nc_ohc=j92qOCVGfOsQ7kNvwH1rJmg&efg=eyJ2ZW5jb2RlX3RhZyI6Inhwdl9wcm9ncmVzc2l2ZS5GQUNFQk9PSy4uQzMuMzYwLnN2ZV9zZCIsInhwdl9hc3NldF9pZCI6MjE4NjI1MzA5ODQ1MTExMCwiYXNzZXRfYWdlX2RheXMiOjAsInZpX3VzZWNhc2VfaWQiOjEwMTIwLCJkdXJhdGlvbl9zIjoxMiwidXJsZ2VuX3NvdXJjZSI6Ind3dyJ9&ccb=17-1&_nc_zt=28&oh=00_AfrOTp6Z5BPJpl_KtX5XKDeFikbIfwB9e9ysbNnpe_WKfg&oe=69681650&bitrate=431312&tag=sve_sd
01-10 15:40:41.541  5992  6102 W fb4a.HeroManager: 	Origin: FEED
01-10 15:40:41.541  5992  6102 W fb4a.HeroManager: 	PrefetchOrigin: FEED
01-10 15:40:41.541  5992  6102 W fb4a.HeroManager: 	DashMPD: 19885
01-10 15:40:41.541  5992  6102 W fb4a.HeroManager: 	liveLatency: -1
01-10 15:40:41.541  5992  6102 W fb4a.HeroManager: 	liveLatencyTolerance: -1
01-10 15:40:41.541  5992  6102 W fb4a.HeroManager: 	isSpherical: false
01-10 15:40:41.541  5992  6102 W fb4a.HeroManager: 	isSponsored: false
01-10 15:40:41.541  5992  6102 W fb4a.HeroManager: 	isAdBreak: false
01-10 15:40:41.541  5992  6102 W fb4a.HeroManager: 	isLiveTraceEnabled: false
01-10 15:40:41.541  5992  6102 W fb4a.HeroManager: 	renderMode: AUDIO_VIDEO
01-10 15:40:41.541  5992  6102 W fb4a.HeroManager: 	isBroadcast: false
01-10 15:40:41.541  5992  6102 W fb4a.HeroManager: 	contentType: GENERAL
01-10 15:40:41.541  5992  6102 W fb4a.HeroManager: 	isAudioDataListenerEnabled: false
01-10 15:40:41.541  5992  6102 W fb4a.HeroManager: 	liveViewerCount: -1, type: DASH_VOD
01-10 15:40:41.547  5992  5992 W fb4a.AppComponentFactory: Instantiating Service
01-10 15:40:41.566  5992  6102 W fb4a.HeroManager: mediaPreload.prefetchInternal : source: Type: DASH_VOD
01-10 15:40:41.566  5992  6102 W fb4a.HeroManager: 	Id: 1200120125009794
01-10 15:40:41.566  5992  6102 W fb4a.HeroManager: 	Uri: https://scontent.fiba1-1.fna.fbcdn.net/o1/v/t2/f2/m412/AQMvFm488cQKU240rZSicYdq1-Ar4hbRqZL-jWKp-gKQW78EcaXTyl8kpofJcGR7yPr32MxJvWiqM4duPmVb_Stc634Doau8rOOE9RAoBw.mp4?_nc_cat=111&_nc_oc=AdlEZzWM4JHxOhQ2k1vMvxdjVXGeoXEPYvJ2KC31MpB_f4JPPn1Wd4B7bVaWRAl6tqI&_nc_sid=8bf8fe&_nc_ht=scontent.fiba1-1.fna.fbcdn.net&_nc_ohc=DMSjEM3MlHEQ7kNvwFfRU54&efg=eyJ2ZW5jb2RlX3RhZyI6Inhwdl9wcm9ncmVzc2l2ZS5GQUNFQk9PSy4uQzMuMzYwLnN2ZV9zZCIsInhwdl9hc3NldF9pZCI6MTUyNTA2MDU0NTI3NTMyNiwiYXNzZXRfYWdlX2RheXMiOjAsInZpX3VzZWNhc2VfaWQiOjEwMTIzLCJkdXJhdGlvbl9zIjo1NCwidXJsZ2VuX3NvdXJjZSI6Ind3dyJ9&ccb=17-1&_nc_zt=28&oh=00_AfoGZusgh04rSfUntAq47-bjhZ7AaE6KkHoB4nV4dMHJ5A&oe=69681063&bitrate=333919&tag=sve_sd
01-10 15:40:41.566  5992  6102 W fb4a.HeroManager: 	Origin: FEED
01-10 15:40:41.566  5992  6102 W fb4a.HeroManager: 	PrefetchOrigin: FEED
01-10 15:40:41.566  5992  6102 W fb4a.HeroManager: 	DashMPD: 12637
01-10 15:40:41.566  5992  6102 W fb4a.HeroManager: 	liveLatency: -1
01-10 15:40:41.566  5992  6102 W fb4a.HeroManager: 	liveLatencyTolerance: -1
01-10 15:40:41.566  5992  6102 W fb4a.HeroManager: 	isSpherical: false
01-10 15:40:41.566  5992  6102 W fb4a.HeroManager: 	isSponsored: false
01-10 15:40:41.566  5992  6102 W fb4a.HeroManager: 	isAdBreak: false
01-10 15:40:41.566  5992  6102 W fb4a.HeroManager: 	isLiveTraceEnabled: false
01-10 15:40:41.566  5992  6102 W fb4a.HeroManager: 	renderMode: AUDIO_VIDEO
01-10 15:40:41.566  5992  6102 W fb4a.HeroManager: 	isBroadcast: false
01-10 15:40:41.566  5992  6102 W fb4a.HeroManager: 	contentType: GENERAL
01-10 15:40:41.566  5992  6102 W fb4a.HeroManager: 	isAudioDataListenerEnabled: false
01-10 15:40:41.566  5992  6102 W fb4a.HeroManager: 	liveViewerCount: -1, type: DASH_VOD
01-10 15:40:41.574  5992  6102 W fb4a.HeroManager: mediaPreload.prefetchInternal : source: Type: DASH_VOD
01-10 15:40:41.574  5992  6102 W fb4a.HeroManager: 	Id: 1422270919486988
01-10 15:40:41.574  5992  6102 W fb4a.HeroManager: 	Uri: https://scontent.fiba1-1.fna.fbcdn.net/o1/v/t2/f2/m412/AQOwwr6f1dktcnEhrzdQ5lYhwsePLqYbWhwoaU1J-obytNnTTgNeD_HYvyx2QSMPjXeZ8-t3vS-k8YPWnzaaZ6WDtoCcTS5_GSJm2aRelg.mp4?_nc_cat=101&_nc_oc=AdkgjkhIzuEwd5vkyLiMHWIDv8P1Xb4s5tm7uJR3omlsMp4eC5qtfTQ7ENq0RQs5KWM&_nc_sid=8bf8fe&_nc_ht=scontent.fiba1-1.fna.fbcdn.net&_nc_ohc=c_L-8q9mva4Q7kNvwFnHr3d&efg=eyJ2ZW5jb2RlX3RhZyI6Inhwdl9wcm9ncmVzc2l2ZS5GQUNFQk9PSy4uQzMuMzYwLnN2ZV9zZCIsInhwdl9hc3NldF9pZCI6MTM2MjYyNDAzODQ3MDg1OCwiYXNzZXRfYWdlX2RheXMiOjAsInZpX3VzZWNhc2VfaWQiOjEwMTIyLCJkdXJhdGlvbl9zIjo0NywidXJsZ2VuX3NvdXJjZSI6Ind3dyJ9&ccb=17-1&_nc_zt=28&oh=00_AfrwQphQyW_3BO3xv0M3wOiRDJD470m_02x6tA9Ga44Ufw&oe=69682851&bitrate=353327&tag=sve_sd
01-10 15:40:41.574  5992  6102 W fb4a.HeroManager: 	Origin: FEED
01-10 15:40:41.574  5992  6102 W fb4a.HeroManager: 	PrefetchOrigin: FEED
01-10 15:40:41.574  5992  6102 W fb4a.HeroManager: 	DashMPD: 21687
01-10 15:40:41.574  5992  6102 W fb4a.HeroManager: 	liveLatency: -1
01-10 15:40:41.574  5992  6102 W fb4a.HeroManager: 	liveLatencyTolerance: -1
01-10 15:40:41.574  5992  6102 W fb4a.HeroManager: 	isSpherical: false
01-10 15:40:41.574  5992  6102 W fb4a.HeroManager: 	isSponsored: false
01-10 15:40:41.574  5992  6102 W fb4a.HeroManager: 	isAdBreak: false
01-10 15:40:41.574  5992  6102 W fb4a.HeroManager: 	isLiveTraceEnabled: false
01-10 15:40:41.574  5992  6102 W fb4a.HeroManager: 	renderMode: AUDIO_VIDEO
01-10 15:40:41.574  5992  6102 W fb4a.HeroManager: 	isBroadcast: false
01-10 15:40:41.574  5992  6102 W fb4a.HeroManager: 	contentType: GENERAL
01-10 15:40:41.574  5992  6102 W fb4a.HeroManager: 	isAudioDataListenerEnabled: false
01-10 15:40:41.574  5992  6102 W fb4a.HeroManager: 	liveViewerCount: -1, type: DASH_VOD
01-10 15:40:41.581  5992  5992 E fb4a.SlowAppComponent: 0ms: HeroKeepAliveService instantiating
01-10 15:40:41.581  5992  5992 E fb4a.SlowAppComponent: Main thread was blocked for 35ms in the background starting with HeroKeepAliveService
01-10 15:40:41.591  5992  6101 W VideoCapabilities: Unrecognized profile 4 for video/hevc
01-10 15:40:41.594  5992  6101 I VideoCapabilities: Unsupported profile 4 for video/mp4v-es
01-10 15:40:41.756  5992  6013 W fb4a.AppInitScheduler|Run: DeadlockMonitor exiting.
01-10 15:40:41.836  5992  6043 W facebook.katan: JNI RegisterNativeMethods: attempt to register 0 native methods for com.facebook.traffic.nts.providers.reachability.ReachabilityV2ProviderAppLayerUpcallsImpl
01-10 15:40:41.857  2121  2121 D PhoneSwitcherNetworkRequstListener: got request NetworkRequest [ TRACK_DEFAULT id=53, [ Capabilities: INTERNET&NOT_RESTRICTED&TRUSTED Unwanted:  Uid: 10084] ] with score 60
01-10 15:40:43.031  5992  6073 W fb4a.MultiSignalANRDetectorLacrima: Pausing error state checks
01-10 15:40:44.742  5992  6010 I facebook.katan: Waiting for a blocking GC ProfileSaver
01-10 15:40:44.752  5992  6010 I facebook.katan: WaitForGcToComplete blocked ProfileSaver on HeapTrim for 9.622ms
01-10 15:40:45.631  5992  6096 W facebook.katan: Long monitor contention with owner Analytics2-EventProcessorProxy (6048) at void java.lang.Object.wait(long, int)(Object.java:-2) waiters=0 in void X.1QH.A00(X.1W9, int) for 4.504s
01-10 15:40:45.726  5992  6051 W fb4a.Fixie/ActivityStackResetterFixer: Enable Activity Stack Resetter
01-10 15:40:45.746  5992  6051 W SoLoader[NativeDeps]: Falling back to custom ELF parsing when loading libartdistract.so, this can be slow
01-10 15:40:45.761  5992  6051 D ArtDistract: Attempting to hook method. Resolved orig method holder in java: no
01-10 15:40:45.761  5992  6051 D OffsetFinder: findOffsetCustom: found value 524313 at 4 (with arg: 25)
01-10 15:40:45.787  5992  6051 D ArtDistract: Did find a symbol at idx 0 while calling findFunc_ClassLinker_GetQuickOatCodeFor.
