--------- beginning of system
01-10 14:30:26.218  1352  1352 I vold    : Vold 3.0 (the awakening) firing up
01-10 14:30:26.218  1352  1352 V vold    : Detected support for: ext4 vfat
01-10 14:30:26.230  1352  1352 D vold    : Tearing down stale mount /mnt/temp
01-10 14:30:26.245  1352  1352 W vold    : Failed to LOOP_GET_STATUS64 /dev/block/loop7: No such device or address
01-10 14:30:26.245  1352  1352 W vold    : Failed to LOOP_GET_STATUS64 /dev/block/loop3: No such device or address
01-10 14:30:26.245  1352  1352 W vold    : Failed to LOOP_GET_STATUS64 /dev/block/loop4: No such device or address
01-10 14:30:26.245  1352  1352 W vold    : Failed to LOOP_GET_STATUS64 /dev/block/loop0: No such device or address
01-10 14:30:26.245  1352  1352 W vold    : Failed to LOOP_GET_STATUS64 /dev/block/loop6: No such device or address
01-10 14:30:26.245  1352  1352 W vold    : Failed to LOOP_GET_STATUS64 /dev/block/loop2: No such device or address
01-10 14:30:26.245  1352  1352 W vold    : Failed to LOOP_GET_STATUS64 /dev/block/loop5: No such device or address
01-10 14:30:26.245  1352  1352 W vold    : Failed to LOOP_GET_STATUS64 /dev/block/loop1: No such device or address
01-10 14:30:26.246  1352  1352 I vold    : [libfs_mgr]fs_mgr_read_fstab_default(): failed to find device default fstab
01-10 14:30:26.246  1352  1352 I vold    : [libfs_mgr]fs_mgr_read_fstab_dt(): failed to read fstab from dt
01-10 14:30:26.246  1352  1352 E vold    : Failed to open default fstab: No such file or directory
01-10 14:30:26.246  1352  1352 E vold    : Error reading configuration... continuing anyways: No such file or directory
01-10 14:30:26.247  1352  1352 D vold    : VoldNativeService::start() completed OK
01-10 14:30:26.247  1352  1363 D vold    : e4crypt_init_user0
01-10 14:30:26.247  1352  1363 D vold    : e4crypt_prepare_user_storage for volume null, user 0, serial 0, flags 1
01-10 14:30:26.247  1352  1363 D vold    : Preparing: /data/system/users/0
01-10 14:30:26.248  1352  1363 D vold    : Preparing: /data/misc/profiles/cur/0
01-10 14:30:26.250  1352  1363 D vold    : Preparing: /data/system_de/0
01-10 14:30:26.252  1352  1363 D vold    : Preparing: /data/misc_de/0
01-10 14:30:26.253  1352  1363 D vold    : Preparing: /data/vendor_de/0
01-10 14:30:26.256  1352  1363 D vold    : Preparing: /data/user_de/0
01-10 14:30:26.258  1352  1363 V vold    : /system/bin/vold_prepare_subdirs
01-10 14:30:26.258  1352  1363 V vold    :     prepare
01-10 14:30:26.258  1352  1363 V vold    :     
01-10 14:30:26.258  1352  1363 V vold    :     0
01-10 14:30:26.258  1352  1363 V vold    :     1
01-10 14:30:26.268  1352  1363 D vold    : e4crypt_unlock_user_key 0 serial=0 token_present=0
01-10 14:30:28.875  1583  1583 I installd: installd firing up
01-10 14:30:29.057  1563  1563 I android.hardware.wifi@1.0-service: Wifi Hal is booting up...
01-10 14:30:29.385  1592  1592 I wificond: wificond is starting up...
01-10 14:30:31.769  1459  1730 W PackageParser: Unknown element under <manifest>: queries at /data/app/ru.hqgocnyr.yzvnudqdq-jJzxPd8KsvCOkJ-TyDWxUg==/base.apk Binary XML file line #50
01-10 14:30:33.850  1759  1759 I chatty  : uid=1000 system_server expire 523 lines
01-10 14:30:34.733  1591  1651 E storaged: getService package_native failed
01-10 14:30:34.736  1591  1651 I storaged: storaged: Start
01-10 14:30:34.736  1591  1651 E storaged: getDiskStats failed with result NOT_SUPPORTED and size 0
01-10 14:30:35.383  1759  1791 I chatty  : uid=1000 system_server expire 12 lines
01-10 14:30:35.479  1759  1797 I chatty  : uid=1000(system) batterystats-wo expire 11 lines
01-10 14:30:35.532  1759  1802 I chatty  : uid=1000(system) android.display expire 3 lines
01-10 14:30:37.175  1759  1872 I chatty  : uid=1000(system) NetworkWatchlis expire 2 lines
01-10 14:30:37.234  1759  1873 I chatty  : uid=1000(system) StorageManagerS expire 3 lines
01-10 14:30:37.235  1352  1363 E vold    : Failed to read field SystemLocale: Success
01-10 14:30:37.241  1759  1801 I chatty  : uid=1000(system) android.io expire 1 line
01-10 14:30:37.244  1759  1839 I chatty  : uid=1000 system_server expire 2 lines
01-10 14:30:37.298  1759  1830 I chatty  : uid=1000 system_server expire 1 line
01-10 14:30:37.310  1759  1870 I chatty  : uid=1000(system) InputDispatcher expire 2 lines
01-10 14:30:37.313  1759  1877 I chatty  : uid=1000(system) NetdConnector expire 1 line
01-10 14:30:37.645  1759  1759 I chatty  : uid=1000 system_server expire 159 lines
01-10 14:30:37.669  1759  1840 I chatty  : uid=1000(system) HwBinder:1759_1 expire 2 lines
01-10 14:30:37.744  1759  1839 I chatty  : uid=1000 system_server expire 2 lines
01-10 14:30:37.956  1759  1797 I chatty  : uid=1000(system) batterystats-wo expire 16 lines
01-10 14:30:37.988  1759  1804 I chatty  : uid=1000(system) PowerManagerSer expire 1 line
01-10 14:30:38.219  1759  1801 I chatty  : uid=1000(system) android.io expire 1 line
01-10 14:30:38.246  1759  1873 I chatty  : uid=1000(system) StorageManagerS expire 3 lines
01-10 14:30:38.248  1352  1363 D vold    : e4crypt_unlock_user_key 0 serial=0 token_present=0
01-10 14:30:38.253  1759  1793 I chatty  : uid=1000(system) ActivityManager expire 3 lines
01-10 14:30:38.253  1759  1795 I chatty  : uid=1000(system) ActivityManager expire 15 lines
01-10 14:30:38.256  1759  1784 I chatty  : uid=1000(system) Binder:1759_2 expire 1 line
01-10 14:30:38.258  1352  1363 V vold    : Waiting for FUSE to spin up...
01-10 14:30:38.264  1759  1894 I chatty  : uid=1000(system) AudioService expire 2 lines
01-10 14:30:38.264  1759  1838 I chatty  : uid=1000 system_server expire 1 line
01-10 14:30:38.264  1927  1927 W sdcard  : Device explicitly enabled sdcardfs
01-10 14:30:38.376  1759  1880 I chatty  : uid=1000(system) NetworkPolicy expire 1 line
01-10 14:30:38.472  1759  1849 I chatty  : uid=1000(system) Binder:1759_5 expire 6 lines
01-10 14:30:38.552  1563  1563 I android.hardware.wifi@1.0-service: Wifi HAL started
01-10 14:30:38.565  1563  1563 E android.hardware.wifi@1.0-service: Unknown iface name: wlan0
01-10 14:30:38.568  1563  1563 I android.hardware.wifi@1.0-service: Adding interface handle for wlan0
01-10 14:30:38.568  1563  1563 E android.hardware.wifi@1.0-service: Failed to register radio mode change callback
01-10 14:30:38.568  1563  1563 I android.hardware.wifi@1.0-service: Configured chip in mode 0
01-10 14:30:38.569  1563  1563 E android.hardware.wifi@1.0-service: Failed to set DFS flag; DFS channels may be unavailable.
01-10 14:30:38.593  1592  1592 I wificond: create scanner for interface with index: 1
01-10 14:30:38.593  1592  1592 I wificond: subscribe scan result for interface with index: 1
01-10 14:30:38.596  1592  1592 E wificond: No Offload Service available
01-10 14:30:38.596  1592  1592 I wificond: Offload HAL not supported 
01-10 14:30:38.675  1759  1848 I chatty  : uid=1000(system) Binder:1759_4 expire 6 lines
01-10 14:30:39.749  1759  2065 I chatty  : uid=1000(system) Binder:1759_6 expire 3 lines
01-10 14:30:39.782  1759  1794 I chatty  : uid=1000(system) android.ui expire 4 lines
01-10 14:30:40.206  1759  1759 I chatty  : uid=1000 system_server expire 54 lines
01-10 14:30:40.376  1759  1795 I chatty  : uid=1000(system) ActivityManager expire 21 lines
01-10 14:30:40.397  1759  1792 I chatty  : uid=1000(system) android.bg expire 4 lines
01-10 14:30:40.767  1759  1783 I chatty  : uid=1000(system) Binder:1759_1 expire 4 lines
01-10 14:30:40.896  1759  2170 I chatty  : uid=1000(system) BluetoothRouteM expire 1 line
01-10 14:30:40.908  1759  2172 I chatty  : uid=1000(system) uteStateMachine expire 2 lines
01-10 14:30:40.911  1759  2173 I chatty  : uid=1000(system) CallAudioModeSt expire 1 line
01-10 14:30:40.941  1759  1885 I chatty  : uid=1000(system) WifiP2pService expire 2 lines
01-10 14:30:40.964  1759  1801 I chatty  : uid=1000(system) android.io expire 18 lines
01-10 14:30:41.175  1759  1849 I chatty  : uid=1000(system) Binder:1759_5 expire 2 lines
01-10 14:30:41.521  1759  1793 I chatty  : uid=1000(system) ActivityManager expire 12 lines
01-10 14:30:41.811  1759  1892 I chatty  : uid=1000(system) onProviders.ECP expire 2 lines
01-10 14:30:41.828  1759  1921 I chatty  : uid=1000(system) SyncManager expire 1 line
01-10 14:30:42.514  2121  2121 W SystemConfig: Tag allow-ignore-location-settings is unknown or not allowed in /system/etc/sysconfig
01-10 14:30:42.514  2121  2121 W SystemConfig: Tag allow-association is unknown or not allowed in /system/etc/sysconfig
01-10 14:30:42.514  2121  2121 I chatty  : uid=1001(radio) com.android.phone identical 6 lines
01-10 14:30:42.514  2121  2121 W SystemConfig: Tag allow-association is unknown or not allowed in /system/etc/sysconfig
01-10 14:30:42.514  2121  2121 W SystemConfig: Tag app-data-isolation-whitelisted-app is unknown or not allowed in /system/etc/sysconfig
01-10 14:30:42.514  2121  2121 W SystemConfig: Tag rollback-whitelisted-app is unknown or not allowed in /system/etc/sysconfig
01-10 14:30:42.755  1759  1802 I chatty  : uid=1000(system) android.display expire 13 lines
01-10 14:30:42.881  2121  2278 E ActivityThread: Failed to find provider info for com.android.contacts
01-10 14:30:42.932  1759  2085 I chatty  : uid=1000(system) Binder:1759_8 expire 3 lines
01-10 14:30:42.986  1759  1848 I chatty  : uid=1000(system) Binder:1759_4 expire 5 lines
01-10 14:30:43.048  2121  2121 I TelecomFramework: TtyManager: updateUiTtyMode -1 -> 0
01-10 14:30:43.180  1759  1800 I chatty  : uid=1000(system) android.fg expire 14 lines
01-10 14:30:43.731  1922  2300 E ActivityThread: Failed to find provider info for com.android.contacts
01-10 14:30:44.324  1759  1784 I chatty  : uid=1000(system) Binder:1759_2 expire 7 lines
01-10 14:30:46.343  1930  2258 E ActivityThread: Failed to find provider info for com.android.contacts
01-10 14:30:46.807  1759  2065 I chatty  : uid=1000(system) Binder:1759_6 expire 7 lines
01-10 14:30:46.904  2121  2121 I TelecomFramework: AccountEntry: Registered phoneAccount: [[ ] PhoneAccount: ComponentInfo{com.android.phone/com.android.services.telephony.TelephonyConnectionService}, ***, UserHandle{0} Capabilities: CallProvider MultiUser PlaceEmerg SimSub  Audio Routes: BESW Schemes: tel voicemail  Extras: Bundle[{android.telecom.extra.SUPPORTS_VIDEO_CALLING_FALLBACK=true}] GroupId: ***] with handle: ComponentInfo{com.android.phone/com.android.services.telephony.TelephonyConnectionService}, ***, UserHandle{0}
01-10 14:30:46.905  2121  2121 I TelecomFramework: PstnIncomingCallNotifier: Registering: Handler (com.android.internal.telephony.GsmCdmaPhone) {370ba3f}
01-10 14:30:46.925  2121  2121 I TelecomFramework: TelecomAccountRegistry: Unregistering phone account ComponentInfo{com.android.phone/com.android.services.telephony.TelephonyConnectionService}, ***, UserHandle{0}.
01-10 14:30:46.984  2121  2121 I TelecomFramework: PstnIncomingCallNotifier: Unregistering: Handler (com.android.internal.telephony.GsmCdmaPhone) {370ba3f}
01-10 14:30:47.000  1930  2277 E ActivityThread: Failed to find provider info for com.android.contacts
01-10 14:30:47.117  1930  2258 E ActivityThread: Failed to find provider info for com.android.contacts
01-10 14:30:47.148  2121  2121 I TelecomFramework: AccountEntry: Registered phoneAccount: [[ ] PhoneAccount: ComponentInfo{com.android.phone/com.android.services.telephony.TelephonyConnectionService}, ***, UserHandle{0} Capabilities: CallProvider MultiUser PlaceEmerg SimSub  Audio Routes: BESW Schemes: tel voicemail  Extras: Bundle[{android.telecom.extra.SUPPORTS_VIDEO_CALLING_FALLBACK=true}] GroupId: ***] with handle: ComponentInfo{com.android.phone/com.android.services.telephony.TelephonyConnectionService}, ***, UserHandle{0}
01-10 14:30:47.148  2121  2121 I TelecomFramework: PstnIncomingCallNotifier: Registering: Handler (com.android.internal.telephony.GsmCdmaPhone) {370ba3f}
01-10 14:30:47.433  1759  1882 I chatty  : uid=1000(system) WifiService expire 1 line
01-10 14:30:47.745  1922  2395 E ActivityThread: Failed to find provider info for com.android.contacts
01-10 14:30:48.011  2121  2121 I TelecomFramework: PstnPhoneCapabilitiesNotifier: handleVideoCapabilitesChanged. Video capability - false
01-10 14:30:48.047  2121  2121 I TelecomFramework: PstnPhoneCapabilitiesNotifier: handleVideoCapabilitesChanged. Video capability - false
01-10 14:30:48.637  2121  2121 D MccTable: updateMccMncConfiguration mccmnc='302780' fromServiceState=false
01-10 14:30:48.638  2121  2121 D MccTable: updateMccMncConfiguration defaultMccMnc=62120
01-10 14:30:48.638  2121  2121 D MccTable: updateMccMncConfiguration: mcc=302, mnc=780
01-10 14:30:48.638  2121  2121 D MccTable: updateMccMncConfiguration updateConfig config={0.0 302mcc780mnc ?localeList ?layoutDir ?swdp ?wdp ?hdp ?density ?lsize ?long ?ldr ?wideColorGamut ?orien ?uimode ?night ?touch ?keyb/?/? ?nav/? winConfig={ mBounds=Rect(0, 0 - 0, 0) mAppBounds=null mWindowingMode=undefined mActivityType=undefined}}
01-10 14:30:49.197  1352  1363 D vold    : e4crypt_prepare_user_storage for volume null, user 0, serial 0, flags 2
01-10 14:30:49.197  1352  1363 D vold    : Preparing: /data/system_ce/0
01-10 14:30:49.197  1352  1363 D vold    : Preparing: /data/misc_ce/0
01-10 14:30:49.197  1352  1363 D vold    : Preparing: /data/vendor_ce/0
01-10 14:30:49.203  1352  1363 D vold    : Preparing: /data/media/0
01-10 14:30:49.204  1352  1363 D vold    : Preparing: /data/data
01-10 14:30:49.204  1352  1363 V vold    : Starting restorecon of /data/system_ce/0
01-10 14:30:49.207  1352  1363 V vold    : Finished restorecon of /data/system_ce/0
01-10 14:30:49.207  1352  1363 V vold    : Starting restorecon of /data/misc_ce/0
01-10 14:30:49.209  1352  1363 V vold    : Finished restorecon of /data/misc_ce/0
01-10 14:30:49.209  1352  1363 V vold    : /system/bin/vold_prepare_subdirs
01-10 14:30:49.209  1352  1363 V vold    :     prepare
01-10 14:30:49.209  1352  1363 V vold    :     
01-10 14:30:49.209  1352  1363 V vold    :     0
01-10 14:30:49.209  1352  1363 V vold    :     2
01-10 14:30:49.248  2121  2121 I TelecomFramework: PstnIncomingCallNotifier: Unregistering: Handler (com.android.internal.telephony.GsmCdmaPhone) {370ba3f}
01-10 14:30:49.414  2121  2255 D MccTable: updateMccMncConfiguration mccmnc='62120' fromServiceState=false
01-10 14:30:49.417  2121  2255 D MccTable: updateMccMncConfiguration defaultMccMnc=62120
01-10 14:30:49.417  2121  2255 D MccTable: updateMccMncConfiguration: mcc=621, mnc=20
01-10 14:30:49.417  2121  2255 D MccTable: updateMccMncConfiguration updateConfig config={0.0 621mcc20mnc ?localeList ?layoutDir ?swdp ?wdp ?hdp ?density ?lsize ?long ?ldr ?wideColorGamut ?orien ?uimode ?night ?touch ?keyb/?/? ?nav/? winConfig={ mBounds=Rect(0, 0 - 0, 0) mAppBounds=null mWindowingMode=undefined mActivityType=undefined}}
01-10 14:30:49.631  2121  2121 I TelecomFramework: AccountEntry: Registered phoneAccount: [[ ] PhoneAccount: ComponentInfo{com.android.phone/com.android.services.telephony.TelephonyConnectionService}, ***, UserHandle{0} Capabilities: CallProvider MultiUser PlaceEmerg SimSub  Audio Routes: BESW Schemes: tel voicemail  Extras: Bundle[{android.telecom.extra.SUPPORTS_VIDEO_CALLING_FALLBACK=true}] GroupId: ***] with handle: ComponentInfo{com.android.phone/com.android.services.telephony.TelephonyConnectionService}, ***, UserHandle{0}
01-10 14:30:49.637  2121  2121 I TelecomFramework: PstnIncomingCallNotifier: Registering: Handler (com.android.internal.telephony.GsmCdmaPhone) {370ba3f}
01-10 14:30:49.710  2121  2121 I TelecomFramework: PstnIncomingCallNotifier: Unregistering: Handler (com.android.internal.telephony.GsmCdmaPhone) {370ba3f}
01-10 14:30:50.136  1759  1835 I chatty  : uid=1000(system) Binder:1759_3 expire 2 lines
01-10 14:30:50.289  2121  2255 D MccTable: updateMccMncConfiguration mccmnc='62120' fromServiceState=false
01-10 14:30:50.296  2121  2255 D MccTable: updateMccMncConfiguration defaultMccMnc=62120
01-10 14:30:50.296  2121  2255 D MccTable: updateMccMncConfiguration: mcc=621, mnc=20
01-10 14:30:50.297  2121  2255 D MccTable: updateMccMncConfiguration updateConfig config={0.0 621mcc20mnc ?localeList ?layoutDir ?swdp ?wdp ?hdp ?density ?lsize ?long ?ldr ?wideColorGamut ?orien ?uimode ?night ?touch ?keyb/?/? ?nav/? winConfig={ mBounds=Rect(0, 0 - 0, 0) mAppBounds=null mWindowingMode=undefined mActivityType=undefined}}
01-10 14:30:50.332  1592  1592 E wificond: Received error messsage: Operation not supported on transport endpoint
01-10 14:30:50.332  1592  1592 E wificond: NL80211_CMD_ABORT_SCAN failed
01-10 14:30:50.332  1592  1592 W wificond: Abort scan failed
01-10 14:30:50.351  1759  1759 I chatty  : uid=1000 system_server expire 7 lines
01-10 14:30:50.363  2121  2121 I TelecomFramework: AccountEntry: Registered phoneAccount: [[ ] PhoneAccount: ComponentInfo{com.android.phone/com.android.services.telephony.TelephonyConnectionService}, ***, UserHandle{0} Capabilities: CallProvider MultiUser PlaceEmerg SimSub  Audio Routes: BESW Schemes: tel voicemail  Extras: Bundle[{android.telecom.extra.SUPPORTS_VIDEO_CALLING_FALLBACK=true}] GroupId: ***] with handle: ComponentInfo{com.android.phone/com.android.services.telephony.TelephonyConnectionService}, ***, UserHandle{0}
01-10 14:30:50.363  2121  2121 I TelecomFramework: PstnIncomingCallNotifier: Registering: Handler (com.android.internal.telephony.GsmCdmaPhone) {370ba3f}
01-10 14:30:50.411  2121  2121 I TelecomFramework: TelecomAccountRegistry: Unregistering phone account ComponentInfo{com.android.phone/com.android.services.telephony.TelephonyConnectionService}, ***, UserHandle{0}.
01-10 14:30:50.759  1352  1363 D vold    : Linking /storage/emulated/0 to /mnt/user/0/primary
01-10 14:30:50.780  1759  1873 I chatty  : uid=1000(system) StorageManagerS expire 1 line
01-10 14:30:50.834  1759  1886 I chatty  : uid=1000(system) ConnectivitySer expire 3 lines
01-10 14:30:50.935  1759  2500 I chatty  : uid=1000(system) backup expire 3 lines
01-10 14:30:51.135  1759  1797 I chatty  : uid=1000(system) batterystats-wo expire 3 lines
01-10 14:30:51.319  1759  1795 I chatty  : uid=1000(system) ActivityManager expire 74 lines
01-10 14:30:51.644  1759  2500 I chatty  : uid=1000(system) backup expire 829 lines
01-10 14:30:51.758  1759  1886 I chatty  : uid=1000(system) ConnectivitySer expire 1 line
01-10 14:30:44.035  1759  1848 I chatty  : uid=1000(system) Binder:1759_4 expire 6 lines
01-10 14:30:44.117  1759  1793 I chatty  : uid=1000(system) ActivityManager expire 9 lines
01-10 14:30:44.180  1759  2285 I chatty  : uid=1000(system) Binder:1759_9 expire 5 lines
01-10 14:30:44.235  1759  1794 I chatty  : uid=1000(system) android.ui expire 6 lines
01-10 14:30:44.247  1759  1759 I chatty  : uid=1000 system_server expire 27 lines
01-10 14:30:44.327  1759  1892 I chatty  : uid=1000(system) onProviders.ECP expire 11 lines
01-10 14:30:44.446  1759  2065 I chatty  : uid=1000(system) Binder:1759_6 expire 3 lines
01-10 14:30:44.530  1759  1800 I chatty  : uid=1000(system) android.fg expire 6 lines
01-10 14:30:44.945  1759  2581 I chatty  : uid=1000(system) Binder:1759_D expire 1 line
01-10 14:30:45.020  1759  1784 I chatty  : uid=1000(system) Binder:1759_2 expire 3 lines
01-10 14:30:45.127  1759  2600 I chatty  : uid=1000(system) Binder:1759_10 expire 1 line
01-10 14:30:45.877  2417  2492 W PackageParser: Unknown element under <manifest>: queries at /data/user_de/0/com.google.android.gms/app_chimera/m/00000016/dl-MlkitOcrCommon.optional_254730100800.apk Binary XML file line #11
01-10 14:30:45.981  2417  2492 W PackageParser: Unknown element under <manifest>: queries at /data/user_de/0/com.google.android.gms/app_chimera/m/0000001a/dl-Pay.optional_254730100800.apk Binary XML file line #11
01-10 14:30:46.021  2417  2492 W PackageParser: Unknown element under <manifest>: queries at /data/user_de/0/com.google.android.gms/app_chimera/m/0000001c/dl-VisionBarcode.optional_254730100800.apk Binary XML file line #11
01-10 14:30:46.055  2417  2492 W PackageParser: Unknown element under <manifest>: queries at /data/user_de/0/com.google.android.gms/app_chimera/m/0000000c/AdsDynamite.uncompressed.apk Binary XML file line #15
01-10 14:30:46.084  2417  2492 W PackageParser: Unknown element under <manifest>: queries at /data/user_de/0/com.google.android.gms/app_chimera/m/00000010/DynamiteModulesC.uncompressed.apk Binary XML file line #15
01-10 14:30:46.106  2417  2492 W PackageParser: Unknown element under <manifest>: queries at /data/user_de/0/com.google.android.gms/app_chimera/m/00000018/dl-AdsFdrDynamite.integ_254380203100000.apk Binary XML file line #15
01-10 14:30:46.278  2121  2121 I TelecomFramework: PstnPhoneCapabilitiesNotifier: handleVideoCapabilitesChanged. Video capability - false
01-10 14:30:46.583  1759  1792 I chatty  : uid=1000(system) android.bg expire 9 lines
01-10 14:30:46.951  2417  2676 W PackageParser: Unknown element under <manifest>: queries at /data/user_de/0/com.google.android.gms/app_chimera/m/00000010/DynamiteModulesC.uncompressed.apk Binary XML file line #15
01-10 14:30:46.986  2417  2676 W PackageParser: Unknown element under <manifest>: queries at /data/user_de/0/com.google.android.gms/app_chimera/m/0000000c/AdsDynamite.uncompressed.apk Binary XML file line #15
01-10 14:30:47.333  2417  2676 W PackageParser: Unknown element under <manifest>: queries at /data/user_de/0/com.google.android.gms/app_chimera/m/0000001a/dl-Pay.optional_254730100800.apk Binary XML file line #11
01-10 14:30:48.332  2417  2676 W PackageParser: Unknown element under <manifest>: queries at /data/user_de/0/com.google.android.gms/app_chimera/m/00000016/dl-MlkitOcrCommon.optional_254730100800.apk Binary XML file line #11
01-10 14:30:49.247  1759  2535 I chatty  : uid=1000(system) Binder:1759_B expire 3 lines
01-10 14:30:50.208  1759  2641 I chatty  : uid=1000(system) Binder:1759_14 expire 1 line
01-10 14:30:51.077  1759  2496 I chatty  : uid=1000(system) Binder:1759_A expire 3 lines
01-10 14:30:51.455  2417  2676 W PackageParser: Unknown element under <manifest>: queries at /data/user_de/0/com.google.android.gms/app_chimera/m/0000001c/dl-VisionBarcode.optional_254730100800.apk Binary XML file line #11
01-10 14:30:51.683  2417  2676 W PackageParser: Unknown element under <manifest>: queries at /data/user_de/0/com.google.android.gms/app_chimera/m/00000018/dl-AdsFdrDynamite.integ_254380203100000.apk Binary XML file line #15
01-10 14:30:51.857  1759  1799 I chatty  : uid=1000(system) FileObserver expire 2 lines
01-10 14:30:52.370  2121  2121 I TelecomFramework: PstnIncomingCallNotifier: Unregistering: Handler (com.android.internal.telephony.GsmCdmaPhone) {370ba3f}
01-10 14:30:52.436  2417  2676 W PackageParser: Unknown element under <manifest>: queries at /data/user_de/0/com.google.android.gms/app_chimera/m/00000016/dl-MlkitOcrCommon.optional_254730100800.apk Binary XML file line #11
01-10 14:30:52.462  2417  2676 W PackageParser: Unknown element under <manifest>: queries at /data/user_de/0/com.google.android.gms/app_chimera/m/0000001a/dl-Pay.optional_254730100800.apk Binary XML file line #11
01-10 14:30:52.469  2417  2676 W PackageParser: Unknown element under <manifest>: queries at /data/user_de/0/com.google.android.gms/app_chimera/m/0000001c/dl-VisionBarcode.optional_254730100800.apk Binary XML file line #11
01-10 14:30:52.476  2417  2676 W PackageParser: Unknown element under <manifest>: queries at /data/user_de/0/com.google.android.gms/app_chimera/m/0000000c/AdsDynamite.uncompressed.apk Binary XML file line #15
01-10 14:30:52.484  2417  2676 W PackageParser: Unknown element under <manifest>: queries at /data/user_de/0/com.google.android.gms/app_chimera/m/00000010/DynamiteModulesC.uncompressed.apk Binary XML file line #15
01-10 14:30:52.488  2417  2676 W PackageParser: Unknown element under <manifest>: queries at /data/user_de/0/com.google.android.gms/app_chimera/m/00000018/dl-AdsFdrDynamite.integ_254380203100000.apk Binary XML file line #15
01-10 14:30:53.149  1759  2596 I chatty  : uid=1000(system) Binder:1759_E expire 1 line
01-10 14:30:53.305  2121  2121 I TelecomFramework: AccountEntry: Registered phoneAccount: [[ ] PhoneAccount: ComponentInfo{com.android.phone/com.android.services.telephony.TelephonyConnectionService}, ***, UserHandle{0} Capabilities: CallProvider MultiUser PlaceEmerg SimSub  Audio Routes: BESW Schemes: tel voicemail  Extras: Bundle[{android.telecom.extra.SUPPORTS_VIDEO_CALLING_FALLBACK=true}] GroupId: ***] with handle: ComponentInfo{com.android.phone/com.android.services.telephony.TelephonyConnectionService}, ***, UserHandle{0}
01-10 14:30:53.306  2121  2121 I TelecomFramework: PstnIncomingCallNotifier: Registering: Handler (com.android.internal.telephony.GsmCdmaPhone) {370ba3f}
01-10 14:30:53.524  2121  2121 I TelecomFramework: PstnPhoneCapabilitiesNotifier: handleVideoCapabilitesChanged. Video capability - false
01-10 14:30:53.546  2121  2121 I TelecomFramework: PstnIncomingCallNotifier: Unregistering: Handler (com.android.internal.telephony.GsmCdmaPhone) {370ba3f}
01-10 14:30:53.997  1930  1930 E LoadedApk: Unable to instantiate appComponentFactory
01-10 14:30:53.997  1930  1930 E LoadedApk: java.lang.ClassNotFoundException: Didn't find class "android.support.v4.app.CoreComponentFactory" on path: DexPathList[[],nativeLibraryDirectories=[/system/priv-app/Telecom/lib/x86_64, /system/lib64, /system/vendor/lib64, /system/lib64, /system/vendor/lib64]]
01-10 14:30:53.997  1930  1930 E LoadedApk: 	at dalvik.system.BaseDexClassLoader.findClass(BaseDexClassLoader.java:134)
01-10 14:30:53.997  1930  1930 E LoadedApk: 	at java.lang.ClassLoader.loadClass(ClassLoader.java:379)
01-10 14:30:53.997  1930  1930 E LoadedApk: 	at java.lang.ClassLoader.loadClass(ClassLoader.java:312)
01-10 14:30:53.997  1930  1930 E LoadedApk: 	at android.app.LoadedApk.createAppFactory(LoadedApk.java:226)
01-10 14:30:53.997  1930  1930 E LoadedApk: 	at android.app.LoadedApk.updateApplicationInfo(LoadedApk.java:338)
01-10 14:30:53.997  1930  1930 E LoadedApk: 	at android.app.ActivityThread.handleApplicationInfoChanged(ActivityThread.java:5232)
01-10 14:30:53.997  1930  1930 E LoadedApk: 	at android.app.ActivityThread$H.handleMessage(ActivityThread.java:1812)
01-10 14:30:53.997  1930  1930 E LoadedApk: 	at android.os.Handler.dispatchMessage(Handler.java:106)
01-10 14:30:53.997  1930  1930 E LoadedApk: 	at android.os.Looper.loop(Looper.java:193)
01-10 14:30:53.997  1930  1930 E LoadedApk: 	at android.app.ActivityThread.main(ActivityThread.java:6840)
01-10 14:30:53.997  1930  1930 E LoadedApk: 	at java.lang.reflect.Method.invoke(Native Method)
01-10 14:30:53.997  1930  1930 E LoadedApk: 	at com.android.internal.os.RuntimeInit$MethodAndArgsCaller.run(RuntimeInit.java:493)
01-10 14:30:53.997  1930  1930 E LoadedApk: 	at com.android.internal.os.ZygoteInit.main(ZygoteInit.java:860)
01-10 14:30:54.072  2121  2121 I TelecomFramework: AccountEntry: Registered phoneAccount: [[ ] PhoneAccount: ComponentInfo{com.android.phone/com.android.services.telephony.TelephonyConnectionService}, ***, UserHandle{0} Capabilities: CallProvider MultiUser PlaceEmerg SimSub  Audio Routes: BESW Schemes: tel voicemail  Extras: Bundle[{android.telecom.extra.SUPPORTS_VIDEO_CALLING_FALLBACK=true}] GroupId: ***] with handle: ComponentInfo{com.android.phone/com.android.services.telephony.TelephonyConnectionService}, ***, UserHandle{0}
01-10 14:30:54.073  2121  2121 I TelecomFramework: PstnIncomingCallNotifier: Registering: Handler (com.android.internal.telephony.GsmCdmaPhone) {370ba3f}
01-10 14:30:54.105  2121  2121 I TelecomFramework: PstnIncomingCallNotifier: Unregistering: Handler (com.android.internal.telephony.GsmCdmaPhone) {370ba3f}
01-10 14:30:54.469  1759  1804 I chatty  : uid=1000(system) PowerManagerSer expire 4 lines
01-10 14:30:54.561  1759  2538 I chatty  : uid=1000(system) Binder:1759_C expire 2 lines
01-10 14:30:54.623  2121  2121 I TelecomFramework: AccountEntry: Registered phoneAccount: [[ ] PhoneAccount: ComponentInfo{com.android.phone/com.android.services.telephony.TelephonyConnectionService}, ***, UserHandle{0} Capabilities: CallProvider MultiUser PlaceEmerg SimSub  Audio Routes: BESW Schemes: tel voicemail  Extras: Bundle[{android.telecom.extra.SUPPORTS_VIDEO_CALLING_FALLBACK=true}] GroupId: ***] with handle: ComponentInfo{com.android.phone/com.android.services.telephony.TelephonyConnectionService}, ***, UserHandle{0}
01-10 14:30:54.623  2121  2121 I TelecomFramework: PstnIncomingCallNotifier: Registering: Handler (com.android.internal.telephony.GsmCdmaPhone) {370ba3f}
01-10 14:30:55.138  1759  1797 I chatty  : uid=1000(system) batterystats-wo expire 6 lines
01-10 14:30:55.366  1759  1802 I chatty  : uid=1000(system) android.display expire 1 line
01-10 14:30:55.544  2121  2121 I TelecomFramework: PstnIncomingCallNotifier: Unregistering: Handler (com.android.internal.telephony.GsmCdmaPhone) {370ba3f}
01-10 14:30:55.659  1759  1759 I chatty  : uid=1000 system_server expire 7 lines
01-10 14:30:55.896  1930  1930 E LoadedApk: Unable to instantiate appComponentFactory
01-10 14:30:55.896  1930  1930 E LoadedApk: java.lang.ClassNotFoundException: Didn't find class "android.support.v4.app.CoreComponentFactory" on path: DexPathList[[],nativeLibraryDirectories=[/system/priv-app/Telecom/lib/x86_64, /system/lib64, /system/vendor/lib64, /system/lib64, /system/vendor/lib64]]
01-10 14:30:55.896  1930  1930 E LoadedApk: 	at dalvik.system.BaseDexClassLoader.findClass(BaseDexClassLoader.java:134)
01-10 14:30:55.896  1930  1930 E LoadedApk: 	at java.lang.ClassLoader.loadClass(ClassLoader.java:379)
01-10 14:30:55.896  1930  1930 E LoadedApk: 	at java.lang.ClassLoader.loadClass(ClassLoader.java:312)
01-10 14:30:55.896  1930  1930 E LoadedApk: 	at android.app.LoadedApk.createAppFactory(LoadedApk.java:226)
01-10 14:30:55.896  1930  1930 E LoadedApk: 	at android.app.LoadedApk.updateApplicationInfo(LoadedApk.java:338)
01-10 14:30:55.896  1930  1930 E LoadedApk: 	at android.app.ActivityThread.handleApplicationInfoChanged(ActivityThread.java:5232)
01-10 14:30:55.896  1930  1930 E LoadedApk: 	at android.app.ActivityThread$H.handleMessage(ActivityThread.java:1812)
01-10 14:30:55.896  1930  1930 E LoadedApk: 	at android.os.Handler.dispatchMessage(Handler.java:106)
01-10 14:30:55.896  1930  1930 E LoadedApk: 	at android.os.Looper.loop(Looper.java:193)
01-10 14:30:55.896  1930  1930 E LoadedApk: 	at android.app.ActivityThread.main(ActivityThread.java:6840)
01-10 14:30:55.896  1930  1930 E LoadedApk: 	at java.lang.reflect.Method.invoke(Native Method)
01-10 14:30:55.896  1930  1930 E LoadedApk: 	at com.android.internal.os.RuntimeInit$MethodAndArgsCaller.run(RuntimeInit.java:493)
01-10 14:30:55.896  1930  1930 E LoadedApk: 	at com.android.internal.os.ZygoteInit.main(ZygoteInit.java:860)
01-10 14:30:56.355  2121  2121 I TelecomFramework: AccountEntry: Registered phoneAccount: [[ ] PhoneAccount: ComponentInfo{com.android.phone/com.android.services.telephony.TelephonyConnectionService}, ***, UserHandle{0} Capabilities: CallProvider MultiUser PlaceEmerg SimSub  Audio Routes: BESW Schemes: tel voicemail  Extras: Bundle[{android.telecom.extra.SUPPORTS_VIDEO_CALLING_FALLBACK=true}] GroupId: ***] with handle: ComponentInfo{com.android.phone/com.android.services.telephony.TelephonyConnectionService}, ***, UserHandle{0}
01-10 14:30:56.357  2121  2121 I TelecomFramework: PstnIncomingCallNotifier: Registering: Handler (com.android.internal.telephony.GsmCdmaPhone) {370ba3f}
01-10 14:30:56.629  2121  2121 I TelecomFramework: PstnIncomingCallNotifier: Unregistering: Handler (com.android.internal.telephony.GsmCdmaPhone) {370ba3f}
01-10 14:30:57.356  2121  2121 I TelecomFramework: AccountEntry: Registered phoneAccount: [[ ] PhoneAccount: ComponentInfo{com.android.phone/com.android.services.telephony.TelephonyConnectionService}, ***, UserHandle{0} Capabilities: CallProvider MultiUser PlaceEmerg SimSub  Audio Routes: BESW Schemes: tel voicemail  Extras: Bundle[{android.telecom.extra.SUPPORTS_VIDEO_CALLING_FALLBACK=true}] GroupId: ***] with handle: ComponentInfo{com.android.phone/com.android.services.telephony.TelephonyConnectionService}, ***, UserHandle{0}
01-10 14:30:57.356  2121  2121 I TelecomFramework: PstnIncomingCallNotifier: Registering: Handler (com.android.internal.telephony.GsmCdmaPhone) {370ba3f}
01-10 14:30:57.726  2121  2121 I TelecomFramework: PstnPhoneCapabilitiesNotifier: handleVideoCapabilitesChanged. Video capability - false
01-10 14:30:57.735  2121  2121 I chatty  : uid=1001(radio) com.android.phone identical 1 line
01-10 14:30:57.736  2121  2121 I TelecomFramework: PstnPhoneCapabilitiesNotifier: handleVideoCapabilitesChanged. Video capability - false
01-10 14:30:58.281  2533  2533 W ContextImpl: Calling a method in the system process without a qualified user: android.app.ContextImpl.startService:1531 android.content.ContextWrapper.startService:664 android.content.ContextWrapper.startService:664 com.android.coreservice.CoreBroadcastReceiver.onReceive:53 android.app.ActivityThread.handleReceiver:3424 
01-10 14:30:58.294  2121  2121 I TelecomFramework: PstnPhoneCapabilitiesNotifier: handleVideoCapabilitesChanged. Video capability - false
01-10 14:30:58.294  2121  2121 I TelecomFramework: PstnPhoneCapabilitiesNotifier: handleVideoCapabilitesChanged. Video capability - false
01-10 14:30:58.578  2533  2533 W ContextImpl: Calling a method in the system process without a qualified user: android.app.ContextImpl.startService:1531 android.content.ContextWrapper.startService:664 android.content.ContextWrapper.startService:664 com.android.coreservice.CoreBroadcastReceiver.onReceive:53 android.app.ActivityThread.handleReceiver:3424 
01-10 14:30:58.864  2533  2533 W ContextImpl: Calling a method in the system process without a qualified user: android.app.ContextImpl.startService:1531 android.content.ContextWrapper.startService:664 android.content.ContextWrapper.startService:664 com.android.coreservice.CoreBroadcastReceiver.onReceive:53 android.app.ActivityThread.handleReceiver:3424 
01-10 14:30:58.923  1759  1849 I chatty  : uid=1000(system) Binder:1759_5 expire 1 line
01-10 14:30:59.258  1759  1795 I chatty  : uid=1000(system) ActivityManager expire 28 lines
01-10 14:30:59.352  1759  2966 I chatty  : uid=1000(system) Binder:1759_1A expire 12 lines
01-10 14:30:59.374  1759  1794 I chatty  : uid=1000(system) android.ui expire 10 lines
01-10 14:30:59.374  1759  1759 I chatty  : uid=1000 system_server expire 31 lines
01-10 14:30:59.397  2417  2975 D ActivityThread: Loading provider com.google.android.gms.reminders: com.google.android.gms.reminders.provider.RemindersProvider
01-10 14:31:00.499  1759  2600 I chatty  : uid=1000(system) Binder:1759_10 expire 2 lines
01-10 14:31:02.295  2121  2121 I TelecomFramework: : Carrier-config changed, checking for phone account updates.
01-10 14:31:02.318  1759  1800 I chatty  : uid=1000(system) android.fg expire 3 lines
01-10 14:31:02.837  1759  2962 I chatty  : uid=1000(system) Binder:1759_18 expire 13 lines
01-10 14:31:02.849  1759  3077 I chatty  : uid=1000 system_server expire 10 lines
01-10 14:31:03.232  2121  2121 I TelecomFramework: AccountEntry: reRegisterPstnPhoneAccount: subId: 1 - no change
01-10 14:31:03.609  2417  3088 D ActivityThread: Loading provider com.google.android.gms.people: com.google.android.gms.people.service.PeopleContentProvider
01-10 14:31:03.856  1759  1848 I chatty  : uid=1000(system) Binder:1759_4 expire 7 lines
01-10 14:31:04.424  2121  2121 I TelecomFramework: PstnIncomingCallNotifier: Unregistering: Handler (com.android.internal.telephony.GsmCdmaPhone) {370ba3f}
01-10 14:31:04.704  1759  2071 I chatty  : uid=1000(system) Binder:1759_7 expire 14 lines
01-10 14:31:04.769  2121  2121 I TelecomFramework: AccountEntry: Registered phoneAccount: [[ ] PhoneAccount: ComponentInfo{com.android.phone/com.android.services.telephony.TelephonyConnectionService}, ***, UserHandle{0} Capabilities: CallProvider MultiUser PlaceEmerg SimSub  Audio Routes: BESW Schemes: tel voicemail  Extras: Bundle[{android.telecom.extra.SUPPORTS_VIDEO_CALLING_FALLBACK=true}] GroupId: ***] with handle: ComponentInfo{com.android.phone/com.android.services.telephony.TelephonyConnectionService}, ***, UserHandle{0}
01-10 14:31:04.772  2121  2121 I TelecomFramework: PstnIncomingCallNotifier: Registering: Handler (com.android.internal.telephony.GsmCdmaPhone) {370ba3f}
01-10 14:31:04.963  2121  2121 I TelecomFramework: PstnPhoneCapabilitiesNotifier: handleVideoCapabilitesChanged. Video capability - false
01-10 14:31:05.376  1759  2640 I chatty  : uid=1000(system) Binder:1759_13 expire 1 line
01-10 14:31:05.516  1759  1871 I chatty  : uid=1000(system) InputReader expire 1 line
01-10 14:31:05.570  1759  1804 I chatty  : uid=1000(system) PowerManagerSer expire 3 lines
01-10 14:31:05.575  1759  1797 I chatty  : uid=1000(system) batterystats-wo expire 5 lines
01-10 14:31:05.692  1759  1802 I chatty  : uid=1000(system) android.display expire 1 line
01-10 14:31:05.875  1759  2641 I chatty  : uid=1000(system) Binder:1759_14 expire 12 lines
01-10 14:31:06.050  1759  2970 I chatty  : uid=1000(system) Binder:1759_1B expire 8 lines
01-10 14:31:06.516  2121  2121 I TelecomFramework: : Carrier-config changed, checking for phone account updates.
01-10 14:31:07.084  1759  1792 I chatty  : uid=1000(system) android.bg expire 5 lines
01-10 14:31:07.102  1592  1592 W wificond: Scan already started
01-10 14:31:07.396  1759  1784 I chatty  : uid=1000(system) Binder:1759_2 expire 6 lines
01-10 14:31:07.528  2121  2121 I TelecomFramework: AccountEntry: reRegisterPstnPhoneAccount: subId: 1 - no change
01-10 14:31:09.021  2121  2121 I TelecomFramework: PstnIncomingCallNotifier: Unregistering: Handler (com.android.internal.telephony.GsmCdmaPhone) {370ba3f}
01-10 14:31:09.984  1759  2959 I chatty  : uid=1000(system) Binder:1759_15 expire 1 line
01-10 14:31:10.156  1759  1793 I chatty  : uid=1000(system) ActivityManager expire 1 line
01-10 14:31:10.282  1759  2496 I chatty  : uid=1000(system) Binder:1759_A expire 1 line
01-10 14:31:10.284  1759  2065 I chatty  : uid=1000(system) Binder:1759_6 expire 8 lines
01-10 14:31:10.320  1759  2581 I chatty  : uid=1000(system) Binder:1759_D expire 1 line
01-10 14:31:10.821  2121  2121 I TelecomFramework: AccountEntry: Registered phoneAccount: [[ ] PhoneAccount: ComponentInfo{com.android.phone/com.android.services.telephony.TelephonyConnectionService}, ***, UserHandle{0} Capabilities: CallProvider MultiUser PlaceEmerg SimSub  Audio Routes: BESW Schemes: tel voicemail  Extras: Bundle[{android.telecom.extra.SUPPORTS_VIDEO_CALLING_FALLBACK=true}] GroupId: ***] with handle: ComponentInfo{com.android.phone/com.android.services.telephony.TelephonyConnectionService}, ***, UserHandle{0}
01-10 14:31:10.823  2121  2121 I TelecomFramework: PstnIncomingCallNotifier: Registering: Handler (com.android.internal.telephony.GsmCdmaPhone) {370ba3f}
01-10 14:31:11.014  1759  2597 I chatty  : uid=1000(system) Binder:1759_F expire 1 line
01-10 14:31:11.049  1759  2960 I chatty  : uid=1000(system) Binder:1759_16 expire 1 line
01-10 14:31:11.152  2533  2533 W ContextImpl: Calling a method in the system process without a qualified user: android.app.ContextImpl.startService:1531 android.content.ContextWrapper.startService:664 android.content.ContextWrapper.startService:664 com.android.coreservice.CoreBroadcastReceiver.onReceive:28 android.app.ActivityThread.handleReceiver:3424 
01-10 14:31:11.235  1759  2965 I chatty  : uid=1000(system) Binder:1759_19 expire 12 lines
01-10 14:31:11.600  2121  2121 I TelecomFramework: PstnPhoneCapabilitiesNotifier: handleVideoCapabilitesChanged. Video capability - false
01-10 14:31:11.673  1759  1795 I chatty  : uid=1000(system) ActivityManager expire 3 lines
01-10 14:31:12.062  1759  1759 I chatty  : uid=1000 system_server expire 2 lines
01-10 14:31:12.086  1759  1795 W ActivityManager: Slow operation: 571ms so far, now at startProcess: building log message
01-10 14:31:12.086  1759  1795 I ActivityManager: Start proc 3376:com.android.managedprovisioning/u0a26 for broadcast com.android.managedprovisioning/.preprovisioning.BootReminder
01-10 14:31:12.086  1759  1795 W ActivityManager: Slow operation: 571ms so far, now at startProcess: starting to update pids map
01-10 14:31:12.086  1759  1795 W ActivityManager: Slow operation: 571ms so far, now at startProcess: done updating pids map
01-10 14:31:12.331  1759  2538 W ActivityManager: Slow operation: 96ms so far, now at attachApplicationLocked: before bindApplication
01-10 14:31:12.331  1759  2538 W ActivityManager: Slow operation: 97ms so far, now at attachApplicationLocked: immediately before bindApplication
01-10 14:31:12.333  1759  2538 W ActivityManager: Slow operation: 99ms so far, now at attachApplicationLocked: immediately after bindApplication
01-10 14:31:12.333  1759  2538 W ActivityManager: Slow operation: 99ms so far, now at attachApplicationLocked: after updateLruProcessLocked
01-10 14:31:12.334  1759  2538 W ActivityManager: Slow operation: 100ms so far, now at attachApplicationLocked: after mServices.attachApplicationLocked
01-10 14:31:12.363  1759  2538 W ActivityManager: Slow operation: 129ms so far, now at attachApplicationLocked: after sendPendingBroadcastsLocked
01-10 14:31:12.459  1759  1759 W Looper  : Slow dispatch took 395ms main h=com.android.server.job.JobSchedulerService$JobHandler c=null m=7
01-10 14:31:13.055  1759  1800 W Looper  : Slow dispatch took 667ms android.fg h=com.android.server.AppStateTracker$MyHandler c=null m=1
01-10 14:31:13.122  1759  1759 W Looper  : Slow dispatch took 641ms main h=com.android.server.fingerprint.FingerprintService$1 c=com.android.server.fingerprint.FingerprintService$3@91897e2 m=0
01-10 14:31:13.182  1759  1794 W Looper  : Slow dispatch took 1149ms android.ui h=com.android.server.am.ActivityManagerService$UiHandler c=null m=53
01-10 14:31:13.209  1759  1759 I LockSettingsService: Removing SP from cache for user 0
01-10 14:31:13.248  1759  1794 W Looper  : Slow delivery took 1013ms android.ui h=com.android.server.am.ActivityManagerService$UiHandler c=null m=30
01-10 14:31:13.286  1759  1800 W Looper  : Slow delivery took 667ms android.fg h=com.android.server.AppStateTracker$MyHandler c=null m=0
01-10 14:31:13.286  1759  1800 W Looper  : Slow dispatch took 232ms android.fg h=com.android.server.AppStateTracker$MyHandler c=null m=0
01-10 14:31:13.442  1759  1759 W Looper  : Drained
01-10 14:31:13.463  1759  2970 I Telecom : PhoneAccountRegistrar: Modify account: [ComponentInfo{com.android.phone/com.android.services.telephony.TelephonyConnectionService}, ***, UserHandle{0}]: TSI.rPA@AEQ
01-10 14:31:13.611  1759  2959 W ActivityManager: Slow operation: 70ms so far, now at startProcess: done creating new process record
01-10 14:31:13.612  1759  2959 W ActivityManager: Slow operation: 70ms so far, now at startProcess: stepping in to startProcess
01-10 14:31:13.677  1759  2959 W ActivityManager: Slow operation: 135ms so far, now at startProcess: done starting proc!
01-10 14:31:13.694  1759  1795 W ActivityManager: Slow operation: 76ms so far, now at startProcess: asking zygote to start proc
01-10 14:31:13.713  1759  1794 W Looper  : Drained
01-10 14:31:13.718  1759  1800 W Looper  : Drained
01-10 14:31:13.730  1759  1795 W ActivityManager: Slow operation: 113ms so far, now at startProcess: returned from zygote!
01-10 14:31:13.747  1759  1795 W ActivityManager: Slow operation: 129ms so far, now at startProcess: done updating battery stats
01-10 14:31:13.750  1759  1795 W ActivityManager: Slow operation: 132ms so far, now at startProcess: building log message
01-10 14:31:13.750  1759  1795 I ActivityManager: Start proc 3423:com.android.messaging/u0a49 for broadcast com.android.messaging/.receiver.BootAndPackageReplacedReceiver
01-10 14:31:13.750  1759  1795 W ActivityManager: Slow operation: 132ms so far, now at startProcess: starting to update pids map
01-10 14:31:13.750  1759  1795 W ActivityManager: Slow operation: 132ms so far, now at startProcess: done updating pids map
01-10 14:31:13.775  1759  1759 W Looper  : Slow dispatch took 121ms main h=com.android.server.notification.NotificationManagerService$WorkerHandler c=com.android.server.notification.NotificationManagerService$PostNotificationRunnable@5c61d8c m=0
01-10 14:31:15.145  1759  2640 W ActivityManager: Slow operation: 75ms so far, now at attachApplicationLocked: after sendPendingBroadcastsLocked
01-10 14:31:16.405  1759  2640 W ActivityManager: Unable to start service Intent { cmp=com.samsung.android.deviceidservice/.DeviceIdService } U=0: not found
01-10 14:31:16.436  1759  2085 W ActivityManager: Unbind failed: could not find connection for android.os.BinderProxy@d7da0d8
01-10 14:31:17.189  1759  2065 V FingerprintService: mDaemon was null, reconnect to fingerprint
01-10 14:31:17.193  1759  2065 W FingerprintService: fingerprint HIDL not available
01-10 14:31:17.682  1759  1849 W BackupManagerService: dataChanged but no participant pkg='com.ldmnq.launcher3' uid=10044
01-10 14:31:17.731  1759  2641 W BackupManagerService: dataChanged but no participant pkg='com.ldmnq.launcher3' uid=10044
01-10 14:31:17.734  1759  1759 W Looper  : Slow dispatch took 423ms main h=android.os.Handler c=com.android.server.-$$Lambda$BatteryService$D1kwd7L7yyqN5niz3KWkTepVmUk@26702e4 m=0
01-10 14:31:17.734  1759  1759 W Looper  : Slow delivery took 397ms main h=android.os.Handler c=com.android.server.statusbar.StatusBarManagerService$4@915e34d m=0
01-10 14:31:17.745  1759  2065 W UsageStatsService: Event reported without a package name
01-10 14:31:17.758  1759  1794 W Looper  : Slow dispatch took 358ms android.ui h=com.android.server.am.ActivityManagerService$UiHandler c=null m=53
01-10 14:31:17.871  1759  1759 W Looper  : Drained
01-10 14:31:17.871  1759  1759 W Looper  : Slow dispatch took 113ms main h=com.android.server.job.JobSchedulerService$JobHandler c=null m=4
01-10 14:31:17.871  1759  2641 W BackupManagerService: dataChanged but no participant pkg='com.ldmnq.launcher3' uid=10044
01-10 14:31:18.023  1759  2597 W BackupManagerService: dataChanged but no participant pkg='com.ldmnq.launcher3' uid=10044
01-10 14:31:18.108  1759  2071 W BackupManagerService: dataChanged but no participant pkg='com.ldmnq.launcher3' uid=10044
01-10 14:31:18.425  1759  2071 W BackupManagerService: dataChanged but no participant pkg='com.ldmnq.launcher3' uid=10044
01-10 14:31:18.600  1759  2641 W BackupManagerService: dataChanged but no participant pkg='com.ldmnq.launcher3' uid=10044
01-10 14:31:18.695  1759  2641 W BackupManagerService: dataChanged but no participant pkg='com.ldmnq.launcher3' uid=10044
01-10 14:31:18.761  1759  1849 W BackupManagerService: dataChanged but no participant pkg='com.ldmnq.launcher3' uid=10044
01-10 14:31:19.170  1759  2640 W ActivityManager: Slow operation: 55ms so far, now at startProcess: getting gids from package manager
01-10 14:31:19.183  1759  2640 W ActivityManager: Slow operation: 68ms so far, now at startProcess: building args
01-10 14:31:19.183  1759  2640 W ActivityManager: Slow operation: 95ms so far, now at startProcess: done starting proc!
01-10 14:31:19.820  1759  1794 W Looper  : Slow dispatch took 605ms android.ui h=com.android.server.am.ActivityManagerService$UiHandler c=null m=53
01-10 14:31:19.821  1759  1795 W ActivityManager: Slow operation: 707ms so far, now at startProcess: asking zygote to start proc
01-10 14:31:19.823  1759  1759 W Looper  : Slow dispatch took 609ms main h=android.app.ActivityThread$H c=android.app.-$$Lambda$LoadedApk$ReceiverDispatcher$Args$_BumDX2UKsnxLVrE6UJsJZkotuA@4c625ae m=0
01-10 14:31:19.824  1759  1759 W Looper  : Slow delivery took 612ms main h=android.app.ActivityThread$H c=android.app.-$$Lambda$LoadedApk$ReceiverDispatcher$Args$_BumDX2UKsnxLVrE6UJsJZkotuA@a6d3f4f m=0
01-10 14:31:19.847  1759  1795 W ActivityManager: Slow operation: 733ms so far, now at startProcess: returned from zygote!
01-10 14:31:19.976  1759  1759 W Looper  : Slow dispatch took 144ms main h=com.android.server.job.JobSchedulerService$JobHandler c=null m=7
01-10 14:31:20.116  1759  1794 W Looper  : Slow dispatch took 285ms android.ui h=com.android.server.am.ActivityManagerService$UiHandler c=null m=53
01-10 14:31:20.144  1759  2600 D MmsServiceBroker: getCarrierConfigValues() by com.android.messaging
01-10 14:31:20.145  1759  2600 W MmsServiceBroker: MmsService not connected. Try connecting...
01-10 14:31:20.152  1759  1795 W ActivityManager: Slow operation: 1038ms so far, now at startProcess: done updating battery stats
01-10 14:31:20.162  1759  1795 W ActivityManager: Slow operation: 1047ms so far, now at startProcess: building log message
01-10 14:31:20.162  1759  1795 I ActivityManager: Start proc 3533:com.android.inputmethod.pinyin/u0a37 for service com.android.inputmethod.pinyin/.InputService
01-10 14:31:20.162  1759  1795 W ActivityManager: Slow operation: 1048ms so far, now at startProcess: starting to update pids map
01-10 14:31:20.162  1759  1795 W ActivityManager: Slow operation: 1048ms so far, now at startProcess: done updating pids map
01-10 14:31:20.162  1759  1795 W ActivityManager: Slow operation: 156ms so far, now at startProcess: asking zygote to start proc
01-10 14:31:20.172  1759  1795 W ActivityManager: Slow operation: 166ms so far, now at startProcess: returned from zygote!
01-10 14:31:20.248  1759  2640 V FingerprintService: mDaemon was null, reconnect to fingerprint
01-10 14:31:20.261  1759  2640 W FingerprintService: fingerprint HIDL not available
01-10 14:31:20.302  1759  2597 W ActivityManager: Slow operation: 52ms so far, now at attachApplicationLocked: immediately before bindApplication
01-10 14:31:20.307  1759  2597 W ActivityManager: Slow operation: 57ms so far, now at attachApplicationLocked: immediately after bindApplication
01-10 14:31:20.307  1759  2597 W ActivityManager: Slow operation: 57ms so far, now at attachApplicationLocked: after updateLruProcessLocked
