--------- beginning of main
01-10 18:29:20.278  1759  1780 W System  : A resource failed to call close. 
01-10 18:29:20.278  1759  1780 I chatty  : uid=1000(system) FinalizerDaemon identical 41 lines
01-10 18:29:20.278  1759  1780 W System  : A resource failed to call close. 
01-10 18:30:00.129  2656  2664 W System  : A resource failed to call end. 
01-10 18:30:01.576  1543  1605 D EmuHWC2 : sent 638 syncs in 60s
--------- beginning of system
01-10 18:30:17.386  1759  1797 E BatteryExternalStatsWorker: no controller energy info supplied for wifi
01-10 18:30:17.398  1759  1797 E BatteryExternalStatsWorker: no controller energy info supplied for bluetooth
01-10 18:30:17.419  1594  1594 E VSoCRil : Request 135 not supported.
01-10 18:30:17.440  1759  1797 E KernelCpuSpeedReader: Failed to read cpu-freq: /sys/devices/system/cpu/cpu0/cpufreq/stats/time_in_state (No such file or directory)
01-10 18:30:17.443  1759  1797 E KernelWakelockReader: neither /proc/wakelocks nor /d/wakeup_sources exists
01-10 18:30:17.470  1759  1797 W BatteryStatsImpl: Couldn't get kernel wake lock stats
01-10 18:30:17.469  1759  1759 I batterystats-wo: type=1400 audit(0.0:1855): avc: denied { call } for scontext=u:r:system_server:s0 tcontext=u:r:init:s0 tclass=binder permissive=1
01-10 18:30:17.479  1759  1797 W BatteryExternalStatsWorker: modem info is invalid: ModemActivityInfo{ mTimestamp=0 mSleepTimeMs=0 mIdleTimeMs=0 mTxTimeMs[]=[0, 0, 0, 0, 0] mRxTimeMs=0 mEnergyUsed=0}
01-10 18:30:17.469  1759  1759 W batterystats-wo: type=1300 audit(0.0:1855): arch=c000003e syscall=16 success=yes exit=0 a0=27 a1=c0306201 a2=7fff4eab2840 a3=7fff72bb4f08 items=0 ppid=1517 auid=4294967295 uid=1000 gid=1000 euid=1000 suid=1000 fsuid=1000 egid=1000 sgid=1000 fsgid=1000 tty=(none) ses=4294967295 exe="/system/bin/app_process64" subj=u:r:system_server:s0 key=(null)
01-10 18:30:17.469  1359  1359 W auditd  : type=1327 audit(0.0:1855): proctitle="system_server"
01-10 18:30:17.469  1359  1359 W auditd  : type=1320 audit(0.0:1855): 
01-10 18:30:17.498  1759  1793 W BroadcastQueue: Background execution not allowed: receiving Intent { act=android.intent.action.DROPBOX_ENTRY_ADDED flg=0x10 (has extras) } to com.google.android.gms/.stats.service.DropBoxEntryAddedReceiver
01-10 18:30:17.498  1759  1793 I ActivityManager: Killing 7216:com.facebook.katana/u0a84 (adj 906): empty for 1816s
01-10 18:30:17.498  1759  1796 W libprocessgroup: kill(-7216, 9) failed: No such process
01-10 18:30:17.531  1593  5926 E OMXNodeInstance: !!! Observer died. Quickly, do something, ... anything...
01-10 18:30:17.531  1593  1593 E OMXNodeInstance: !!! Observer died. Quickly, do something, ... anything...
01-10 18:30:17.532  1759  2065 D ConnectivityService: ConnectivityService NetworkRequestInfo binderDied(NetworkRequest [ LISTEN id=67, [ Transports: CELLULAR|WIFI|BLUETOOTH|ETHERNET|VPN Capabilities: INTERNET&NOT_RESTRICTED&TRUSTED&NOT_VPN Unwanted:  Uid: 10084] ], android.os.BinderProxy@f7c8c9d)
01-10 18:30:17.532  1759  2640 D ConnectivityService: ConnectivityService NetworkRequestInfo binderDied(NetworkRequest [ TRACK_DEFAULT id=65, [ Capabilities: INTERNET&NOT_RESTRICTED&TRUSTED Unwanted:  Uid: 10084] ], android.os.BinderProxy@1243f74)
01-10 18:30:17.532  1759  2597 D ConnectivityService: ConnectivityService NetworkRequestInfo binderDied(NetworkRequest [ TRACK_DEFAULT id=63, [ Capabilities: INTERNET&NOT_RESTRICTED&TRUSTED Unwanted:  Uid: 10084] ], android.os.BinderProxy@94de512)
01-10 18:30:17.532  1517  1517 I Zygote  : Process 7216 exited due to signal (9)
01-10 18:30:17.533  1759  2071 D ConnectivityService: ConnectivityService NetworkRequestInfo binderDied(NetworkRequest [ TRACK_DEFAULT id=66, [ Capabilities: INTERNET&NOT_RESTRICTED&TRUSTED Unwanted:  Uid: 10084] ], android.os.BinderProxy@fe234e3)
01-10 18:30:17.542  1759  1796 W libprocessgroup: kill(-7216, 9) failed: No such process
01-10 18:30:17.542  1759  1796 I libprocessgroup: Successfully killed process cgroup uid 10084 pid 7216 in 43ms
01-10 18:30:17.607  1759  1782 I system_server: Background concurrent copying GC freed 425769(14MB) AllocSpace objects, 50(1016KB) LOS objects, 42% free, 18MB/32MB, paused 69us total 122.799ms
01-10 18:30:17.670  1759  1780 W System  : A resource failed to call close. 
01-10 18:30:17.670  1759  1780 I chatty  : uid=1000(system) FinalizerDaemon identical 46 lines
01-10 18:30:17.670  1759  1780 W System  : A resource failed to call close. 
01-10 18:30:20.516  1526  1526 I healthd : type=1400 audit(0.0:1856): avc: denied { read } for name="present" dev="sysfs" ino=6606 scontext=u:r:healthd:s0 tcontext=u:object_r:sysfs:s0 tclass=file permissive=1
01-10 18:30:20.516  1526  1526 I healthd : type=1400 audit(0.0:1856): avc: denied { open } for path="/sys/devices/LNXSYSTM:00/LNXSYBUS:00/PNP0A03:00/PNP0C0A:00/power_supply/BAT0/present" dev="sysfs" ino=6606 scontext=u:r:healthd:s0 tcontext=u:object_r:sysfs:s0 tclass=file permissive=1
01-10 18:30:20.516  1526  1526 W healthd : type=1300 audit(0.0:1856): arch=c000003e syscall=257 success=yes exit=9 a0=ffffff9c a1=7ffff7228360 a2=a0000 a3=0 items=0 ppid=1 auid=4294967295 uid=0 gid=0 euid=0 suid=0 fsuid=0 egid=0 sgid=0 fsgid=0 tty=(none) ses=4294967295 exe="/system/bin/healthd" subj=u:r:healthd:s0 key=(null)
01-10 18:30:20.516  1359  1359 W auditd  : type=1327 audit(0.0:1856): proctitle="/system/bin/healthd"
01-10 18:30:20.516  1359  1359 W auditd  : type=1320 audit(0.0:1856): 
01-10 18:30:20.516  1526  1526 I healthd : type=1400 audit(0.0:1857): avc: denied { getattr } for path="/sys/devices/LNXSYSTM:00/LNXSYBUS:00/PNP0A03:00/PNP0C0A:00/power_supply/BAT0/present" dev="sysfs" ino=6606 scontext=u:r:healthd:s0 tcontext=u:object_r:sysfs:s0 tclass=file permissive=1
01-10 18:30:23.056  1567  1567 I ldinit  : type=1400 audit(0.0:1860): avc: denied { read } for name="partitions" dev="proc" ino=4026532050 scontext=u:r:ldinit:s0 tcontext=u:object_r:proc:s0 tclass=file permissive=1
01-10 18:30:23.056  1567  1567 I ldinit  : type=1400 audit(0.0:1860): avc: denied { open } for path="/proc/partitions" dev="proc" ino=4026532050 scontext=u:r:ldinit:s0 tcontext=u:object_r:proc:s0 tclass=file permissive=1
01-10 18:30:23.056  1567  1567 W ldinit  : type=1300 audit(0.0:1860): arch=c000003e syscall=257 success=yes exit=6 a0=ffffff9c a1=7ffff7728278 a2=0 a3=0 items=0 ppid=1 auid=4294967295 uid=0 gid=0 euid=0 suid=0 fsuid=0 egid=0 sgid=0 fsgid=0 tty=(none) ses=4294967295 exe="/system/bin/ldinit" subj=u:r:ldinit:s0 key=(null)
01-10 18:30:23.056  1359  1359 W auditd  : type=1327 audit(0.0:1860): proctitle="/system/bin/ldinit"
01-10 18:30:23.056  1359  1359 W auditd  : type=1320 audit(0.0:1860): 
01-10 18:30:33.967  1591  1651 E storaged: getDiskStats failed with result NOT_SUPPORTED and size 0
01-10 18:30:34.749  1532  2204 I dual_mode_controller: Command opcode: 0x2018, OGF: 0x0008, OCF: 0x0018
01-10 18:30:34.749  1532  2204 I dual_mode_controller: Command opcode: 0x2005, OGF: 0x0008, OCF: 0x0005
01-10 18:30:34.749  1532  2204 I dual_mode_controller: Controller performing command: LE SetRandomAddress
01-10 18:30:34.746  1532  1532 I bluetooth@1.0-s: type=1400 audit(0.0:1862): avc: denied { call } for scontext=u:r:init:s0 tcontext=u:r:bluetooth:s0 tclass=binder permissive=1
01-10 18:30:34.746  1532  1532 W bluetooth@1.0-s: type=1300 audit(0.0:1862): arch=c000003e syscall=16 success=yes exit=0 a0=4 a1=c0306201 a2=7ffff6ffef30 a3=1 items=0 ppid=1 auid=4294967295 uid=1002 gid=1002 euid=1002 suid=1002 fsuid=1002 egid=1002 sgid=1002 fsgid=1002 tty=(none) ses=4294967295 exe="/system/vendor/bin/hw/android.hardware.bluetooth@1.0-service-qti" subj=u:r:init:s0 key=(null)
01-10 18:30:34.746  1359  1359 W auditd  : type=1327 audit(0.0:1862): proctitle="/vendor/bin/hw/android.hardware.bluetooth@1.0-service-qti"
01-10 18:30:34.746  1359  1359 W auditd  : type=1320 audit(0.0:1862): 
01-10 18:30:39.300  2259  9693 I .gms.persisten: Explicit concurrent copying GC freed 6441(459KB) AllocSpace objects, 2(40KB) LOS objects, 49% free, 8MB/17MB, paused 40us total 42.248ms
01-10 18:30:41.959  8427  8443 I Finsky:background: [310] myo.run(353): Stats for Executor: bgExecutor ozi@4b80b38[Running, pool size = 1, active threads = 0, queued tasks = 0, completed tasks = 1]
01-10 18:30:41.959  8427  8443 I Finsky:background: [310] myo.run(353): Stats for Executor: LightweightExecutor ozi@b180711[Running, pool size = 0, active threads = 0, queued tasks = 0, completed tasks = 0]
01-10 18:30:45.676  2417  9043 I gle.android.gm: Explicit concurrent copying GC freed 1822(144KB) AllocSpace objects, 2(40KB) LOS objects, 25% free, 13MB/17MB, paused 53us total 50.216ms
01-10 18:31:00.547  1759  1780 W System  : A resource failed to call close. 
01-10 18:31:00.548  1759  1780 I chatty  : uid=1000(system) FinalizerDaemon identical 39 lines
01-10 18:31:00.548  1759  1780 W System  : A resource failed to call close. 
01-10 18:31:19.067  1534  1534 V QCamera_Camera: getCameraInfo
01-10 18:31:19.067  1534  1534 V QCamera_BaseCamera: getCameraInfo
01-10 18:31:19.072  1534  1534 V QCamera_Camera: getCameraInfo
01-10 18:31:19.072  1534  1534 V QCamera_BaseCamera: getCameraInfo
01-10 18:31:19.075  1543  1605 D EmuHWC2 : sent 192 syncs in 77s
01-10 18:31:20.869  1546  1546 I health@2.0-serv: type=1400 audit(0.0:1863): avc: denied { call } for scontext=u:r:init:s0 tcontext=u:r:system_server:s0 tclass=binder permissive=1
01-10 18:31:20.869  1546  1546 W health@2.0-serv: type=1300 audit(0.0:1863): arch=c000003e syscall=16 success=yes exit=0 a0=5 a1=c0306201 a2=7fffffffe150 a3=2 items=0 ppid=1 auid=4294967295 uid=1000 gid=1000 euid=1000 suid=1000 fsuid=1000 egid=1000 sgid=1000 fsgid=1000 tty=(none) ses=4294967295 exe="/system/vendor/bin/hw/android.hardware.health@2.0-service.default" subj=u:r:init:s0 key=(null)
01-10 18:31:20.869  1359  1359 W auditd  : type=1327 audit(0.0:1863): proctitle="/vendor/bin/hw/android.hardware.health@2.0-service.default"
01-10 18:31:20.869  1359  1359 W auditd  : type=1320 audit(0.0:1863): 
01-10 18:31:34.321  1591  1651 E storaged: getDiskStats failed with result NOT_SUPPORTED and size 0
01-10 18:31:40.644  1759  1780 W System  : A resource failed to call close. 
01-10 18:31:55.611  1592  1592 W wificond: Scan already started
01-10 18:31:40.644  1759  1780 I chatty  : uid=1000(system) FinalizerDaemon identical 41 lines
01-10 18:31:40.644  1759  1780 W System  : A resource failed to call close. 
01-10 18:31:55.625  1759  1792 E memtrack: Couldn't load memtrack module
01-10 18:31:55.625  1759  1792 W android.os.Debug: failed to get memory consumption info: -1
01-10 18:31:55.674  1759  1792 E memtrack: Couldn't load memtrack module
01-10 18:31:55.674  1759  1792 W android.os.Debug: failed to get memory consumption info: -1
01-10 18:31:55.697  1759  1792 E memtrack: Couldn't load memtrack module
01-10 18:31:55.697  1759  1792 W android.os.Debug: failed to get memory consumption info: -1
01-10 18:31:55.715  1759  1792 E memtrack: Couldn't load memtrack module
01-10 18:31:55.715  1759  1792 W android.os.Debug: failed to get memory consumption info: -1
01-10 18:31:55.717  1759  1795 W ActivityManager: Slow operation: 63ms so far, now at startProcess: returned from zygote!
01-10 18:31:55.717  1759  1795 W ActivityManager: Slow operation: 63ms so far, now at startProcess: done updating battery stats
01-10 18:31:55.724  1759  1795 W ActivityManager: Slow operation: 70ms so far, now at startProcess: building log message
01-10 18:31:55.724  1759  1795 I ActivityManager: Start proc 9716:com.facebook.katana/u0a84 for service com.facebook.katana/androidx.work.impl.background.systemjob.SystemJobService
01-10 18:31:55.724  1759  1795 W ActivityManager: Slow operation: 70ms so far, now at startProcess: starting to update pids map
01-10 18:31:55.724  1759  1795 W ActivityManager: Slow operation: 70ms so far, now at startProcess: done updating pids map
01-10 18:31:55.733  1759  1792 E memtrack: Couldn't load memtrack module
01-10 18:31:55.733  1759  1792 W android.os.Debug: failed to get memory consumption info: -1
01-10 18:31:55.746  1551  1841 D sensor_hal: sensor_device_default_flush handle=0
01-10 18:31:55.749  1759  1792 E memtrack: Couldn't load memtrack module
01-10 18:31:55.749  1759  1792 W android.os.Debug: failed to get memory consumption info: -1
01-10 18:31:55.763  1759  1792 E memtrack: Couldn't load memtrack module
01-10 18:31:55.763  1759  1792 W android.os.Debug: failed to get memory consumption info: -1
01-10 18:31:55.775  1759  1792 E memtrack: Couldn't load memtrack module
01-10 18:31:55.775  1759  1792 W android.os.Debug: failed to get memory consumption info: -1
01-10 18:31:55.792  1759  1792 E memtrack: Couldn't load memtrack module
01-10 18:31:55.792  1759  1792 W android.os.Debug: failed to get memory consumption info: -1
01-10 18:31:55.805  1759  1792 E memtrack: Couldn't load memtrack module
01-10 18:31:55.805  1759  1792 W android.os.Debug: failed to get memory consumption info: -1
01-10 18:31:55.820  1759  1792 E memtrack: Couldn't load memtrack module
01-10 18:31:55.820  1759  1792 W android.os.Debug: failed to get memory consumption info: -1
01-10 18:31:55.831  1759  1792 E memtrack: Couldn't load memtrack module
01-10 18:31:55.831  1759  1792 W android.os.Debug: failed to get memory consumption info: -1
01-10 18:31:55.844  1759  1792 E memtrack: Couldn't load memtrack module
01-10 18:31:55.844  1759  1792 W android.os.Debug: failed to get memory consumption info: -1
01-10 18:31:55.845  9716  9716 I Zygote  : seccomp disabled by setenforce 0
01-10 18:31:55.850  9716  9716 D nativebridge: call UnloadNativeBridge! state=1
01-10 18:31:55.859  1759  1792 E memtrack: Couldn't load memtrack module
01-10 18:31:55.859  1759  1792 W android.os.Debug: failed to get memory consumption info: -1
01-10 18:31:55.867  9716  9716 E facebook.katan: Not starting debugger since process cannot load the jdwp agent.
01-10 18:31:55.937  2259  9722 E WorkSourceUtil: Could not find package: com.google.android.gms.westworld
01-10 18:31:55.975  2259  9727 I NetworkScheduler.Stats: (REDACTED) Task %s/%s started execution. cause:%s exec_start_elapsed_seconds: %s
01-10 18:31:55.976  2259  9727 I NetworkScheduler.Stats: (REDACTED) Task %s/%s started execution. cause:%s exec_start_elapsed_seconds: %s
01-10 18:31:56.042  2259  9729 I NetworkScheduler.Stats: (REDACTED) Task %s/%s finished executing. cause:%s result: %s elapsed_millis: %s uptime_millis: %s exec_start_elapsed_seconds: %s
01-10 18:31:56.064  9716  9716 I LSPosed : Loading xposed for com.facebook.katana/10084
01-10 18:31:56.072  9716  9716 W System  : ClassLoader referenced unknown path: 
01-10 18:31:56.073  9716  9716 I chatty  : uid=10084(com.facebook.katana) identical 3 lines
01-10 18:31:56.074  9716  9716 W System  : ClassLoader referenced unknown path: 
01-10 18:31:56.075  2259  9729 I NetworkScheduler.Stats: (REDACTED) Task %s/%s finished executing. cause:%s result: %s elapsed_millis: %s uptime_millis: %s exec_start_elapsed_seconds: %s
01-10 18:31:56.076  9716  9716 W System  : ClassLoader referenced unknown path: 
01-10 18:31:56.083  9716  9716 I LSPosed-Bridge: Loading legacy module com.camerainterceptor from /data/app/com.camerainterceptor-hGeE_khhW5JgRZsGNdZW2Q==/base.apk
01-10 18:31:56.154  2259  2259 D BoundBrokerSvc: onRebind: Intent { act=com.google.android.contextmanager.service.ContextManagerLogsUploadBoundService.ACTION_TASK_READY dat=chimera-action: cmp=com.google.android.gms/.chimera.PersistentInternalBoundBrokerService }
01-10 18:31:56.161  2259  9695 I NetworkScheduler.Stats: (REDACTED) Task %s/%s started execution. cause:%s exec_start_elapsed_seconds: %s
01-10 18:31:56.228  2259  2259 D BoundBrokerSvc: onUnbind: Intent { act=com.google.android.contextmanager.service.ContextManagerLogsUploadBoundService.ACTION_TASK_READY dat=chimera-action: cmp=com.google.android.gms/.chimera.PersistentInternalBoundBrokerService }
01-10 18:31:56.244  2259  9727 I NetworkScheduler.Stats: (REDACTED) Task %s/%s finished executing. cause:%s result: %s elapsed_millis: %s uptime_millis: %s exec_start_elapsed_seconds: %s
01-10 18:31:56.277  1759  1780 W System  : A resource failed to call close. 
01-10 18:31:56.277  1759  1780 I chatty  : uid=1000(system) FinalizerDaemon identical 43 lines
01-10 18:31:56.277  1759  1780 W System  : A resource failed to call close. 
01-10 18:31:56.291  9716  9716 I LSPosed-Bridge:   Loading class com.camerainterceptor.MainHook
01-10 18:31:56.294  9716  9716 I LSPosed-Bridge: 2026-01-10 17:31:56.294 INFO/CameraInterceptor:CameraInterceptor: Initializing CameraInterceptor zygote hook
01-10 18:31:56.294  9716  9716 I CameraInterceptor:CameraInterceptor: Initializing CameraInterceptor zygote hook
01-10 18:31:56.312  9716  9716 I facebook.katana: type=1400 audit(0.0:1864): avc: denied { open } for path="/data/local/cfg-yhind/app_device" dev="sdb2" ino=131955 scontext=u:r:untrusted_app:s0:c84,c256,c512,c768 tcontext=u:object_r:system_data_file:s0 tclass=file permissive=1
01-10 18:31:56.312  9716  9716 W facebook.katana: type=1300 audit(0.0:1864): arch=c000003e syscall=257 success=yes exit=7 a0=ffffff9c a1=7fffffffcb50 a2=0 a3=0 items=0 ppid=1517 auid=4294967295 uid=10084 gid=10084 euid=10084 suid=10084 fsuid=10084 egid=10084 sgid=10084 fsgid=10084 tty=(none) ses=4294967295 exe="/system/bin/app_process64" subj=u:r:untrusted_app:s0:c84,c256,c512,c768 key=(null)
01-10 18:31:56.312  1359  1359 W auditd  : type=1327 audit(0.0:1864): proctitle="com.facebook.katana"
01-10 18:31:56.312  1359  1359 W auditd  : type=1320 audit(0.0:1864): 
01-10 18:31:56.392  2533  2533 W ContextImpl: Calling a method in the system process without a qualified user: android.app.ContextImpl.startService:1531 android.content.ContextWrapper.startService:664 android.content.ContextWrapper.startService:664 com.android.coreservice.CoreBroadcastReceiver.onReceive:53 android.app.ActivityThread.handleReceiver:3424 
01-10 18:31:56.396  9716  9716 I facebook.katan: The ClassLoaderContext is a special shared library.
01-10 18:31:56.446  9716  9716 W facebook.katan: JIT profile information will not be recorded: profile file does not exits.
01-10 18:31:56.446  9716  9716 I chatty  : uid=10084(com.facebook.katana) identical 10 lines
01-10 18:31:56.446  9716  9716 W facebook.katan: JIT profile information will not be recorded: profile file does not exits.
01-10 18:31:56.450  9716  9716 I LSPosed-Bridge: 2026-01-10 18:31:56.449 INFO/CameraInterceptor:CameraInterceptor: Loading package: com.facebook.katana
01-10 18:31:56.450  9716  9716 I CameraInterceptor:CameraInterceptor: Loading package: com.facebook.katana
01-10 18:31:56.450  9716  9716 W System  : ClassLoader referenced unknown path: 
01-10 18:31:56.463  9716  9716 I facebook.katana: type=1400 audit(0.0:1865): avc: denied { read } for name="Pictures" dev="sdcardfs" ino=1966083 scontext=u:r:untrusted_app:s0:c84,c256,c512,c768 tcontext=u:object_r:sdcardfs:s0 tclass=lnk_file permissive=1
01-10 18:31:56.463  9716  9716 I facebook.katana: type=1400 audit(0.0:1865): avc: denied { search } for name="/" dev="vboxsf" ino=1 scontext=u:r:untrusted_app:s0:c84,c256,c512,c768 tcontext=u:object_r:unlabeled:s0 tclass=dir permissive=1
01-10 18:31:56.463  9716  9716 W facebook.katana: type=1300 audit(0.0:1865): arch=c000003e syscall=269 success=no exit=-2 a0=ffffff9c a1=7fff6a131820 a2=0 a3=7fff72a27208 items=0 ppid=1517 auid=4294967295 uid=10084 gid=10084 euid=10084 suid=10084 fsuid=10084 egid=10084 sgid=10084 fsgid=10084 tty=(none) ses=4294967295 exe="/system/bin/app_process64" subj=u:r:untrusted_app:s0:c84,c256,c512,c768 key=(null)
01-10 18:31:56.480  9716  9716 W AppComponentFactory: Instantiating Application
01-10 18:31:56.491  9716  9716 W InitStatus: Providers blocked (153853718)
01-10 18:31:56.491  9716  9716 W InitStatus: Services blocked (51355799)
01-10 18:31:56.491  9716  9716 W InitStatus: BroadcastReceivers blocked (207590020)
01-10 18:31:56.499  9716  9716 W CrashLoopRemedyLog: unable to delete remedy log, instaCrash: false
01-10 18:31:56.499  9716  9716 W CrashLoopRemedyLog: unable to delete remedy log, instaCrash: true
01-10 18:31:56.500  9716  9716 I LSPosed-Bridge: 2026-01-10 18:31:56.500 INFO/CameraInterceptor:CameraInterceptor: Got application context for: com.facebook.katana
01-10 18:31:56.500  9716  9716 I CameraInterceptor:CameraInterceptor: Got application context for: com.facebook.katana
01-10 18:31:56.500  9716  9743 W AppInitScheduler|Schedule: Schedule 334:ReliabilityInitConfigureErrorReportingOnProcess, deps=null (0 pending tasks)
01-10 18:31:56.501  9716  9743 W AppInitScheduler|Schedule:   Executing 334:ReliabilityInitConfigureErrorReportingOnProcess
01-10 18:31:56.502  9716  9744 W AppInitScheduler|Run: DeadlockMonitor active...
01-10 18:31:56.503  9716  9743 W AppInitScheduler|Schedule: Schedule 189:InitSharedLibraries, deps=null (1 pending tasks)
01-10 18:31:56.503  9716  9743 W AppInitScheduler|Schedule:   Executing 189:InitSharedLibraries
01-10 18:31:56.503  9716  9743 W AppInitScheduler|Schedule: Schedule 205:LoadLibDexLoad, deps=[189, 334] (2 pending tasks)
01-10 18:31:56.503  9716  9743 W AppInitScheduler|Schedule: Schedule 349:SetupFbGlog, deps=[205] (3 pending tasks)
01-10 18:31:56.503  9716  9743 W AppInitScheduler|Schedule: Schedule 109:DisableRuntimeVerification, deps=[349] (4 pending tasks)
01-10 18:31:56.503  9716  9743 W AppInitScheduler|Schedule: Schedule 145:GeneratePerfStats, deps=[189] (5 pending tasks)
01-10 18:31:56.503  9716  9743 W AppInitScheduler|Schedule: Schedule 172:InitLacrimaEarlyNative, deps=[109] (6 pending tasks)
01-10 18:31:56.503  9716  9743 W AppInitScheduler|Schedule: Schedule 203:LoadDexes, deps=[109] (7 pending tasks)
01-10 18:31:56.504  9716  9743 W AppInitScheduler|Schedule: Schedule 197:IsolatedLongtailAppInit, deps=[203] (8 pending tasks)
01-10 18:31:56.504  9716  9743 W AppInitScheduler|Schedule: Schedule 212:MaybeTraceColdStart, deps=[109] (9 pending tasks)
01-10 18:31:56.504  9716  9745 W AppInitScheduler|Run: Running ReliabilityInitConfigureErrorReportingOnProcess [*]
01-10 18:31:56.504  9716  9743 W AppInitScheduler|Schedule: Schedule 206:LoadVoltronModules, deps=[172, 197, 212] (10 pending tasks)
01-10 18:31:56.504  9716  9743 W AppInitScheduler|Schedule: Schedule 104:CreateApplicationImpl, deps=[145, 206] (11 pending tasks)
01-10 18:31:56.504  9716  9743 W AppInitScheduler|Schedule: Schedule 196:InitUltralight, deps=[206] (12 pending tasks)
01-10 18:31:56.505  9716  9743 W AppInitScheduler|Schedule: Schedule 338:RunOnApplicationInit, deps=[206] (13 pending tasks)
01-10 18:31:56.505  9716  9743 W AppInitScheduler|Schedule: Schedule 0:AddMainDexStoreInfoToReliabilityLogging, deps=[203] (14 pending tasks)
01-10 18:31:56.505  9716  9743 W AppInitScheduler|Schedule: Schedule 125:Fadvise, deps=[349] (15 pending tasks)
01-10 18:31:56.505  9716  9743 W AppInitScheduler|Schedule: Schedule 159:InitClassFailureStapler, deps=[189] (16 pending tasks)
01-10 18:31:56.505  9716  9743 W AppInitScheduler|Schedule: Schedule 160:InitClassTracing, deps=[349] (17 pending tasks)
01-10 18:31:56.505  9716  9743 W AppInitScheduler|Schedule: Schedule 161:InitCrashLoopMitigation, deps=[205] (18 pending tasks)
01-10 18:31:56.505  9716  9743 W AppInitScheduler|Schedule: Schedule 163:InitDeadResourceDetection, deps=[205] (19 pending tasks)
01-10 18:31:56.505  9716  9743 W AppInitScheduler|Schedule: Schedule 177:InitMemoryTracer, deps=[160] (20 pending tasks)
01-10 18:31:56.505  9716  9743 W AppInitScheduler|Schedule: Schedule 179:InitMultiProcessTracker, deps=null (21 pending tasks)
01-10 18:31:56.505  9716  9743 W AppInitScheduler|Schedule:   Executing 179:InitMultiProcessTracker
01-10 18:31:56.505  9716  9743 W AppInitScheduler|Schedule: Schedule 180:InitOxygenCrashReporter, deps=[189] (22 pending tasks)
01-10 18:31:56.505  9716  9743 W AppInitScheduler|Schedule: Schedule 204:LoadLibColdStart, deps=[172, 212] (23 pending tasks)
01-10 18:31:56.505  9716  9743 W AppInitScheduler|Schedule: Schedule 234:MprotectCode, deps=[203] (24 pending tasks)
01-10 18:31:56.505  9716  9743 W AppInitScheduler|Schedule: Schedule 316:PreloadStartupLightSharedPreferenceUsages, deps=null (25 pending tasks)
01-10 18:31:56.505  9716  9743 W AppInitScheduler|Schedule:   Executing 316:PreloadStartupLightSharedPreferenceUsages
01-10 18:31:56.505  9716  9746 W AppInitScheduler|Run: Running InitSharedLibraries [*]
01-10 18:31:56.505  9716  9743 W OnProcessInitInvoker: Ignored missing AppInit dependency: 135:FixArtDebugging
01-10 18:31:56.506  9716  9746 W SoLoader: Initializing SoLoader: 2
01-10 18:31:56.506  9716  9748 W AppInitScheduler|Run: Running PreloadStartupLightSharedPreferenceUsages
01-10 18:31:56.506  9716  9747 W AppInitScheduler|Run: Running InitMultiProcessTracker
01-10 18:31:56.507  9716  9747 W AppInitScheduler|Run:   Finished InitMultiProcessTracker in 0ms
01-10 18:31:56.507  9716  9749 W FileBasedMultiProcessTracker: <default>: Initializing FileBasedMultiProcessTracking using /data/user/0/com.facebook.katana/app_multiprocess_tracking
01-10 18:31:56.507  9716  9749 W FileBasedMultiProcessTracker: <default>: Creating file to track 9716
01-10 18:31:56.508  9716  9745 W lacrima : FbErrorReportingConfig.earlyInit
01-10 18:31:56.513  9716  9746 W SoLoader: context.getApplicationContext returned null, holding reference to original context.ApplicationSoSource fallbacks to: /data/app/com.facebook.katana-TnxxcpqiEtWNCYCF6oBEaw==/lib/x86_64
01-10 18:31:56.513  9716  9746 W SoLoader: Recording new base apk path: /data/app/com.facebook.katana-TnxxcpqiEtWNCYCF6oBEaw==/base.apk
01-10 18:31:56.513  9716  9746 W SoLoader: Previously recorded 0 base apk paths.
01-10 18:31:56.520  9716  9746 W BackupSoSource: adding backup source from split: ExtractFromZipSoSource[/data/app/com.facebook.katana-TnxxcpqiEtWNCYCF6oBEaw==/split_heliumcore.apk]
01-10 18:31:56.520  9716  9746 W BackupSoSource: adding backup source from split: ExtractFromZipSoSource[/data/app/com.facebook.katana-TnxxcpqiEtWNCYCF6oBEaw==/split_heliumiab.apk]
01-10 18:31:56.524  9716  9750 W FileBasedMultiProcessTracker: <default>: Observed removed PID: 7216
01-10 18:31:56.525  9716  9749 W FileBasedMultiProcessTracker: <default>: FileBasedMultiProcessTracker ready!
01-10 18:31:56.526  9716  9746 W SoLoader: SoLoader initialized: 2
01-10 18:31:56.531  9716  9746 W SoLoader[NativeDeps]: Failed to extract native deps from APK, falling back to using MinElf to get library dependencies.
01-10 18:31:56.531  9716  9746 W FbSoLoader: Failed to use precomputed native lib dependencies file
01-10 18:31:56.537  9716  9716 W System.err: SLF4J: Failed to load class "org.slf4j.impl.StaticLoggerBinder".
01-10 18:31:56.537  9716  9716 W System.err: SLF4J: Defaulting to no-operation (NOP) logger implementation
01-10 18:31:56.538  9716  9716 W System.err: SLF4J: See http://www.slf4j.org/codes.html#StaticLoggerBinder for further details.
01-10 18:31:56.538  9716  9746 W SoLoader: Prepending SoSource lib-compressed: SuperpackSoSource[root = /data/data/com.facebook.katana/lib-compressed flags = 1 zipSource = /data/app/com.facebook.katana-TnxxcpqiEtWNCYCF6oBEaw==/base.apk compressedPath = assets/lib/libs.spo identity = ]
01-10 18:31:56.543  9716  9746 W FbSoLoader: Initialized FBSoLoader
01-10 18:31:56.543  9716  9746 W AppInitScheduler|Run:   Finished InitSharedLibraries in 40ms
01-10 18:31:56.543  9716  9746 W AppInitScheduler|Schedule:   Executing 145:GeneratePerfStats
01-10 18:31:56.543  9716  9746 W AppInitScheduler|Schedule:   Executing 159:InitClassFailureStapler
01-10 18:31:56.543  9716  9746 W AppInitScheduler|Schedule:   Executing 180:InitOxygenCrashReporter
01-10 18:31:56.544  9716  9746 W AppInitScheduler|Run: Running InitClassFailureStapler
01-10 18:31:56.544  9716  9747 W AppInitScheduler|Run: Running InitOxygenCrashReporter
01-10 18:31:56.545  9716  9747 W AppInitScheduler|Run:   Finished InitOxygenCrashReporter in 0ms
01-10 18:31:56.545  9716  9746 W AppInitScheduler|Run:   Finished InitClassFailureStapler in 0ms
01-10 18:31:56.547  9716  9756 W AppInitScheduler|Run: Running GeneratePerfStats [*]
01-10 18:31:56.547  9716  9748 W AppInitScheduler|Run:   Finished PreloadStartupLightSharedPreferenceUsages in 41ms
01-10 18:31:56.548  9716  9756 W AppInitScheduler|Run:   Finished GeneratePerfStats in 2ms
01-10 18:31:56.549  9716  9745 W AppStateLoggerNative: AppStateLoggerNative.initializeNativeCrashReporting not called.
01-10 18:31:56.552  9716  9745 W lacrima : Start JavaAppDeathCrashDetector... X.0wZ
01-10 18:31:56.552  9716  9745 W lacrima : Sending pending reports
01-10 18:31:56.555  9716  9745 W AppInitScheduler|Run:   Finished ReliabilityInitConfigureErrorReportingOnProcess in 52ms
01-10 18:31:56.555  9716  9745 W AppInitScheduler|Schedule:   Executing 205:LoadLibDexLoad
01-10 18:31:56.557  9716  9747 W AppInitScheduler|Run: Running LoadLibDexLoad [*]
01-10 18:31:56.558  9716  9747 W SoLoader[NativeDeps]: Falling back to custom ELF parsing when loading libdexload.so, this can be slow
01-10 18:31:56.565  9716  9716 I LSPosed-Bridge: 2026-01-10 18:31:56.565 INFO/CameraInterceptor:HookDispatcher: HookDispatcher initialized for package: com.facebook.katana
01-10 18:31:56.565  1759  2071 D ActivityManager: getDeviceConfigurationInfo gles: 196609
01-10 18:31:56.565  9716  9716 I CameraInterceptor:HookDispatcher: HookDispatcher initialized for package: com.facebook.katana
01-10 18:31:56.566  9716  9716 I LSPosed-Bridge: 2026-01-10 18:31:56.566 INFO/CameraInterceptor:CameraHook: Initializing Camera API hooks
01-10 18:31:56.566  9716  9716 I CameraInterceptor:CameraHook: Initializing Camera API hooks
01-10 18:31:56.576  9716  9716 W System  : ClassLoader referenced unknown path: 
01-10 18:31:56.583  9716  9716 I LSPosed-Bridge: 2026-01-10 18:31:56.583 INFO/CameraInterceptor:CameraHook: Camera API hooks initialized successfully
01-10 18:31:56.583  9716  9716 I CameraInterceptor:CameraHook: Camera API hooks initialized successfully
01-10 18:31:56.583  9716  9716 I LSPosed-Bridge: 2026-01-10 18:31:56.583 DEBUG/CameraInterceptor:HookDispatcher: Registered hook: CameraHook
01-10 18:31:56.583  9716  9716 D CameraInterceptor:HookDispatcher: Registered hook: CameraHook
01-10 18:31:56.586  9716  9752 I         : fastpipe: Connect success
01-10 18:31:56.588  9716  9747 W AppInitScheduler|Run:   Finished LoadLibDexLoad in 31ms
01-10 18:31:56.588  9716  9747 W AppInitScheduler|Schedule:   Executing 349:SetupFbGlog
01-10 18:31:56.588  9716  9747 W AppInitScheduler|Schedule:   Executing 161:InitCrashLoopMitigation
01-10 18:31:56.588  9716  9747 W AppInitScheduler|Schedule:   Executing 163:InitDeadResourceDetection
01-10 18:31:56.588  9716  9716 I LSPosed-Bridge: 2026-01-10 18:31:56.588 INFO/CameraInterceptor:Camera2Hook: Initializing Camera2 API hooks
01-10 18:31:56.588  9716  9747 W AppInitScheduler|Run: Running SetupFbGlog [*]
01-10 18:31:56.588  9716  9746 W AppInitScheduler|Run: Running InitCrashLoopMitigation
01-10 18:31:56.588  9716  9716 I CameraInterceptor:Camera2Hook: Initializing Camera2 API hooks
01-10 18:31:56.589  9716  9748 W AppInitScheduler|Run: Running InitDeadResourceDetection
01-10 18:31:56.589  9716  9748 W AppInitScheduler|Run:   Finished InitDeadResourceDetection in 1ms
01-10 18:31:56.589  9716  9752 I         : fastpipe: Connect success
01-10 18:31:56.589  9716  9747 W AppInitScheduler|Run:   Finished SetupFbGlog in 1ms
01-10 18:31:56.589  9716  9747 W AppInitScheduler|Schedule:   Executing 109:DisableRuntimeVerification
01-10 18:31:56.589  9716  9747 W AppInitScheduler|Schedule:   Executing 125:Fadvise
01-10 18:31:56.589  9716  9747 W AppInitScheduler|Schedule:   Executing 160:InitClassTracing
01-10 18:31:56.589  9716  9747 W AppInitScheduler|Run: Running Fadvise
01-10 18:31:56.589  9716  9756 W AppInitScheduler|Run: Running InitClassTracing
01-10 18:31:56.589  9716  9745 W AppInitScheduler|Run: Running DisableRuntimeVerification [*]
01-10 18:31:56.590  9716  9756 W AppInitScheduler|Run:   Finished InitClassTracing in 1ms
01-10 18:31:56.590  9716  9756 W AppInitScheduler|Schedule:   Executing 177:InitMemoryTracer
01-10 18:31:56.590  9716  9756 W AppInitScheduler|Run: Running InitMemoryTracer
01-10 18:31:56.590  9716  9752 D HostConnection: HostRPC::connect sucess: app=com.facebook.katana, pid=9716, tid=9752, this=0x7fff6bbdcf00
01-10 18:31:56.591  9716  9756 W AppInitScheduler|Run:   Finished InitMemoryTracer in 0ms
01-10 18:31:56.592  9716  9716 W System  : ClassLoader referenced unknown path: 
01-10 18:31:56.593  9716  9746 W dalvik-internals: sigaction64 succeeded
01-10 18:31:56.593  9716  9716 W System  : ClassLoader referenced unknown path: 
01-10 18:31:56.594  9716  9716 W System  : ClassLoader referenced unknown path: 
01-10 18:31:56.595  9716  9716 I LSPosed-Bridge: 2026-01-10 18:31:56.595 ERROR/CameraInterceptor:Camera2Hook: Failed to hook capture session: Cannot hook abstract methods: public abstract int android.hardware.camera2.CameraCaptureSession.capture(android.hardware.camera2.CaptureRequest,android.hardware.camera2.CameraCaptureSession$CaptureCallback,android.os.Handler) throws android.hardware.camera2.CameraAccessException
01-10 18:31:56.595  9716  9716 E CameraInterceptor:Camera2Hook: Failed to hook capture session: Cannot hook abstract methods: public abstract int android.hardware.camera2.CameraCaptureSession.capture(android.hardware.camera2.CaptureRequest,android.hardware.camera2.CameraCaptureSession$CaptureCallback,android.os.Handler) throws android.hardware.camera2.CameraAccessException
01-10 18:31:56.596  9716  9716 I LSPosed-Bridge: 2026-01-10 18:31:56.596 INFO/CameraInterceptor:Camera2Hook: Camera2 API hooks initialized successfully
01-10 18:31:56.596  9716  9716 I CameraInterceptor:Camera2Hook: Camera2 API hooks initialized successfully
01-10 18:31:56.596  9716  9716 I LSPosed-Bridge: 2026-01-10 18:31:56.596 DEBUG/CameraInterceptor:HookDispatcher: Registered hook: Camera2Hook
01-10 18:31:56.596  9716  9716 D CameraInterceptor:HookDispatcher: Registered hook: Camera2Hook
01-10 18:31:56.596  9716  9716 I LSPosed-Bridge: 2026-01-10 18:31:56.596 INFO/CameraInterceptor:CameraXHook: Initializing CameraX API hooks (Logging only)
01-10 18:31:56.596  9716  9716 I CameraInterceptor:CameraXHook: Initializing CameraX API hooks (Logging only)
01-10 18:31:56.597  9716  9752 E HostConnection: /data/local/cfg-yhind/gl_force format error! com.ncsoft.lineagen gl
01-10 18:31:56.597  9716  9752 E HostConnection: /data/local/cfg-yhind/gl_force format error! com.vng.thiennhaiminhnguyetdaovng gl
01-10 18:31:56.597  9716  9752 E HostConnection: /data/local/cfg-yhind/gl_force format error! com.proximabeta.tdm.kr gl
01-10 18:31:56.597  9716  9752 E HostConnection: /data/local/cfg-yhind/gl_force format error! com.proximabeta.tdm.kr.cloud gl
01-10 18:31:56.597  9716  9752 E HostConnection: /data/local/cfg-yhind/gl_force format error! com.proximabeta.tdm.kr.onestore gl
01-10 18:31:56.597  9716  9752 E HostConnection: /data/local/cfg-yhind/gl_force format error! com.tencent.tmgp.wuxia gl
01-10 18:31:56.597  9716  9752 E HostConnection: /data/local/cfg-yhind/gl_force format error! com.qqsy.gundam.ld gl
01-10 18:31:56.597  9716  9752 E HostConnection: /data/local/cfg-yhind/gl_force format error! com.qqsy.gundam gl
01-10 18:31:56.597  9716  9752 E HostConnection: /data/local/cfg-yhind/gl_force format error! com.gravity.cute.tw.testand gl
01-10 18:31:56.597  9716  9752 E HostConnection: /data/local/cfg-yhind/gl_force format error! com.cayenne.gvl gl
01-10 18:31:56.597  9716  9752 E HostConnection: /data/local/cfg-yhind/gl_force format error! com.netmarble.tskgb gl
01-10 18:31:56.597  9716  9752 E HostConnection: /data/local/cfg-yhind/gl_force format error! com.longe.racehmt gl
01-10 18:31:56.597  9716  9752 E HostConnection: /data/local/cfg-yhind/gl_force format error! com.gvi.robegins.aos gl
01-10 18:31:56.597  9716  9752 E HostConnection: /data/local/cfg-yhind/gl_force format error! com.studiocodedragon.projectss gl
01-10 18:31:56.597  9716  9752 E HostConnection: /data/local/cfg-yhind/gl_force format error! com.jingxiu.hygd gl
01-10 18:31:56.597  9716  9752 E HostConnection: /data/local/cfg-yhind/gl_force format error! com.playwith.nsealm.tw.googl gl
01-10 18:31:56.597  9716  9752 E HostConnection: /data/local/cfg-yhind/gl_force format error! com.playwith.sealm.kr.googl gl
01-10 18:31:56.597  9716  9752 E HostConnection: /data/local/cfg-yhind/gl_force format error! com.gravity.cute.tw.and gl
01-10 18:31:56.597  9716  9752 E HostConnection: /data/local/cfg-yhind/gl_force format error! com.forgefun.redcovenant gl
01-10 18:31:56.597  9716  9752 E HostConnection: /data/local/cfg-yhind/gl_force format error! com.silkroad.mb gl
01-10 18:31:56.597  9716  9752 E HostConnection: /data/local/cfg-yhind/gl_force format error! com.vortexgravity.bealive.ld gl
01-10 18:31:56.597  9716  9752 E HostConnection: /data/local/cfg-yhind/gl_force format error! com.com2usholdings.soulstrike.android.google.global.normal gl
01-10 18:31:56.597  9716  9752 E HostConnection: /data/local/cfg-yhind/gl_force format error! com.cobby.lonelysurvivor gl
01-10 18:31:56.597  9716  9752 E HostConnection: /data/local/cfg-yhind/gl_force format error! com.cmge.ltqrc gl
01-10 18:31:56.597  9716  9752 E HostConnection: /data/local/cfg-yhind/gl_force format error! com.cmge.ltqrc.ld gl
01-10 18:31:56.597  9716  9752 E HostConnection: /data/local/cfg-yhind/gl_force format error! com.seasun.jxqy0.jsgf.xsj gl
01-10 18:31:56.597  9716  9752 E HostConnection: /data/local/cfg-yhind/gl_force format error! com.seasun.jxqy0.huawei gl
01-10 18:31:56.597  9716  9752 E HostConnection: /data/local/cfg-yhind/gl_force format error! com.mobigame.tt12 gl
01-10 18:31:56.597  9716  9752 E HostConnection: /data/local/cfg-yhind/gl_force format error! com.kaneten.client.and gl
01-10 18:31:56.597  9716  9752 E HostConnection: /data/local/cfg-yhind/gl_force format error! com.playwith.rohan2.kr gl
01-10 18:31:56.597  9716  9752 E HostConnection: /data/local/cfg-yhind/gl_force format error! com.linecorp.LGATF gl
01-10 18:31:56.597  9716  9752 E HostConnection: /data/local/cfg-yhind/gl_force format error! com.atknsyl.weaponmaster gl
01-10 18:31:56.597  9716  9752 E HostConnection: /data/local/cfg-yhind/gl_force format error! com.blizzard.diablo.immortal gl
01-10 18:31:56.597  9716  9752 E HostConnection: /data/local/cfg-yhind/gl_force format error! com.netease.dfjssea gl
01-10 18:31:56.597  9716  9752 E HostConnection: /data/local/cfg-yhind/gl_force format error! com.netease.dfjsjp gl
01-10 18:31:56.597  9716  9752 E HostConnection: /data/local/cfg-yhind/gl_force format error! com.netease.dfjskr gl
01-10 18:31:56.597  9716  9752 E HostConnection: /data/local/cfg-yhind/gl_force format error! jp.co.applibot.chiikawapocketgl gl
01-10 18:31:56.597  9716  9752 E HostConnection: /data/local/cfg-yhind/gl_force format error! jp.co.applibot.chiikawapocket gl
01-10 18:31:56.597  9716  9752 E HostConnection: /data/local/cfg-yhind/gl_force format error! com.kakaogames.pcr gl
01-10 18:31:56.597  9716  9752 E HostConnection: /data/local/cfg-yhind/gl_force format error! com.kakaogames.eversoul gl
01-10 18:31:56.597  9716  9752 E HostConnection: /data/local/cfg-yhind/gl_force format error! com.kakaogames.eversouljp gl
01-10 18:31:56.597  9716  9752 E HostConnection: /data/local/cfg-yhind/gl_force format error! com.ntrance.dkr.and gl
01-10 18:31:56.597  9716  9752 E HostConnection: /data/local/cfg-yhind/gl_force format error! com.zlongame.eversoul gl
01-10 18:31:56.597  9716  9752 E HostConnection: /data/local/cfg-yhind/gl_force format error! com.Chillgaming.oneState gl
01-10 18:31:56.597  9716  9752 E HostConnection: /data/local/cfg-yhind/gl_force format error! com.activision.callofduty.shooter gl
01-10 18:31:56.597  9716  9752 E HostConnection: /data/local/cfg-yhind/gl_force format error! com.garena.game.codm gl
01-10 18:31:56.597  9716  9752 E HostConnection: /data/local/cfg-yhind/gl_force format error! com.vng.codmvn gl
01-10 18:31:56.597  9716  9752 E HostConnection: /data/local/cfg-yhind/gl_force format error! com.VIIBYTE.RivalisAcademiaNexus gl
01-10 18:31:56.597  9716  9752 E HostConnection: /data/local/cfg-yhind/gl_force format error! com.qjsjqy.ld gl
01-10 18:31:56.597  9716  9752 E HostConnection: /data/local/cfg-yhind/gl_force format error! com.dragonli.projectsnow gl
01-10 18:31:56.597  9716  9752 E HostConnection: /data/local/cfg-yhind/gl_force format error! com.netmarble.kofafk gl
01-10 18:31:56.597  9716  9752 E HostConnection: /data/local/cfg-yhind/gl_force format error! com.greenmushroom.boomblitz.gp gl
01-10 18:31:56.597  9716  9752 E HostConnection: /data/local/cfg-yhind/gl_force format error! com.hermes.p6gameos gl
01-10 18:31:56.597  9716  9752 E HostConnection: /data/local/cfg-yhind/gl_force format error! com.crystal.usad gl
01-10 18:31:56.597  9716  9752 E HostConnection: /data/local/cfg-yhind/gl_force format error! com.jingxiu.yanwu gl
01-10 18:31:56.597  9716  9752 E HostConnection: /data/local/cfg-yhind/gl_force format error! com.playhardlab.heroes gl
01-10 18:31:56.597  9716  9752 E HostConnection: /data/local/cfg-yhind/gl_force format error! com.topgamestudio.americanblocksnipersurvival.jf gl
01-10 18:31:56.597  9716  9752 E HostConnection: /data/local/cfg-yhind/gl_force format error! vng.games.gs1.phongthan.mobile.com gl
01-10 18:31:56.597  9716  9752 E HostConnection: /data/local/cfg-yhind/gl_force format error! com.userjoy.szm gl
01-10 18:31:56.597  9716  9752 E HostConnection: /data/local/cfg-yhind/gl_force format error! com.netease.yzs gl
01-10 18:31:56.597  9716  9752 E HostConnection: /data/local/cfg-yhind/gl_force format error! com.korea.tamamonkr.google gl
01-10 18:31:56.597  9716  9752 E HostConnection: /data/local/cfg-yhind/gl_force format error! com.huanxi.datulong gl
01-10 18:31:56.597  9716  9752 E HostConnection: /data/local/cfg-yhind/gl_force format error! com.com2us.legendsummoner.android.google.global.normal gl
01-10 18:31:56.597  9716  9752 E HostConnection: /data/local/cfg-yhind/gl_force format error! com.metek.atm2 gl
01-10 18:31:56.597  9716  9752 E HostConnection: /data/local/cfg-yhind/gl_force format error! com.huiqi.mrby gl
01-10 18:31:56.597  9716  9752 E HostConnection: /data/local/cfg-yhind/gl_force format error! com.tencent.wlfz gl
01-10 18:31:56.597  9716  9752 E HostConnection: /data/local/cfg-yhind/gl_force format error! com.yh.hunter4.firstformal gl
01-10 18:31:56.597  9716  9752 E HostConnection: /data/local/cfg-yhind/gl_force format error! com.phonecoolgame.sanguo gl
01-10 18:31:56.597  9716  9752 E HostConnection: /data/local/cfg-yhind/gl_force format error! com.epidgames.trickcalrevive gl
01-10 18:31:56.597  9716  9752 E HostConnection: /data/local/cfg-yhind/gl_force format error! com.tanle.sycq gl
01-10 18:31:56.597  9716  9752 E HostConnection: /data/local/cfg-yhind/gl_force format error! com.youzu.djlw gl
01-10 18:31:56.597  9716  9752 E HostConnection: /data/local/cfg-yhind/gl_force format error! com.happyelements.rxr gl
01-10 18:31:56.597  9716  9752 E HostConnection: /data/local/cfg-yhind/gl_force format error! com.tencent.zd gl
01-10 18:31:56.597  9716  9752 E HostConnection: /data/local/cfg-yhind/gl_force format error! com.leisure.tw gl
01-10 18:31:56.597  9716  9752 E HostConnection: /data/local/cfg-yhind/gl_force format error! aos.playpark.ygc gl
01-10 18:31:56.597  9716  9752 E HostConnection: /data/local/cfg-yhind/gl_force format error! com.zhuyue.dungeon4 gl
01-10 18:31:56.597  9716  9752 E HostConnection: /data/local/cfg-yhind/gl_force format error! com.sunking.as3d gl
01-10 18:31:56.597  9716  9752 E HostConnection: /data/local/cfg-yhind/gl_force format error! com.ncsoft.bsh gl
01-10 18:31:56.597  9716  9752 E HostConnection: /data/local/cfg-yhind/gl_force format error! com.zengame.hlmjhdj gl
01-10 18:31:56.597  9716  9752 E HostConnection: /data/local/cfg-yhind/gl_force format error! com.zengame.zjscmj gl
01-10 18:31:56.597  9716  9752 E HostConnection: /data/local/cfg-yhind/gl_force format error! com.leduo.zjscmj gl
01-10 18:31:56.597  9716  9752 E HostConnection: /data/local/cfg-yhind/gl_force format error! com.tencent.tmgp.scmjxzddnew gl
01-10 18:31:56.597  9716  9752 E HostConnection: /data/local/cfg-yhind/gl_force format error! com.drivezone.car.race.game gl
01-10 18:31:56.597  9716  9752 E HostConnection: /data/local/cfg-yhind/gl_force format error! com.game.sgzzqtxsy gl
01-10 18:31:56.597  9716  9752 E HostConnection: /data/local/cfg-yhind/gl_force format error! com.leduo.ttmjdjb gl
01-10 18:31:56.597  9716  9752 E HostConnection: /data/local/cfg-yhind/gl_force format error! com.hygame.mhxy.tw.gp gl
01-10 18:31:56.597  9716  9752 E HostConnection: /data/local/cfg-yhind/gl_force format error! com.hxen.ld gl
01-10 18:31:56.597  9716  9752 E HostConnection: /data/local/cfg-yhind/gl_force format error! com.leduo.ttmjdjb.p234 gl
01-10 18:31:56.597  9716  9752 E HostConnection: /data/local/cfg-yhind/gl_force format error! com.kt.ld gl
01-10 18:31:56.597  9716  9752 E HostConnection: /data/local/cfg-yhind/gl_force format error! gg.maxion.knt.and gl
01-10 18:31:56.597  9716  9752 E HostConnection: /data/local/cfg-yhind/gl_force format error! com.wwjd.ld gl
01-10 18:31:56.597  9716  9752 E HostConnection: /data/local/cfg-yhind/gl_force format error! com.uwocn.aos gl
01-10 18:31:56.597  9716  9752 E HostConnection: /data/local/cfg-yhind/gl_force format error! com.joycrit.wac.and.ru.ld gl
01-10 18:31:56.597  9716  9752 E HostConnection: /data/local/cfg-yhind/gl_force format error! com.hx.interactive gl
01-10 18:31:56.597  9716  9752 E HostConnection: /data/local/cfg-yhind/gl_force format error! com.chinesegamer.xqj gl
01-10 18:31:56.598  9716  9752 D HostConnection: queryAndSetGLESMaxVersion select gles-version: 3.1 hostGLVersion:46 process:com.facebook.katana
01-10 18:31:56.600  9716  9716 I LSPosed-Bridge: 2026-01-10 18:31:56.600 INFO/CameraInterceptor:CameraXHook: CameraX API hooks initialized
01-10 18:31:56.600  9716  9716 I CameraInterceptor:CameraXHook: CameraX API hooks initialized
01-10 18:31:56.600  9716  9716 I LSPosed-Bridge: 2026-01-10 18:31:56.600 DEBUG/CameraInterceptor:HookDispatcher: Registered hook: CameraxHook
01-10 18:31:56.600  9716  9716 D CameraInterceptor:HookDispatcher: Registered hook: CameraxHook
01-10 18:31:56.605  9716  9716 I LSPosed-Bridge: 2026-01-10 18:31:56.604 INFO/CameraInterceptor:FileOutputHook: Initializing file output hooks
01-10 18:31:56.605  9716  9716 I CameraInterceptor:FileOutputHook: Initializing file output hooks
01-10 18:31:56.605  9716  9716 W System  : ClassLoader referenced unknown path: 
01-10 18:31:56.608  9716  9716 I facebook.katan: Waiting for a blocking GC Debugger
01-10 18:31:56.609  9716  9716 W System  : ClassLoader referenced unknown path: 
01-10 18:31:56.610  9716  9716 I chatty  : uid=10084(com.facebook.katana) identical 2 lines
01-10 18:31:56.610  9716  9716 W System  : ClassLoader referenced unknown path: 
01-10 18:31:56.611  1759  2071 D WificondControl: Scan result ready event
01-10 18:31:56.612  9716  9716 W System  : ClassLoader referenced unknown path: 
01-10 18:31:56.613  9716  9716 I chatty  : uid=10084(com.facebook.katana) identical 1 line
01-10 18:31:56.614  9716  9716 W System  : ClassLoader referenced unknown path: 
01-10 18:31:56.615  9716  9716 I LSPosed-Bridge: 2026-01-10 18:31:56.615 INFO/CameraInterceptor:FileOutputHook: File output hooks initialized successfully
01-10 18:31:56.615  9716  9716 I CameraInterceptor:FileOutputHook: File output hooks initialized successfully
01-10 18:31:56.615  9716  9716 I LSPosed-Bridge: 2026-01-10 18:31:56.615 DEBUG/CameraInterceptor:HookDispatcher: Registered hook: FileOutputHook
01-10 18:31:56.615  9716  9716 D CameraInterceptor:HookDispatcher: Registered hook: FileOutputHook
01-10 18:31:56.616  9716  9716 I LSPosed-Bridge: 2026-01-10 18:31:56.616 INFO/CameraInterceptor:IntentHook: Initializing camera intent hooks (Logging only)
01-10 18:31:56.616  9716  9716 I CameraInterceptor:IntentHook: Initializing camera intent hooks (Logging only)
01-10 18:31:56.620  9716  9716 W System  : ClassLoader referenced unknown path: 
01-10 18:31:56.622  9716  9716 W System  : ClassLoader referenced unknown path: 
01-10 18:31:56.622  9716  9716 I LSPosed-Bridge: 2026-01-10 18:31:56.622 INFO/CameraInterceptor:IntentHook: Camera intent hooks initialized
01-10 18:31:56.623  9716  9716 I CameraInterceptor:IntentHook: Camera intent hooks initialized
01-10 18:31:56.623  9716  9716 I LSPosed-Bridge: 2026-01-10 18:31:56.623 DEBUG/CameraInterceptor:HookDispatcher: Registered hook: IntentHook
01-10 18:31:56.623  9716  9716 D CameraInterceptor:HookDispatcher: Registered hook: IntentHook
01-10 18:31:56.624  9716  9716 I LSPosed-Bridge: 2026-01-10 18:31:56.624 INFO/CameraInterceptor:MediaStoreHook: Initializing MediaStore hooks
01-10 18:31:56.624  9716  9716 I CameraInterceptor:MediaStoreHook: Initializing MediaStore hooks
01-10 18:31:56.627  9716  9716 W System  : ClassLoader referenced unknown path: 
01-10 18:31:56.627  9716  9716 I LSPosed-Bridge: 2026-01-10 18:31:56.627 DEBUG/CameraInterceptor:MediaStoreHook: Hooked MediaStore.insertImage(Bitmap) successfully
01-10 18:31:56.627  9716  9716 D CameraInterceptor:MediaStoreHook: Hooked MediaStore.insertImage(Bitmap) successfully
01-10 18:31:56.631  9716  9752 I ConfigStore: android::hardware::configstore::V1_0::ISurfaceFlingerConfigs::hasWideColorDisplay retrieved: 0
01-10 18:31:56.632  9716  9752 I ConfigStore: android::hardware::configstore::V1_0::ISurfaceFlingerConfigs::hasHDRDisplay retrieved: 0
01-10 18:31:56.632  9716  9716 W System  : ClassLoader referenced unknown path: 
01-10 18:31:56.633  9716  9716 I LSPosed-Bridge: 2026-01-10 18:31:56.633 DEBUG/CameraInterceptor:MediaStoreHook: Hooked MediaStore.insertImage(Path) successfully
01-10 18:31:56.633  9716  9716 D CameraInterceptor:MediaStoreHook: Hooked MediaStore.insertImage(Path) successfully
01-10 18:31:56.634  9716  9716 W System  : ClassLoader referenced unknown path: 
