01-10 14:32:00.334  4276  4276 W System.err: 	at android.app.ActivityThread.handleBindApplication(ActivityThread.java:6036)
01-10 14:32:00.334  4276  4276 W System.err: 	at android.app.ActivityThread.access$1100(ActivityThread.java:207)
01-10 14:32:00.334  4276  4276 W System.err: 	at android.app.ActivityThread$H.handleMessage(ActivityThread.java:1663)
01-10 14:32:00.334  4276  4276 W System.err: 	at android.os.Handler.dispatchMessage(Handler.java:106)
01-10 14:32:00.334  4276  4276 W System.err: 	at android.os.Looper.loop(Looper.java:193)
01-10 14:32:00.334  4276  4276 W System.err: 	at android.app.ActivityThread.main(ActivityThread.java:6840)
01-10 14:32:00.334  4276  4276 W System.err: 	at java.lang.reflect.Method.invoke(Native Method)
01-10 14:32:00.334  4276  4276 W System.err: 	at com.android.internal.os.RuntimeInit$MethodAndArgsCaller.run(RuntimeInit.java:493)
01-10 14:32:00.334  4276  4276 W System.err: 	at com.android.internal.os.ZygoteInit.main(ZygoteInit.java:860)
01-10 14:32:00.334  4276  4276 W System.err: Caused by: java.lang.ClassNotFoundException: Didn't find class "a.ServiceProvider__TheRouter__1404103829" on path: DexPathList[[zip file "/system/framework/org.apache.http.legacy.boot.jar", zip file "/data/app/com.android.ld.appstore-TCqY3L0s1Fm_eYmzEAByXg==/base.apk"],nativeLibraryDirectories=[/data/app/com.android.ld.appstore-TCqY3L0s1Fm_eYmzEAByXg==/lib/arm64, /data/app/com.android.ld.appstore-TCqY3L0s1Fm_eYmzEAByXg==/base.apk!/lib/arm64-v8a, /system/lib64, /system/vendor/lib64]]
01-10 14:32:00.334  4276  4276 W System.err: 	at dalvik.system.BaseDexClassLoader.findClass(BaseDexClassLoader.java:134)
01-10 14:32:00.334  4276  4276 W System.err: 	at java.lang.ClassLoader.loadClass(ClassLoader.java:379)
01-10 14:32:00.334  4276  4276 W System.err: 	at java.lang.ClassLoader.loadClass(ClassLoader.java:312)
01-10 14:32:00.334  4276  4276 W System.err: 	... 17 more
01-10 14:32:00.334  4276  4276 W System.err: java.lang.NoClassDefFoundError: Failed resolution of: La/ServiceProvider__TheRouter__1818259210;
01-10 14:32:00.334  4276  4276 W System.err: 	at b.a.c(TheRouterServiceProvideInjecter.kt:107)
01-10 14:32:00.334  4276  4276 W System.err: 	at com.therouter.inject.RouterInject.j(RouterInject.kt:1)
01-10 14:32:00.334  4276  4276 W System.err: 	at com.therouter.TheRouter.j(TheRouter.kt:47)
01-10 14:32:00.334  4276  4276 W System.err: 	at com.android.ld.appstore.router.b.b(Router.kt:10)
01-10 14:32:00.334  4276  4276 W System.err: 	at com.android.ld.appstore.app.AppApplication.b(AppApplication.kt:13)
01-10 14:32:00.334  4276  4276 W System.err: 	at com.android.ld.appstore.app.AppApplication.a(AppApplication.kt:15)
01-10 14:32:00.334  4276  4276 W System.err: 	at com.android.ld.appstore.app.AppApplication.onCreate(AppApplication.kt:11)
01-10 14:32:00.334  4276  4276 W System.err: 	at android.app.Instrumentation.callApplicationOnCreate(Instrumentation.java:1154)
01-10 14:32:00.334  4276  4276 W System.err: 	at android.app.ActivityThread.handleBindApplication(ActivityThread.java:6036)
01-10 14:32:00.334  4276  4276 W System.err: 	at android.app.ActivityThread.access$1100(ActivityThread.java:207)
01-10 14:32:00.334  4276  4276 W System.err: 	at android.app.ActivityThread$H.handleMessage(ActivityThread.java:1663)
01-10 14:32:00.334  4276  4276 W System.err: 	at android.os.Handler.dispatchMessage(Handler.java:106)
01-10 14:32:00.334  4276  4276 W System.err: 	at android.os.Looper.loop(Looper.java:193)
01-10 14:32:00.334  4276  4276 W System.err: 	at android.app.ActivityThread.main(ActivityThread.java:6840)
01-10 14:32:00.334  4276  4276 W System.err: 	at java.lang.reflect.Method.invoke(Native Method)
01-10 14:32:00.334  4276  4276 W System.err: 	at com.android.internal.os.RuntimeInit$MethodAndArgsCaller.run(RuntimeInit.java:493)
01-10 14:32:00.334  4276  4276 W System.err: 	at com.android.internal.os.ZygoteInit.main(ZygoteInit.java:860)
01-10 14:32:00.334  4276  4276 W System.err: Caused by: java.lang.ClassNotFoundException: Didn't find class "a.ServiceProvider__TheRouter__1818259210" on path: DexPathList[[zip file "/system/framework/org.apache.http.legacy.boot.jar", zip file "/data/app/com.android.ld.appstore-TCqY3L0s1Fm_eYmzEAByXg==/base.apk"],nativeLibraryDirectories=[/data/app/com.android.ld.appstore-TCqY3L0s1Fm_eYmzEAByXg==/lib/arm64, /data/app/com.android.ld.appstore-TCqY3L0s1Fm_eYmzEAByXg==/base.apk!/lib/arm64-v8a, /system/lib64, /system/vendor/lib64]]
01-10 14:32:00.334  4276  4276 W System.err: 	at dalvik.system.BaseDexClassLoader.findClass(BaseDexClassLoader.java:134)
01-10 14:32:00.334  4276  4276 W System.err: 	at java.lang.ClassLoader.loadClass(ClassLoader.java:379)
01-10 14:32:00.334  4276  4276 W System.err: 	at java.lang.ClassLoader.loadClass(ClassLoader.java:312)
01-10 14:32:00.334  4276  4276 W System.err: 	... 17 more
01-10 14:32:00.334  4276  4276 W System.err: java.lang.NoClassDefFoundError: Failed resolution of: La/ServiceProvider__TheRouter__437573462;
01-10 14:32:00.334  4276  4276 W System.err: 	at b.a.c(TheRouterServiceProvideInjecter.kt:175)
01-10 14:32:00.334  4276  4276 W System.err: 	at com.therouter.inject.RouterInject.j(RouterInject.kt:1)
01-10 14:32:00.334  4276  4276 W System.err: 	at com.therouter.TheRouter.j(TheRouter.kt:47)
01-10 14:32:00.334  4276  4276 W System.err: 	at com.android.ld.appstore.router.b.b(Router.kt:10)
01-10 14:32:00.334  4276  4276 W System.err: 	at com.android.ld.appstore.app.AppApplication.b(AppApplication.kt:13)
01-10 14:32:00.334  4276  4276 W System.err: 	at com.android.ld.appstore.app.AppApplication.a(AppApplication.kt:15)
01-10 14:32:00.334  4276  4276 W System.err: 	at com.android.ld.appstore.app.AppApplication.onCreate(AppApplication.kt:11)
01-10 14:32:00.334  4276  4276 W System.err: 	at android.app.Instrumentation.callApplicationOnCreate(Instrumentation.java:1154)
01-10 14:32:00.334  4276  4276 W System.err: 	at android.app.ActivityThread.handleBindApplication(ActivityThread.java:6036)
01-10 14:32:00.334  4276  4276 W System.err: 	at android.app.ActivityThread.access$1100(ActivityThread.java:207)
01-10 14:32:00.334  4276  4276 W System.err: 	at android.app.ActivityThread$H.handleMessage(ActivityThread.java:1663)
01-10 14:32:00.334  4276  4276 W System.err: 	at android.os.Handler.dispatchMessage(Handler.java:106)
01-10 14:32:00.334  4276  4276 W System.err: 	at android.os.Looper.loop(Looper.java:193)
01-10 14:32:00.334  4276  4276 W System.err: 	at android.app.ActivityThread.main(ActivityThread.java:6840)
01-10 14:32:00.334  4276  4276 W System.err: 	at java.lang.reflect.Method.invoke(Native Method)
01-10 14:32:00.334  4276  4276 W System.err: 	at com.android.internal.os.RuntimeInit$MethodAndArgsCaller.run(RuntimeInit.java:493)
01-10 14:32:00.334  4276  4276 W System.err: 	at com.android.internal.os.ZygoteInit.main(ZygoteInit.java:860)
01-10 14:32:00.334  4276  4276 W System.err: Caused by: java.lang.ClassNotFoundException: Didn't find class "a.ServiceProvider__TheRouter__437573462" on path: DexPathList[[zip file "/system/framework/org.apache.http.legacy.boot.jar", zip file "/data/app/com.android.ld.appstore-TCqY3L0s1Fm_eYmzEAByXg==/base.apk"],nativeLibraryDirectories=[/data/app/com.android.ld.appstore-TCqY3L0s1Fm_eYmzEAByXg==/lib/arm64, /data/app/com.android.ld.appstore-TCqY3L0s1Fm_eYmzEAByXg==/base.apk!/lib/arm64-v8a, /system/lib64, /system/vendor/lib64]]
01-10 14:32:00.334  4276  4276 W System.err: 	at dalvik.system.BaseDexClassLoader.findClass(BaseDexClassLoader.java:134)
01-10 14:32:00.334  4276  4276 W System.err: 	at java.lang.ClassLoader.loadClass(ClassLoader.java:379)
01-10 14:32:00.334  4276  4276 W System.err: 	at java.lang.ClassLoader.loadClass(ClassLoader.java:312)
01-10 14:32:00.334  4276  4276 W System.err: 	... 17 more
01-10 14:32:00.335  4276  4276 W System.err: java.lang.NoClassDefFoundError: Failed resolution of: La/ServiceProvider__TheRouter__658530700;
01-10 14:32:00.335  4276  4276 W System.err: 	at b.a.c(TheRouterServiceProvideInjecter.kt:192)
01-10 14:32:00.335  4276  4276 W System.err: 	at com.therouter.inject.RouterInject.j(RouterInject.kt:1)
01-10 14:32:00.335  4276  4276 W System.err: 	at com.therouter.TheRouter.j(TheRouter.kt:47)
01-10 14:32:00.335  4276  4276 W System.err: 	at com.android.ld.appstore.router.b.b(Router.kt:10)
01-10 14:32:00.335  4276  4276 W System.err: 	at com.android.ld.appstore.app.AppApplication.b(AppApplication.kt:13)
01-10 14:32:00.335  4276  4276 W System.err: 	at com.android.ld.appstore.app.AppApplication.a(AppApplication.kt:15)
01-10 14:32:00.335  4276  4276 W System.err: 	at com.android.ld.appstore.app.AppApplication.onCreate(AppApplication.kt:11)
01-10 14:32:00.335  4276  4276 W System.err: 	at android.app.Instrumentation.callApplicationOnCreate(Instrumentation.java:1154)
01-10 14:32:00.335  4276  4276 W System.err: 	at android.app.ActivityThread.handleBindApplication(ActivityThread.java:6036)
01-10 14:32:00.335  4276  4276 W System.err: 	at android.app.ActivityThread.access$1100(ActivityThread.java:207)
01-10 14:32:00.335  4276  4276 W System.err: 	at android.app.ActivityThread$H.handleMessage(ActivityThread.java:1663)
01-10 14:32:00.335  4276  4276 W System.err: 	at android.os.Handler.dispatchMessage(Handler.java:106)
01-10 14:32:00.335  4276  4276 W System.err: 	at android.os.Looper.loop(Looper.java:193)
01-10 14:32:00.335  4276  4276 W System.err: 	at android.app.ActivityThread.main(ActivityThread.java:6840)
01-10 14:32:00.335  4276  4276 W System.err: 	at java.lang.reflect.Method.invoke(Native Method)
01-10 14:32:00.335  4276  4276 W System.err: 	at com.android.internal.os.RuntimeInit$MethodAndArgsCaller.run(RuntimeInit.java:493)
01-10 14:32:00.335  4276  4276 W System.err: 	at com.android.internal.os.ZygoteInit.main(ZygoteInit.java:860)
01-10 14:32:00.335  4276  4276 W System.err: Caused by: java.lang.ClassNotFoundException: Didn't find class "a.ServiceProvider__TheRouter__658530700" on path: DexPathList[[zip file "/system/framework/org.apache.http.legacy.boot.jar", zip file "/data/app/com.android.ld.appstore-TCqY3L0s1Fm_eYmzEAByXg==/base.apk"],nativeLibraryDirectories=[/data/app/com.android.ld.appstore-TCqY3L0s1Fm_eYmzEAByXg==/lib/arm64, /data/app/com.android.ld.appstore-TCqY3L0s1Fm_eYmzEAByXg==/base.apk!/lib/arm64-v8a, /system/lib64, /system/vendor/lib64]]
01-10 14:32:00.335  4276  4276 W System.err: 	at dalvik.system.BaseDexClassLoader.findClass(BaseDexClassLoader.java:134)
01-10 14:32:00.335  4276  4276 W System.err: 	at java.lang.ClassLoader.loadClass(ClassLoader.java:379)
01-10 14:32:00.335  4276  4276 W System.err: 	at java.lang.ClassLoader.loadClass(ClassLoader.java:312)
01-10 14:32:00.335  4276  4276 W System.err: 	... 17 more
01-10 14:32:00.363  4276  4276 D CoroStartupManager: taskMap {AppMonitorInitTask=v.a$b@e671e38, NormalInitTask=v.a$c@46d1e11, LdReportInitTask=v.a$d@3c52b76, FileDownloadManagerInitTask=v.a$e@175a577, ApkPackageMgrInitTask=v.a$f@88be5e4, DbManagerInitTask=v.a$g@5f48a4d, LDSdkInitTask=v.a$h@fd08902, CheckUpdateInitTask=v.a$i@f152213, downloaderAsyncTask=v.a$a@a137c50, AppExtrasInitTask=a6.a$a@c7e49}
01-10 14:32:00.363  4276  4276 D CoroStartupManager: taskGraph {AppMonitorInitTask=[], NormalInitTask=[], LdReportInitTask=[], FileDownloadManagerInitTask=[], ApkPackageMgrInitTask=[], DbManagerInitTask=[], LDSdkInitTask=[], CheckUpdateInitTask=[FileDownloadManagerInitTask], downloaderAsyncTask=[], AppExtrasInitTask=[]}
01-10 14:32:00.363  4276  4276 D CoroStartupManager: sortedTasks [AppMonitorInitTask, NormalInitTask, LdReportInitTask, FileDownloadManagerInitTask, ApkPackageMgrInitTask, DbManagerInitTask, LDSdkInitTask, downloaderAsyncTask, AppExtrasInitTask, CheckUpdateInitTask]
01-10 14:32:00.363  4276  4276 D CoroStartupManager: independentTasks [AppMonitorInitTask, NormalInitTask, LdReportInitTask, FileDownloadManagerInitTask, ApkPackageMgrInitTask, DbManagerInitTask, LDSdkInitTask, downloaderAsyncTask, AppExtrasInitTask]
01-10 14:32:00.363  4276  4276 D CoroStartupManager: asyncTasks [downloaderAsyncTask]
01-10 14:32:00.382  3681  3867 I chatty  : uid=10024(com.google.android.gms) Binder:3681_5 expire 8 lines
01-10 14:32:00.390  4276  4334 D CoroStartupManager: Executing task AppMonitorInitTask, thread DefaultDispatcher-worker-1
01-10 14:32:00.393  1759  1759 W Looper  : Slow dispatch took 150ms main h=android.app.ActivityThread$H c=android.app.-$$Lambda$LoadedApk$ReceiverDispatcher$Args$_BumDX2UKsnxLVrE6UJsJZkotuA@a2012af m=0
01-10 14:32:00.394  4276  4336 D CoroStartupManager: Executing task LdReportInitTask, thread DefaultDispatcher-worker-3
01-10 14:32:00.403  4276  4335 D CoroStartupManager: Executing task NormalInitTask, thread DefaultDispatcher-worker-2
01-10 14:32:00.416  4276  4337 D CoroStartupManager: Executing task FileDownloadManagerInitTask, thread DefaultDispatcher-worker-4
01-10 14:32:00.417  4276  4276 D CoroStartupManager: Executing task LDSdkInitTask, thread main
01-10 14:32:00.421  4276  4338 D CoroStartupManager: Executing task ApkPackageMgrInitTask, thread DefaultDispatcher-worker-5
01-10 14:32:00.458  4276  4339 D CoroStartupManager: Executing task DbManagerInitTask, thread DefaultDispatcher-worker-6
01-10 14:32:00.490  1759  1759 I Telecom : DefaultDialerCache: Refreshing default dialer for user 0: now null: DDC.oR@AEc
01-10 14:32:00.491  2417  2417 I chatty  : uid=10024(com.google.android.gms) expire 4 lines
01-10 14:32:00.494  1759  1759 W Looper  : Slow dispatch took 101ms main h=android.app.ActivityThread$H c=android.app.-$$Lambda$LoadedApk$ReceiverDispatcher$Args$_BumDX2UKsnxLVrE6UJsJZkotuA@de52acb m=0
01-10 14:32:00.548  4276  4320 E com.facebook.GraphResponse: {HttpStatus: 400, errorCode: 190, subErrorCode: -1, errorType: OAuthException, errorMessage: Invalid OAuth access token signature.}
01-10 14:32:00.680  1759  2538 I chatty  : uid=1000(system) Binder:1759_C expire 2 lines
01-10 14:32:00.682  1759  2639 I chatty  : uid=1000(system) Binder:1759_12 expire 1 line
01-10 14:32:00.701  4276  4276 E LD_LOG  : LDSdk loadDefaultsFromMetaData: appId: 100031 , appKey: 9cd4ba7e79502d098be050f4f350a3c4 , channelId: 100000 , sunChannelId:100001 , isTestHost: false
01-10 14:32:00.713  4276  4276 I System.out: try to read channel info from apk : /data/app/com.android.ld.appstore-TCqY3L0s1Fm_eYmzEAByXg==/base.apk
01-10 14:32:00.712  3943  4275 W dex2oat : Accessing hidden method Landroid/hardware/usb/UsbManager;->getCurrentFunctions()J (dark greylist, linking)
01-10 14:32:00.718  4276  4276 I System.out: getByteBufferValueById , destApk /data/app/com.android.ld.appstore-TCqY3L0s1Fm_eYmzEAByXg==/base.apk IdValueMap = {1896449818=java.nio.HeapByteBuffer[pos=0 lim=1014 cap=1014], 1347109971=java.nio.HeapByteBuffer[pos=0 lim=11690 cap=11690], 1114793335=java.nio.HeapByteBuffer[pos=0 lim=3612 cap=3612]}
01-10 14:32:00.718  4276  4276 I System.out: getByteValueById , id = -2012129793 , value = null
01-10 14:32:00.720  4276  4276 I ChannelReaderUtil: getChannelByV2 , channel = 
01-10 14:32:00.730  4276  4276 I System.out: APK : /data/app/com.android.ld.appstore-TCqY3L0s1Fm_eYmzEAByXg==/base.apk not have channel info from Zip Comment
01-10 14:32:00.730  4276  4276 I ChannelReaderUtil: getChannelByV1 , channel = 
01-10 14:32:00.784  3943  4275 W dex2oat : Accessing hidden method Landroid/hardware/usb/UsbManager;->setCurrentFunctions(J)V (dark greylist, linking)
01-10 14:32:00.784  3943  4275 W dex2oat : Verification of void aupc.run() took 103.291ms
01-10 14:32:00.785  1759  2965 W ActivityManager: Slow operation: 107ms so far, now at getContentProviderImpl: after updateOomAdj
01-10 14:32:00.785  1759  2965 W ActivityManager: Slow operation: 107ms so far, now at getContentProviderImpl: done!
01-10 14:32:00.805  4276  4318 W oid.ld.appstor: Long monitor contention with owner DefaultDispatcher-worker-10 (4343) at java.io.File[] android.app.ContextImpl.getExternalFilesDirs(java.lang.String)(ContextImpl.java:664) waiters=0 in java.io.File android.app.ContextImpl.getFilesDir() for 365ms
01-10 14:32:00.806  4276  4339 W oid.ld.appstor: Long monitor contention with owner DefaultDispatcher-worker-10 (4343) at java.io.File[] android.app.ContextImpl.getExternalFilesDirs(java.lang.String)(ContextImpl.java:664) waiters=2 in java.io.File android.app.ContextImpl.getDatabasesDir() for 346ms
01-10 14:32:00.820  1759  1759 W Looper  : Slow dispatch took 326ms main h=com.android.server.media.MediaRouterService$UserHandler c=android.app.-$$Lambda$LoadedApk$ReceiverDispatcher$Args$_BumDX2UKsnxLVrE6UJsJZkotuA@a977d66 m=0
01-10 14:32:00.883  4276  4276 E LD_LOG  : initSdk -> local sid = 00EMLGEWKGZD2A0E0PV3F0OFSGZW5WG8
01-10 14:32:00.887  2417  2839 I chatty  : uid=10024(com.google.android.gms) lowpool[4] expire 10 lines
01-10 14:32:00.891  4276  4358 V libnb   : enter native_bridge2_isCompatibleWith 3
01-10 14:32:00.891  4276  4358 V libnb   : enter native_bridge3_loadLibraryExt /system/lib64/liblog.so, 2, 0x3
01-10 14:32:00.893  4276  4343 D CoroStartupManager: Executing task AppExtrasInitTask, thread DefaultDispatcher-worker-10
01-10 14:32:00.894  4276  4336 D CoroStartupManager: Executing task CheckUpdateInitTask, thread DefaultDispatcher-worker-3
01-10 14:32:00.933  1759  1794 W Looper  : Slow dispatch took 247ms android.ui h=com.android.server.am.ActivityManagerService$UiHandler c=null m=53
01-10 14:32:01.011  4276  4348 E LD_LOG  : LogFileUtils -> isDirCreated = true ,isFileCreated = true ,logFile = /storage/emulated/0/Android/data/com.android.ld.appstore/files/ldsdk/ld-open-sdk.txt
01-10 14:32:01.038  4276  4335 I LDStore : log basic info, {"storeVersion":"20.42(889000)","androidVersion":28,"mnqVersion":"0900012603","mnqMac":"6-1830152061210c88dc763cd284b28cfb","launcherVersion":"9.6(26)","googlePlayVersion":"39.7.34-21 [0] [PR] 606456090(83973410)","language":"en"}
01-10 14:32:01.105  3006  3052 I Finsky:background: [102] myo.run(353): Stats for Executor: bgExecutor ozi@9cb8e43[Running, pool size = 4, active threads = 0, queued tasks = 0, completed tasks = 40]
01-10 14:32:01.105  3006  3052 I Finsky:background: [102] myo.run(353): Stats for Executor: LightweightExecutor ozi@bd62cc0[Running, pool size = 3, active threads = 0, queued tasks = 0, completed tasks = 11]
01-10 14:32:01.136  1759  1759 W Looper  : Slow dispatch took 135ms main h=android.app.ActivityThread$H c=android.app.-$$Lambda$LoadedApk$ReceiverDispatcher$Args$_BumDX2UKsnxLVrE6UJsJZkotuA@dadb6d m=0
01-10 14:32:01.160  1759  1759 I Telecom : DefaultDialerCache: Refreshing default dialer for user 0: now null: DDC.oR@AEg
01-10 14:32:01.190  4276  4327 W oid.ld.appstor: Long monitor contention with owner Measurement Worker (4318) at java.lang.Class java.lang.VMClassLoader.findLoadedClass(java.lang.ClassLoader, java.lang.String)(VMClassLoader.java:-2) waiters=0 in m7.aea m7.acv.a() for 109ms
01-10 14:32:01.352  1551  1551 D sensor_hal: cb_setDelay handle=0 delay-ns=200000000
01-10 14:32:01.353  1551  1551 D sensor_hal: cb_activate handle=2 enabled=0
01-10 14:32:01.354  1551  1551 D sensor_hal: cb_activate handle=5 enabled=0
01-10 14:32:01.355  1551  1551 D sensor_hal: cb_activate handle=1 enabled=0
01-10 14:32:01.346  1930  1930 I RenderThread: type=1400 audit(0.0:720): avc: denied { ioctl } for path="/dev/fastpipe" dev="tmpfs" ino=6206 ioctlcmd=6869 scontext=u:r:platform_app:s0:c512,c768 tcontext=u:object_r:device:s0 tclass=chr_file permissive=1
01-10 14:32:01.346  1930  1930 W RenderThread: type=1300 audit(0.0:720): arch=c000003e syscall=16 success=yes exit=0 a0=47 a1=80046869 a2=7fff6ba3b430 a3=7fff686f4a88 items=0 ppid=1517 auid=4294967295 uid=10018 gid=10018 euid=10018 suid=10018 fsuid=10018 egid=10018 sgid=10018 fsgid=10018 tty=(none) ses=4294967295 exe="/system/bin/app_process64" subj=u:r:platform_app:s0:c512,c768 key=(null)
01-10 14:32:01.346  1359  1359 W auditd  : type=1327 audit(0.0:720): proctitle="com.android.systemui"
01-10 14:32:01.346  1359  1359 W auditd  : type=1320 audit(0.0:720): 
01-10 14:32:01.362  1574  1574 I surfaceflinger: type=1400 audit(0.0:721): avc: denied { ioctl } for path="/dev/fastpipe" dev="tmpfs" ino=6206 ioctlcmd=6867 scontext=u:r:surfaceflinger:s0 tcontext=u:object_r:device:s0 tclass=chr_file permissive=1
01-10 14:32:01.633  2121  2121 D CarrierSvcBindHelper: No carrier app for: 0
01-10 14:32:01.765  1759  1792 W VoiceInteractionManagerService: no available voice interaction services found for user 0
01-10 14:32:01.805  4276  4312 E com.facebook.GraphResponse: {HttpStatus: 400, errorCode: 190, subErrorCode: -1, errorType: OAuthException, errorMessage: Invalid OAuth access token signature.}
01-10 14:32:01.897  4276  4358 V libnb   : native_bridge3_loadLibraryExt: 0x5ba5baf0aa01ddc9
01-10 14:32:01.898  4276  4358 V libnb   : enter native_bridge2_getTrampoline JNI_OnLoad, trampoline_addr 0x0
01-10 14:32:01.907  4276  4300 W oid.ld.appstor: Long monitor contention with owner SentryNdkLoadLibs (4358) at java.lang.String java.lang.Runtime.nativeLoad(java.lang.String, java.lang.ClassLoader)(Runtime.java:-2) waiters=0 in void java.lang.Runtime.loadLibrary0(java.lang.ClassLoader, java.lang.String) for 551ms
01-10 14:32:01.908  4276  4358 V libnb   : enter native_bridge2_isCompatibleWith 3
01-10 14:32:01.908  4276  4358 V libnb   : enter native_bridge3_loadLibraryExt /data/app/com.android.ld.appstore-TCqY3L0s1Fm_eYmzEAByXg==/lib/arm64/libsentry.so, 2, 0x3
01-10 14:32:01.989  1759  1792 W LocationProviderProxy-network: Odd, no component found for service com.android.location.service.v3.NetworkLocationProvider
01-10 14:32:02.044  4276  4358 V libnb   : native_bridge3_loadLibraryExt: 0x7fff53843ac0
01-10 14:32:02.044  4276  4358 V libnb   : enter native_bridge2_getTrampoline JNI_OnLoad, trampoline_addr 0x0
01-10 14:32:02.045  4276  4300 V libnb   : enter native_bridge2_isCompatibleWith 3
01-10 14:32:02.045  4276  4300 V libnb   : enter native_bridge3_loadLibraryExt /data/app/com.android.ld.appstore-TCqY3L0s1Fm_eYmzEAByXg==/lib/arm64/libfntvcrash.so, 2, 0x3
01-10 14:32:02.069  1759  1780 I chatty  : uid=1000(system) FinalizerDaemon expire 280 lines
01-10 14:32:02.082  1759  2285 W ActivityManager: Slow operation: 140ms so far, now at getContentProviderImpl: incProviderCountLocked
01-10 14:32:02.082  1759  2285 W ActivityManager: Slow operation: 140ms so far, now at getContentProviderImpl: before updateOomAdj
01-10 14:32:02.083  1759  2285 W ActivityManager: Slow operation: 141ms so far, now at getContentProviderImpl: after updateOomAdj
01-10 14:32:02.083  1759  2285 W ActivityManager: Slow operation: 141ms so far, now at getContentProviderImpl: done!
01-10 14:32:02.109  4276  4300 V libnb   : native_bridge3_loadLibraryExt: 0x7fff538455a0
01-10 14:32:02.119  1759  1800 W Looper  : Slow dispatch took 127ms android.fg h=android.os.Handler c=com.android.server.Watchdog$HandlerChecker@9382f7a m=0
01-10 14:32:02.123  4276  4300 V libnb   : enter native_bridge2_getTrampoline JNI_OnLoad, trampoline_addr 0x7fff6c23f000
01-10 14:32:02.131  4276  4358 V libnb   : enter native_bridge2_isCompatibleWith 3
01-10 14:32:02.131  4276  4358 V libnb   : enter native_bridge3_loadLibraryExt /data/app/com.android.ld.appstore-TCqY3L0s1Fm_eYmzEAByXg==/lib/arm64/libsentry-android.so, 2, 0x3
01-10 14:32:02.131  1759  1792 W GeocoderProxy: Odd, no component found for service com.android.location.service.GeocodeProvider
01-10 14:32:02.139  4276  4358 V libnb   : native_bridge3_loadLibraryExt: 0x7fff53845b00
01-10 14:32:02.139  4276  4358 V libnb   : enter native_bridge2_getTrampoline JNI_OnLoad, trampoline_addr 0x0
01-10 14:32:02.146  4276  4334 V libnb   : enter native_bridge2_getTrampoline Java_io_sentry_ndk_SentryNdk_initSentryNative, trampoline_addr 0x0
01-10 14:32:02.146  4276  4334 V libnb   : enter native_bridge2_getTrampoline Java_io_sentry_ndk_SentryNdk_initSentryNative__Lio_sentry_ndk_NdkOptions_2, trampoline_addr 0x0
01-10 14:32:02.146  4276  4334 V libnb   : enter native_bridge2_getTrampoline Java_io_sentry_ndk_SentryNdk_initSentryNative, trampoline_addr 0x7fff6c23f100
01-10 14:32:02.245  1759  1792 W GeofenceProxy: Odd, no component found for service com.android.location.service.GeofenceProvider
01-10 14:32:02.263  4276  4357 W System.err: java.lang.NullPointerException: Attempt to invoke interface method 'java.util.Iterator java.util.List.iterator()' on a null object reference
01-10 14:32:02.267  4276  4357 W System.err: 	at com.ld.analytics.sdk.g$a.run(LdApiManager.java:138)
01-10 14:32:02.268  4276  4357 W System.err: 	at java.lang.Thread.run(Thread.java:764)
01-10 14:32:02.269  1759  1849 W ActivityManager: Unable to start service Intent { cmp=com.samsung.android.deviceidservice/.DeviceIdService } U=0: not found
01-10 14:32:02.274  1759  1849 W ActivityManager: Unbind failed: could not find connection for android.os.BinderProxy@de6954e
01-10 14:32:02.350  4276  4318 I FA      : App measurement initialized, version: 146007
01-10 14:32:02.350  4276  4318 I FA      : To enable debug logging run: adb shell setprop log.tag.FA VERBOSE
01-10 14:32:02.350  4276  4318 I FA      : To enable faster debug mode event logging run:
01-10 14:32:02.350  4276  4318 I FA      :   adb shell setprop debug.firebase.analytics.app com.android.ld.appstore
01-10 14:32:02.395  4276  4334 V libnb   : enter native_bridge2_isCompatibleWith 3
01-10 14:32:02.395  4276  4334 V libnb   : enter native_bridge3_loadLibraryExt /data/app/com.android.ld.appstore-TCqY3L0s1Fm_eYmzEAByXg==/lib/arm64/libBugly_Native.so, 2, 0x3
01-10 14:32:02.414  4276  4334 V libnb   : native_bridge3_loadLibraryExt: 0x7fff53846060
01-10 14:32:02.414  4276  4334 V libnb   : enter native_bridge2_getTrampoline JNI_OnLoad, trampoline_addr 0x7fff6c23f120
01-10 14:32:02.418  4276  4334 I eup     : register native abi method success
01-10 14:32:02.450  1759  1792 W ActivityRecognitionProxy: Odd, no component found for service com.android.location.service.ActivityRecognitionProvider
01-10 14:32:02.455  1759  1793 W BroadcastQueue: Permission Denial: broadcasting Intent { act=android.net.conn.CONNECTIVITY_CHANGE flg=0x4200010 (has extras) } from null (pid=-1, uid=-1) requires com.tencent.bugly.BuglyBroadcastReceiver.permission due to registered receiver BroadcastFilter{a3c0026 u0 ReceiverList{9bc9781 4276 com.android.ld.appstore/10016/u0 remote:d2bd768}}
01-10 14:32:02.536  4276  4276 D CoroStartupManager: TaskMonitor, ===== Task Execution Summary =====
01-10 14:32:02.536  4276  4276 D CoroStartupManager: TaskMonitor, AppMonitorInitTask: SUCCESS (2059ms)
01-10 14:32:02.536  4276  4276 D CoroStartupManager: TaskMonitor, NormalInitTask: SUCCESS (1482ms)
01-10 14:32:02.536  4276  4276 D CoroStartupManager: TaskMonitor, LdReportInitTask: SUCCESS (456ms)
01-10 14:32:02.536  4276  4276 D CoroStartupManager: TaskMonitor, FileDownloadManagerInitTask: SUCCESS (42ms)
01-10 14:32:02.536  4276  4276 D CoroStartupManager: TaskMonitor, ApkPackageMgrInitTask: SUCCESS (222ms)
01-10 14:32:02.536  4276  4276 D CoroStartupManager: TaskMonitor, DbManagerInitTask: SUCCESS (889ms)
01-10 14:32:02.536  4276  4276 D CoroStartupManager: TaskMonitor, LDSdkInitTask: SUCCESS (474ms)
01-10 14:32:02.536  4276  4276 D CoroStartupManager: TaskMonitor, AppExtrasInitTask: SUCCESS (110ms)
01-10 14:32:02.536  4276  4276 D CoroStartupManager: TaskMonitor, CheckUpdateInitTask: SUCCESS (599ms)
01-10 14:32:02.536  4276  4276 D CoroStartupManager: Total execution time: 2173 ms
01-10 14:32:02.538  4276  4334 D CoroStartupManager: Executing task downloaderAsyncTask, thread DefaultDispatcher-worker-1
01-10 14:32:02.657  1759  1883 I chatty  : uid=1000(system) WifiStateMachin expire 2 lines
01-10 14:32:02.680  4276  4334 D LDSpaceReceiver: onReceive, action = android.intent.action.TASK.REQ_APP_VERSION, extras = {"from":"playerx"}
01-10 14:32:02.712  4276  4300 W oid.ld.appstor: Long monitor contention with owner Thread-26 (4383) at boolean android.os.BinderProxy.transactNative(int, android.os.Parcel, android.os.Parcel, int)(Binder.java:-2) waiters=0 in java.lang.String cn.fly.commons.ad.h() for 426ms
01-10 14:32:02.824  1759  1759 W Looper  : Drained
01-10 14:32:02.834  4276  4403 D CoroStartupManager: TaskMonitor, ===== Async Task Execution =====
01-10 14:32:02.835  4276  4403 D CoroStartupManager: TaskMonitor, downloaderAsyncTask: SUCCESS (290ms)
01-10 14:32:03.003  4276  4319 E LD_LOG  : cacheAndReturnIdentifiers: {"advertiserIdField":"0019cedb-b9f7-4f9b-b7ee-9b497f20302e","isTrackingLimited":false}
01-10 14:32:03.017  4276  4312 E com.facebook.GraphResponse: {HttpStatus: 400, errorCode: 190, subErrorCode: -1, errorType: OAuthException, errorMessage: Invalid OAuth access token signature.}
01-10 14:32:03.069  4276  4378 W oid.ld.appstor: Long monitor contention with owner Thread-26 (4383) at boolean android.os.BinderProxy.transactNative(int, android.os.Parcel, android.os.Parcel, int)(Binder.java:-2) waiters=1 in java.lang.String cn.fly.commons.ad.e() for 756ms
01-10 14:32:03.163  4276  4300 W System  : Ignoring header moid because its value was null.
01-10 14:32:03.168  3943  4274 W dex2oat : Verification of java.lang.Object bhgn.a() took 104.222ms
01-10 14:32:03.113  4276  4276 I DefaultDispatch: type=1400 audit(0.0:727): avc: denied { search } for name="/" dev="vboxsf" ino=1 scontext=u:r:priv_app:s0:c512,c768 tcontext=u:object_r:unlabeled:s0 tclass=dir permissive=1
01-10 14:32:03.182  2121  2121 D CarrierSvcBindHelper: No carrier app for: 0
01-10 14:32:03.186  2121  2121 D PhoneSwitcherNetworkRequstListener: got request NetworkRequest [ TRACK_DEFAULT id=43, [ Capabilities: INTERNET&NOT_RESTRICTED&TRUSTED Unwanted:  Uid: 10016] ] with score 60
01-10 14:32:03.188  2121  2121 D PhoneSwitcherNetworkRequstListener: got request NetworkRequest [ TRACK_DEFAULT id=44, [ Capabilities: INTERNET&NOT_RESTRICTED&TRUSTED Unwanted:  Uid: 10016] ] with score 60
01-10 14:32:03.113  4276  4276 W DefaultDispatch: type=1300 audit(0.0:727): arch=c000003e syscall=269 success=no exit=-2 a0=ffffff9c a1=7fff6ba597c0 a2=0 a3=7fff6864b608 items=0 ppid=1517 auid=4294967295 uid=10016 gid=10016 euid=10016 suid=10016 fsuid=10016 egid=10016 sgid=10016 fsgid=10016 tty=(none) ses=4294967295 exe="/system/bin/app_process64" subj=u:r:priv_app:s0:c512,c768 key=(null)
01-10 14:32:03.113  1359  1359 W auditd  : type=1327 audit(0.0:727): proctitle="com.android.ld.appstore"
01-10 14:32:03.113  1359  1359 W auditd  : type=1320 audit(0.0:727): 
01-10 14:32:03.267  4276  4319 E com.facebook.GraphResponse: {HttpStatus: 400, errorCode: 190, subErrorCode: -1, errorType: OAuthException, errorMessage: Invalid OAuth access token signature.}
01-10 14:32:03.407  4029  4196 E GoogleApiManager: Failed to get service from broker. 
01-10 14:32:03.407  4029  4196 E GoogleApiManager: java.lang.SecurityException: Unknown calling package name 'com.google.android.gms'.
01-10 14:32:03.407  4029  4196 E GoogleApiManager: 	at android.os.Parcel.createException(Parcel.java:1950)
01-10 14:32:03.407  4029  4196 E GoogleApiManager: 	at android.os.Parcel.readException(Parcel.java:1918)
01-10 14:32:03.407  4029  4196 E GoogleApiManager: 	at android.os.Parcel.readException(Parcel.java:1868)
01-10 14:32:03.407  4029  4196 E GoogleApiManager: 	at bbnk.a(:com.google.android.gms@254730017@25.47.30 (100800-833691957):36)
01-10 14:32:03.407  4029  4196 E GoogleApiManager: 	at bbll.z(:com.google.android.gms@254730017@25.47.30 (100800-833691957):150)
01-10 14:32:03.407  4029  4196 E GoogleApiManager: 	at baro.run(:com.google.android.gms@254730017@25.47.30 (100800-833691957):42)
01-10 14:32:03.407  4029  4196 E GoogleApiManager: 	at android.os.Handler.handleCallback(Handler.java:873)
01-10 14:32:03.407  4029  4196 E GoogleApiManager: 	at android.os.Handler.dispatchMessage(Handler.java:99)
01-10 14:32:03.407  4029  4196 E GoogleApiManager: 	at cnat.lW(:com.google.android.gms@254730017@25.47.30 (100800-833691957):1)
01-10 14:32:03.407  4029  4196 E GoogleApiManager: 	at cnat.dispatchMessage(:com.google.android.gms@254730017@25.47.30 (100800-833691957):5)
01-10 14:32:03.407  4029  4196 E GoogleApiManager: 	at android.os.Looper.loop(Looper.java:193)
01-10 14:32:03.407  4029  4196 E GoogleApiManager: 	at android.os.HandlerThread.run(HandlerThread.java:65)
01-10 14:32:03.410  4029  4196 W GoogleApiManager: Not showing notification since connectionResult is not user-facing: ConnectionResult{statusCode=DEVELOPER_ERROR, resolution=null, message=null, clientMethodKey=null}
01-10 14:32:03.487  1584  1584 I keystore: 1 0
01-10 14:32:03.516  4276  4291 I oid.ld.appstor: Waiting for a blocking GC ProfileSaver
01-10 14:32:03.519  4276  4312 E com.facebook.GraphResponse: {HttpStatus: 400, errorCode: 190, subErrorCode: -1, errorType: OAuthException, errorMessage: Invalid OAuth access token signature.}
01-10 14:32:03.623  3006  3052 I Finsky:background: [102] myo.run(353): Stats for Executor: BlockingExecutor ozi@853bdf9[Running, pool size = 2, active threads = 0, queued tasks = 0, completed tasks = 5]
01-10 14:32:03.624  1584  1584 I keystore: 1 0
01-10 14:32:03.676  1584  1584 I keystore: 1 0
01-10 14:32:03.745  4276  4291 I oid.ld.appstor: WaitForGcToComplete blocked ProfileSaver on AddRemoveAppImageSpace for 228.790ms
01-10 14:32:03.781  2417  2440 I chatty  : uid=10024(com.google.android.gms) Profile Saver expire 1 line
01-10 14:32:03.937  1759  1792 W VoiceInteractionManagerService: no available voice interaction services found for user 0
01-10 14:32:03.943  1759  1792 W LocationProviderProxy-network: Odd, no component found for service com.android.location.service.v3.NetworkLocationProvider
01-10 14:32:03.945  1759  1792 W GeocoderProxy: Odd, no component found for service com.android.location.service.GeocodeProvider
01-10 14:32:03.950  1759  1792 W GeofenceProxy: Odd, no component found for service com.android.location.service.GeofenceProvider
01-10 14:32:03.952  2656  2656 I Choreographer: Skipped 48 frames!  The application may be doing too much work on its main thread.
01-10 14:32:03.953  1759  1792 W ActivityRecognitionProxy: Odd, no component found for service com.android.location.service.ActivityRecognitionProvider
01-10 14:32:04.007  4276  4300 W Settings: Setting adb_enabled has moved from android.provider.Settings.Secure to android.provider.Settings.Global.
01-10 14:32:04.084  4276  4319 E com.facebook.GraphResponse: {HttpStatus: 400, errorCode: 190, subErrorCode: -1, errorType: OAuthException, errorMessage: Invalid OAuth access token signature.}
01-10 14:32:04.221  1759  1835 W ActivityManager: Unable to start service Intent { cmp=com.samsung.android.deviceidservice/.DeviceIdService } U=0: not found
01-10 14:32:04.221  1759  1835 W ActivityManager: Unbind failed: could not find connection for android.os.BinderProxy@e979b37
01-10 14:32:04.253  4276  4416 W System  : Ignoring header moid because its value was null.
01-10 14:32:04.265  1759  1835 W BackupManagerService: dataChanged but no participant pkg='com.ldmnq.launcher3' uid=10044
01-10 14:32:04.322  2656  2656 I RenderThread: type=1400 audit(0.0:728): avc: denied { ioctl } for path="/dev/fastpipe" dev="tmpfs" ino=6206 ioctlcmd=6867 scontext=u:r:untrusted_app:s0:c44,c256,c512,c768 tcontext=u:object_r:device:s0 tclass=chr_file permissive=1
01-10 14:32:04.322  2656  2656 W RenderThread: type=1300 audit(0.0:728): arch=c000003e syscall=16 success=yes exit=0 a0=37 a1=80046867 a2=7fff6ba3ba30 a3=0 items=0 ppid=1517 auid=4294967295 uid=10044 gid=10044 euid=10044 suid=10044 fsuid=10044 egid=10044 sgid=10044 fsgid=10044 tty=(none) ses=4294967295 exe="/system/bin/app_process64" subj=u:r:untrusted_app:s0:c44,c256,c512,c768 key=(null)
01-10 14:32:04.322  1359  1359 W auditd  : type=1327 audit(0.0:728): proctitle="com.ldmnq.launcher3"
01-10 14:32:04.322  1359  1359 W auditd  : type=1320 audit(0.0:728): 
01-10 14:32:04.622  3943  3943 I dex2oat : Explicit concurrent copying GC freed 112561(15MB) AllocSpace objects, 0(0B) LOS objects, 94% free, 96KB/1632KB, paused 51us total 244.381ms
01-10 14:32:04.950  2417  2433 I chatty  : uid=10024(com.google.android.gms) HeapTaskDaemon expire 1 line
01-10 14:32:05.209  2259  2270 I chatty  : uid=10024(com.google.android.gms) HeapTaskDaemon expire 1 line
01-10 14:32:05.215  2259  2268 I chatty  : uid=10024(com.google.android.gms) FinalizerDaemon expire 1 line
01-10 14:32:05.299  4276  4276 I DefaultDispatch: type=1400 audit(0.0:729): avc: denied { write } for name="appInfo.txt" dev="vboxsf" ino=105 scontext=u:r:priv_app:s0:c512,c768 tcontext=u:object_r:unlabeled:s0 tclass=file permissive=1
01-10 14:32:05.299  4276  4276 W DefaultDispatch: type=1300 audit(0.0:729): arch=c000003e syscall=257 success=yes exit=137 a0=ffffff9c a1=7fff51539520 a2=241 a3=1b6 items=0 ppid=1517 auid=4294967295 uid=10016 gid=10016 euid=10016 suid=10016 fsuid=10016 egid=10016 sgid=10016 fsgid=10016 tty=(none) ses=4294967295 exe="/system/bin/app_process64" subj=u:r:priv_app:s0:c512,c768 key=(null)
01-10 14:32:05.326  1567  1567 D ldinit  : Broadcast completed: result=0
01-10 14:32:05.326  1359  1359 W auditd  : type=1327 audit(0.0:734): proctitle="system_server"
01-10 14:32:05.326  1359  1359 W auditd  : type=1320 audit(0.0:734): 
01-10 14:30:53.299  2815  2815 W cmd     : type=1300 audit(0.0:541): arch=c000003e syscall=16 success=yes exit=0 a0=4 a1=c0306201 a2=7fffffffe5c8 a3=20 items=0 ppid=2814 auid=4294967295 uid=0 gid=0 euid=0 suid=0 fsuid=0 egid=0 sgid=0 fsgid=0 tty=(none) ses=4294967295 exe="/system/bin/cmd" subj=u:r:ldinit:s0 key=(null)
01-10 14:32:05.342  2417  2881 I chatty  : uid=10024(com.google.android.gms) Binder:2417_9 expire 1 line
01-10 14:32:05.361  1759  2538 W BroadcastQueue: Background execution not allowed: receiving Intent { act=android.intent.action.DROPBOX_ENTRY_ADDED flg=0x10 (has extras) } to com.google.android.gms/.stats.service.DropBoxEntryAddedReceiver
01-10 14:32:05.394  2121  2121 I VvmSimStateTracker: android.intent.action.SIM_STATE_CHANGED
01-10 14:32:05.511  1567  1567 D ldinit  : ld_exec_cmd am broadcast -a android.intent.action.ANDROID_INSTALL_TIP --es packageName com.habittracker --es appName Habit Tracker --es activityName com.habittracker.MainActivity --es iconName ic_launcher.xml
01-10 14:32:05.511  1567  1567 D ldinit  : result:
01-10 14:32:05.753  2866  2866 I Finsky  : [2] SimStateReceiver.c(35): android.intent.action.SIM_STATE_CHANGED : simState = LOADED
01-10 14:32:05.754  1567  1567 D ldinit  : Broadcasting: Intent { act=android.intent.action.ANDROID_INSTALL_TIP flg=0x400000 pkg=Tracker (has extras) }
01-10 14:32:05.815  1759  2285 I ActivityManager: START u0 {act=android.intent.action.MAIN cat=[android.intent.category.LAUNCHER] flg=0x10200000 cmp=com.habittracker/.MainActivity bnds=[469,148][690,320] (has extras)} from uid 10044
01-10 14:32:05.991  1759  1793 W BroadcastQueue: Permission Denial: receiving Intent { act=com.android.launcher3.action.LAUNCH flg=0x10 (has extras) } to ProcessRecord{30be098 2259:com.google.android.gms.persistent/u0a24} (pid=2259, uid=10024) requires com.android.launcher3.permission.RECEIVE_LAUNCH_BROADCASTS due to sender com.ldmnq.launcher3 (uid 10044)
01-10 14:32:06.047  1542  1542 D gralloc_default: gralloc_alloc: Creating ashmem region of size 5763072, ignore more log...
01-10 14:32:06.071  2259  2905 I chatty  : uid=10024(com.google.android.gms) Binder:2259_6 expire 4 lines
01-10 14:32:06.073  2417  3062 I chatty  : uid=10024(com.google.android.gms) Binder:2417_D expire 2 lines
01-10 14:32:06.098  1759  2285 W BroadcastQueue: Background execution not allowed: receiving Intent { act=android.intent.action.DROPBOX_ENTRY_ADDED flg=0x10 (has extras) } to com.google.android.gms/.stats.service.DropBoxEntryAddedReceiver
01-10 14:32:06.100  2417  3598 I chatty  : uid=10024(com.google.android.gms) expire 13 lines
01-10 14:32:06.105  2533  2533 W ContextImpl: Calling a method in the system process without a qualified user: android.app.ContextImpl.startService:1531 android.content.ContextWrapper.startService:664 android.content.ContextWrapper.startService:664 com.android.coreservice.CoreBroadcastReceiver.onReceive:53 android.app.ActivityThread.handleReceiver:3424 
01-10 14:32:06.106  2259  3149 I chatty  : uid=10024 com.google.android.gms.persistent expire 6 lines
01-10 14:32:06.137  2417  4446 I chatty  : uid=10024(com.google.android.gms) expire 4 lines
01-10 14:32:06.140  2417  4450 I chatty  : uid=10024(com.google.android.gms) expire 1 line
01-10 14:32:06.142  2259  4448 I chatty  : uid=10024 com.google.android.gms.persistent expire 1 line
01-10 14:32:06.162  3943  4429 W dex2oat : Verification of byte[] bmpm.d(byte[], byte[]) took 167.747ms
01-10 14:32:06.164  3943  3943 W dex2oat : Verification of void bmth.run() took 177.366ms
01-10 14:32:06.166  3943  4428 W dex2oat : Verification of byte[] bmpl.d(byte[], byte[]) took 176.336ms
01-10 14:32:06.168  3943  4430 W dex2oat : Verification of java.lang.Object bmtg.call() took 171.709ms
01-10 14:32:06.204  2866  2911 I Finsky  : [112] qls.accept(61): SCH: Scheduling phonesky job Id: 37-105, CT: 1768051925864, Constraints: [{ L: 0, D: 0, C: 1, I: 1, N: 0 }, { L: 0, D: 0, C: 1, I: 1, N: 0 }]
01-10 14:32:06.208  2417  2977 I chatty  : uid=10024(com.google.android.gms) strationManager expire 2 lines
01-10 14:32:06.227  2417  2483 I chatty  : uid=10024(com.google.android.gms) lowpool[1] expire 1 line
01-10 14:32:06.238  2866  2906 I Finsky  : [107] krm.apply(333): SCH: Scheduling 1 system job(s)
01-10 14:32:06.242  2866  2906 I Finsky  : [107] abtz.d(88): SCH: Scheduling system job Id: 9214, L: 0, D: 0, C: false, I: false, N: 0
01-10 14:32:06.342  1759  2065 W ActivityManager: Slow operation: 57ms so far, now at startProcess: done starting proc!
01-10 14:32:06.409  1759  1795 W ActivityManager: Slow operation: 80ms so far, now at startProcess: asking zygote to start proc
01-10 14:32:06.459  1759  2065 W BroadcastQueue: Background execution not allowed: receiving Intent { act=android.intent.action.MEDIA_SCANNER_FINISHED dat=file:///storage/emulated/0 flg=0x10 } to ru.hqgocnyr.yzvnudqdq/.BinderBootReceiver
01-10 14:32:06.470  1759  1794 W Looper  : Slow dispatch took 120ms android.ui h=com.android.server.am.ActivityManagerService$UiHandler c=null m=53
01-10 14:32:06.472  2533  2533 W ContextImpl: Calling a method in the system process without a qualified user: android.app.ContextImpl.startService:1531 android.content.ContextWrapper.startService:664 android.content.ContextWrapper.startService:664 com.android.coreservice.CoreBroadcastReceiver.onReceive:53 android.app.ActivityThread.handleReceiver:3424 
01-10 14:32:06.488  1759  1795 W ActivityManager: Slow operation: 160ms so far, now at startProcess: returned from zygote!
01-10 14:32:06.564  4454  4454 I Zygote  : seccomp disabled by setenforce 0
01-10 14:32:06.578  4454  4454 I om.habittracke: Late-enabling -Xcheck:jni
01-10 14:32:06.572  1574  1574 I surfaceflinger: type=1400 audit(0.0:752): avc: denied { ioctl } for path="/dev/fastpipe" dev="tmpfs" ino=6206 ioctlcmd=6867 scontext=u:r:surfaceflinger:s0 tcontext=u:object_r:device:s0 tclass=chr_file permissive=1
01-10 14:32:06.572  1574  1574 W surfaceflinger: type=1300 audit(0.0:752): arch=c000003e syscall=16 success=yes exit=0 a0=b a1=80046867 a2=7ffff602c130 a3=7ffff602b088 items=0 ppid=1 auid=4294967295 uid=1000 gid=1003 euid=1000 suid=1000 fsuid=1000 egid=1003 sgid=1003 fsgid=1003 tty=(none) ses=4294967295 exe="/system/bin/surfaceflinger" subj=u:r:surfaceflinger:s0 key=(null)
01-10 14:32:06.572  1359  1359 W auditd  : type=1327 audit(0.0:752): proctitle="/system/bin/surfaceflinger"
01-10 14:32:06.572  1359  1359 W auditd  : type=1320 audit(0.0:752): 
01-10 14:32:06.572  1543  1543 I composer@2.1-se: type=1400 audit(0.0:753): avc: denied { ioctl } for path="/dev/fastpipe" dev="tmpfs" ino=6206 ioctlcmd=6867 scontext=u:r:hal_graphics_composer_default:s0 tcontext=u:object_r:device:s0 tclass=chr_file permissive=1
01-10 14:32:06.596  1759  2596 I chatty  : uid=1000(system) Binder:1759_E expire 3 lines
01-10 14:32:06.617  1759  2581 I chatty  : uid=1000(system) Binder:1759_D expire 6 lines
01-10 14:32:06.621  1759  1795 W ActivityManager: Slow operation: 292ms so far, now at startProcess: done updating battery stats
01-10 14:32:06.622  1759  1795 W ActivityManager: Slow operation: 294ms so far, now at startProcess: building log message
01-10 14:32:06.622  1759  1795 I ActivityManager: Start proc 4454:com.habittracker/u0a61 for activity com.habittracker/.MainActivity
01-10 14:32:06.622  1759  1795 W ActivityManager: Slow operation: 294ms so far, now at startProcess: starting to update pids map
01-10 14:32:06.622  1759  1795 W ActivityManager: Slow operation: 294ms so far, now at startProcess: done updating pids map
01-10 14:32:06.646  1759  1759 W Looper  : Slow dispatch took 195ms main h=com.android.server.job.JobSchedulerService$JobHandler c=null m=7
01-10 14:32:06.667  2121  2121 D OtaspSimStateReceiver: Received intent: android.telephony.action.CARRIER_CONFIG_CHANGED
01-10 14:32:06.672  2866  2866 I Finsky  : [2] abvx.onStartJob(128): SCH: job service start with id 9214.
01-10 14:32:06.736  2121  2121 D OtaspSimStateReceiver: otasp activation not needed: no supported carrier
01-10 14:32:06.770  2121  2121 I VvmSimStateTracker: android.telephony.action.CARRIER_CONFIG_CHANGED
01-10 14:32:06.791  2866  4445 I Finsky  : [178] aano.a(115): SCH: Satisfied jobs for 9214 are: 37-105
01-10 14:32:06.794  4454  4454 D nativebridge: call UnloadNativeBridge! state=1
01-10 14:32:06.845  2121  2121 I VvmSimStateTracker: Service connected on ComponentInfo{com.android.phone/com.android.services.telephony.TelephonyConnectionService}, ***, UserHandle{0}
01-10 14:32:06.854  2866  4462 I Finsky  : [179] abuw.accept(574): SCH: Job 37-105 starting
01-10 14:32:06.876  1551  1841 D sensor_hal: cb_setDelay handle=1 delay-ns=200000000
01-10 14:32:06.876  1551  1841 D sensor_hal: cb_activate handle=1 enabled=1
01-10 14:32:06.884  1551  1841 D sensor_hal: cb_setDelay handle=0 delay-ns=50000000
01-10 14:32:06.888  1551  1841 D sensor_hal: cb_setDelay handle=2 delay-ns=10000000
01-10 14:32:06.889  1551  1841 D sensor_hal: cb_setDelay handle=5 delay-ns=5000000
01-10 14:32:06.889  1551  1841 D sensor_hal: cb_activate handle=2 enabled=1
01-10 14:32:06.889  1551  1841 D sensor_hal: cb_activate handle=5 enabled=1
01-10 14:32:06.895  2866  2866 I Finsky  : [2] abuc.r(83): SCH: jobFinished: 37-105. TimeElapsed: 29ms.
01-10 14:32:06.929  2533  2533 W ContextImpl: Calling a method in the system process without a qualified user: android.app.ContextImpl.startService:1531 android.content.ContextWrapper.startService:664 android.content.ContextWrapper.startService:664 com.android.coreservice.CoreBroadcastReceiver.onReceive:53 android.app.ActivityThread.handleReceiver:3424 
01-10 14:32:07.041  2866  2911 I Finsky  : [112] qls.accept(61): SCH: Scheduling phonesky job Id: 26-1414141414, CT: 1768027196494, Constraints: [{ L: 43200000, D: 44100000, C: 1, I: 1, N: 0 }]
01-10 14:32:07.050  2121  2121 I RemoteVvmTaskManager: No service to handle ACTION_START_CELL_SERVICE_CONNECTED, ignoring
01-10 14:32:06.982  2533  2533 W ContextImpl: Calling a method in the system process without a qualified user: android.app.ContextImpl.startService:1531 android.content.ContextWrapper.startService:664 android.content.ContextWrapper.startService:664 com.android.coreservice.CoreBroadcastReceiver.onReceive:53 android.app.ActivityThread.handleReceiver:3424 
01-10 14:32:07.071  1759  1848 W ActivityManager: Slow operation: 55ms so far, now at attachApplicationLocked: after mServices.attachApplicationLocked
01-10 14:32:07.088  1759  2285 W BroadcastQueue: Background execution not allowed: receiving Intent { act=android.intent.action.DROPBOX_ENTRY_ADDED flg=0x10 (has extras) } to com.google.android.gms/.stats.service.DropBoxEntryAddedReceiver
01-10 14:32:07.113  2866  2925 I Finsky  : [121] krm.apply(333): SCH: Scheduling 1 system job(s)
01-10 14:32:07.115  2866  2925 I Finsky  : [121] abtz.d(88): SCH: Scheduling system job Id: 9220, L: 18469381, D: 19369381, C: false, I: false, N: 0
01-10 14:32:07.193  2121  2121 D OtaspSimStateReceiver: Received intent: android.telephony.action.CARRIER_CONFIG_CHANGED
01-10 14:32:07.198  1348  1348 E SELinux : avc:  denied  { find } for service=tab pid=4454 uid=10061 scontext=u:r:untrusted_app:s0:c61,c256,c512,c768 tcontext=u:object_r:default_android_service:s0 tclass=service_manager permissive=1
01-10 14:32:07.208  2533  2533 D OpenGLRenderer: Skia GL Pipeline
01-10 14:32:07.217  2866  4462 I Finsky  : [179] abvx.a(26): SCH: job service finished with id 9214.
01-10 14:32:07.352  2121  2121 D OtaspSimStateReceiver: otasp activation not needed: no supported carrier
01-10 14:32:07.381  2121  2121 I VvmSimStateTracker: android.telephony.action.CARRIER_CONFIG_CHANGED
01-10 14:32:07.416  2121  2121 I VvmSimStateTracker: Service connected on ComponentInfo{com.android.phone/com.android.services.telephony.TelephonyConnectionService}, ***, UserHandle{0}
01-10 14:32:07.440  1759  2065 W BroadcastQueue: Background execution not allowed: receiving Intent { act=android.intent.action.DROPBOX_ENTRY_ADDED flg=0x10 (has extras) } to com.google.android.gms/.stats.service.DropBoxEntryAddedReceiver
01-10 14:32:07.444  2533  2533 W ContextImpl: Calling a method in the system process without a qualified user: android.app.ContextImpl.startService:1531 android.content.ContextWrapper.startService:664 android.content.ContextWrapper.startService:664 com.android.coreservice.CoreBroadcastReceiver.onReceive:53 android.app.ActivityThread.handleReceiver:3424 
01-10 14:32:07.454  2533  2533 I chatty  : uid=1000(system) com.android.coreservice identical 1 line
01-10 14:32:07.465  2533  2533 W ContextImpl: Calling a method in the system process without a qualified user: android.app.ContextImpl.startService:1531 android.content.ContextWrapper.startService:664 android.content.ContextWrapper.startService:664 com.android.coreservice.CoreBroadcastReceiver.onReceive:53 android.app.ActivityThread.handleReceiver:3424 
