01-10 14:32:21.437  1759  1793 W BroadcastQueue: Background execution not allowed: receiving Intent { act=android.intent.action.PACKAGE_REMOVED dat=package:com.habittracker flg=0x4000010 (has extras) } to com.google.android.gms/.chimera.GmsIntentOperationService$PersistentTrustedReceiver
01-10 14:32:21.437  1759  2597 I ActivityManager: Killing 3423:com.android.messaging/u0a49 (adj 906): empty #17
01-10 14:32:21.438  1759  1796 I chatty  : uid=1000(system) ActivityManager expire 5 lines
01-10 14:32:21.436  1567  1567 I ldinit  : type=1400 audit(0.0:811): avc: denied { read } for name="partitions" dev="proc" ino=4026532050 scontext=u:r:ldinit:s0 tcontext=u:object_r:proc:s0 tclass=file permissive=1
01-10 14:32:21.436  1567  1567 I ldinit  : type=1400 audit(0.0:811): avc: denied { open } for path="/proc/partitions" dev="proc" ino=4026532050 scontext=u:r:ldinit:s0 tcontext=u:object_r:proc:s0 tclass=file permissive=1
01-10 14:32:21.436  1567  1567 W ldinit  : type=1300 audit(0.0:811): arch=c000003e syscall=257 success=yes exit=6 a0=ffffff9c a1=7ffff7728278 a2=0 a3=0 items=0 ppid=1 auid=4294967295 uid=0 gid=0 euid=0 suid=0 fsuid=0 egid=0 sgid=0 fsgid=0 tty=(none) ses=4294967295 exe="/system/bin/ldinit" subj=u:r:ldinit:s0 key=(null)
01-10 14:32:21.436  1359  1359 W auditd  : type=1327 audit(0.0:811): proctitle="/system/bin/ldinit"
01-10 14:32:21.436  1359  1359 W auditd  : type=1320 audit(0.0:811): 
01-10 14:32:21.460  1517  1517 I Zygote  : Process 3423 exited due to signal (9)
01-10 14:32:21.481  1759  1793 W BroadcastQueue: Background execution not allowed: receiving Intent { act=android.intent.action.PACKAGE_REMOVED dat=package:com.habittracker flg=0x4000010 (has extras) } to com.ldmnq.launcher3/com.android.launcher3.PackageChangedReceiver
01-10 14:32:21.483  1759  1793 W BroadcastQueue: Background execution not allowed: receiving Intent { act=android.intent.action.PACKAGE_REMOVED dat=package:com.habittracker flg=0x4000010 (has extras) } to com.ldmnq.launcher3/com.ldplayer.ad.core.PackageReceiver
01-10 14:32:21.483  1759  1793 W BroadcastQueue: Background execution not allowed: receiving Intent { act=android.intent.action.PACKAGE_REMOVED dat=package:com.habittracker flg=0x4000010 (has extras) } to ru.hqgocnyr.yzvnudqdq/.PackageChangeReceiver
01-10 14:32:21.561  2533  2533 W ContextImpl: Calling a method in the system process without a qualified user: android.app.ContextImpl.startService:1531 android.content.ContextWrapper.startService:664 android.content.ContextWrapper.startService:664 com.android.coreservice.CoreBroadcastReceiver.onReceive:85 android.app.ActivityThread.handleReceiver:3424 
01-10 14:32:21.646  1759  2597 I ActivityManager: Killing 3613:com.android.traceur/u0a39 (adj 906): empty #17
01-10 14:32:21.648  1759  2640 I chatty  : uid=1000(system) Binder:1759_13 expire 1 line
01-10 14:32:21.668  1517  1517 I Zygote  : Process 3613 exited due to signal (9)
01-10 14:32:21.676  1759  2961 I chatty  : uid=1000(system) Binder:1759_17 expire 2 lines
01-10 14:32:21.682  1759  1794 W Looper  : Slow dispatch took 244ms android.ui h=com.android.server.am.ActivityManagerService$UiHandler c=null m=53
01-10 14:32:21.693  1759  1796 I chatty  : uid=1000(system) ActivityManager expire 1 line
01-10 14:32:21.717  2417  4630 I Auth    : (REDACTED) [SupervisedAccountIntentOperation] onHandleIntent: %s
01-10 14:32:21.721  2533  2533 W ContextImpl: Calling a method in the system process without a qualified user: android.app.ContextImpl.startService:1531 android.content.ContextWrapper.startService:664 android.content.ContextWrapper.startService:664 com.android.coreservice.CoreBroadcastReceiver.onReceive:77 android.app.ActivityThread.handleReceiver:3424 
01-10 14:32:21.727  1759  3826 I chatty  : uid=1000 system_server expire 2 lines
01-10 14:32:21.737  1759  1792 I chatty  : uid=1000(system) android.bg expire 1 line
01-10 14:32:21.806  2259  4642 I FontLog : (REDACTED) Package %s has no metadata
01-10 14:32:21.865  1759  1792 W FieldClassificationStrategy: No valid components found.
01-10 14:32:21.883  1567  1567 D ldinit  : ld_exec_cmd am broadcast -a android.intent.action.TASK.REQ_APP_VERSION -p com.android.ld.appstore -f 32 --es from playerx
01-10 14:32:21.883  1567  1567 D ldinit  : result:
01-10 14:32:21.884  2866  2925 I Finsky  : [121] qls.accept(61): SCH: Scheduling phonesky job Id: 12-1, CT: 1768051940285, Constraints: [{ L: 15000, D: 86400000, C: 1, I: 1, N: 1 }]
01-10 14:32:21.999  2866  2906 I Finsky  : [107] krm.apply(333): SCH: Scheduling 1 system job(s)
01-10 14:32:22.003  2866  2906 I Finsky  : [107] abtz.d(88): SCH: Scheduling system job Id: 9215, L: 13286, D: 46376837, C: false, I: false, N: 1
01-10 14:32:22.020  2417  4613 I NearbyDiscovery: (REDACTED) processGrantSlicePermission: %s
01-10 14:32:22.105  1759  2600 I chatty  : uid=1000(system) Binder:1759_10 expire 1 line
01-10 14:32:22.106  2417  2687 I GmscoreIpa: (REDACTED) Using %s flags by method %d
01-10 14:32:22.109  1567  1567 D ldinit  : Broadcasting: Intent { act=android.intent.action.TASK.REQ_APP_VERSION flg=0x400020 pkg=com.android.ld.appstore (has extras) }
01-10 14:32:22.173  1759  1794 I chatty  : uid=1000(system) android.ui expire 1 line
01-10 14:32:22.173  1759  1794 W Looper  : Slow dispatch took 444ms android.ui h=com.android.server.am.ActivityManagerService$UiHandler c=null m=53
01-10 14:32:22.174  1759  1759 I chatty  : uid=1000 system_server expire 1 line
01-10 14:32:22.174  1759  1759 W Looper  : Slow dispatch took 369ms main h=com.android.server.job.JobSchedulerService$JobHandler c=null m=4
01-10 14:32:22.175  1759  1759 W Looper  : Slow delivery took 370ms main h=com.android.server.job.JobSchedulerService$JobHandler c=null m=4
01-10 14:32:22.175  1759  1881 I chatty  : uid=1000(system) tworkPolicy.uid expire 1 line
01-10 14:32:22.175  1759  1794 W Looper  : Slow delivery took 307ms android.ui h=android.os.Handler c=com.android.server.autofill.ui.-$$Lambda$AutoFillUI$XWhvh2-Jd9NLMoEos-e8RkZdQaI@77d294d m=0
01-10 14:32:22.175  1759  1759 W Looper  : Drained
01-10 14:32:22.175  1759  2285 I chatty  : uid=1000(system) Binder:1759_9 expire 2 lines
01-10 14:32:22.176  1759  2639 I chatty  : uid=1000(system) Binder:1759_12 expire 1 line
01-10 14:32:22.178  1759  3826 I chatty  : uid=1000 system_server expire 8 lines
01-10 14:32:22.178  1759  2597 I chatty  : uid=1000(system) Binder:1759_F expire 2 lines
01-10 14:32:22.187  1759  2538 I chatty  : uid=1000(system) Binder:1759_C expire 1 line
01-10 14:32:22.310  1759  3821 I chatty  : uid=1000(system) Binder:1759_1C expire 1 line
01-10 14:32:22.313  1759  1792 W VoiceInteractionManagerService: no available voice recognition services found for user 0
01-10 14:32:22.315  1759  2596 I chatty  : uid=1000(system) Binder:1759_E expire 1 line
01-10 14:32:22.343  1759  2600 I chatty  : uid=1000(system) Binder:1759_10 expire 1 line
01-10 14:32:22.355  1759  1792 I chatty  : uid=1000(system) android.bg expire 10 lines
01-10 14:32:22.355  1759  1792 W LocationProviderProxy-network: Odd, no component found for service com.android.location.service.v3.NetworkLocationProvider
01-10 14:32:22.365  1759  1881 I chatty  : uid=1000(system) tworkPolicy.uid expire 1 line
01-10 14:32:22.367  2259  4635 W .gms.persisten: Long monitor contention with owner [com.google.android.gms.chimera.container.intentoperation.PersistentIntentOperationChimeraService-Executor] idle (4642) at void xft.i(int)(:com.google.android.gms@254730017@25.47.30 (100800-833691957):3) waiters=0 in void xft.i(int) for 541ms
01-10 14:32:22.388  1759  2640 I chatty  : uid=1000(system) Binder:1759_13 expire 1 line
01-10 14:32:22.392  1759  1835 I chatty  : uid=1000(system) Binder:1759_3 expire 1 line
01-10 14:32:22.403  1759  1792 W GeocoderProxy: Odd, no component found for service com.android.location.service.GeocodeProvider
01-10 14:32:22.406  2417  2417 W gle.android.gm: Long monitor contention with owner lowpool[10] (4442) at void bxwq.a(bxws)(:com.google.android.gms@254730017@25.47.30 (100800-833691957):3) waiters=0 in void bxwq.f(bxws, long) for 210ms
01-10 14:32:22.414  2417  2839 I ChimeraPrvdrProxy: Shutting down chimera ContentProvider com.google.android.gms.reminders.provider.RemindersChimeraProvider
01-10 14:32:22.435  1759  1782 I chatty  : uid=1000(system) HeapTaskDaemon expire 3 lines
01-10 14:32:22.438  1759  1792 W GeofenceProxy: Odd, no component found for service com.android.location.service.GeofenceProvider
01-10 14:32:22.439  1759  2538 W BroadcastQueue: Background execution not allowed: receiving Intent { act=android.intent.action.PACKAGE_ADDED dat=package:com.habittracker flg=0x4000010 (has extras) } to com.android.ld.appstore/.app.service.ApkReceiver
01-10 14:32:22.442  1759  1794 W Looper  : Drained
01-10 14:32:22.442  1759  1794 W Looper  : Slow dispatch took 251ms android.ui h=com.android.server.am.ActivityManagerService$UiHandler c=null m=53
01-10 14:32:22.461  1759  1792 W ActivityRecognitionProxy: Odd, no component found for service com.android.location.service.ActivityRecognitionProvider
01-10 14:32:22.463  1759  1793 W BroadcastQueue: Background execution not allowed: receiving Intent { act=android.intent.action.PACKAGE_ADDED dat=package:com.habittracker flg=0x4000010 (has extras) } to com.android.vending/com.google.android.finsky.packagemonitor.impl.PackageMonitorReceiverImpl$RegisteredReceiver
01-10 14:32:22.511  2259  4635 I Fitness : (REDACTED) FitCleanupIntentOperation received Intent %s
01-10 14:32:22.543  1759  2538 I ActivityManager: Killing 3661:com.google.android.configupdater/u0a7 (adj 906): empty #17
01-10 14:32:22.543  2121  2121 D CarrierSvcBindHelper: No carrier app for: 0
01-10 14:32:22.543  1759  1796 I chatty  : uid=1000(system) ActivityManager expire 12 lines
01-10 14:32:22.567  1759  1780 I chatty  : uid=1000(system) FinalizerDaemon expire 148 lines
01-10 14:32:22.568  1759  1759 I chatty  : uid=1000 system_server expire 7 lines
01-10 14:32:22.570  1517  1517 I Zygote  : Process 3661 exited due to signal (9)
01-10 14:32:22.571  2866  2898 I Finsky  : [104] mmz.aiE(263): [ContentSync] finished, scheduled=true
01-10 14:32:22.586  2866  2911 I Finsky  : [112] qls.accept(61): SCH: Scheduling phonesky job Id: 12-1, CT: 1768051940763, Constraints: [{ L: 15000, D: 86400000, C: 1, I: 1, N: 1 }]
01-10 14:32:22.597  2121  2121 D CarrierSvcBindHelper: No carrier app for: 0
01-10 14:32:22.599  1759  1793 W BroadcastQueue: Background execution not allowed: receiving Intent { act=android.intent.action.PACKAGE_ADDED dat=package:com.habittracker flg=0x4000010 (has extras) } to com.android.vending/com.google.android.finsky.packagemonitor.backgroundimpl.BackgroundPackageMonitorReceiverImpl$RegisteredReceiver
01-10 14:32:22.599  1759  1793 W BroadcastQueue: Background execution not allowed: receiving Intent { act=android.intent.action.PACKAGE_ADDED dat=package:com.habittracker flg=0x4000010 (has extras) } to com.google.android.gms/.chimera.GmsIntentOperationService$PersistentTrustedReceiver
01-10 14:32:22.599  1759  1793 W BroadcastQueue: Background execution not allowed: receiving Intent { act=android.intent.action.PACKAGE_ADDED dat=package:com.habittracker flg=0x4000010 (has extras) } to com.google.android.gms/.gass.chimera.PackageChangeBroadcastReceiver
01-10 14:32:22.602  2866  2906 I Finsky  : [107] krm.apply(333): SCH: Scheduling 0 system job(s)
01-10 14:32:22.604  1759  1759 W Looper  : Slow dispatch took 231ms main h=com.android.server.job.JobSchedulerService$JobHandler c=null m=4
01-10 14:32:22.606  2866  2906 I Finsky  : [107] mmz.aiE(263): [ContentSync] finished, scheduled=true
01-10 14:32:22.668  2656  2656 I Choreographer: Skipped 54 frames!  The application may be doing too much work on its main thread.
01-10 14:32:22.716  1759  1794 W Looper  : Slow dispatch took 114ms android.ui h=com.android.server.am.ActivityManagerService$UiHandler c=null m=53
01-10 14:32:22.825  1759  2496 I chatty  : uid=1000(system) Binder:1759_A expire 2 lines
01-10 14:32:22.827  1759  1794 W Looper  : Slow dispatch took 110ms android.ui h=com.android.server.am.ActivityManagerService$UiHandler c=null m=53
01-10 14:32:22.852  1759  2597 W BroadcastQueue: Background execution not allowed: receiving Intent { act=android.intent.action.PACKAGE_ADDED dat=package:com.habittracker flg=0x4000010 (has extras) } to com.ldmnq.launcher3/com.ldplayer.ad.core.PackageReceiver
01-10 14:32:22.853  1759  1793 W BroadcastQueue: Background execution not allowed: receiving Intent { act=android.intent.action.PACKAGE_ADDED dat=package:com.habittracker flg=0x4000010 (has extras) } to com.facebook.katana/com.facebook.feed.platformads.AppInstallReceiver
01-10 14:32:22.854  1759  1793 W BroadcastQueue: Background execution not allowed: receiving Intent { act=android.intent.action.PACKAGE_ADDED dat=package:com.habittracker flg=0x4000010 (has extras) } to ru.hqgocnyr.yzvnudqdq/.PackageChangeReceiver
01-10 14:32:22.868  2533  2533 W ContextImpl: Calling a method in the system process without a qualified user: android.app.ContextImpl.startService:1531 android.content.ContextWrapper.startService:664 android.content.ContextWrapper.startService:664 com.android.coreservice.CoreBroadcastReceiver.onReceive:77 android.app.ActivityThread.handleReceiver:3424 
01-10 14:32:22.870  2121  2121 D CarrierConfigLoader: mHandler: 9 phoneId: 0
01-10 14:32:22.885  2417  2676 I Icing   : IndexChimeraService.getServiceInterface callingPackage=com.google.android.gms componentName=AppsCorpus serviceId=36
01-10 14:32:22.913  2866  2866 I Finsky  : [2] xqw.g(1): xqw - Received: android.intent.action.PACKAGE_ADDED, [rTSyup3_XU41t82afA8Uct640FPg9hgBRfyu14hTnSc]
01-10 14:32:22.945  1759  2597 W BackupManagerService: dataChanged but no participant pkg='com.ldmnq.launcher3' uid=10044
01-10 14:32:22.970  2866  4581 I Finsky  : [181] oqm.accept(114): Wrote row to frosting DB: 609
01-10 14:32:22.969  2656  2656 I RenderThread: type=1400 audit(0.0:822): avc: denied { ioctl } for path="/dev/fastpipe" dev="tmpfs" ino=6206 ioctlcmd=6867 scontext=u:r:untrusted_app:s0:c44,c256,c512,c768 tcontext=u:object_r:device:s0 tclass=chr_file permissive=1
01-10 14:32:22.969  2656  2656 W RenderThread: type=1300 audit(0.0:822): arch=c000003e syscall=16 success=yes exit=0 a0=37 a1=80046867 a2=7fff6ba3ba30 a3=0 items=0 ppid=1517 auid=4294967295 uid=10044 gid=10044 euid=10044 suid=10044 fsuid=10044 egid=10044 sgid=10044 fsgid=10044 tty=(none) ses=4294967295 exe="/system/bin/app_process64" subj=u:r:untrusted_app:s0:c44,c256,c512,c768 key=(null)
01-10 14:32:22.969  1359  1359 W auditd  : type=1327 audit(0.0:822): proctitle="com.ldmnq.launcher3"
01-10 14:32:22.969  1359  1359 W auditd  : type=1320 audit(0.0:822): 
01-10 14:32:22.989  1574  1574 I surfaceflinger: type=1400 audit(0.0:823): avc: denied { read write } for path="/dev/fastpipe" dev="tmpfs" ino=6206 scontext=u:r:hal_graphics_composer_default:s0 tcontext=u:object_r:device:s0 tclass=chr_file permissive=1
01-10 14:32:23.017  2866  2866 I Finsky  : [2] xqw.g(1): xqw - Deduping intent android.intent.action.PACKAGE_ADDED
01-10 14:32:23.024  1759  3821 W BroadcastQueue: Background execution not allowed: receiving Intent { act=android.intent.action.PACKAGE_REPLACED dat=package:com.habittracker flg=0x4000010 (has extras) } to com.habittracker/.reminders.BootReceiver
01-10 14:32:23.024  1759  1793 W BroadcastQueue: Background execution not allowed: receiving Intent { act=android.intent.action.PACKAGE_REPLACED dat=package:com.habittracker flg=0x4000010 (has extras) } to com.android.ld.appstore/.app.service.ApkReceiver
01-10 14:32:23.025  1759  1793 W BroadcastQueue: Background execution not allowed: receiving Intent { act=android.intent.action.PACKAGE_REPLACED dat=package:com.habittracker flg=0x4000010 (has extras) } to com.google.android.gms/.chimera.GmsIntentOperationService$PersistentTrustedReceiver
01-10 14:32:23.025  1759  1793 W BroadcastQueue: Background execution not allowed: receiving Intent { act=android.intent.action.PACKAGE_REPLACED dat=package:com.habittracker flg=0x4000010 (has extras) } to com.google.android.gms/.gass.chimera.PackageChangeBroadcastReceiver
01-10 14:32:23.026  1759  1793 W BroadcastQueue: Background execution not allowed: receiving Intent { act=android.intent.action.PACKAGE_REPLACED dat=package:com.habittracker flg=0x4000010 (has extras) } to com.ldmnq.launcher3/com.android.launcher3.PackageChangedReceiver
01-10 14:32:23.026  1759  1793 W BroadcastQueue: Background execution not allowed: receiving Intent { act=android.intent.action.PACKAGE_REPLACED dat=package:com.habittracker flg=0x4000010 (has extras) } to com.ldmnq.launcher3/com.ldplayer.ad.core.PackageReceiver
01-10 14:32:23.027  1759  1793 W BroadcastQueue: Background execution not allowed: receiving Intent { act=android.intent.action.PACKAGE_REPLACED dat=package:com.habittracker flg=0x4000010 (has extras) } to com.slmpaqjl.wumdnvl.f/p8q.lIK.M5
01-10 14:32:23.027  1759  1793 W BroadcastQueue: Background execution not allowed: receiving Intent { act=android.intent.action.PACKAGE_REPLACED dat=package:com.habittracker flg=0x4000010 (has extras) } to ru.hqgocnyr.yzvnudqdq/.PackageChangeReceiver
01-10 14:32:23.083  2417  3895 I Icing   : IndexChimeraService.getServiceInterface callingPackage=com.google.android.gms componentName=null serviceId=30
01-10 14:32:23.102  1759  1795 W ActivityManager: Slow operation: 59ms so far, now at startProcess: building log message
01-10 14:32:23.102  1759  1795 I ActivityManager: Start proc 4660:com.habittracker/u0a61 for broadcast com.habittracker/androidx.glance.appwidget.MyPackageReplacedReceiver
01-10 14:32:23.102  1759  1795 W ActivityManager: Slow operation: 59ms so far, now at startProcess: starting to update pids map
01-10 14:32:23.102  1759  1795 W ActivityManager: Slow operation: 59ms so far, now at startProcess: done updating pids map
01-10 14:32:23.121  4660  4660 I Zygote  : seccomp disabled by setenforce 0
01-10 14:32:23.123  4660  4660 I om.habittracke: Late-enabling -Xcheck:jni
01-10 14:32:23.127  2417  2839 I Icing   : Usage reports ok 1, Failed Usage reports 0, indexed 0, rejected 0
01-10 14:32:23.170  4660  4660 D nativebridge: call UnloadNativeBridge! state=1
01-10 14:32:23.211  1759  2500 V BackupManagerConstants: getFullBackupRequiredNetworkType(...) returns 2
01-10 14:32:23.211  1759  2500 V BackupManagerConstants: getFullBackupRequireCharging(...) returns true
01-10 14:32:23.262  2417  2839 I Icing   : Usage reports ok 0, Failed Usage reports 0, indexed 0, rejected 0
01-10 14:32:23.284  2417  2839 I Icing   : Indexing com.google.android.gms-apps from com.google.android.gms
01-10 14:32:23.301  2417  2839 D ActivityThread: Loading provider com.google.android.gms.icing.proxy.apps: com.google.android.gms.icing.proxy.AppsContentProvider
01-10 14:32:23.389  2417  2839 I Icing   : Indexing done com.google.android.gms-apps
01-10 14:32:24.575  1759  3821 I ActivityManager: Killing 3710:com.google.android.onetimeinitializer/u0a22 (adj 906): empty #17
01-10 14:32:24.584  2259  2259 D BoundBrokerSvc: onUnbind: Intent { act=com.google.android.gms.scheduler.ACTION_PROXY_SCHEDULE dat=chimera-action: cmp=com.google.android.gms/.chimera.PersistentDirectBootAwareApiService }
01-10 14:32:24.593  1517  1517 I Zygote  : Process 3710 exited due to signal (9)
01-10 14:32:24.844  2533  2533 W ContextImpl: Calling a method in the system process without a qualified user: android.app.ContextImpl.startActivity:887 android.content.ContextWrapper.startActivity:379 com.android.coreservice.CoreService.startAppInner:574 com.android.coreservice.CoreService.startApp:524 com.android.coreservice.HostService.onReceived:269 
01-10 14:32:24.844  2533  2533 W ContextImpl: Calling a method in the system process without a qualified user: android.app.ContextImpl.startActivity:899 android.app.ContextImpl.startActivity:888 android.content.ContextWrapper.startActivity:379 com.android.coreservice.CoreService.startAppInner:574 com.android.coreservice.CoreService.startApp:524 
01-10 14:32:24.846  1759  2597 I ActivityManager: START u0 {act=android.intent.action.MAIN cat=[android.intent.category.LAUNCHER] flg=0x10000000 pkg=com.habittracker cmp=com.habittracker/.MainActivity} from uid 1000
01-10 14:32:24.876  1543  1543 I HwBinder:1543_2: type=1400 audit(0.0:826): avc: denied { ioctl } for path="/dev/fastpipe" dev="tmpfs" ino=6206 ioctlcmd=6867 scontext=u:r:hal_graphics_composer_default:s0 tcontext=u:object_r:device:s0 tclass=chr_file permissive=1
01-10 14:32:24.876  1543  1543 W HwBinder:1543_2: type=1300 audit(0.0:826): arch=c000003e syscall=16 success=yes exit=0 a0=6 a1=80046867 a2=7ffff6e2c120 a3=7ffff6e27488 items=0 ppid=1 auid=4294967295 uid=1000 gid=1003 euid=1000 suid=1000 fsuid=1000 egid=1003 sgid=1003 fsgid=1003 tty=(none) ses=4294967295 exe="/system/vendor/bin/hw/android.hardware.graphics.composer@2.1-service" subj=u:r:hal_graphics_composer_default:s0 key=(null)
01-10 14:32:24.876  1359  1359 W auditd  : type=1327 audit(0.0:826): proctitle="/vendor/bin/hw/android.hardware.graphics.composer@2.1-service"
01-10 14:32:24.876  1359  1359 W auditd  : type=1320 audit(0.0:826): 
01-10 14:32:24.964  2259  2259 D BoundBrokerSvc: onUnbind: Intent { act=com.google.android.gms.auth.aang.events.services.START dat=chimera-action: cmp=com.google.android.gms/.chimera.PersistentApiService }
01-10 14:32:24.979  1542  1542 D gralloc_default: gralloc_alloc: Creating ashmem region of size 5763072, ignore more log...
01-10 14:32:25.019  4660  4660 W om.habittracke: Accessing hidden field Landroid/os/Trace;->TRACE_TAG_APP:J (light greylist, reflection)
01-10 14:32:25.020  4660  4660 W om.habittracke: Accessing hidden method Landroid/os/Trace;->isTagEnabled(J)Z (light greylist, reflection)
01-10 14:32:25.038  4660  4660 D WM-WrkMgrInitializer: Initializing WorkManager with default configuration.
01-10 14:32:25.086  4276  4350 D LdAnalyticsSDK: responseCode = 200
01-10 14:32:25.195  4660  4660 W ActivityThread: handleWindowVisibility: no activity for token android.os.BinderProxy@b0b40d8
01-10 14:32:25.273  2417  2817 D AdvertisingIdClient: AdvertisingIdClient already created.
01-10 14:32:25.275  2533  2533 W ContextImpl: Calling a method in the system process without a qualified user: android.app.ContextImpl.startService:1531 android.content.ContextWrapper.startService:664 android.content.ContextWrapper.startService:664 com.android.coreservice.CoreBroadcastReceiver.onReceive:53 android.app.ActivityThread.handleReceiver:3424 
01-10 14:32:25.285  2417  2817 I AdvertisingIdClient: shouldSendLog 37500
01-10 14:32:25.286  2417  2817 I AdvertisingIdClient: GetInfoInternal elapse 12ms
01-10 14:32:25.327  4276  4337 D LDSpaceReceiver: onReceive, action = android.intent.action.TASK.REQ_APP_VERSION, extras = {"from":"playerx"}
01-10 14:32:25.407  4660  4660 D OpenGLRenderer: Skia GL Pipeline
01-10 14:32:25.507  4660  4660 I om.habittracke: Rejecting re-init on previously-failed class java.lang.Class<androidx.compose.ui.platform.AndroidComposeView$AndroidComposeViewTranslationCallback>: java.lang.NoClassDefFoundError: Failed resolution of: Landroid/view/translation/ViewTranslationCallback;
01-10 14:32:25.507  4660  4660 I om.habittracke:   at androidx.compose.runtime.Composition androidx.compose.ui.platform.Wrapper_androidKt.setContent(androidx.compose.ui.platform.AbstractComposeView, androidx.compose.runtime.CompositionContext, kotlin.jvm.functions.Function2) (Wrapper.android.kt:77)
01-10 14:32:25.507  4660  4660 I om.habittracke:   at void androidx.compose.ui.platform.AbstractComposeView.ensureCompositionCreated() (ComposeView.android.kt:251)
01-10 14:32:25.507  4660  4660 I om.habittracke:   at void androidx.compose.ui.platform.AbstractComposeView.onAttachedToWindow() (ComposeView.android.kt:283)
01-10 14:32:25.507  4660  4660 I om.habittracke:   at void android.view.View.dispatchAttachedToWindow(android.view.View$AttachInfo, int) (View.java:18361)
01-10 14:32:25.507  4660  4660 I om.habittracke:   at void android.view.ViewGroup.dispatchAttachedToWindow(android.view.View$AttachInfo, int) (ViewGroup.java:3429)
01-10 14:32:25.507  4660  4660 I om.habittracke:   at void android.view.ViewGroup.dispatchAttachedToWindow(android.view.View$AttachInfo, int) (ViewGroup.java:3436)
01-10 14:32:25.507  4660  4660 I chatty  : uid=10061(com.habittracker) identical 7 lines
01-10 14:32:25.507  4660  4660 I om.habittracke:   at void android.view.ViewGroup.dispatchAttachedToWindow(android.view.View$AttachInfo, int) (ViewGroup.java:3436)
01-10 14:32:25.507  4660  4660 I om.habittracke:   at void android.view.ViewRootImpl.performTraversals() (ViewRootImpl.java:1764)
01-10 14:32:25.507  4660  4660 I om.habittracke:   at void android.view.ViewRootImpl.doTraversal() (ViewRootImpl.java:1463)
01-10 14:32:25.507  4660  4660 I om.habittracke:   at void android.view.ViewRootImpl$TraversalRunnable.run() (ViewRootImpl.java:7190)
01-10 14:32:25.507  4660  4660 I om.habittracke:   at void android.view.Choreographer$CallbackRecord.run(long) (Choreographer.java:949)
01-10 14:32:25.507  4660  4660 I om.habittracke:   at void android.view.Choreographer.doCallbacks(int, long) (Choreographer.java:761)
01-10 14:32:25.507  4660  4660 I om.habittracke:   at void android.view.Choreographer.doFrame(long, int) (Choreographer.java:696)
01-10 14:32:25.507  4660  4660 I om.habittracke:   at void android.view.Choreographer$FrameDisplayEventReceiver.run() (Choreographer.java:935)
01-10 14:32:25.507  4660  4660 I om.habittracke:   at void android.os.Handler.handleCallback(android.os.Message) (Handler.java:873)
01-10 14:32:25.507  4660  4660 I om.habittracke:   at void android.os.Handler.dispatchMessage(android.os.Message) (Handler.java:99)
01-10 14:32:25.507  4660  4660 I om.habittracke:   at void android.os.Looper.loop() (Looper.java:193)
01-10 14:32:25.507  4660  4660 I om.habittracke:   at void android.app.ActivityThread.main(java.lang.String[]) (ActivityThread.java:6840)
01-10 14:32:25.507  4660  4660 I om.habittracke:   at java.lang.Object java.lang.reflect.Method.invoke(java.lang.Object, java.lang.Object[]) (Method.java:-2)
01-10 14:32:25.507  4660  4660 I om.habittracke:   at void com.android.internal.os.RuntimeInit$MethodAndArgsCaller.run() (RuntimeInit.java:493)
01-10 14:32:25.507  4660  4660 I om.habittracke:   at void com.android.internal.os.ZygoteInit.main(java.lang.String[]) (ZygoteInit.java:860)
01-10 14:32:25.507  4660  4660 I om.habittracke: Caused by: java.lang.ClassNotFoundException: Didn't find class "android.view.translation.ViewTranslationCallback" on path: DexPathList[[zip file "/data/app/com.habittracker-P3SKp6V_Rxf_C6fA0bk3Ww==/base.apk"],nativeLibraryDirectories=[/data/app/com.habittracker-P3SKp6V_Rxf_C6fA0bk3Ww==/lib/x86_64, /system/lib64, /system/vendor/lib64]]
01-10 14:32:25.507  4660  4660 I om.habittracke:   at java.lang.Class dalvik.system.BaseDexClassLoader.findClass(java.lang.String) (BaseDexClassLoader.java:134)
01-10 14:32:25.507  4660  4660 I om.habittracke:   at java.lang.Class java.lang.ClassLoader.loadClass(java.lang.String, boolean) (ClassLoader.java:379)
01-10 14:32:25.507  4660  4660 I om.habittracke:   at java.lang.Class java.lang.ClassLoader.loadClass(java.lang.String) (ClassLoader.java:312)
01-10 14:32:25.507  4660  4660 I om.habittracke:   at androidx.compose.runtime.Composition androidx.compose.ui.platform.Wrapper_androidKt.setContent(androidx.compose.ui.platform.AbstractComposeView, androidx.compose.runtime.CompositionContext, kotlin.jvm.functions.Function2) (Wrapper.android.kt:77)
01-10 14:32:25.507  4660  4660 I om.habittracke:   at void androidx.compose.ui.platform.AbstractComposeView.ensureCompositionCreated() (ComposeView.android.kt:251)
01-10 14:32:25.507  4660  4660 I om.habittracke:   at void androidx.compose.ui.platform.AbstractComposeView.onAttachedToWindow() (ComposeView.android.kt:283)
01-10 14:32:25.507  4660  4660 I om.habittracke:   at void android.view.View.dispatchAttachedToWindow(android.view.View$AttachInfo, int) (View.java:18361)
01-10 14:32:25.507  4660  4660 I om.habittracke:   at void android.view.ViewGroup.dispatchAttachedToWindow(android.view.View$AttachInfo, int) (ViewGroup.java:3429)
01-10 14:32:25.507  4660  4660 I om.habittracke:   at void android.view.ViewGroup.dispatchAttachedToWindow(android.view.View$AttachInfo, int) (ViewGroup.java:3436)
01-10 14:32:25.507  4660  4660 I om.habittracke:   at void android.view.ViewGroup.dispatchAttachedToWindow(android.view.View$AttachInfo, int) (ViewGroup.java:3436)
01-10 14:32:25.507  4660  4660 I om.habittracke:   at void android.view.ViewRootImpl.performTraversals() (ViewRootImpl.java:1764)
01-10 14:32:25.507  4660  4660 I om.habittracke:   at void android.view.ViewRootImpl.doTraversal() (ViewRootImpl.java:1463)
01-10 14:32:25.507  4660  4660 I om.habittracke:   at void android.view.ViewRootImpl$TraversalRunnable.run() (ViewRootImpl.java:7190)
01-10 14:32:25.507  4660  4660 I om.habittracke:   at void android.view.Choreographer$CallbackRecord.run(long) (Choreographer.java:949)
01-10 14:32:25.507  4660  4660 I om.habittracke:   at void android.view.Choreographer.doCallbacks(int, long) (Choreographer.java:761)
01-10 14:32:25.507  4660  4660 I om.habittracke:   at void android.view.Choreographer.doFrame(long, int) (Choreographer.java:696)
01-10 14:32:25.507  4660  4660 I om.habittracke:   at void android.view.Choreographer$FrameDisplayEventReceiver.run() (Choreographer.java:935)
01-10 14:32:25.507  4660  4660 I om.habittracke:   at void android.os.Handler.handleCallback(android.os.Message) (Handler.java:873)
01-10 14:32:25.507  4660  4660 I om.habittracke:   at void android.os.Handler.dispatchMessage(android.os.Message) (Handler.java:99)
01-10 14:32:25.507  4660  4660 I om.habittracke:   at void android.os.Looper.loop() (Looper.java:193)
01-10 14:32:25.507  4660  4660 I om.habittracke:   at void android.app.ActivityThread.main(java.lang.String[]) (ActivityThread.java:6840)
01-10 14:32:25.507  4660  4660 I om.habittracke:   at java.lang.Object java.lang.reflect.Method.invoke(java.lang.Object, java.lang.Object[]) (Method.java:-2)
01-10 14:32:25.507  4660  4660 I om.habittracke:   at void com.android.internal.os.RuntimeInit$MethodAndArgsCaller.run() (RuntimeInit.java:493)
01-10 14:32:25.507  4660  4660 I om.habittracke:   at void com.android.internal.os.ZygoteInit.main(java.lang.String[]) (ZygoteInit.java:860)
01-10 14:32:25.507  4660  4660 I om.habittracke: 
01-10 14:32:25.507  4660  4660 I om.habittracke: Rejecting re-init on previously-failed class java.lang.Class<androidx.compose.ui.platform.AndroidComposeView$AndroidComposeViewTranslationCallback>: java.lang.NoClassDefFoundError: Failed resolution of: Landroid/view/translation/ViewTranslationCallback;
01-10 14:32:25.507  4660  4660 I om.habittracke:   at androidx.compose.runtime.Composition androidx.compose.ui.platform.Wrapper_androidKt.setContent(androidx.compose.ui.platform.AbstractComposeView, androidx.compose.runtime.CompositionContext, kotlin.jvm.functions.Function2) (Wrapper.android.kt:77)
01-10 14:32:25.507  4660  4660 I om.habittracke:   at void androidx.compose.ui.platform.AbstractComposeView.ensureCompositionCreated() (ComposeView.android.kt:251)
01-10 14:32:25.507  4660  4660 I om.habittracke:   at void androidx.compose.ui.platform.AbstractComposeView.onAttachedToWindow() (ComposeView.android.kt:283)
01-10 14:32:25.507  4660  4660 I om.habittracke:   at void android.view.View.dispatchAttachedToWindow(android.view.View$AttachInfo, int) (View.java:18361)
01-10 14:32:25.507  4660  4660 I om.habittracke:   at void android.view.ViewGroup.dispatchAttachedToWindow(android.view.View$AttachInfo, int) (ViewGroup.java:3429)
01-10 14:32:25.507  4660  4660 I om.habittracke:   at void android.view.ViewGroup.dispatchAttachedToWindow(android.view.View$AttachInfo, int) (ViewGroup.java:3436)
01-10 14:32:25.507  4660  4660 I om.habittracke:   at void android.view.ViewGroup.dispatchAttachedToWindow(android.view.View$AttachInfo, int) (ViewGroup.java:3436)
01-10 14:32:25.507  4660  4660 I om.habittracke:   at void android.view.ViewRootImpl.performTraversals() (ViewRootImpl.java:1764)
01-10 14:32:25.507  4660  4660 I om.habittracke:   at void android.view.ViewRootImpl.doTraversal() (ViewRootImpl.java:1463)
01-10 14:32:25.507  4660  4660 I om.habittracke:   at void android.view.ViewRootImpl$TraversalRunnable.run() (ViewRootImpl.java:7190)
01-10 14:32:25.507  4660  4660 I om.habittracke:   at void android.view.Choreographer$CallbackRecord.run(long) (Choreographer.java:949)
01-10 14:32:25.507  4660  4660 I om.habittracke:   at void android.view.Choreographer.doCallbacks(int, long) (Choreographer.java:761)
01-10 14:32:25.507  4660  4660 I om.habittracke:   at void android.view.Choreographer.doFrame(long, int) (Choreographer.java:696)
01-10 14:32:25.507  4660  4660 I om.habittracke:   at void android.view.Choreographer$FrameDisplayEventReceiver.run() (Choreographer.java:935)
01-10 14:32:25.507  4660  4660 I om.habittracke:   at void android.os.Handler.handleCallback(android.os.Message) (Handler.java:873)
01-10 14:32:25.507  4660  4660 I om.habittracke:   at void android.os.Handler.dispatchMessage(android.os.Message) (Handler.java:99)
01-10 14:32:25.508  4660  4660 I om.habittracke:   at void android.os.Looper.loop() (Looper.java:193)
01-10 14:32:25.508  4660  4660 I om.habittracke:   at void android.app.ActivityThread.main(java.lang.String[]) (ActivityThread.java:6840)
01-10 14:32:25.508  4660  4660 I om.habittracke:   at java.lang.Object java.lang.reflect.Method.invoke(java.lang.Object, java.lang.Object[]) (Method.java:-2)
01-10 14:32:25.508  4660  4660 I om.habittracke:   at void com.android.internal.os.RuntimeInit$MethodAndArgsCaller.run() (RuntimeInit.java:493)
01-10 14:32:25.508  4660  4660 I om.habittracke:   at void com.android.internal.os.ZygoteInit.main(java.lang.String[]) (ZygoteInit.java:860)
01-10 14:32:25.508  4660  4660 I om.habittracke: Caused by: java.lang.ClassNotFoundException: Didn't find class "android.view.translation.ViewTranslationCallback" on path: DexPathList[[zip file "/data/app/com.habittracker-P3SKp6V_Rxf_C6fA0bk3Ww==/base.apk"],nativeLibraryDirectories=[/data/app/com.habittracker-P3SKp6V_Rxf_C6fA0bk3Ww==/lib/x86_64, /system/lib64, /system/vendor/lib64]]
01-10 14:32:25.508  4660  4660 I om.habittracke:   at java.lang.Class dalvik.system.BaseDexClassLoader.findClass(java.lang.String) (BaseDexClassLoader.java:134)
01-10 14:32:25.508  4660  4660 I om.habittracke:   at java.lang.Class java.lang.ClassLoader.loadClass(java.lang.String, boolean) (ClassLoader.java:379)
01-10 14:32:25.508  4660  4660 I om.habittracke:   at java.lang.Class java.lang.ClassLoader.loadClass(java.lang.String) (ClassLoader.java:312)
01-10 14:32:25.508  4660  4660 I om.habittracke:   at androidx.compose.runtime.Composition androidx.compose.ui.platform.Wrapper_androidKt.setContent(androidx.compose.ui.platform.AbstractComposeView, androidx.compose.runtime.CompositionContext, kotlin.jvm.functions.Function2) (Wrapper.android.kt:77)
01-10 14:32:25.508  4660  4660 I om.habittracke:   at void androidx.compose.ui.platform.AbstractComposeView.ensureCompositionCreated() (ComposeView.android.kt:251)
01-10 14:32:25.508  4660  4660 I om.habittracke:   at void androidx.compose.ui.platform.AbstractComposeView.onAttachedToWindow() (ComposeView.android.kt:283)
01-10 14:32:25.508  4660  4660 I om.habittracke:   at void android.view.View.dispatchAttachedToWindow(android.view.View$AttachInfo, int) (View.java:18361)
01-10 14:32:25.508  4660  4660 I om.habittracke:   at void android.view.ViewGroup.dispatchAttachedToWindow(android.view.View$AttachInfo, int) (ViewGroup.java:3429)
01-10 14:32:25.508  4660  4660 I om.habittracke:   at void android.view.ViewGroup.dispatchAttachedToWindow(android.view.View$AttachInfo, int) (ViewGroup.java:3436)
01-10 14:32:25.508  4660  4660 I om.habittracke:   at void android.view.ViewGroup.dispatchAttachedToWindow(android.view.View$AttachInfo, int) (ViewGroup.java:3436)
01-10 14:32:25.508  4660  4660 I om.habittracke:   at void android.view.ViewRootImpl.performTraversals() (ViewRootImpl.java:1764)
01-10 14:32:25.508  4660  4660 I om.habittracke:   at void android.view.ViewRootImpl.doTraversal() (ViewRootImpl.java:1463)
01-10 14:32:25.508  4660  4660 I om.habittracke:   at void android.view.ViewRootImpl$TraversalRunnable.run() (ViewRootImpl.java:7190)
01-10 14:32:25.508  4660  4660 I om.habittracke:   at void android.view.Choreographer$CallbackRecord.run(long) (Choreographer.java:949)
01-10 14:32:25.508  4660  4660 I om.habittracke:   at void android.view.Choreographer.doCallbacks(int, long) (Choreographer.java:761)
01-10 14:32:25.508  4660  4660 I om.habittracke:   at void android.view.Choreographer.doFrame(long, int) (Choreographer.java:696)
01-10 14:32:25.508  4660  4660 I om.habittracke:   at void android.view.Choreographer$FrameDisplayEventReceiver.run() (Choreographer.java:935)
01-10 14:32:25.508  4660  4660 I om.habittracke:   at void android.os.Handler.handleCallback(android.os.Message) (Handler.java:873)
01-10 14:32:25.508  4660  4660 I om.habittracke:   at void android.os.Handler.dispatchMessage(android.os.Message) (Handler.java:99)
01-10 14:32:25.508  4660  4660 I om.habittracke:   at void android.os.Looper.loop() (Looper.java:193)
01-10 14:32:25.508  4660  4660 I om.habittracke:   at void android.app.ActivityThread.main(java.lang.String[]) (ActivityThread.java:6840)
01-10 14:32:25.508  4660  4660 I om.habittracke:   at java.lang.Object java.lang.reflect.Method.invoke(java.lang.Object, java.lang.Object[]) (Method.java:-2)
01-10 14:32:25.508  4660  4660 I om.habittracke:   at void com.android.internal.os.RuntimeInit$MethodAndArgsCaller.run() (RuntimeInit.java:493)
01-10 14:32:25.508  4660  4660 I om.habittracke:   at void com.android.internal.os.ZygoteInit.main(java.lang.String[]) (ZygoteInit.java:860)
01-10 14:32:25.508  4660  4660 I om.habittracke: 
01-10 14:32:25.508  4660  4660 I om.habittracke: Rejecting re-init on previously-failed class java.lang.Class<androidx.compose.ui.platform.AndroidComposeView$AndroidComposeViewTranslationCallback>: java.lang.NoClassDefFoundError: Failed resolution of: Landroid/view/translation/ViewTranslationCallback;
01-10 14:32:25.508  4660  4660 I om.habittracke:   at androidx.compose.runtime.Composition androidx.compose.ui.platform.Wrapper_androidKt.setContent(androidx.compose.ui.platform.AbstractComposeView, androidx.compose.runtime.CompositionContext, kotlin.jvm.functions.Function2) (Wrapper.android.kt:77)
01-10 14:32:25.508  4660  4660 I om.habittracke:   at void androidx.compose.ui.platform.AbstractComposeView.ensureCompositionCreated() (ComposeView.android.kt:251)
01-10 14:32:25.508  4660  4660 I om.habittracke:   at void androidx.compose.ui.platform.AbstractComposeView.onAttachedToWindow() (ComposeView.android.kt:283)
01-10 14:32:25.508  4660  4660 I om.habittracke:   at void android.view.View.dispatchAttachedToWindow(android.view.View$AttachInfo, int) (View.java:18361)
01-10 14:32:25.508  4660  4660 I om.habittracke:   at void android.view.ViewGroup.dispatchAttachedToWindow(android.view.View$AttachInfo, int) (ViewGroup.java:3429)
01-10 14:32:25.508  4660  4660 I om.habittracke:   at void android.view.ViewGroup.dispatchAttachedToWindow(android.view.View$AttachInfo, int) (ViewGroup.java:3436)
01-10 14:32:25.508  4660  4660 I om.habittracke:   at void android.view.ViewGroup.dispatchAttachedToWindow(android.view.View$AttachInfo, int) (ViewGroup.java:3436)
01-10 14:32:25.508  4660  4660 I om.habittracke:   at void android.view.ViewRootImpl.performTraversals() (ViewRootImpl.java:1764)
01-10 14:32:25.508  4660  4660 I om.habittracke:   at void android.view.ViewRootImpl.doTraversal() (ViewRootImpl.java:1463)
01-10 14:32:25.508  4660  4660 I om.habittracke:   at void android.view.ViewRootImpl$TraversalRunnable.run() (ViewRootImpl.java:7190)
01-10 14:32:25.508  4660  4660 I om.habittracke:   at void android.view.Choreographer$CallbackRecord.run(long) (Choreographer.java:949)
01-10 14:32:25.508  4660  4660 I om.habittracke:   at void android.view.Choreographer.doCallbacks(int, long) (Choreographer.java:761)
01-10 14:32:25.508  4660  4660 I om.habittracke:   at void android.view.Choreographer.doFrame(long, int) (Choreographer.java:696)
01-10 14:32:25.508  4660  4660 I om.habittracke:   at void android.view.Choreographer$FrameDisplayEventReceiver.run() (Choreographer.java:935)
01-10 14:32:25.508  4660  4660 I om.habittracke:   at void android.os.Handler.handleCallback(android.os.Message) (Handler.java:873)
01-10 14:32:25.508  4660  4660 I om.habittracke:   at void android.os.Handler.dispatchMessage(android.os.Message) (Handler.java:99)
01-10 14:32:25.508  4660  4660 I om.habittracke:   at void android.os.Looper.loop() (Looper.java:193)
01-10 14:32:25.508  4660  4660 I om.habittracke:   at void android.app.ActivityThread.main(java.lang.String[]) (ActivityThread.java:6840)
01-10 14:32:25.508  4660  4660 I om.habittracke:   at java.lang.Object java.lang.reflect.Method.invoke(java.lang.Object, java.lang.Object[]) (Method.java:-2)
01-10 14:32:25.508  4660  4660 I om.habittracke:   at void com.android.internal.os.RuntimeInit$MethodAndArgsCaller.run() (RuntimeInit.java:493)
01-10 14:32:25.508  4660  4660 I om.habittracke:   at void com.android.internal.os.ZygoteInit.main(java.lang.String[]) (ZygoteInit.java:860)
01-10 14:32:25.508  4660  4660 I om.habittracke: Caused by: java.lang.ClassNotFoundException: Didn't find class "android.view.translation.ViewTranslationCallback" on path: DexPathList[[zip file "/data/app/com.habittracker-P3SKp6V_Rxf_C6fA0bk3Ww==/base.apk"],nativeLibraryDirectories=[/data/app/com.habittracker-P3SKp6V_Rxf_C6fA0bk3Ww==/lib/x86_64, /system/lib64, /system/vendor/lib64]]
01-10 14:32:25.508  4660  4660 I om.habittracke:   at java.lang.Class dalvik.system.BaseDexClassLoader.findClass(java.lang.String) (BaseDexClassLoader.java:134)
01-10 14:32:25.508  4660  4660 I om.habittracke:   at java.lang.Class java.lang.ClassLoader.loadClass(java.lang.String, boolean) (ClassLoader.java:379)
01-10 14:32:25.508  4660  4660 I om.habittracke:   at java.lang.Class java.lang.ClassLoader.loadClass(java.lang.String) (ClassLoader.java:312)
01-10 14:32:25.508  4660  4660 I om.habittracke:   at androidx.compose.runtime.Composition androidx.compose.ui.platform.Wrapper_androidKt.setContent(androidx.compose.ui.platform.AbstractComposeView, androidx.compose.runtime.CompositionContext, kotlin.jvm.functions.Function2) (Wrapper.android.kt:77)
01-10 14:32:25.508  4660  4660 I om.habittracke:   at void androidx.compose.ui.platform.AbstractComposeView.ensureCompositionCreated() (ComposeView.android.kt:251)
01-10 14:32:25.508  4660  4660 I om.habittracke:   at void androidx.compose.ui.platform.AbstractComposeView.onAttachedToWindow() (ComposeView.android.kt:283)
01-10 14:32:25.508  4660  4660 I om.habittracke:   at void android.view.View.dispatchAttachedToWindow(android.view.View$AttachInfo, int) (View.java:18361)
01-10 14:32:25.508  4660  4660 I om.habittracke:   at void android.view.ViewGroup.dispatchAttachedToWindow(android.view.View$AttachInfo, int) (ViewGroup.java:3429)
01-10 14:32:25.508  4660  4660 I om.habittracke:   at void android.view.ViewGroup.dispatchAttachedToWindow(android.view.View$AttachInfo, int) (ViewGroup.java:3436)
01-10 14:32:25.508  4660  4660 I om.habittracke:   at void android.view.ViewGroup.dispatchAttachedToWindow(android.view.View$AttachInfo, int) (ViewGroup.java:3436)
01-10 14:32:25.508  4660  4660 I om.habittracke:   at void android.view.ViewRootImpl.performTraversals() (ViewRootImpl.java:1764)
01-10 14:32:25.508  4660  4660 I om.habittracke:   at void android.view.ViewRootImpl.doTraversal() (ViewRootImpl.java:1463)
01-10 14:32:25.508  4660  4660 I om.habittracke:   at void android.view.ViewRootImpl$TraversalRunnable.run() (ViewRootImpl.java:7190)
01-10 14:32:25.508  4660  4660 I om.habittracke:   at void android.view.Choreographer$CallbackRecord.run(long) (Choreographer.java:949)
01-10 14:32:25.508  4660  4660 I om.habittracke:   at void android.view.Choreographer.doCallbacks(int, long) (Choreographer.java:761)
01-10 14:32:25.508  4660  4660 I om.habittracke:   at void android.view.Choreographer.doFrame(long, int) (Choreographer.java:696)
01-10 14:32:25.508  4660  4660 I om.habittracke:   at void android.view.Choreographer$FrameDisplayEventReceiver.run() (Choreographer.java:935)
01-10 14:32:25.508  4660  4660 I om.habittracke:   at void android.os.Handler.handleCallback(android.os.Message) (Handler.java:873)
01-10 14:32:25.508  4660  4660 I om.habittracke:   at void android.os.Handler.dispatchMessage(android.os.Message) (Handler.java:99)
01-10 14:32:25.508  4660  4660 I om.habittracke:   at void android.os.Looper.loop() (Looper.java:193)
01-10 14:32:25.508  4660  4660 I om.habittracke:   at void android.app.ActivityThread.main(java.lang.String[]) (ActivityThread.java:6840)
01-10 14:32:25.508  4660  4660 I om.habittracke:   at java.lang.Object java.lang.reflect.Method.invoke(java.lang.Object, java.lang.Object[]) (Method.java:-2)
01-10 14:32:25.508  4660  4660 I om.habittracke:   at void com.android.internal.os.RuntimeInit$MethodAndArgsCaller.run() (RuntimeInit.java:493)
01-10 14:32:25.508  4660  4660 I om.habittracke:   at void com.android.internal.os.ZygoteInit.main(java.lang.String[]) (ZygoteInit.java:860)
01-10 14:32:25.508  4660  4660 I om.habittracke: 
01-10 14:32:25.819  4660  4660 W om.habittracke: Class androidx.compose.runtime.snapshots.SnapshotStateList failed lock verification and will run slower.
01-10 14:32:25.819  4660  4660 W om.habittracke: Common causes for lock verification issues are non-optimized dex code
01-10 14:32:25.819  4660  4660 W om.habittracke: and incorrect proguard optimizations.
01-10 14:32:25.876  1567  1567 D ldinit  : Broadcast completed: result=0
01-10 14:32:25.884  1567  1567 D ldinit  : ld_exec_cmd am broadcast -a android.intent.action.TASK.REQ_APP_VERSION -p com.android.ld.appstore -f 32 --es from playerx
01-10 14:32:25.884  1567  1567 D ldinit  : result:
01-10 14:32:25.917  4660  4660 W om.habittracke: Accessing hidden field Landroid/graphics/Insets;->left:I (light greylist, linking)
01-10 14:32:25.917  4660  4660 W om.habittracke: Accessing hidden field Landroid/graphics/Insets;->top:I (light greylist, linking)
01-10 14:32:25.917  4660  4660 W om.habittracke: Accessing hidden field Landroid/graphics/Insets;->right:I (light greylist, linking)
01-10 14:32:25.917  4660  4660 W om.habittracke: Accessing hidden field Landroid/graphics/Insets;->bottom:I (light greylist, linking)
01-10 14:32:25.294  2533  2533 I chatty  : uid=1000(system) com.android.coreservice identical 1 line
01-10 14:32:25.883  2533  2533 W ContextImpl: Calling a method in the system process without a qualified user: android.app.ContextImpl.startService:1531 android.content.ContextWrapper.startService:664 android.content.ContextWrapper.startService:664 com.android.coreservice.CoreBroadcastReceiver.onReceive:53 android.app.ActivityThread.handleReceiver:3424 
01-10 14:32:25.952  2533  2533 W ContextImpl: Calling a method in the system process without a qualified user: android.app.ContextImpl.startService:1531 android.content.ContextWrapper.startService:664 android.content.ContextWrapper.startService:664 com.android.coreservice.CoreBroadcastReceiver.onReceive:44 android.app.ActivityThread.handleReceiver:3424 
01-10 14:32:25.963  2533  2533 W ContextImpl: Calling a method in the system process without a qualified user: android.app.ContextImpl.startService:1531 android.content.ContextWrapper.startService:664 android.content.ContextWrapper.startService:664 com.android.coreservice.CoreBroadcastReceiver.onReceive:53 android.app.ActivityThread.handleReceiver:3424 
01-10 14:32:25.972  4696  4696 I cmd     : type=1400 audit(0.0:847): avc: denied { call } for scontext=u:r:ldinit:s0 tcontext=u:r:servicemanager:s0 tclass=binder permissive=1
01-10 14:32:25.982  4660  4660 W om.habittracke: Accessing hidden field Landroid/view/WindowInsets;->CONSUMED:Landroid/view/WindowInsets; (light greylist, reflection)
01-10 14:32:25.972  4696  4696 W cmd     : type=1300 audit(0.0:847): arch=c000003e syscall=16 success=yes exit=0 a0=4 a1=c0306201 a2=7fffffffe558 a3=7ffff6e27208 items=0 ppid=4695 auid=4294967295 uid=0 gid=0 euid=0 suid=0 fsuid=0 egid=0 sgid=0 fsgid=0 tty=(none) ses=4294967295 exe="/system/bin/cmd" subj=u:r:ldinit:s0 key=(null)
01-10 14:32:25.986  1567  1567 D ldinit  : Broadcasting: Intent { act=android.intent.action.TASK.REQ_APP_VERSION flg=0x400020 pkg=com.android.ld.appstore (has extras) }
01-10 14:32:25.987  4660  4660 W om.habittracke: Accessing hidden method Landroid/view/View;->getViewRootImpl()Landroid/view/ViewRootImpl; (light greylist, reflection)
01-10 14:32:25.987  4660  4660 W om.habittracke: Accessing hidden field Landroid/view/View$AttachInfo;->mVisibleInsets:Landroid/graphics/Rect; (light greylist, reflection)
01-10 14:32:25.987  4660  4660 W om.habittracke: Accessing hidden field Landroid/view/ViewRootImpl;->mAttachInfo:Landroid/view/View$AttachInfo; (light greylist, reflection)
01-10 14:32:25.972  1359  1359 W auditd  : type=1327 audit(0.0:847): proctitle=636D640061637469766974790062726F616463617374002D6100616E64726F69642E696E74656E742E616374696F6E2E5441534B2E5245515F4150505F56455253494F4E002D7000636F6D2E616E64726F69642E6C642E61707073746F7265002D66003332002D2D65730066726F6D00706C6179657278
01-10 14:32:25.972  1359  1359 W auditd  : type=1320 audit(0.0:847): 
01-10 14:32:25.994  4276  4337 D LDSpaceReceiver: onReceive, action = android.intent.action.TASK.REQ_APP_VERSION, extras = {"from":"playerx"}
01-10 14:32:26.114  4660  4660 W om.habittracke: Accessing hidden method Landroid/text/SpannableStringInternal;->length()I (light greylist, linking)
01-10 14:32:26.116  4660  4660 W om.habittracke: Accessing hidden method Landroid/graphics/Canvas;->drawPatch(Landroid/graphics/NinePatch;Landroid/graphics/Rect;Landroid/graphics/Paint;)V (dark greylist, linking)
