01-10 18:31:58.103  9716  9747 W fb4a.AppInitScheduler|Run:   Finished EagerInitFeedDataLoader in 0ms
01-10 18:31:58.103  9716  9747 W fb4a.AppInitScheduler|Run: Running PreloadHeroManager
01-10 18:31:58.103  9716  9747 W fb4a.AppInitScheduler|Run:   Finished PreloadHeroManager in 0ms
01-10 18:31:58.103  9716  9747 W fb4a.AppInitScheduler|Run: Running PreloadInlineComposerProfileImage
01-10 18:31:58.103  9716  9748 W fb4a.AppInitScheduler|Run: Running PreloadLogDb
01-10 18:31:58.103  9716  9748 W fb4a.AppInitScheduler|Run:   Finished PreloadLogDb in 0ms
01-10 18:31:58.103  9716  9748 W fb4a.AppInitScheduler|Run: Running PreloadReactions
01-10 18:31:58.124  9716  9747 W fb4a.AppInitScheduler|Run:   Finished PreloadInlineComposerProfileImage in 22ms
01-10 18:31:58.124  9716  9747 W fb4a.AppInitScheduler|Run: Running PreloadStoriesTrayFetchController
01-10 18:31:58.128  9716  9748 W fb4a.AppInitScheduler|Run:   Finished PreloadReactions in 25ms
01-10 18:31:58.128  9716  9748 W fb4a.AppInitScheduler|Run: Running PreloadStoriesTrayQuery
01-10 18:31:58.147  9716  9748 W fb4a.AppInitScheduler|Run:   Finished PreloadStoriesTrayQuery in 18ms
01-10 18:31:58.147  9716  9748 W fb4a.AppInitScheduler|Run: Running PreloadVideoPrivateSharing
01-10 18:31:58.156  9716  9748 W fb4a.AppInitScheduler|Run:   Finished PreloadVideoPrivateSharing in 9ms
01-10 18:31:58.156  9716  9748 W fb4a.AppInitScheduler|Run: Running PreloadVideoTabRestart
01-10 18:31:58.156  9716  9748 W fb4a.AppInitScheduler|Run:   Finished PreloadVideoTabRestart in 0ms
01-10 18:31:58.156  9716  9748 W fb4a.AppInitScheduler|Run: Running SetupBlockingBackgroundComponentReporting
01-10 18:31:58.156  9716  9748 W fb4a.AppInitScheduler|Run:   Finished SetupBlockingBackgroundComponentReporting in 0ms
01-10 18:31:58.156  9716  9748 W fb4a.AppInitScheduler|Run: Running StartupQPLReplayer
01-10 18:31:58.175  9716  9745 W fb4a.AppInitScheduler|Run:   Finished PreloadFreshFeedRanker in 97ms
01-10 18:31:58.187  9716  9748 W fb4a.AppInitScheduler|Run:   Finished StartupQPLReplayer in 32ms
01-10 18:31:58.187  9716  9748 W fb4a.AppInitScheduler|Schedule:   Executing 356:StartupQPLTransitToMatureStage
01-10 18:31:58.187  9716  9748 W fb4a.AppInitScheduler|Run: Running StartupQPLTransitToMatureStage
01-10 18:31:58.189  9716  9748 W fb4a.AppInitScheduler|Run:   Finished StartupQPLTransitToMatureStage in 2ms
01-10 18:31:58.191  9716  9747 W fb4a.AppInitScheduler|Run:   Finished PreloadStoriesTrayFetchController in 66ms
01-10 18:31:58.236  9716  9782 W fb4a.QuickPerformanceLoggerModule: Provided QPL: 208863129
01-10 18:31:58.253  9716  9746 W Settings: Setting airplane_mode_on has moved from android.provider.Settings.System to android.provider.Settings.Global, returning read-only value.
01-10 18:31:58.270  9716  9746 W fb4a.HeadersDataCache: [AI] Failed to get optional string for key: cursor
01-10 18:31:58.270  9716  9746 W fb4a.HeadersDataCache: [AI] Failed to get optional string for key: useForLoginKey
01-10 18:31:58.271  9716  9746 W fb4a.HeadersDataCache: [AI] Failed to get optional string for key: useForFOSKey
01-10 18:31:58.271  9716  9746 W fb4a.HeadersDataCache: [AI] Failed to get optional string for key: headwindStorageKey
01-10 18:31:58.271  9716  9746 W fb4a.HeadersDataCache: [AI] Failed to get optional string for key: transparencyDesign
01-10 18:31:58.271  9716  9746 W fb4a.HeadersJSONUtils: [AI] Failed to get nullable string from JSON
01-10 18:31:58.271  9716  9746 W fb4a.HeadersDataCache: [AI] Failed to deserialize client header params
01-10 18:31:58.308  1759  1883 D WIFI_UT : got request NetworkRequest [ REQUEST id=79, [ Transports: CELLULAR Capabilities: INTERNET&NOT_RESTRICTED&TRUSTED&NOT_VPN Unwanted:  Uid: 10084] ] with score 0
01-10 18:31:58.308  1759  1914 D WIFI_AWARE_FACTORY: got request NetworkRequest [ REQUEST id=79, [ Transports: CELLULAR Capabilities: INTERNET&NOT_RESTRICTED&TRUSTED&NOT_VPN Unwanted:  Uid: 10084] ] with score 0
01-10 18:31:58.308  1759  1915 D Ethernet: got request NetworkRequest [ REQUEST id=79, [ Transports: CELLULAR Capabilities: INTERNET&NOT_RESTRICTED&TRUSTED&NOT_VPN Unwanted:  Uid: 10084] ] with score 0
01-10 18:31:58.308  1759  1883 D WIFI    : got request NetworkRequest [ REQUEST id=79, [ Transports: CELLULAR Capabilities: INTERNET&NOT_RESTRICTED&TRUSTED&NOT_VPN Unwanted:  Uid: 10084] ] with score 0
01-10 18:31:58.308  2121  2121 D PhoneSwitcherNetworkRequstListener: got request NetworkRequest [ REQUEST id=79, [ Transports: CELLULAR Capabilities: INTERNET&NOT_RESTRICTED&TRUSTED&NOT_VPN Unwanted:  Uid: 10084] ] with score 0
01-10 18:31:58.310  9716  9746 W fb4a.AppInitScheduler|Run:   Finished ZeroLibraryInitializer in 475ms
01-10 18:31:58.310  9716  9746 W fb4a.AppInitScheduler|Schedule:   Executing 186:InitReliableMedia
01-10 18:31:58.310  9716  9746 W fb4a.AppInitScheduler|Run: Running InitReliableMedia
01-10 18:31:58.325  9716  9746 W fb4a.AppInitScheduler|Run:   Finished InitReliableMedia in 15ms
01-10 18:31:58.356  9716  9735 W fb4a.Xks: AsyncDrawable with url https://lookaside.facebook.com/ras/v2/?id=AQACHbcaDXk4&cfg=d$1.5x wasn't hidden before it was GC'd. Please call setVisible(false, ___ ) in View.onDetachedFromWindow()
01-10 18:31:58.357  2121  2121 D TelephonyProvider: subIdString = 1 subId = 1
01-10 18:31:58.357  2121  2121 D TelephonyProvider: getPreferredApnIdFromApn: for subId 1
01-10 18:31:58.377  9716  9756 W fb4a.AppInitScheduler|Run:   Finished EarliestPossibleColdStartClassPreloadStarter in 1211ms
01-10 18:31:58.377  9716  9756 W fb4a.AppInitScheduler|Schedule:   Executing 343:SecondaryDexPreloaderBg
01-10 18:31:58.377  9716  9756 W fb4a.AppInitScheduler|Run: Running SecondaryDexPreloaderBg
01-10 18:31:58.378  1759  1782 I system_server: Background concurrent copying GC freed 455250(15MB) AllocSpace objects, 50(1000KB) LOS objects, 42% free, 21MB/37MB, paused 161us total 209.358ms
01-10 18:31:58.495  1759  1780 W System  : A resource failed to call close. 
01-10 18:31:58.495  1759  1780 I chatty  : uid=1000(system) FinalizerDaemon identical 48 lines
01-10 18:31:58.495  1759  1780 W System  : A resource failed to call close. 
01-10 18:31:58.640  9716  9756 W fb4a.AppInitScheduler|Run:   Finished SecondaryDexPreloaderBg in 263ms
01-10 18:31:58.641  9716  9756 W fb4a.AppInitScheduler|Schedule: Pending tasks reached zero, maybe shutting down
01-10 18:31:58.641  9716  9756 W fb4a.AppInitScheduler|Run: All work finished.
01-10 18:31:58.760  9716  9773 W fb4a.3Qo: creating VideoPerformanceTracking with event bus
01-10 18:31:58.762  9716  9716 I CombinedTP4: type=1400 audit(0.0:1875): avc: denied { read } for name="stats" dev="proc" ino=4026532099 scontext=u:r:untrusted_app:s0:c84,c256,c512,c768 tcontext=u:object_r:proc_qtaguid_stat:s0 tclass=file permissive=1
01-10 18:31:58.762  9716  9716 W CombinedTP4: type=1300 audit(0.0:1875): arch=c000003e syscall=269 success=yes exit=0 a0=ffffff9c a1=7fff72bde400 a2=4 a3=7fff686e3808 items=0 ppid=1517 auid=4294967295 uid=10084 gid=10084 euid=10084 suid=10084 fsuid=10084 egid=10084 sgid=10084 fsgid=10084 tty=(none) ses=4294967295 exe="/system/bin/app_process64" subj=u:r:untrusted_app:s0:c84,c256,c512,c768 key=(null)
01-10 18:31:58.762  1359  1359 W auditd  : type=1327 audit(0.0:1875): proctitle="com.facebook.katana"
01-10 18:31:58.762  1359  1359 W auditd  : type=1320 audit(0.0:1875): 
01-10 18:31:58.783  9716  9724 I facebook.katan: Method exceeds compiler instruction limit: 19302 in long X.1HQ.A03(long)
01-10 18:31:58.762  9716  9716 I CombinedTP4: type=1400 audit(0.0:1876): avc: denied { open } for path="/proc/9716/net/xt_qtaguid/stats" dev="proc" ino=4026532099 scontext=u:r:untrusted_app:s0:c84,c256,c512,c768 tcontext=u:object_r:proc_qtaguid_stat:s0 tclass=file permissive=1
01-10 18:31:58.815  9716  9834 W fb4a.HeroManager: mediaPreload.prefetchInternal : source: Type: DASH_VOD
01-10 18:31:58.815  9716  9834 W fb4a.HeroManager: 	Id: 1102223831915406
01-10 18:31:58.815  9716  9834 W fb4a.HeroManager: 	Uri: https://scontent.fiba1-1.fna.fbcdn.net/o1/v/t2/f2/m412/AQOWng24v9D0V61VOe1PwFysd2XICJnSTok75Ec6BqKyrOwntVfwtN1YQaMSEaJXVvAtCOVQdGN8jvqVCIy9Mrmxtd_b4agjxWwz9PeS0A.mp4?_nc_cat=110&_nc_oc=Adk48Zx9Q7en9UvLcZpdjwivPUVF9BG36m6XXhzJBHxqdBmmyCJ7Vue1YoNUGd2bDqA&_nc_sid=8bf8fe&_nc_ht=scontent.fiba1-1.fna.fbcdn.net&_nc_ohc=j92qOCVGfOsQ7kNvwH1rJmg&efg=eyJ2ZW5jb2RlX3RhZyI6Inhwdl9wcm9ncmVzc2l2ZS5GQUNFQk9PSy4uQzMuMzYwLnN2ZV9zZCIsInhwdl9hc3NldF9pZCI6MjE4NjI1MzA5ODQ1MTExMCwiYXNzZXRfYWdlX2RheXMiOjAsInZpX3VzZWNhc2VfaWQiOjEwMTIwLCJkdXJhdGlvbl9zIjoxMiwidXJsZ2VuX3NvdXJjZSI6Ind3dyJ9&ccb=17-1&_nc_zt=28&oh=00_AfrOTp6Z5BPJpl_KtX5XKDeFikbIfwB9e9ysbNnpe_WKfg&oe=69681650&bitrate=431312&tag=sve_sd
01-10 18:31:58.815  9716  9834 W fb4a.HeroManager: 	Origin: FEED
01-10 18:31:58.815  9716  9834 W fb4a.HeroManager: 	PrefetchOrigin: FEED
01-10 18:31:58.815  9716  9834 W fb4a.HeroManager: 	DashMPD: 19885
01-10 18:31:58.815  9716  9834 W fb4a.HeroManager: 	liveLatency: -1
01-10 18:31:58.815  9716  9834 W fb4a.HeroManager: 	liveLatencyTolerance: -1
01-10 18:31:58.815  9716  9834 W fb4a.HeroManager: 	isSpherical: false
01-10 18:31:58.815  9716  9834 W fb4a.HeroManager: 	isSponsored: false
01-10 18:31:58.815  9716  9834 W fb4a.HeroManager: 	isAdBreak: false
01-10 18:31:58.815  9716  9834 W fb4a.HeroManager: 	isLiveTraceEnabled: false
01-10 18:31:58.815  9716  9834 W fb4a.HeroManager: 	renderMode: AUDIO_VIDEO
01-10 18:31:58.815  9716  9834 W fb4a.HeroManager: 	isBroadcast: false
01-10 18:31:58.815  9716  9834 W fb4a.HeroManager: 	contentType: GENERAL
01-10 18:31:58.815  9716  9834 W fb4a.HeroManager: 	isAudioDataListenerEnabled: false
01-10 18:31:58.815  9716  9834 W fb4a.HeroManager: 	liveViewerCount: -1, type: DASH_VOD
01-10 18:31:58.836  9716  9834 W fb4a.HeroManager: mediaPreload.prefetchInternal : source: Type: DASH_VOD
01-10 18:31:58.836  9716  9834 W fb4a.HeroManager: 	Id: 1200120125009794
01-10 18:31:58.836  9716  9834 W fb4a.HeroManager: 	Uri: https://scontent.fiba1-1.fna.fbcdn.net/o1/v/t2/f2/m412/AQMvFm488cQKU240rZSicYdq1-Ar4hbRqZL-jWKp-gKQW78EcaXTyl8kpofJcGR7yPr32MxJvWiqM4duPmVb_Stc634Doau8rOOE9RAoBw.mp4?_nc_cat=111&_nc_oc=AdlEZzWM4JHxOhQ2k1vMvxdjVXGeoXEPYvJ2KC31MpB_f4JPPn1Wd4B7bVaWRAl6tqI&_nc_sid=8bf8fe&_nc_ht=scontent.fiba1-1.fna.fbcdn.net&_nc_ohc=DMSjEM3MlHEQ7kNvwFfRU54&efg=eyJ2ZW5jb2RlX3RhZyI6Inhwdl9wcm9ncmVzc2l2ZS5GQUNFQk9PSy4uQzMuMzYwLnN2ZV9zZCIsInhwdl9hc3NldF9pZCI6MTUyNTA2MDU0NTI3NTMyNiwiYXNzZXRfYWdlX2RheXMiOjAsInZpX3VzZWNhc2VfaWQiOjEwMTIzLCJkdXJhdGlvbl9zIjo1NCwidXJsZ2VuX3NvdXJjZSI6Ind3dyJ9&ccb=17-1&_nc_zt=28&oh=00_AfoGZusgh04rSfUntAq47-bjhZ7AaE6KkHoB4nV4dMHJ5A&oe=69681063&bitrate=333919&tag=sve_sd
01-10 18:31:58.836  9716  9834 W fb4a.HeroManager: 	Origin: FEED
01-10 18:31:58.836  9716  9834 W fb4a.HeroManager: 	PrefetchOrigin: FEED
01-10 18:31:58.836  9716  9834 W fb4a.HeroManager: 	DashMPD: 12637
01-10 18:31:58.836  9716  9834 W fb4a.HeroManager: 	liveLatency: -1
01-10 18:31:58.836  9716  9834 W fb4a.HeroManager: 	liveLatencyTolerance: -1
01-10 18:31:58.836  9716  9834 W fb4a.HeroManager: 	isSpherical: false
01-10 18:31:58.836  9716  9834 W fb4a.HeroManager: 	isSponsored: false
01-10 18:31:58.836  9716  9834 W fb4a.HeroManager: 	isAdBreak: false
01-10 18:31:58.836  9716  9834 W fb4a.HeroManager: 	isLiveTraceEnabled: false
01-10 18:31:58.836  9716  9834 W fb4a.HeroManager: 	renderMode: AUDIO_VIDEO
01-10 18:31:58.836  9716  9834 W fb4a.HeroManager: 	isBroadcast: false
01-10 18:31:58.836  9716  9834 W fb4a.HeroManager: 	contentType: GENERAL
01-10 18:31:58.836  9716  9834 W fb4a.HeroManager: 	isAudioDataListenerEnabled: false
01-10 18:31:58.836  9716  9834 W fb4a.HeroManager: 	liveViewerCount: -1, type: DASH_VOD
01-10 18:31:58.841  9716  9834 W fb4a.HeroManager: mediaPreload.prefetchInternal : source: Type: DASH_VOD
01-10 18:31:58.841  9716  9834 W fb4a.HeroManager: 	Id: 1422270919486988
01-10 18:31:58.841  9716  9834 W fb4a.HeroManager: 	Uri: https://scontent.fiba1-1.fna.fbcdn.net/o1/v/t2/f2/m412/AQOwwr6f1dktcnEhrzdQ5lYhwsePLqYbWhwoaU1J-obytNnTTgNeD_HYvyx2QSMPjXeZ8-t3vS-k8YPWnzaaZ6WDtoCcTS5_GSJm2aRelg.mp4?_nc_cat=101&_nc_oc=AdkgjkhIzuEwd5vkyLiMHWIDv8P1Xb4s5tm7uJR3omlsMp4eC5qtfTQ7ENq0RQs5KWM&_nc_sid=8bf8fe&_nc_ht=scontent.fiba1-1.fna.fbcdn.net&_nc_ohc=c_L-8q9mva4Q7kNvwFnHr3d&efg=eyJ2ZW5jb2RlX3RhZyI6Inhwdl9wcm9ncmVzc2l2ZS5GQUNFQk9PSy4uQzMuMzYwLnN2ZV9zZCIsInhwdl9hc3NldF9pZCI6MTM2MjYyNDAzODQ3MDg1OCwiYXNzZXRfYWdlX2RheXMiOjAsInZpX3VzZWNhc2VfaWQiOjEwMTIyLCJkdXJhdGlvbl9zIjo0NywidXJsZ2VuX3NvdXJjZSI6Ind3dyJ9&ccb=17-1&_nc_zt=28&oh=00_AfrwQphQyW_3BO3xv0M3wOiRDJD470m_02x6tA9Ga44Ufw&oe=69682851&bitrate=353327&tag=sve_sd
01-10 18:31:58.841  9716  9834 W fb4a.HeroManager: 	Origin: FEED
01-10 18:31:58.841  9716  9834 W fb4a.HeroManager: 	PrefetchOrigin: FEED
01-10 18:31:58.841  9716  9834 W fb4a.HeroManager: 	DashMPD: 21687
01-10 18:31:58.841  9716  9834 W fb4a.HeroManager: 	liveLatency: -1
01-10 18:31:58.841  9716  9834 W fb4a.HeroManager: 	liveLatencyTolerance: -1
01-10 18:31:58.841  9716  9834 W fb4a.HeroManager: 	isSpherical: false
01-10 18:31:58.841  9716  9834 W fb4a.HeroManager: 	isSponsored: false
01-10 18:31:58.841  9716  9834 W fb4a.HeroManager: 	isAdBreak: false
01-10 18:31:58.841  9716  9834 W fb4a.HeroManager: 	isLiveTraceEnabled: false
01-10 18:31:58.841  9716  9834 W fb4a.HeroManager: 	renderMode: AUDIO_VIDEO
01-10 18:31:58.841  9716  9834 W fb4a.HeroManager: 	isBroadcast: false
01-10 18:31:58.841  9716  9834 W fb4a.HeroManager: 	contentType: GENERAL
01-10 18:31:58.841  9716  9834 W fb4a.HeroManager: 	isAudioDataListenerEnabled: false
01-10 18:31:58.841  9716  9834 W fb4a.HeroManager: 	liveViewerCount: -1, type: DASH_VOD
01-10 18:31:58.842  9716  9716 W fb4a.AppComponentFactory: Instantiating Service
01-10 18:31:58.849  9716  9782 W facebook.katan: JNI RegisterNativeMethods: attempt to register 0 native methods for com.facebook.traffic.nts.providers.reachability.ReachabilityV2ProviderAppLayerUpcallsImpl
01-10 18:31:58.877  9716  9833 W VideoCapabilities: Unrecognized profile 4 for video/hevc
01-10 18:31:58.881  9716  9833 I VideoCapabilities: Unsupported profile 4 for video/mp4v-es
01-10 18:31:58.881  1759  1914 D WIFI_AWARE_FACTORY: got request NetworkRequest [ TRACK_DEFAULT id=80, [ Capabilities: INTERNET&NOT_RESTRICTED&TRUSTED Unwanted:  Uid: 10084] ] with score 60
01-10 18:31:58.882  1759  1915 D Ethernet: got request NetworkRequest [ TRACK_DEFAULT id=80, [ Capabilities: INTERNET&NOT_RESTRICTED&TRUSTED Unwanted:  Uid: 10084] ] with score 60
01-10 18:31:58.882  1759  1883 D WIFI_UT : got request NetworkRequest [ TRACK_DEFAULT id=80, [ Capabilities: INTERNET&NOT_RESTRICTED&TRUSTED Unwanted:  Uid: 10084] ] with score 60
01-10 18:31:58.882  1759  1883 D WIFI    : got request NetworkRequest [ TRACK_DEFAULT id=80, [ Capabilities: INTERNET&NOT_RESTRICTED&TRUSTED Unwanted:  Uid: 10084] ] with score 60
01-10 18:31:58.907  9716  9716 E fb4a.SlowAppComponent: 0ms: HeroKeepAliveService instantiating
01-10 18:31:58.907  9716  9716 E fb4a.SlowAppComponent: Main thread was blocked for 66ms in the background starting with HeroKeepAliveService
01-10 18:31:59.045  1759  1780 W System  : A resource failed to call close. 
01-10 18:31:59.046  1759  1780 I chatty  : uid=1000(system) FinalizerDaemon identical 52 lines
01-10 18:31:59.046  1759  1780 W System  : A resource failed to call close. 
01-10 18:31:59.074  2121  2121 D PhoneSwitcherNetworkRequstListener: got request NetworkRequest [ TRACK_DEFAULT id=80, [ Capabilities: INTERNET&NOT_RESTRICTED&TRUSTED Unwanted:  Uid: 10084] ] with score 60
01-10 18:31:59.536  9716  9744 W fb4a.AppInitScheduler|Run: DeadlockMonitor exiting.
01-10 18:32:00.058  9716  9804 W fb4a.MultiSignalANRDetectorLacrima: Pausing error state checks
01-10 18:32:00.139  1930  1930 I RenderThread: type=1400 audit(0.0:1878): avc: denied { ioctl } for path="/dev/fastpipe" dev="tmpfs" ino=6206 ioctlcmd=6867 scontext=u:r:platform_app:s0:c512,c768 tcontext=u:object_r:device:s0 tclass=chr_file permissive=1
01-10 18:32:00.139  1930  1930 W RenderThread: type=1300 audit(0.0:1878): arch=c000003e syscall=16 success=yes exit=0 a0=47 a1=80046867 a2=7fff6ba3b430 a3=7fff686f4a88 items=0 ppid=1517 auid=4294967295 uid=10018 gid=10018 euid=10018 suid=10018 fsuid=10018 egid=10018 sgid=10018 fsgid=10018 tty=(none) ses=4294967295 exe="/system/bin/app_process64" subj=u:r:platform_app:s0:c512,c768 key=(null)
01-10 18:32:00.139  1359  1359 W auditd  : type=1327 audit(0.0:1878): proctitle="com.android.systemui"
01-10 18:32:00.139  1359  1359 W auditd  : type=1320 audit(0.0:1878): 
01-10 18:32:02.591  9716  9829 W facebook.katan: Long monitor contention with owner Analytics2-EventProcessorProxy (9779) at void java.lang.Object.wait(long, int)(Object.java:-2) waiters=0 in void X.1QH.A00(X.1W9, int) for 4.266s
01-10 18:32:02.715  9716  9793 W fb4a.Fixie/ActivityStackResetterFixer: Enable Activity Stack Resetter
01-10 18:32:02.735  9716  9793 W SoLoader[NativeDeps]: Falling back to custom ELF parsing when loading libartdistract.so, this can be slow
01-10 18:32:02.744  9716  9793 D ArtDistract: Attempting to hook method. Resolved orig method holder in java: no
01-10 18:32:02.744  9716  9793 D OffsetFinder: findOffsetCustom: found value 524313 at 4 (with arg: 25)
01-10 18:32:02.798  9716  9793 D ArtDistract: Did find a symbol at idx 0 while calling findFunc_ClassLinker_GetQuickOatCodeFor.
01-10 18:32:02.798  9716  9793 D ArtDistract: Hook of ClassLinkerFinder-no-objptr succeeded. Try force fast hook: no Is Direct Jump: no errmsg: 
01-10 18:32:02.798  9716  9793 D ArtDistract: ClassLinkerFinder was enabled. Errmsg: 
01-10 18:32:02.798  9716  9793 D ArtDistract: Generating a proxy method while looking for ClassLinker
01-10 18:32:02.803  9716  9793 D ArtDistract: Was found call for clslinker NO objptr
01-10 18:32:02.803  9716  9793 D OffsetFinder: findOffsetWithVal: found val 1921560688 at 32
01-10 18:32:02.803  9716  9793 D ArtDistract: We successfully inited ART distract.
01-10 18:32:02.803  9716  9793 D ArtDistract: 	 We found the entry_point_from_quick_compiled_code_ offset of art method at 32.
01-10 18:32:02.803  9716  9793 D ArtDistract: 	 We found the ART ClassLinker 0x7fff72ae1400.
01-10 18:32:02.803  9716  9793 D ArtDistract: 	 We did not need ART Method size[-2] mirror::Object offset[-1].
01-10 18:32:02.803  9716  9793 D ArtDistract: 	 The interpreter to compiled code offset was not needed.
01-10 18:32:02.803  9716  9793 D ArtDistract: ART Distract DID init.
01-10 18:32:02.803  9716  9793 D ArtDistract: 	 Access Flag offset[4]: yes
01-10 18:32:02.803  9716  9793 D ArtDistract: 	 Call Proxy Init Success: yes
01-10 18:32:02.803  9716  9793 D ArtDistract: 	 has init symbols: Not needed
01-10 18:32:02.803  9716  9793 D ArtDistract: 	 has inited DexCache resolve method updating: Not needed
01-10 18:32:02.803  9716  9793 D ArtDistract: Successfully finished hooking method 0x70f3de60.
01-10 18:32:02.804  9716  9793 W SoLoader[NativeDeps]: Falling back to custom ELF parsing when loading liblongsuspend.so, this can be slow
01-10 18:32:02.812  9716  9793 W SoLoader[NativeDeps]: Falling back to custom ELF parsing when loading libinterpcache.so, this can be slow
01-10 18:32:02.813  9716  9793 W SoLoader[NativeDeps]: Falling back to custom ELF parsing when loading libinterpcache_interceptor.so, this can be slow
01-10 18:32:02.840  1759  1883 D WIFI_UT : got request NetworkRequest [ TRACK_DEFAULT id=81, [ Capabilities: INTERNET&NOT_RESTRICTED&TRUSTED Unwanted:  Uid: 10084] ] with score 60
01-10 18:32:02.840  1759  1883 D WIFI    : got request NetworkRequest [ TRACK_DEFAULT id=81, [ Capabilities: INTERNET&NOT_RESTRICTED&TRUSTED Unwanted:  Uid: 10084] ] with score 60
01-10 18:32:02.840  1759  1915 D Ethernet: got request NetworkRequest [ TRACK_DEFAULT id=81, [ Capabilities: INTERNET&NOT_RESTRICTED&TRUSTED Unwanted:  Uid: 10084] ] with score 60
01-10 18:32:02.840  1759  1914 D WIFI_AWARE_FACTORY: got request NetworkRequest [ TRACK_DEFAULT id=81, [ Capabilities: INTERNET&NOT_RESTRICTED&TRUSTED Unwanted:  Uid: 10084] ] with score 60
01-10 18:32:02.841  2121  2121 D PhoneSwitcherNetworkRequstListener: got request NetworkRequest [ TRACK_DEFAULT id=81, [ Capabilities: INTERNET&NOT_RESTRICTED&TRUSTED Unwanted:  Uid: 10084] ] with score 60
01-10 18:32:02.870  9716  9791 W fb4a.lacrima: FbErrorReportingConfig.postStartupInit
01-10 18:32:02.872  9716  9844 W fb4a.AppInfoCore: [AI] Package not found when getting package info
01-10 18:32:02.879  9716  9844 W fb4a.AppInfoCore: [AI] Package not found when getting package info
01-10 18:32:02.889  9716  9844 W SoLoader[NativeDeps]: Falling back to custom ELF parsing when loading libscrollmerged.so, this can be slow
01-10 18:32:02.893  9716  9844 W SoLoader[NativeDeps]: Falling back to custom ELF parsing when loading libxplat_third-party_jpeg_jpeg-turbo-allAndroid.so, this can be slow
01-10 18:32:02.897  9716  9791 W fb4a.AutoUpdaterImpl: Storing 856654987 in OTAUpdateVersion
01-10 18:32:03.044  9716  9783 W SoLoader[NativeDeps]: Falling back to custom ELF parsing when loading libmclbase-jni.so, this can be slow
01-10 18:32:03.055  1759  1783 W ActivityManager: Background start not allowed: service Intent { cmp=com.facebook.katana/com.facebook.mqtt.service.MqttServiceV2 (has extras) } to com.facebook.katana/com.facebook.mqtt.service.MqttServiceV2 from pid=9716 uid=10084 pkg=com.facebook.katana startFg?=false
01-10 18:32:03.061  9716  9844 W fb4a.RtiGracefulSystemMethodHelper: [AI] Failed to start service due to IllegalStateException on Android O
01-10 18:32:03.061  9716  9844 W fb4a.RtiGracefulSystemMethodHelper: java.lang.IllegalStateException: Not allowed to start service Intent { cmp=com.facebook.katana/com.facebook.mqtt.service.MqttServiceV2 (has extras) }: app is in background uid UidRecord{288701d u0a84 CEM  idle change:cached procs:1 seq(0,0,0)}
01-10 18:32:03.061  9716  9844 W fb4a.RtiGracefulSystemMethodHelper: 	at android.app.ContextImpl.startServiceCommon(ContextImpl.java:1577)
01-10 18:32:03.061  9716  9844 W fb4a.RtiGracefulSystemMethodHelper: 	at android.app.ContextImpl.startService(ContextImpl.java:1532)
01-10 18:32:03.061  9716  9844 W fb4a.RtiGracefulSystemMethodHelper: 	at android.content.ContextWrapper.startService(ContextWrapper.java:664)
01-10 18:32:03.061  9716  9844 W fb4a.RtiGracefulSystemMethodHelper: 	at X.0LB.A00(:26)
01-10 18:32:03.061  9716  9844 W fb4a.RtiGracefulSystemMethodHelper: 	at X.5El.A00(:60)
01-10 18:32:03.061  9716  9844 W fb4a.RtiGracefulSystemMethodHelper: 	at X.4y5.A03(:80)
01-10 18:32:03.061  9716  9844 W fb4a.RtiGracefulSystemMethodHelper: 	at X.4y5.A04(:35)
01-10 18:32:03.061  9716  9844 W fb4a.RtiGracefulSystemMethodHelper: 	at X.5Ej.run(:81)
01-10 18:32:03.061  9716  9844 W fb4a.RtiGracefulSystemMethodHelper: 	at android.os.Handler.handleCallback(Handler.java:873)
01-10 18:32:03.061  9716  9844 W fb4a.RtiGracefulSystemMethodHelper: 	at android.os.Handler.dispatchMessage(Handler.java:99)
01-10 18:32:03.061  9716  9844 W fb4a.RtiGracefulSystemMethodHelper: 	at android.os.Looper.loop(Looper.java:193)
01-10 18:32:03.061  9716  9844 W fb4a.RtiGracefulSystemMethodHelper: 	at android.os.HandlerThread.run(HandlerThread.java:65)
01-10 18:32:03.061  9716  9844 W fb4a.RtiGracefulSystemMethodHelper: 	at X.1GW.run(:0)
01-10 18:32:03.078  9716  9716 W fb4a.AppComponentFactory: Instantiating Service
01-10 18:32:03.079  9716  9716 W fb4a.InitStatus: Not blocking Service (51355799)
01-10 18:32:03.080  9716  9716 I chatty  : uid=10084(com.facebook.katana) identical 2 lines
01-10 18:32:03.103  9716  9716 W fb4a.InitStatus: Not blocking Service (51355799)
01-10 18:32:03.103  9716  9716 E fb4a.SlowAppComponent: 0ms: MqttServiceV2 instantiating
01-10 18:32:03.105  9716  9716 E fb4a.SlowAppComponent: Main thread was blocked for 27ms in the background starting with MqttServiceV2
01-10 18:32:03.175  9716  9791 W facebook.katan: JNI RegisterNativeMethods: attempt to register 0 native methods for com.facebook.omnistore.OmnistoreCollectionFrontendHolder
01-10 18:32:03.182  9716  9847 W facebook.katan: JNI RegisterNativeMethods: attempt to register 0 native methods for com.facebook.msys.mci.EventLoggingData
01-10 18:32:03.242  9716  9847 W fb4a.AppInfoCore: [AI] Package not found when getting package info
01-10 18:32:03.406  9716  9856 W fb4a.MqttDozeAwareClientWrapper: Doze mode disabled. Starting client
01-10 18:32:03.480  9716  9716 W fb4a.AppInfoCore: [AI] Package not found when getting package info
01-10 18:32:03.490  9716  9792 W fb4a.AppInfoCore: [AI] Package not found when getting package info
01-10 18:32:03.531  9716  9863 D omnistore_android_logger: AlarmManager::mainLoop calling alarm callbacks. There are total 0 scheduled tasks, and about to trigger 0 tasks (first task is N/A), then sleep for 43199999 ms
01-10 18:32:03.539  9716  9792 W System.err: SLF4J(W): No SLF4J providers were found.
01-10 18:32:03.540  9716  9792 W System.err: SLF4J(W): Defaulting to no-operation (NOP) logger implementation
01-10 18:32:03.540  9716  9792 W System.err: SLF4J(W): See https://www.slf4j.org/codes.html#noProviders for further details.
01-10 18:32:03.558  9716  9855 W fb4a.ARCoreUtil: [AI] Failed to get ARCore package info
01-10 18:32:03.582  9716  9853 D omnistore_android_logger: DebouncingRateLimiter attempting event SyncProtocol::onConnectionEstablished
01-10 18:32:03.583  9716  9853 D omnistore_android_logger: Event not rate limited: SyncProtocol::onConnectionEstablished
01-10 18:32:03.583  9716  9853 D omnistore_android_logger: SyncProtocol calling onConnectionEstablished callbacks
01-10 18:32:03.583  9716  9853 D omnistore_android_logger: Removing all queue based subscriptions from rewire state
01-10 18:32:03.584  9716  9853 D omnistore_android_logger: SendQueue::onConnectionEstablished: sending 0 transaction(s)
01-10 18:32:03.585  9716  9864 D omnistore_android_logger: SubscriptionManager::onConnectionEstablished is called back
01-10 18:32:03.586  9716  9716 I Thread-9: type=1400 audit(0.0:1879): avc: denied { read write } for name="fastpipe" dev="tmpfs" ino=6206 scontext=u:r:untrusted_app:s0:c84,c256,c512,c768 tcontext=u:object_r:device:s0 tclass=chr_file permissive=1
01-10 18:32:03.586  9716  9716 I Thread-9: type=1400 audit(0.0:1879): avc: denied { open } for path="/dev/fastpipe" dev="tmpfs" ino=6206 scontext=u:r:untrusted_app:s0:c84,c256,c512,c768 tcontext=u:object_r:device:s0 tclass=chr_file permissive=1
01-10 18:32:03.589  9716  9864 I omnistore_android_logger: Connect message: queueName: facebook_universal_prefs_v2:100014003657577, gvid: 1
01-10 18:32:03.586  9716  9716 W Thread-9: type=1300 audit(0.0:1879): arch=c000003e syscall=257 success=yes exit=162 a0=ffffff9c a1=7ffff7717f5c a2=2 a3=0 items=0 ppid=1517 auid=4294967295 uid=10084 gid=10084 euid=10084 suid=10084 fsuid=10084 egid=10084 sgid=10084 fsgid=10084 tty=(none) ses=4294967295 exe="/system/bin/app_process64" subj=u:r:untrusted_app:s0:c84,c256,c512,c768 key=(null)
01-10 18:32:03.586  1359  1359 W auditd  : type=1327 audit(0.0:1879): proctitle="com.facebook.katana"
01-10 18:32:03.586  1359  1359 W auditd  : type=1320 audit(0.0:1879): 
01-10 18:32:03.589  9716  9716 I Thread-9: type=1400 audit(0.0:1880): avc: denied { ioctl } for path="/dev/fastpipe" dev="tmpfs" ino=6206 ioctlcmd=6864 scontext=u:r:untrusted_app:s0:c84,c256,c512,c768 tcontext=u:object_r:device:s0 tclass=chr_file permissive=1
01-10 18:32:03.602  9716  9864 I omnistore_android_logger: Client sent connect message
01-10 18:32:03.606  9716  9865 I         : fastpipe: Connect success
01-10 18:32:03.606  9716  9865 D HostConnection: HostRPC::connect sucess: app=com.facebook.katana, pid=9716, tid=9865, this=0x7fff3e6146c0
01-10 18:32:03.607  9716  9865 D HostConnection: queryAndSetGLESMaxVersion select gles-version: 3.1 hostGLVersion:46 process:com.facebook.katana
01-10 18:32:03.608  9716  9865 I ConfigStore: android::hardware::configstore::V1_0::ISurfaceFlingerConfigs::hasWideColorDisplay retrieved: 0
01-10 18:32:03.608  9716  9865 I ConfigStore: android::hardware::configstore::V1_0::ISurfaceFlingerConfigs::hasHDRDisplay retrieved: 0
01-10 18:32:03.642  9716  9865 D EGL_emulation: eglCreateContext: 0x7fff52aa7c80: maj 3 min 1 rcv 4
01-10 18:32:03.658  9716  9865 I         : fastpipe: close connect
01-10 18:32:03.660  9716  9866 I         : fastpipe: Connect success
01-10 18:32:03.668  9716  9866 D HostConnection: HostRPC::connect sucess: app=com.facebook.katana, pid=9716, tid=9866, this=0x7fff3e614680
01-10 18:32:03.669  9716  9866 D HostConnection: queryAndSetGLESMaxVersion select gles-version: 3.1 hostGLVersion:46 process:com.facebook.katana
01-10 18:32:03.693  9716  9866 D EGL_emulation: eglCreateContext: 0x7fff52aa7c80: maj 3 min 1 rcv 4
01-10 18:32:03.707  9716  9866 I         : fastpipe: close connect
01-10 18:32:03.736  9716  9868 I OMXClient: IOmx service obtained
01-10 18:32:03.738  1593  5926 I OMXMaster: makeComponentInstance(OMX.google.h264.decoder) in omx@1.0-service process
01-10 18:32:03.868  9716  9868 I OMXClient: IOmx service obtained
01-10 18:32:03.868  1593  5926 I OMXMaster: makeComponentInstance(OMX.google.h264.decoder) in omx@1.0-service process
01-10 18:32:03.870  9716  9874 I OMXClient: IOmx service obtained
01-10 18:32:03.870  1593  5926 I OMXMaster: makeComponentInstance(OMX.google.aac.decoder) in omx@1.0-service process
01-10 18:32:03.873  9716  9874 I OMXClient: IOmx service obtained
01-10 18:32:03.873  1593  5926 I OMXMaster: makeComponentInstance(OMX.google.aac.decoder) in omx@1.0-service process
01-10 18:32:03.922  9716  9855 E fb4a.MobileConfigInit: MobileConfigDebug: endToEndConfigLevelConsistencyTests
01-10 18:32:03.962  9716  9792 E fb4a.AppState: Returning default for firstRunInfo
01-10 18:32:03.962  9716  9792 E fb4a.AppState: Returning default for firstRunInfo
01-10 18:32:04.013  1759  1783 E memtrack: Couldn't load memtrack module
01-10 18:32:04.013  1759  1783 W android.os.Debug: failed to get memory consumption info: -1
01-10 18:32:04.029  9716  9792 W fb4a.ReqContexts: fail() skipped
01-10 18:32:04.039  9716  9791 E SchedPolicy: set_timerslack_ns write failed: Operation not permitted
01-10 18:32:04.046  9716  9791 E fb4a.HeliumSetup: Failed to log trichrome version
01-10 18:32:04.046  9716  9791 E fb4a.HeliumSetup: android.content.pm.PackageManager$NameNotFoundException: com.google.android.webview
01-10 18:32:04.046  9716  9791 E fb4a.HeliumSetup: 	at android.app.ApplicationPackageManager.getPackageInfoAsUser(ApplicationPackageManager.java:181)
01-10 18:32:04.046  9716  9791 E fb4a.HeliumSetup: 	at android.app.ApplicationPackageManager.getPackageInfo(ApplicationPackageManager.java:152)
01-10 18:32:04.046  9716  9791 E fb4a.HeliumSetup: 	at X.8pE.A00(:8)
01-10 18:32:04.046  9716  9791 E fb4a.HeliumSetup: 	at X.7J6.A0V(:1200)
01-10 18:32:04.046  9716  9791 E fb4a.HeliumSetup: 	at X.7J6.A0U(:4)
01-10 18:32:04.046  9716  9791 E fb4a.HeliumSetup: 	at X.7J6.A0v(:4)
01-10 18:32:04.046  9716  9791 E fb4a.HeliumSetup: 	at X.2Hk.A02(:2674)
01-10 18:32:04.046  9716  9791 E fb4a.HeliumSetup: 	at X.2Hk.A01(:3237)
01-10 18:32:04.046  9716  9791 E fb4a.HeliumSetup: 	at X.2Hk.run(:1860)
01-10 18:32:04.046  9716  9791 E fb4a.HeliumSetup: 	at X.2IC.call(:246)
01-10 18:32:04.046  9716  9791 E fb4a.HeliumSetup: 	at java.util.concurrent.FutureTask.run(FutureTask.java:266)
01-10 18:32:04.046  9716  9791 E fb4a.HeliumSetup: 	at X.dvv.A00(:19)
01-10 18:32:04.046  9716  9791 E fb4a.HeliumSetup: 	at X.1Hq.call(:48)
01-10 18:32:04.046  9716  9791 E fb4a.HeliumSetup: 	at java.util.concurrent.FutureTask.run(FutureTask.java:266)
01-10 18:32:04.046  9716  9791 E fb4a.HeliumSetup: 	at X.1Fq.run(:2)
01-10 18:32:04.046  9716  9791 E fb4a.HeliumSetup: 	at X.1Ct.run(:2)
01-10 18:32:04.046  9716  9791 E fb4a.HeliumSetup: 	at java.util.concurrent.ThreadPoolExecutor.runWorker(ThreadPoolExecutor.java:1167)
01-10 18:32:04.046  9716  9791 E fb4a.HeliumSetup: 	at java.util.concurrent.ThreadPoolExecutor$Worker.run(ThreadPoolExecutor.java:641)
01-10 18:32:04.046  9716  9791 E fb4a.HeliumSetup: 	at X.1DI.run(:3)
01-10 18:32:04.046  9716  9791 E fb4a.HeliumSetup: 	at X.1DL.run(:17)
01-10 18:32:04.046  9716  9791 E fb4a.HeliumSetup: 	at java.lang.Thread.run(Thread.java:764)
01-10 18:32:04.117  9716  9792 W ExperimentConfigurator: No runner available for app init optimizations
01-10 18:32:04.316  9716  9855 W fb4a.ServiceInfoParser: X.4aw: Service com.facebook.browser.lite.BrowserLiteInMainProcessIntentService is missing meta key com.facebook.common.jobscheduler.compat.jobIds
01-10 18:32:04.316  9716  9855 W fb4a.ServiceInfoParser: X.4aw: Service com.facebook.businessintegrity.cloakingdetection.service.CloakingDetectionService is missing meta key com.facebook.common.jobscheduler.compat.jobIds
01-10 18:32:04.316  9716  9855 W fb4a.ServiceInfoParser: X.4aw: Service com.facebook.contacts.service.ContactLocaleChangeService is missing meta key com.facebook.common.jobscheduler.compat.jobIds
01-10 18:32:04.316  9716  9855 W fb4a.ServiceInfoParser: X.4aw: Service com.facebook.common.zopt.ZOptBackgroundService is missing meta key com.facebook.common.jobscheduler.compat.jobIds
01-10 18:32:04.316  9716  9855 W fb4a.ServiceInfoParser: X.4aw: Service com.facebook.falco.jobscheduler.FFJobService is missing meta key com.facebook.common.jobscheduler.compat.jobIds
01-10 18:32:04.316  9716  9855 W fb4a.ServiceInfoParser: X.4aw: Service com.facebook.registration.notification.RegistrationNotificationService is missing meta key com.facebook.common.jobscheduler.compat.jobIds
01-10 18:32:04.316  9716  9855 W fb4a.ServiceInfoParser: X.4aw: Service com.facebook.notifications.appwidget.bugreporter.NotificationsWidgetDebugHelper is missing meta key com.facebook.common.jobscheduler.compat.jobIds
01-10 18:32:04.316  9716  9855 W fb4a.ServiceInfoParser: X.4aw: Service com.facebook.account.login.notification.LoginNotificationService is missing meta key com.facebook.common.jobscheduler.compat.jobIds
01-10 18:32:04.316  9716  9855 W fb4a.ServiceInfoParser: X.4aw: Service com.facebook.compost.service.CompostNotificationService is missing meta key com.facebook.common.jobscheduler.compat.jobIds
01-10 18:32:04.317  9716  9855 W fb4a.ServiceInfoParser: X.4aw: Service com.facebook.battery.monitor.ContinuousBatteryMonitorService is missing meta key com.facebook.common.jobscheduler.compat.jobIds
01-10 18:32:04.317  9716  9855 W fb4a.ServiceInfoParser: X.4aw: Service com.facebook.googleplay.GooglePlayInstallRefererService is missing meta key com.facebook.common.jobscheduler.compat.jobIds
01-10 18:32:04.318  9716  9855 W fb4a.ServiceInfoParser: X.4aw: Service com.facebook.glc.GLCService is missing meta key com.facebook.common.jobscheduler.compat.jobIds
01-10 18:32:04.318  9716  9855 W fb4a.ServiceInfoParser: X.4aw: Service com.facebook.papaya.fb.client.services.FBPapayaJobService is missing meta key com.facebook.common.jobscheduler.compat.jobIds
01-10 18:32:04.318  9716  9855 W fb4a.ServiceInfoParser: X.4aw: Service com.google.android.datatransport.runtime.scheduling.jobscheduling.JobInfoSchedulerService is missing meta key com.facebook.common.jobscheduler.compat.jobIds
01-10 18:32:04.318  9716  9855 W fb4a.ServiceInfoParser: X.4aw: Service com.facebook.push.fcm.FcmRegistrarFbJobIntentService is missing meta key com.facebook.common.jobscheduler.compat.jobIds
01-10 18:32:04.318  9716  9855 W fb4a.ServiceInfoParser: X.4aw: Service com.facebook.push.fbpushdata.common.FbPushDataHandlerService is missing meta key com.facebook.common.jobscheduler.compat.jobIds
01-10 18:32:04.318  9716  9855 W fb4a.ServiceInfoParser: X.4aw: Service com.facebook.conditionalworker.ConditionalWorkerService is missing meta key com.facebook.common.jobscheduler.compat.jobIds
01-10 18:32:04.318  9716  9855 W fb4a.ServiceInfoParser: X.4aw: Service com.facebook.orca.notify.MessagesNotificationService is missing meta key com.facebook.common.jobscheduler.compat.jobIds
01-10 18:32:04.318  9716  9855 W fb4a.ServiceInfoParser: X.4aw: Service com.facebook.confirmation.notification.ConfirmationNotificationService is missing meta key com.facebook.common.jobscheduler.compat.jobIds
01-10 18:32:04.318  9716  9855 W fb4a.ServiceInfoParser: X.4aw: Service com.facebook.voltron.download.scheduledinstaller.OxygenScheduledInstallerJobService is missing meta key com.facebook.common.jobscheduler.compat.jobIds
01-10 18:32:04.318  9716  9855 W fb4a.ServiceInfoParser: X.4aw: Service com.facebook.messaging.prefs.notifications.NotificationPrefsSyncService is missing meta key com.facebook.common.jobscheduler.compat.jobIds
01-10 18:32:04.318  9716  9855 W fb4a.ServiceInfoParser: X.4aw: Service com.facebook.push.adm.ADMService is missing meta key com.facebook.common.jobscheduler.compat.jobIds
01-10 18:32:04.318  9716  9855 W fb4a.ServiceInfoParser: X.4aw: Service com.facebook.push.adm.ADMBroadcastReceiverJobBase is missing meta key com.facebook.common.jobscheduler.compat.jobIds
01-10 18:32:04.318  9716  9855 W fb4a.ServiceInfoParser: X.4aw: Service com.facebook.push.adm.ADMJobIntentService is missing meta key com.facebook.common.jobscheduler.compat.jobIds
01-10 18:32:04.318  9716  9855 W fb4a.ServiceInfoParser: X.4aw: Service com.facebook.push.negativefeedback.PushNegativeFeedbackFbJobIntentService is missing meta key com.facebook.common.jobscheduler.compat.jobIds
01-10 18:32:04.318  9716  9855 W fb4a.ServiceInfoParser: X.4aw: Service com.facebook.push.registration.RegistrarHelperService is missing meta key com.facebook.common.jobscheduler.compat.jobIds
01-10 18:32:04.319  9716  9855 W fb4a.ServiceInfoParser: X.4aw: Service com.facebook.feed.platformads.AppInstallService is missing meta key com.facebook.common.jobscheduler.compat.jobIds
01-10 18:32:04.319  9716  9855 W fb4a.ServiceInfoParser: X.4aw: Service com.google.android.gms.analytics.AnalyticsJobService is missing meta key com.facebook.common.jobscheduler.compat.jobIds
01-10 18:32:04.319  9716  9855 W fb4a.ServiceInfoParser: X.4aw: Service com.facebook.oxygen.preloads.sdk.firstparty.managedappcache.IsManagedAppCacheJobService is missing meta key com.facebook.common.jobscheduler.compat.jobIds
01-10 18:32:04.319  9716  9855 W fb4a.ServiceInfoParser: X.4aw: Service com.facebook.videolite.api.VideoUploadJobService is missing meta key com.facebook.common.jobscheduler.compat.jobIds
01-10 18:32:04.319  9716  9855 W fb4a.ServiceInfoParser: X.4aw: Service com.facebook.videolite.api.jobscheduler.UploadJobSchedulerService is missing meta key com.facebook.common.jobscheduler.compat.jobIds
01-10 18:32:04.319  9716  9855 W fb4a.ServiceInfoParser: X.4aw: Service androidx.work.impl.background.systemjob.SystemJobService is missing meta key com.facebook.common.jobscheduler.compat.jobIds
01-10 18:32:04.319  9716  9855 W fb4a.ServiceInfoParser: X.4aw: Service com.facebook.push.mqtt.service.MqttPushHelperService is missing meta key com.facebook.common.jobscheduler.compat.jobIds
01-10 18:32:04.319  9716  9855 W fb4a.ServiceInfoParser: X.4aw: Service com.facebook.reportaproblem.base.bugreport.BugReportUploadService is missing meta key com.facebook.common.jobscheduler.compat.jobIds
01-10 18:32:04.319  9716  9855 W fb4a.ServiceInfoParser: X.4aw: Service com.facebook.appcomponentmanager.AppComponentManagerService is missing meta key com.facebook.common.jobscheduler.compat.jobIds
01-10 18:32:04.319  9716  9855 W fb4a.ServiceInfoParser: X.4aw: Service com.facebook.fbservice.service.BlueServiceJobIntentService is missing meta key com.facebook.common.jobscheduler.compat.jobIds
01-10 18:32:04.319  9716  9855 W fb4a.ServiceInfoParser: X.4aw: Service com.facebook.delayedworker.DelayedWorkerService is missing meta key com.facebook.common.jobscheduler.compat.jobIds
01-10 18:32:04.319  9716  9855 W fb4a.ServiceInfoParser: X.4aw: Service com.facebook.analytics2.logger.service.LollipopUploadSafeService is missing meta key com.facebook.common.jobscheduler.compat.jobIds
01-10 18:32:04.319  9716  9855 W fb4a.ServiceInfoParser: X.4aw: Service com.facebook.analytics2.logger.legacy.uploader.LollipopUploadService is missing meta key com.facebook.common.jobscheduler.compat.jobIds
01-10 18:32:04.319  9716  9855 W fb4a.ServiceInfoParser: X.4aw: Service com.facebook.analytics2.logger.legacy.uploader.Analytics2UploadService is missing meta key com.facebook.common.jobscheduler.compat.jobIds
01-10 18:32:04.334  1759  1782 I system_server: Background concurrent copying GC freed 562180(19MB) AllocSpace objects, 56(1124KB) LOS objects, 42% free, 21MB/38MB, paused 68us total 110.248ms
01-10 18:32:04.359  1759  1793 W BroadcastQueue: Permission Denial: broadcasting Intent { act=android.net.conn.CONNECTIVITY_CHANGE flg=0x4200010 (has extras) } from null (pid=-1, uid=-1) requires com.facebook.permission.prod.FB_APP_COMMUNICATION due to registered receiver BroadcastFilter{aef1ebc u0 ReceiverList{be15aaf 9716 com.facebook.katana/10084/u0 remote:516128e}}
01-10 18:32:04.426  1759  1780 W System  : A resource failed to call close. 
01-10 18:32:04.426  1759  1780 I chatty  : uid=1000(system) FinalizerDaemon identical 53 lines
01-10 18:32:04.426  1759  1780 W System  : A resource failed to call close. 
01-10 18:32:04.490  9716  9792 E fb4a.AppState: Returning default for firstRunInfo
01-10 18:32:04.490  9716  9792 E SchedPolicy: set_timerslack_ns write failed: Operation not permitted
01-10 18:32:04.492  9716  9792 E fb4a.AppState: Returning default for firstRunInfo
01-10 18:32:04.495  9716  9792 W fb4a.AppInfoCore: [AI] Package not found when getting package info
01-10 18:32:04.496  9716  9791 E fb4a.AppState: Returning default for firstRunInfo
01-10 18:32:04.541  9716  9791 W fb4a.ReqContexts: fail() skipped
01-10 18:32:04.592  9716  9791 W fb4a.AppInfoCore: [AI] Package not found when getting package info
01-10 18:32:04.594  9716  9792 W fb4a.AppInfoCore: [AI] Package not found when getting package info
01-10 18:32:04.697  9716  9792 E ActivityThread: Failed to find provider info for com.android.launcher3.cornermark.unreadbadge
01-10 18:32:04.741  9716  9778 W fb4a.InitStatus: Not blocking Provider (153853718)
01-10 18:32:04.743  9716  9778 W fb4a.InitStatus: Not blocking Provider (153853718)
01-10 18:32:04.746  9716  9853 W fb4a.AppInfoCore: [AI] Package not found when getting package info
01-10 18:32:04.794  9716  9778 W fb4a.AppInfoCore: [AI] Package not found when getting package info
01-10 18:32:04.795  9716  9778 W fb4a.AppInfoCore: [AI] Package not found when getting package info
01-10 18:32:04.809  9716  9844 W fb4a.AppInfoCore: [AI] Package not found when getting package info
01-10 18:32:04.890  9716  9783 W fb4a.BloksPrivacySelectorFetchQpl: markerPoint is called unexpectedly with render location: BPS_COMPOSER
01-10 18:32:04.898  9716  9783 W fb4a.BloksPrivacySelectorFetchQpl: markerPoint is called unexpectedly with render location: BPS_VIDEO_PRODUCTION_UNIFICATION
01-10 18:32:04.905  9716  9778 W fb4a.BloksPrivacySelectorFetchQpl: markerPoint is called unexpectedly with render location: BPS_COMPOSER
01-10 18:32:04.905  9716  9778 W fb4a.BloksPrivacySelectorFetchQpl: success is called unexpectedly with render location: BPS_COMPOSER
01-10 18:32:04.907  9716  9778 W fb4a.BloksPrivacySelectorFetchQpl: markerPoint is called unexpectedly with render location: BPS_VIDEO_PRODUCTION_UNIFICATION
01-10 18:32:04.907  9716  9778 W fb4a.BloksPrivacySelectorFetchQpl: success is called unexpectedly with render location: BPS_VIDEO_PRODUCTION_UNIFICATION
01-10 18:32:05.034  9716  9778 W fb4a.AppInfoCore: [AI] Package not found when getting package info
01-10 18:32:05.035  9716  9778 W fb4a.AppInfoCore: [AI] Package not found when getting package info
01-10 18:32:05.068  9716  9791 W fb4a.SyncInitializer: Start regular sync initialization
01-10 18:32:05.241  9716  9782 W Profilo/TraceControl: Loom client config id: 5722618465510641561
01-10 18:32:05.251  1759  1780 W System  : A resource failed to call close. 
01-10 18:32:05.252  1759  1780 I chatty  : uid=1000(system) FinalizerDaemon identical 50 lines
01-10 18:32:05.252  1759  1780 W System  : A resource failed to call close. 
01-10 18:32:05.255  9716  9782 W SoLoader[NativeDeps]: Falling back to custom ELF parsing when loading libmonitorcontention.so, this can be slow
01-10 18:32:05.269  9716  9782 E monitorcontention: Couldn't find Runtime::Current
01-10 18:32:05.964  9716  9783 W Profilo/TraceControl: Loom client config id: 1381354977328411904
01-10 18:32:06.866  9716  9868 W AMessage: failed to deliver message as target handler 1 is gone.
01-10 18:32:06.873  9716  9874 W AMessage: failed to deliver message as target handler 6 is gone.
01-10 18:32:20.859  1546  1546 I health@2.0-serv: type=1400 audit(0.0:1881): avc: denied { read } for name="present" dev="sysfs" ino=6606 scontext=u:r:init:s0 tcontext=u:object_r:sysfs:s0 tclass=file permissive=1
01-10 18:32:20.908  1543  1605 D EmuHWC2 : sent 18 syncs in 62s
01-10 18:32:34.326  1591  1651 E storaged: getDiskStats failed with result NOT_SUPPORTED and size 0
01-10 18:32:34.323  1591  1591 I storaged: type=1400 audit(0.0:1883): avc: denied { call } for scontext=u:r:storaged:s0 tcontext=u:r:init:s0 tclass=binder permissive=1
01-10 18:32:41.351  1759  2071 I ActivityManager: Force stopping com.habittracker appid=10061 user=0: from pid 9900
01-10 18:32:41.355  1759  2071 I ActivityManager: Killing 9545:com.habittracker/u0a61 (adj 902): stop com.habittracker
01-10 18:32:41.357  1759  1796 W libprocessgroup: kill(-9545, 9) failed: No such process
01-10 18:32:41.386  1517  1517 I Zygote  : Process 9545 exited due to signal (9)
01-10 18:32:41.410  1759  1796 W libprocessgroup: kill(-9545, 9) failed: No such process
01-10 18:32:41.410  1759  1796 I libprocessgroup: Successfully killed process cgroup uid 10061 pid 9545 in 54ms
01-10 18:32:41.465  1759  1792 E memtrack: Couldn't load memtrack module
01-10 18:32:41.474  1759  1792 W android.os.Debug: failed to get memory consumption info: -1
01-10 18:32:41.483  2121  2121 D CarrierSvcBindHelper: No carrier app for: 0
01-10 18:32:41.494  1759  1794 W Looper  : Slow dispatch took 141ms android.ui h=com.android.server.am.ActivityManagerService$UiHandler c=null m=53
01-10 18:32:41.528  9716  9742 W CrashLoopRemedyLog: unable to delete remedy log, instaCrash: true
01-10 18:32:41.577  2533  2533 W ContextImpl: Calling a method in the system process without a qualified user: android.app.ContextImpl.startService:1531 android.content.ContextWrapper.startService:664 android.content.ContextWrapper.startService:664 com.android.coreservice.CoreBroadcastReceiver.onReceive:53 android.app.ActivityThread.handleReceiver:3424 
01-10 18:32:41.889  1759  2597 I ActivityManager: START u0 {flg=0x10000000 cmp=com.habittracker/.MainActivity} from uid 2000
01-10 18:32:41.972  1543  1543 I composer@2.1-se: type=1400 audit(0.0:1884): avc: denied { ioctl } for path="/dev/fastpipe" dev="tmpfs" ino=6206 ioctlcmd=6867 scontext=u:r:hal_graphics_composer_default:s0 tcontext=u:object_r:device:s0 tclass=chr_file permissive=1
01-10 18:32:41.999  1759  1759 I Binder:1759_F: type=1400 audit(0.0:1885): avc: denied { call } for scontext=u:r:system_server:s0 tcontext=u:r:init:s0 tclass=binder permissive=1
01-10 18:32:41.999  1759  1759 W Binder:1759_F: type=1300 audit(0.0:1885): arch=c000003e syscall=16 success=yes exit=0 a0=27 a1=c0306201 a2=7fff3b2e7dc0 a3=7fff4c43fc88 items=0 ppid=1517 auid=4294967295 uid=1000 gid=1000 euid=1000 suid=1000 fsuid=1000 egid=1000 sgid=1000 fsgid=1000 tty=(none) ses=4294967295 exe="/system/bin/app_process64" subj=u:r:system_server:s0 key=(null)
01-10 18:32:42.080  1759  1782 I system_server: Background concurrent copying GC freed 443159(15MB) AllocSpace objects, 49(1108KB) LOS objects, 42% free, 18MB/33MB, paused 98us total 177.737ms
01-10 18:32:42.094  2533  2533 W ContextImpl: Calling a method in the system process without a qualified user: android.app.ContextImpl.startService:1531 android.content.ContextWrapper.startService:664 android.content.ContextWrapper.startService:664 com.android.coreservice.CoreBroadcastReceiver.onReceive:44 android.app.ActivityThread.handleReceiver:3424 
01-10 18:32:42.161  1759  1780 W System  : A resource failed to call close. 
01-10 18:32:42.192  1759  2071 W ActivityManager: Slow operation: 54ms so far, now at startProcess: done starting proc!
01-10 18:32:42.255  1759  1795 W ActivityManager: Slow operation: 100ms so far, now at startProcess: returned from zygote!
01-10 18:32:42.255  1759  1795 W ActivityManager: Slow operation: 100ms so far, now at startProcess: done updating battery stats
01-10 18:32:42.255  1759  1795 W ActivityManager: Slow operation: 100ms so far, now at startProcess: building log message
01-10 18:32:42.255  1759  1795 I ActivityManager: Start proc 9908:com.habittracker/u0a61 for activity com.habittracker/.MainActivity
01-10 18:32:42.255  1759  1795 W ActivityManager: Slow operation: 101ms so far, now at startProcess: starting to update pids map
01-10 18:32:42.255  1759  1795 W ActivityManager: Slow operation: 101ms so far, now at startProcess: done updating pids map
01-10 18:32:42.162  1759  1780 I chatty  : uid=1000(system) FinalizerDaemon identical 42 lines
01-10 18:32:42.162  1759  1780 W System  : A resource failed to call close. 
01-10 18:32:42.298  9908  9908 I Zygote  : seccomp disabled by setenforce 0
01-10 18:32:42.302  9908  9908 I om.habittracke: Late-enabling -Xcheck:jni
01-10 18:32:42.361  9908  9908 D nativebridge: call UnloadNativeBridge! state=1
01-10 18:32:42.423  2417  2417 D BoundBrokerSvc: onBind: Intent { act=com.google.android.gms.measurement.START pkg=com.google.android.gms }
01-10 18:32:42.423  2417  2417 D BoundBrokerSvc: Loading bound service for intent: Intent { act=com.google.android.gms.measurement.START pkg=com.google.android.gms }
01-10 18:32:42.624  2259  2259 D BoundBrokerSvc: onRebind: Intent { act=com.google.android.gms.common.telemetry.service.START dat=chimera-action: cmp=com.google.android.gms/.chimera.PersistentApiService }
