01-10 14:32:32.475  1759  1793 I ActivityManager: Killing 3957:com.google.android.tts/u0a51 (adj 906): empty #17
01-10 14:32:32.200  1542  1542 D gralloc_default: gralloc_alloc: Creating ashmem region of size 1527808, ignore more log...
01-10 14:32:32.489  1517  1517 I Zygote  : Process 3957 exited due to signal (9)
01-10 14:32:32.514  2533  2533 W ContextImpl: Calling a method in the system process without a qualified user: android.app.ContextImpl.startService:1531 android.content.ContextWrapper.startService:664 android.content.ContextWrapper.startService:664 com.android.coreservice.CoreBroadcastReceiver.onReceive:44 android.app.ActivityThread.handleReceiver:3424 
01-10 14:32:32.512  2533  2533 I oid.coreservice: type=1400 audit(0.0:859): avc: denied { ioctl } for path="/dev/fastpipe" dev="tmpfs" ino=6206 ioctlcmd=6867 scontext=u:r:system_app:s0 tcontext=u:object_r:device:s0 tclass=chr_file permissive=1
01-10 14:32:32.512  2533  2533 W oid.coreservice: type=1300 audit(0.0:859): arch=c000003e syscall=16 success=yes exit=0 a0=1a a1=80046867 a2=7fff6a0f1710 a3=7fff72a27208 items=0 ppid=1517 auid=4294967295 uid=1000 gid=1000 euid=1000 suid=1000 fsuid=1000 egid=1000 sgid=1000 fsgid=1000 tty=(none) ses=4294967295 exe="/system/bin/app_process64" subj=u:r:system_app:s0 key=(null)
01-10 14:32:32.512  1359  1359 W auditd  : type=1327 audit(0.0:859): proctitle="com.android.coreservice"
01-10 14:32:32.512  1359  1359 W auditd  : type=1320 audit(0.0:859): 
01-10 14:32:32.569  2533  2533 W ContextImpl: Calling a method in the system process without a qualified user: android.app.ContextImpl.startService:1531 android.content.ContextWrapper.startService:664 android.content.ContextWrapper.startService:664 com.android.coreservice.CoreBroadcastReceiver.onReceive:53 android.app.ActivityThread.handleReceiver:3424 
01-10 14:32:32.586  1542  1542 D gralloc_default: gralloc_alloc: Creating ashmem region of size 5763072, ignore more log...
01-10 14:32:32.602  1574  1574 I Binder:1574_3: type=1400 audit(0.0:860): avc: denied { read write } for path="/dev/fastpipe" dev="tmpfs" ino=6206 scontext=u:r:untrusted_app:s0:c44,c256,c512,c768 tcontext=u:object_r:device:s0 tclass=chr_file permissive=1
01-10 14:32:32.613  2656  2806 E EGL_emulation: tid 2806: eglSurfaceAttrib(1493): error 0x3009 (EGL_BAD_MATCH)
01-10 14:32:32.613  2656  2806 W OpenGLRenderer: Failed to set EGL_SWAP_BEHAVIOR on surface 0x7fff6bbd3580, error=EGL_BAD_MATCH
01-10 14:32:32.613  1542  1542 D gralloc_default: gralloc_alloc: Creating ashmem region of size 5763072, ignore more log...
01-10 14:32:32.626  1759  1780 I chatty  : uid=1000(system) FinalizerDaemon expire 208 lines
01-10 14:32:32.631  1542  1542 D gralloc_default: gralloc_alloc: Creating ashmem region of size 5763072, ignore more log...
01-10 14:32:32.635  2533  2533 W ContextImpl: Calling a method in the system process without a qualified user: android.app.ContextImpl.sendBroadcast:1020 android.content.ContextWrapper.sendBroadcast:449 com.android.coreservice.TabManager.notifyClosing:364 com.android.coreservice.TabManager.updateInner:191 com.android.coreservice.TabManager.onUpdate:226 
01-10 14:32:32.641  2533  2533 I CoreService: notifyClosing notify tab closed taskPackageName:com.habittracker
01-10 14:32:32.657  1542  1542 D gralloc_default: gralloc_alloc: Creating ashmem region of size 5763072, ignore more log...
01-10 14:32:32.711  1759  2285 I ActivityManager: Killing 4660:com.habittracker/u0a61 (adj 900): remove task
01-10 14:32:32.711  1759  2285 I ActivityManager: Killing 3779:com.google.android.play.games/u0a59 (adj 906): empty #17
01-10 14:32:32.712  1759  1796 I chatty  : uid=1000(system) ActivityManager expire 6 lines
01-10 14:32:32.725  1930  2678 I         : fastpipe: Connect success
01-10 14:32:32.728  1930  2678 D HostConnection: HostRPC::connect sucess: app=com.android.systemui, pid=1930, tid=2678, this=0x7fff50d916c0
01-10 14:32:32.729  1930  2678 D HostConnection: queryAndSetGLESMaxVersion select gles-version: 3.1 hostGLVersion:46 process:com.android.systemui
01-10 14:32:32.758  1759  2596 D ConnectivityService: ConnectivityService NetworkRequestInfo binderDied(NetworkRequest [ TRACK_DEFAULT id=31, [ Capabilities: INTERNET&NOT_RESTRICTED&TRUSTED Unwanted:  Uid: 10059] ], android.os.BinderProxy@18f8023)
01-10 14:32:32.759  1517  1517 I Zygote  : Process 3779 exited due to signal (9)
01-10 14:32:32.759  1759  2965 D ConnectivityService: ConnectivityService NetworkRequestInfo binderDied(NetworkRequest [ LISTEN id=33, [ Capabilities: INTERNET&NOT_RESTRICTED&TRUSTED Unwanted:  Uid: 10059] ], android.os.BinderProxy@1366920)
01-10 14:32:32.768  1759  1870 I chatty  : uid=1000(system) InputDispatcher expire 2 lines
01-10 14:32:32.770  1517  1517 I Zygote  : Process 4660 exited due to signal (9)
01-10 14:32:32.774  1759  1784 I WindowManager: WIN DEATH: Window{9f65015 u0 com.habittracker/com.habittracker.MainActivity}
01-10 14:32:32.778  1759  1784 I chatty  : uid=1000(system) Binder:1759_2 expire 1 line
01-10 14:32:32.791  1574  1876 W SurfaceFlinger: Attempting to destroy on removed layer: AppWindowToken{3d2317d token=Token{b27ebd4 ActivityRecord{ce74d27 u0 com.habittracker/.MainActivity t4}}}#0
01-10 14:32:32.794  1759  1802 W ActivityManager: setHasOverlayUi called on unknown pid: 4660
01-10 14:32:32.795  1759  2496 W ActivityManager: Ignoring remove of inactive process: ProcessRecord{c68737a 0:com.habittracker/u0a61}
01-10 14:32:32.795  2533  2533 W ContextImpl: Calling a method in the system process without a qualified user: android.app.ContextImpl.startService:1531 android.content.ContextWrapper.startService:664 android.content.ContextWrapper.startService:664 com.android.coreservice.CoreBroadcastReceiver.onReceive:69 android.app.ActivityThread.handleReceiver:3424 
01-10 14:32:32.796  1930  1965 I         : fastpipe: Connect success
01-10 14:32:32.798  1930  1965 D HostConnection: HostRPC::connect sucess: app=com.android.systemui, pid=1930, tid=1965, this=0x7fff5050e180
01-10 14:32:32.802  2533  2533 W ContextImpl: Calling a method in the system process without a qualified user: android.app.ContextImpl.startService:1531 android.content.ContextWrapper.startService:664 android.content.ContextWrapper.startService:664 com.android.coreservice.CoreBroadcastReceiver.onReceive:53 android.app.ActivityThread.handleReceiver:3424 
01-10 14:32:32.830  1930  1965 D HostConnection: queryAndSetGLESMaxVersion select gles-version: 3.1 hostGLVersion:46 process:com.android.systemui
01-10 14:32:32.853  2533  2533 W ContextImpl: Calling a method in the system process without a qualified user: android.app.ContextImpl.startService:1531 android.content.ContextWrapper.startService:664 android.content.ContextWrapper.startService:664 com.android.coreservice.CoreBroadcastReceiver.onReceive:69 android.app.ActivityThread.handleReceiver:3424 
01-10 14:32:32.886  1759  1916 I chatty  : uid=1000(system) TaskSnapshotPer expire 88 lines
01-10 14:32:32.887  1759  1778 I chatty  : uid=1000(system) pool-1-thread-1 expire 43 lines
01-10 14:32:32.916  1574  1876 W SurfaceFlinger: Attempting to set client state on removed layer: Dim Layer for - mAboveAppWindowsContainers#0
01-10 14:32:32.916  1574  1876 W SurfaceFlinger: Attempting to destroy on removed layer: Dim Layer for - mAboveAppWindowsContainers#0
01-10 14:32:32.920  1574  1642 W SurfaceFlinger: Attempting to destroy on removed layer: d1d5c60 Application Error: com.habittracker#0
01-10 14:32:33.033  1759  1759 E NotificationService: Muting recently noisy 0|com.android.server.telecom|1337|null|1000
01-10 14:32:33.117  2656  2806 W OpenGLRenderer: Incorrectly called buildLayer on View: ShortcutAndWidgetContainer, destroying layer...
01-10 14:32:33.117  2656  2806 W OpenGLRenderer: Incorrectly called buildLayer on View: ShortcutAndWidgetContainer, destroying layer...
01-10 14:32:33.536  1562  1562 I VibratorService: turn vibrator off
01-10 14:32:33.541  1562  1562 I VibratorService: turn vibrator on timeout_ms=100
01-10 14:32:33.542  1562  1562 I VibratorService: Setting amplitude  to: 3596
01-10 14:32:33.800  1562  1562 I VibratorService: turn vibrator on timeout_ms=100
01-10 14:32:33.801  1562  1562 I VibratorService: Setting amplitude  to: 3596
01-10 14:32:33.908  1562  1562 I VibratorService: turn vibrator off
01-10 14:32:35.893  1759  1792 I chatty  : uid=1000(system) android.bg expire 12 lines
01-10 14:32:35.927  2259  2259 D BoundBrokerSvc: onUnbind: Intent { act=com.google.android.gms.libs.gmscorelogger.service.START dat=chimera-action: cmp=com.google.android.gms/.chimera.PersistentDirectBootAwareApiService }
01-10 14:32:35.998  2866  2866 I Finsky  : [2] abvx.onStartJob(128): SCH: job service start with id 9215.
01-10 14:32:36.049  2866  4445 I Finsky  : [178] aano.a(115): SCH: Satisfied jobs for 9215 are: 12-1
01-10 14:32:36.098  2866  4462 I Finsky  : [179] abuw.accept(574): SCH: Job 12-1 starting
01-10 14:32:36.104  2866  2866 I Finsky  : [2] ContentSyncJob.h(14): [ContentSync] job started
01-10 14:32:36.124  2259  3887 I NetworkScheduler.Stats: (REDACTED) Task %s/%s started execution. cause:%s exec_start_elapsed_seconds: %s
01-10 14:32:36.540  2417  2483 W Pay     : Active account was null, notification task will be cancelled. [CONTEXT service_id=198 ]
01-10 14:32:36.584  2417  2483 E Pay     : NfcAdapter is null while obtaining CardEmulation instance. [CONTEXT service_id=198 ]
01-10 14:32:36.584  2417  2483 E Pay     : CardEmulation is null while checking aid registration. [CONTEXT service_id=198 ]
01-10 14:32:36.594  2417  2483 I Pay     : (REDACTED) enabling component %s
01-10 14:32:36.594  2417  2483 E Pay     : NfcAdapter is null while obtaining CardEmulation instance. [CONTEXT service_id=198 ]
01-10 14:32:36.594  2417  2483 E Pay     : CardEmulation is null while trying to register AIDs. [CONTEXT service_id=198 ]
01-10 14:32:36.602  2417  2483 E Pay     : HCE service enablement failed: FAILED_CARD_EMULATION [CONTEXT service_id=198 ]
01-10 14:32:36.640  2259  4726 I NetworkScheduler.Stats: (REDACTED) Task %s/%s finished executing. cause:%s result: %s elapsed_millis: %s uptime_millis: %s exec_start_elapsed_seconds: %s
01-10 14:32:37.203  2866  2899 I Finsky  : [105] kyk.f(41): Completed 0 account content syncs with 0 successful.
01-10 14:32:37.203  2866  2866 I Finsky  : [2] ContentSyncJob.a(14): [ContentSync] Installation state replication succeeded.
01-10 14:32:37.204  2866  2866 I Finsky  : [2] abuc.r(83): SCH: jobFinished: 12-1. TimeElapsed: 1101ms.
01-10 14:32:37.213  2866  2906 I Finsky  : [107] qls.accept(61): SCH: Scheduling phonesky job Id: 1-1337, CT: 1768027194754, Constraints: [{ L: 27924082, D: 71124082, C: 1, I: 1, N: 1 }]
01-10 14:32:37.213  2866  2906 I Finsky  : [107] qls.accept(61): SCH: Scheduling phonesky job Id: 34-32, CT: 1768027389557, Constraints: [{ L: 79198375, D: 1375198375, C: 1, I: 1, N: 1 }]
01-10 14:32:37.213  2866  2906 I Finsky  : [107] qls.accept(61): SCH: Scheduling phonesky job Id: 34-34, CT: 1768027394061, Constraints: [{ L: 604800000, D: 2591998625, C: 1, I: 1, N: 1 }]
01-10 14:32:37.217  2866  2911 I Finsky  : [112] krm.apply(333): SCH: Scheduling 1 system job(s)
01-10 14:32:37.218  2866  2911 I Finsky  : [112] abtz.d(88): SCH: Scheduling system job Id: 9223, L: 3161619, D: 46361619, C: false, I: false, N: 1
01-10 14:32:37.227  2866  4462 I Finsky  : [179] abvx.a(26): SCH: job service finished with id 9215.
01-10 14:32:42.727  2417  2417 D BoundBrokerSvc: onUnbind: Intent { act=com.google.android.gms.measurement.START pkg=com.google.android.gms }
01-10 14:32:46.686  1922  1922 D Avrcp   : isBrowsableListUpdated: false
01-10 14:32:46.686  1922  1922 V NewAvrcpMediaPlayerList: mPackageChangedBroadcastReceiver: action: android.intent.action.PACKAGE_CHANGED
01-10 14:32:46.686  1922  1922 D NewAvrcpMediaPlayerList: Name of package changed: com.google.android.gms
01-10 14:32:46.973  1759  1759 W Looper  : Slow dispatch took 285ms main h=android.app.ActivityThread$H c=android.app.-$$Lambda$LoadedApk$ReceiverDispatcher$Args$_BumDX2UKsnxLVrE6UJsJZkotuA@df1dd3f m=0
01-10 14:32:46.975  1759  1759 W Looper  : Slow delivery took 311ms main h=android.app.ActivityThread$H c=android.app.-$$Lambda$LoadedApk$ReceiverDispatcher$Args$_BumDX2UKsnxLVrE6UJsJZkotuA@942d96a m=0
01-10 14:32:46.988  1759  1871 I chatty  : uid=1000(system) InputReader expire 1 line
01-10 14:32:47.038  2417  2708 I PeopleGalProvider: Gal directories started.
01-10 14:32:47.078  1759  1759 W Looper  : Slow dispatch took 104ms main h=android.os.Handler c=android.app.-$$Lambda$LoadedApk$ReceiverDispatcher$Args$_BumDX2UKsnxLVrE6UJsJZkotuA@22d2236 m=0
01-10 14:32:47.634  2417  2708 I PeopleGalProvider: Method 1 completed.
01-10 14:32:47.634  2417  2708 I PeopleGalProvider: Method 1 finished successfully.
01-10 14:32:47.638  1759  1759 W Looper  : Slow dispatch took 560ms main h=android.app.ActivityThread$H c=android.app.-$$Lambda$LoadedApk$ReceiverDispatcher$Args$_BumDX2UKsnxLVrE6UJsJZkotuA@a6b000d m=0
01-10 14:32:47.656  1759  1792 I chatty  : uid=1000(system) android.bg expire 6 lines
01-10 14:32:47.903  1759  1759 W Looper  : Slow dispatch took 252ms main h=android.app.ActivityThread$H c=android.app.-$$Lambda$LoadedApk$ReceiverDispatcher$Args$_BumDX2UKsnxLVrE6UJsJZkotuA@2c13741 m=0
01-10 14:32:47.910  1759  1759 I Telecom : DefaultDialerCache: Refreshing default dialer for user 0: now null: DDC.oR@AFc
01-10 14:32:48.072  1759  1792 W VoiceInteractionManagerService: no available voice interaction services found for user 0
01-10 14:32:48.123  1759  1792 W LocationProviderProxy-network: Odd, no component found for service com.android.location.service.v3.NetworkLocationProvider
01-10 14:32:48.127  1759  1792 W GeocoderProxy: Odd, no component found for service com.android.location.service.GeocodeProvider
01-10 14:32:48.127  1759  1792 W GeofenceProxy: Odd, no component found for service com.android.location.service.GeofenceProvider
01-10 14:32:48.129  1759  1792 W ActivityRecognitionProxy: com.google.android.gms resolves service com.android.location.service.ActivityRecognitionProvider, but has wrong signature, ignoring
01-10 14:32:48.129  1759  1792 W ActivityRecognitionProxy: Odd, no component found for service com.android.location.service.ActivityRecognitionProvider
01-10 14:32:48.166  1759  1780 W System  : A resource failed to call close. 
01-10 14:32:48.167  1759  1780 I chatty  : uid=1000(system) FinalizerDaemon identical 24 lines
01-10 14:32:48.167  1759  1780 W System  : A resource failed to call close. 
01-10 14:32:48.178  2417  2431 W System  : A resource failed to call close. 
01-10 14:32:48.240  2121  2121 D CarrierSvcBindHelper: No carrier app for: 0
01-10 14:32:49.681  1759  1759 W Looper  : Drained
01-10 14:32:51.940  1759  1792 E memtrack: Couldn't load memtrack module
01-10 14:32:51.940  1759  1792 W android.os.Debug: failed to get memory consumption info: -1
01-10 14:32:55.290  1759  1792 E memtrack: Couldn't load memtrack module
01-10 14:32:55.290  1759  1792 W android.os.Debug: failed to get memory consumption info: -1
01-10 14:32:55.305  1759  1792 E memtrack: Couldn't load memtrack module
01-10 14:32:55.305  1759  1792 W android.os.Debug: failed to get memory consumption info: -1
01-10 14:33:00.006  1759  1792 E memtrack: Couldn't load memtrack module
01-10 14:33:00.006  1759  1792 W android.os.Debug: failed to get memory consumption info: -1
01-10 14:33:00.014  2866  2882 W android.vendin: Profile data size exceeds 500000 bytes
01-10 14:33:00.284  2259  2259 D BoundBrokerSvc: onUnbind: Intent { act=com.google.android.gms.clearcut.service.START dat=chimera-action: cmp=com.google.android.gms/.chimera.PersistentDirectBootAwareApiService }
01-10 14:33:01.156  2259  4737 I NetworkScheduler.Stats: (REDACTED) Task %s/%s started execution. cause:%s exec_start_elapsed_seconds: %s
01-10 14:33:01.219  2259  2259 I lowpool[24]: type=1400 audit(0.0:870): avc: denied { read } for name="Pictures" dev="sdcardfs" ino=1966083 scontext=u:r:priv_app:s0:c512,c768 tcontext=u:object_r:sdcardfs:s0 tclass=lnk_file permissive=1
01-10 14:33:01.219  2259  2259 I lowpool[24]: type=1400 audit(0.0:870): avc: denied { search } for name="/" dev="vboxsf" ino=1 scontext=u:r:priv_app:s0:c512,c768 tcontext=u:object_r:unlabeled:s0 tclass=dir permissive=1
01-10 14:33:01.219  2259  2259 W lowpool[24]: type=1300 audit(0.0:870): arch=c000003e syscall=269 success=no exit=-2 a0=ffffff9c a1=7fff68689200 a2=0 a3=7fff6870c588 items=0 ppid=1517 auid=4294967295 uid=10024 gid=10024 euid=10024 suid=10024 fsuid=10024 egid=10024 sgid=10024 fsgid=10024 tty=(none) ses=4294967295 exe="/system/bin/app_process64" subj=u:r:priv_app:s0:c512,c768 key=(null)
01-10 14:33:01.219  1359  1359 W auditd  : type=1327 audit(0.0:870): proctitle="com.google.android.gms.persistent"
01-10 14:33:01.219  1359  1359 W auditd  : type=1320 audit(0.0:870): 
01-10 14:33:01.340  2259  4734 E NFC     : could not retrieve NFC service
01-10 14:33:01.355  2259  4734 I TapAndPay: NfcAdapter is null while obtaining CardEmulation instance. [CONTEXT service_id=79 ]
01-10 14:33:01.430  2259  4734 I NetworkScheduler.Stats: (REDACTED) Task %s/%s finished executing. cause:%s result: %s elapsed_millis: %s uptime_millis: %s exec_start_elapsed_seconds: %s
01-10 14:33:01.687  2259  4737 I NetworkScheduler.Stats: (REDACTED) Task %s/%s started execution. cause:%s exec_start_elapsed_seconds: %s
01-10 14:33:01.697  2259  4734 I NetworkScheduler.Stats: (REDACTED) Task %s/%s started execution. cause:%s exec_start_elapsed_seconds: %s
01-10 14:33:01.699  2417  2839 I TelephonySpamChimeraSer: Running Telephony Spam Chimera Service [CONTEXT service_id=150 ]
01-10 14:33:01.737  2417  2839 I TelephonySpamChimeraSer: Cleaning SIP Header local table of old entries [CONTEXT service_id=150 ]
01-10 14:33:01.740  2417  2839 I SpamListSync: Call spam module disabled. Skipping cleaning cache sip header table. [CONTEXT service_id=150 ]
01-10 14:33:01.740  2417  2839 I TelephonySpamChimeraSer: Syncing Call Spam List [CONTEXT service_id=150 ]
01-10 14:33:01.740  2417  2839 I SpamListSync: (REDACTED) SpamListSyncChimeraService.syncSpamList called with tag: %s, extras: %s
01-10 14:33:01.740  2417  2839 I SpamListSync: Call spam module disabled. Skipping spam list syncing. [CONTEXT service_id=150 ]
01-10 14:33:01.813  2259  4737 I NetworkScheduler.Stats: (REDACTED) Task %s/%s finished executing. cause:%s result: %s elapsed_millis: %s uptime_millis: %s exec_start_elapsed_seconds: %s
01-10 14:33:02.105  1551  1841 D sensor_hal: cb_setDelay handle=1 delay-ns=200000000
01-10 14:33:02.105  1551  1841 D sensor_hal: cb_activate handle=1 enabled=1
01-10 14:33:02.108  1551  1551 D sensor_hal: cb_setDelay handle=0 delay-ns=50000000
01-10 14:33:02.108  1551  1551 D sensor_hal: cb_setDelay handle=2 delay-ns=10000000
01-10 14:33:02.108  1551  1551 D sensor_hal: cb_setDelay handle=5 delay-ns=5000000
01-10 14:33:02.109  1551  1551 D sensor_hal: cb_activate handle=2 enabled=1
01-10 14:33:02.109  1551  1551 D sensor_hal: cb_activate handle=5 enabled=1
01-10 14:33:02.116  1759  1782 I system_server: Background concurrent copying GC freed 399017(14MB) AllocSpace objects, 44(944KB) LOS objects, 42% free, 17MB/30MB, paused 122us total 203.721ms
01-10 14:33:02.180  1759  1780 W System  : A resource failed to call close. 
01-10 14:33:02.180  1759  1780 I chatty  : uid=1000(system) FinalizerDaemon identical 37 lines
01-10 14:33:02.180  1759  1780 W System  : A resource failed to call close. 
01-10 14:33:02.317  1551  1551 D sensor_hal: cb_setDelay handle=0 delay-ns=200000000
01-10 14:33:02.318  1551  1551 D sensor_hal: cb_activate handle=2 enabled=0
01-10 14:33:02.318  1551  1551 D sensor_hal: cb_activate handle=5 enabled=0
01-10 14:33:02.319  1551  1551 D sensor_hal: cb_activate handle=1 enabled=0
01-10 14:33:02.390  2259  4272 W GmsUrlRequestImpl: [https://android.googleapis.com/auth/devicekey] Content-Type header is overwritten.
01-10 14:33:02.799  2259  4272 W GLSUser : [AppCertManager] Exception while requesting key: 
01-10 14:33:02.799  2259  4272 W GLSUser : java.util.concurrent.ExecutionException: cmva: Parse Proto Exception with response code 400
01-10 14:33:02.799  2259  4272 W GLSUser : 	at fokm.j(:com.google.android.gms@254730017@25.47.30 (100800-833691957):21)
01-10 14:33:02.799  2259  4272 W GLSUser : 	at fokv.u(:com.google.android.gms@254730017@25.47.30 (100800-833691957):71)
01-10 14:33:02.799  2259  4272 W GLSUser : 	at ahus.b(:com.google.android.gms@254730017@25.47.30 (100800-833691957):439)
01-10 14:33:02.799  2259  4272 W GLSUser : 	at ahuq.b(:com.google.android.gms@254730017@25.47.30 (100800-833691957):29)
01-10 14:33:02.799  2259  4272 W GLSUser : 	at ahul.a(:com.google.android.gms@254730017@25.47.30 (100800-833691957):1)
01-10 14:33:02.799  2259  4272 W GLSUser : 	at ahuo.a(:com.google.android.gms@254730017@25.47.30 (100800-833691957):58)
01-10 14:33:02.799  2259  4272 W GLSUser : 	at acvq.call(:com.google.android.gms@254730017@25.47.30 (100800-833691957):56)
01-10 14:33:02.799  2259  4272 W GLSUser : 	at java.util.concurrent.FutureTask.run(FutureTask.java:266)
01-10 14:33:02.799  2259  4272 W GLSUser : 	at bcgx.c(:com.google.android.gms@254730017@25.47.30 (100800-833691957):50)
01-10 14:33:02.799  2259  4272 W GLSUser : 	at bcgx.run(:com.google.android.gms@254730017@25.47.30 (100800-833691957):73)
01-10 14:33:02.799  2259  4272 W GLSUser : 	at java.util.concurrent.ThreadPoolExecutor.runWorker(ThreadPoolExecutor.java:1167)
01-10 14:33:02.799  2259  4272 W GLSUser : 	at java.util.concurrent.ThreadPoolExecutor$Worker.run(ThreadPoolExecutor.java:641)
01-10 14:33:02.799  2259  4272 W GLSUser : 	at bcmo.run(:com.google.android.gms@254730017@25.47.30 (100800-833691957):8)
01-10 14:33:02.799  2259  4272 W GLSUser : 	at java.lang.Thread.run(Thread.java:764)
01-10 14:33:02.799  2259  4272 W GLSUser : Caused by: cmva: Parse Proto Exception with response code 400
01-10 14:33:02.799  2259  4272 W GLSUser : 	at cmwd.e(:com.google.android.gms@254730017@25.47.30 (100800-833691957):80)
01-10 14:33:02.799  2259  4272 W GLSUser : 	at cmyp.d(:com.google.android.gms@254730017@25.47.30 (100800-833691957):18)
01-10 14:33:02.799  2259  4272 W GLSUser : 	at cmzg.onSucceeded(:com.google.android.gms@254730017@25.47.30 (100800-833691957):9)
01-10 14:33:02.799  2259  4272 W GLSUser : 	at m1.nj.onSucceeded(:com.google.android.gms.dynamite_cronetdynamite@254730017@25.47.30 (100800-0):3)
01-10 14:33:02.799  2259  4272 W GLSUser : 	at m1.mc.run(:com.google.android.gms.dynamite_cronetdynamite@254730017@25.47.30 (100800-0):21)
01-10 14:33:02.799  2259  4272 W GLSUser : 	at m1.lw.run(:com.google.android.gms.dynamite_cronetdynamite@254730017@25.47.30 (100800-0):31)
01-10 14:33:02.799  2259  4272 W GLSUser : 	... 6 more
01-10 14:33:02.799  2259  4272 W GLSUser : Caused by: ggog: Protocol message contained an invalid tag (zero).
01-10 14:33:02.799  2259  4272 W GLSUser : 	at gglk.k(:com.google.android.gms@254730017@25.47.30 (100800-833691957):43)
01-10 14:33:02.799  2259  4272 W GLSUser : 	at ggpe.c(:com.google.android.gms@254730017@25.47.30 (100800-833691957):399)
01-10 14:33:02.799  2259  4272 W GLSUser : 	at ggpe.i(:com.google.android.gms@254730017@25.47.30 (100800-833691957):8)
01-10 14:33:02.799  2259  4272 W GLSUser : 	at ggnl.y(:com.google.android.gms@254730017@25.47.30 (100800-833691957):23)
01-10 14:33:02.799  2259  4272 W GLSUser : 	at ggng.f(:com.google.android.gms@254730017@25.47.30 (100800-833691957):3)
01-10 14:33:02.799  2259  4272 W GLSUser : 	at gglg.d(:com.google.android.gms@254730017@25.47.30 (100800-833691957):1)
01-10 14:33:02.799  2259  4272 W GLSUser : 	at gglg.c(:com.google.android.gms@254730017@25.47.30 (100800-833691957):3)
01-10 14:33:02.799  2259  4272 W GLSUser : 	at gglg.n(:com.google.android.gms@254730017@25.47.30 (100800-833691957):1)
01-10 14:33:02.799  2259  4272 W GLSUser : 	at cmwd.g(:com.google.android.gms@254730017@25.47.30 (100800-833691957):69)
01-10 14:33:02.799  2259  4272 W GLSUser : 	at cmwd.e(:com.google.android.gms@254730017@25.47.30 (100800-833691957):11)
01-10 14:33:02.799  2259  4272 W GLSUser : 	... 11 more
01-10 14:33:02.820  1759  1792 E memtrack: Couldn't load memtrack module
01-10 14:33:02.820  1759  1792 W android.os.Debug: failed to get memory consumption info: -1
01-10 14:33:02.837  1759  1792 E memtrack: Couldn't load memtrack module
01-10 14:33:02.837  1759  1792 W android.os.Debug: failed to get memory consumption info: -1
01-10 14:33:02.852  1759  1792 E memtrack: Couldn't load memtrack module
01-10 14:33:02.852  1759  1792 W android.os.Debug: failed to get memory consumption info: -1
01-10 14:33:02.854  2259  4726 I NetworkScheduler.Stats: (REDACTED) Task %s/%s finished executing. cause:%s result: %s elapsed_millis: %s uptime_millis: %s exec_start_elapsed_seconds: %s
01-10 14:33:20.519  1526  1526 I healthd : type=1400 audit(0.0:871): avc: denied { read } for name="present" dev="sysfs" ino=6606 scontext=u:r:healthd:s0 tcontext=u:object_r:sysfs:s0 tclass=file permissive=1
01-10 14:33:20.519  1526  1526 I healthd : type=1400 audit(0.0:871): avc: denied { open } for path="/sys/devices/LNXSYSTM:00/LNXSYBUS:00/PNP0A03:00/PNP0C0A:00/power_supply/BAT0/present" dev="sysfs" ino=6606 scontext=u:r:healthd:s0 tcontext=u:object_r:sysfs:s0 tclass=file permissive=1
01-10 14:33:20.519  1526  1526 W healthd : type=1300 audit(0.0:871): arch=c000003e syscall=257 success=yes exit=9 a0=ffffff9c a1=7ffff7228360 a2=a0000 a3=0 items=0 ppid=1 auid=4294967295 uid=0 gid=0 euid=0 suid=0 fsuid=0 egid=0 sgid=0 fsgid=0 tty=(none) ses=4294967295 exe="/system/bin/healthd" subj=u:r:healthd:s0 key=(null)
01-10 14:33:20.519  1359  1359 W auditd  : type=1327 audit(0.0:871): proctitle="/system/bin/healthd"
01-10 14:33:20.519  1359  1359 W auditd  : type=1320 audit(0.0:871): 
01-10 14:33:20.911  1543  1605 D EmuHWC2 : sent 36 syncs in 60s
01-10 14:33:21.655  2417  2417 D BoundBrokerSvc: onUnbind: Intent { act=com.google.android.gms.common.BIND_SHARED_PREFS pkg=com.google.android.gms }
01-10 14:33:21.655  1759  1792 E memtrack: Couldn't load memtrack module
01-10 14:33:21.655  1759  1792 W android.os.Debug: failed to get memory consumption info: -1
01-10 14:33:21.666  1759  1792 E memtrack: Couldn't load memtrack module
01-10 14:33:21.666  1759  1792 W android.os.Debug: failed to get memory consumption info: -1
01-10 14:33:24.011  3272  3584 W fb4a.AppInfoCore: [AI] Package not found when getting package info
01-10 14:33:24.073  3272  3584 W fb4a.AppInfoCore: [AI] Package not found when getting package info
01-10 14:33:24.104  3272  3272 W fb4a.AppInfoCore: [AI] Package not found when getting package info
01-10 14:33:24.117  3272  3340 W facebook.katan: Profile data size exceeds 500000 bytes
01-10 14:33:26.795  1759  1780 W System  : A resource failed to call close. 
01-10 14:33:26.795  1759  1780 I chatty  : uid=1000(system) FinalizerDaemon identical 36 lines
01-10 14:33:26.795  1759  1780 W System  : A resource failed to call close. 
01-10 14:33:28.989  1546  1546 I health@2.0-serv: type=1400 audit(0.0:876): avc: denied { read } for scontext=u:r:init:s0 tcontext=u:r:init:s0 tclass=netlink_kobject_uevent_socket permissive=1
01-10 14:33:28.989  1546  1546 W health@2.0-serv: type=1300 audit(0.0:876): arch=c000003e syscall=47 success=yes exit=191 a0=8 a1=7fffffffdf48 a2=0 a3=ffffffff items=0 ppid=1 auid=4294967295 uid=1000 gid=1000 euid=1000 suid=1000 fsuid=1000 egid=1000 sgid=1000 fsgid=1000 tty=(none) ses=4294967295 exe="/system/vendor/bin/hw/android.hardware.health@2.0-service.default" subj=u:r:init:s0 key=(null)
01-10 14:33:28.989  1359  1359 W auditd  : type=1327 audit(0.0:876): proctitle="/vendor/bin/hw/android.hardware.health@2.0-service.default"
01-10 14:33:28.989  1359  1359 W auditd  : type=1320 audit(0.0:876): 
01-10 14:33:29.109  1591  1591 I storaged: type=1400 audit(0.0:877): avc: denied { call } for scontext=u:r:storaged:s0 tcontext=u:r:init:s0 tclass=binder permissive=1
01-10 14:33:29.112  1591  1651 E storaged: getDiskStats failed with result NOT_SUPPORTED and size 0
01-10 14:33:37.675  1592  1592 W wificond: Scan already started
01-10 14:33:37.783  2259  4750 I NetworkScheduler.Stats: (REDACTED) Task %s/%s started execution. cause:%s exec_start_elapsed_seconds: %s
01-10 14:33:37.806  2417  2440 W gle.android.gm: Profile data size exceeds 500000 bytes
01-10 14:33:37.843  2417  2483 W Pay     : Active account was null, notification task will be cancelled. [CONTEXT service_id=198 ]
01-10 14:33:37.874  2417  2483 E Pay     : NfcAdapter is null while obtaining CardEmulation instance. [CONTEXT service_id=198 ]
01-10 14:33:37.875  2417  2483 E Pay     : CardEmulation is null while checking aid registration. [CONTEXT service_id=198 ]
01-10 14:33:37.887  2417  2483 I Pay     : (REDACTED) enabling component %s
01-10 14:33:37.888  2417  2483 E Pay     : NfcAdapter is null while obtaining CardEmulation instance. [CONTEXT service_id=198 ]
01-10 14:33:37.888  2417  2483 E Pay     : CardEmulation is null while trying to register AIDs. [CONTEXT service_id=198 ]
01-10 14:33:37.895  2417  2483 E Pay     : HCE service enablement failed: FAILED_CARD_EMULATION [CONTEXT service_id=198 ]
01-10 14:33:37.927  2259  4750 I NetworkScheduler.Stats: (REDACTED) Task %s/%s finished executing. cause:%s result: %s elapsed_millis: %s uptime_millis: %s exec_start_elapsed_seconds: %s
01-10 14:33:38.685  1759  2965 D WificondControl: Scan result ready event
01-10 14:33:48.297  1922  1922 D Avrcp   : isBrowsableListUpdated: false
01-10 14:33:48.298  1922  1922 V NewAvrcpMediaPlayerList: mPackageChangedBroadcastReceiver: action: android.intent.action.PACKAGE_CHANGED
01-10 14:33:48.298  1922  1922 D NewAvrcpMediaPlayerList: Name of package changed: com.google.android.gms
01-10 14:33:48.401  1759  1759 W system_server: Unknown chunk type '200'.
01-10 14:33:48.402  1759  1759 I chatty  : uid=1000 system_server identical 1 line
01-10 14:33:48.403  1759  1759 W system_server: Unknown chunk type '200'.
01-10 14:33:48.404  1759  1871 I InputReader: Reconfiguring input devices.  changes=0x00000010
01-10 14:33:48.438  2417  2708 I PeopleGalProvider: Gal directories started.
01-10 14:33:48.473  2417  2708 I PeopleGalProvider: Method 1 completed.
01-10 14:33:48.473  2417  2708 I PeopleGalProvider: Method 1 finished successfully.
01-10 14:33:48.476  1759  1792 W system_server: Unknown chunk type '200'.
01-10 14:33:48.518  1759  1759 W Looper  : Slow delivery took 210ms main h=android.app.ActivityThread$H c=android.app.-$$Lambda$LoadedApk$ReceiverDispatcher$Args$_BumDX2UKsnxLVrE6UJsJZkotuA@7bd4265 m=0
01-10 14:33:48.523  1759  1792 W Searchables: No global search activity found
01-10 14:33:48.527  1759  1759 I Telecom : DefaultDialerCache: Refreshing default dialer for user 0: now null: DDC.oR@AFg
01-10 14:33:48.560  1759  1780 W System  : A resource failed to call close. 
01-10 14:33:48.562  1759  1792 W VoiceInteractionManagerService: no available voice interaction services found for user 0
01-10 14:33:48.560  1759  1780 I chatty  : uid=1000(system) FinalizerDaemon identical 44 lines
01-10 14:33:48.560  1759  1780 W System  : A resource failed to call close. 
01-10 14:33:48.564  1759  1792 W LocationProviderProxy-network: com.google.android.gms resolves service com.android.location.service.v3.NetworkLocationProvider, but has wrong signature, ignoring
01-10 14:33:48.564  1759  1792 W LocationProviderProxy-network: Odd, no component found for service com.android.location.service.v3.NetworkLocationProvider
01-10 14:33:48.566  1759  1792 W LocationProviderProxy-fused: com.google.android.gms resolves service com.android.location.service.FusedLocationProvider, but has wrong signature, ignoring
01-10 14:33:48.566  2121  2121 D CarrierSvcBindHelper: No carrier app for: 0
01-10 14:33:48.568  1759  1792 W GeocoderProxy: com.google.android.gms resolves service com.android.location.service.GeocodeProvider, but has wrong signature, ignoring
01-10 14:33:48.568  1759  1792 W GeocoderProxy: Odd, no component found for service com.android.location.service.GeocodeProvider
01-10 14:33:48.568  1759  1792 W GeofenceProxy: com.google.android.gms resolves service com.android.location.service.GeofenceProvider, but has wrong signature, ignoring
01-10 14:33:48.568  1759  1792 W GeofenceProxy: Odd, no component found for service com.android.location.service.GeofenceProvider
01-10 14:33:48.569  1759  1792 W ActivityRecognitionProxy: com.google.android.gms resolves service com.android.location.service.ActivityRecognitionProvider, but has wrong signature, ignoring
01-10 14:33:48.569  1759  1792 W ActivityRecognitionProxy: Odd, no component found for service com.android.location.service.ActivityRecognitionProvider
01-10 14:33:51.085  1349  1349 W hwservicemanager: getTransport: Cannot find entry android.hardware.memtrack@1.0::IMemtrack/default in either framework or device manifest.
01-10 14:33:51.087  2417  2483 E memtrack: Couldn't load memtrack module
01-10 14:33:51.087  2417  2483 W android.os.Debug: failed to get memory consumption info: -1
01-10 14:34:00.022  1759  1759 W Looper  : Drained
01-10 14:34:00.023  1759  1792 E memtrack: Couldn't load memtrack module
01-10 14:34:00.023  1759  1792 W android.os.Debug: failed to get memory consumption info: -1
01-10 14:34:17.390  1759  1792 E memtrack: Couldn't load memtrack module
01-10 14:34:17.390  1759  1792 W android.os.Debug: failed to get memory consumption info: -1
01-10 14:34:20.876  1543  1605 D EmuHWC2 : sent 18 syncs in 60s
01-10 14:34:29.137  1591  1651 E storaged: getDiskStats failed with result NOT_SUPPORTED and size 0
01-10 14:34:40.492  2259  4056 I NearbyDiscovery: FastPair: isDestroyable: Scanner is alive. [CONTEXT service_id=265 ]
01-10 14:34:40.492  2259  4056 I NearbyDiscovery: DiscoveryService: Skip stopSelf(), fast pair controller is not destroyable. [CONTEXT service_id=265 ]
01-10 14:34:44.316  1759  1780 W System  : A resource failed to call close. 
01-10 14:34:44.317  1759  1780 I chatty  : uid=1000(system) FinalizerDaemon identical 43 lines
01-10 14:34:44.317  1759  1780 W System  : A resource failed to call close. 
01-10 14:35:00.005  1759  1792 E memtrack: Couldn't load memtrack module
01-10 14:35:00.005  1759  1792 W android.os.Debug: failed to get memory consumption info: -1
01-10 14:35:04.205  1759  1883 D WIFI_UT : got request NetworkRequest [ TRACK_DEFAULT id=45, [ Capabilities: INTERNET&NOT_RESTRICTED&TRUSTED Unwanted:  Uid: 10016] ] with score 60
01-10 14:35:04.205  1759  1915 D Ethernet: got request NetworkRequest [ TRACK_DEFAULT id=45, [ Capabilities: INTERNET&NOT_RESTRICTED&TRUSTED Unwanted:  Uid: 10016] ] with score 60
01-10 14:35:04.206  1759  1914 D WIFI_AWARE_FACTORY: got request NetworkRequest [ TRACK_DEFAULT id=45, [ Capabilities: INTERNET&NOT_RESTRICTED&TRUSTED Unwanted:  Uid: 10016] ] with score 60
01-10 14:35:04.206  1759  1883 D WIFI    : got request NetworkRequest [ TRACK_DEFAULT id=45, [ Capabilities: INTERNET&NOT_RESTRICTED&TRUSTED Unwanted:  Uid: 10016] ] with score 60
01-10 14:35:04.206  2121  2121 D PhoneSwitcherNetworkRequstListener: got request NetworkRequest [ TRACK_DEFAULT id=45, [ Capabilities: INTERNET&NOT_RESTRICTED&TRUSTED Unwanted:  Uid: 10016] ] with score 60
01-10 14:35:20.876  1543  1605 D EmuHWC2 : sent 12 syncs in 60s
01-10 14:35:21.015  1759  1780 W System  : A resource failed to call close. 
01-10 14:35:21.015  1759  1780 I chatty  : uid=1000(system) FinalizerDaemon identical 40 lines
01-10 14:35:21.015  1759  1780 W System  : A resource failed to call close. 
01-10 14:35:21.541  2866  2906 I Finsky  : [107] knp.run(510): AIM: AppInfoManager-Perf > Destroying AppInfoManager ...
01-10 14:35:29.139  1591  1651 E storaged: getDiskStats failed with result NOT_SUPPORTED and size 0
01-10 14:35:40.526  1532  1532 I bluetooth@1.0-s: type=1400 audit(0.0:878): avc: denied { call } for scontext=u:r:init:s0 tcontext=u:r:bluetooth:s0 tclass=binder permissive=1
01-10 14:35:40.526  1532  1532 W bluetooth@1.0-s: type=1300 audit(0.0:878): arch=c000003e syscall=16 success=yes exit=0 a0=4 a1=c0306201 a2=7ffff6ffeda0 a3=1 items=0 ppid=1 auid=4294967295 uid=1002 gid=1002 euid=1002 suid=1002 fsuid=1002 egid=1002 sgid=1002 fsgid=1002 tty=(none) ses=4294967295 exe="/system/vendor/bin/hw/android.hardware.bluetooth@1.0-service-qti" subj=u:r:init:s0 key=(null)
01-10 14:35:40.526  1359  1359 W auditd  : type=1327 audit(0.0:878): proctitle="/vendor/bin/hw/android.hardware.bluetooth@1.0-service-qti"
01-10 14:35:40.526  1359  1359 W auditd  : type=1320 audit(0.0:878): 
01-10 14:35:41.749  1567  1567 I ldinit  : type=1400 audit(0.0:879): avc: denied { read } for name="partitions" dev="proc" ino=4026532050 scontext=u:r:ldinit:s0 tcontext=u:object_r:proc:s0 tclass=file permissive=1
01-10 14:35:41.749  1567  1567 I ldinit  : type=1400 audit(0.0:879): avc: denied { open } for path="/proc/partitions" dev="proc" ino=4026532050 scontext=u:r:ldinit:s0 tcontext=u:object_r:proc:s0 tclass=file permissive=1
01-10 14:35:41.749  1567  1567 W ldinit  : type=1300 audit(0.0:879): arch=c000003e syscall=257 success=yes exit=6 a0=ffffff9c a1=7ffff7728278 a2=0 a3=0 items=0 ppid=1 auid=4294967295 uid=0 gid=0 euid=0 suid=0 fsuid=0 egid=0 sgid=0 fsgid=0 tty=(none) ses=4294967295 exe="/system/bin/ldinit" subj=u:r:ldinit:s0 key=(null)
01-10 14:35:41.749  1359  1359 W auditd  : type=1327 audit(0.0:879): proctitle="/system/bin/ldinit"
01-10 14:35:41.749  1359  1359 W auditd  : type=1320 audit(0.0:879): 
01-10 14:35:41.749  1567  1567 I ldinit  : type=1400 audit(0.0:880): avc: denied { getattr } for path="/proc/partitions" dev="proc" ino=4026532050 scontext=u:r:ldinit:s0 tcontext=u:object_r:proc:s0 tclass=file permissive=1
01-10 14:35:43.212  2259  4750 I AlarmManager: setExactAndAllowWhileIdle [name: GCM_HB_ALARM type: 2 triggerAtMillis: 685903]
01-10 14:35:43.214  2259  4750 I AlarmManager: setExactAndAllowWhileIdle [name: GCM_HB_ALARM type: 2 triggerAtMillis: 685905]
01-10 14:35:53.119  1759  1792 E memtrack: Couldn't load memtrack module
01-10 14:35:53.119  1759  1792 W android.os.Debug: failed to get memory consumption info: -1
01-10 14:35:53.282  1759  1782 I system_server: Background concurrent copying GC freed 359942(12MB) AllocSpace objects, 39(780KB) LOS objects, 42% free, 19MB/34MB, paused 205us total 106.346ms
01-10 14:35:53.285  2259  4774 I NetworkScheduler.Stats: (REDACTED) Task %s/%s started execution. cause:%s exec_start_elapsed_seconds: %s
01-10 14:35:53.318  2259  4786 I NetworkScheduler.Stats: (REDACTED) Task %s/%s started execution. cause:%s exec_start_elapsed_seconds: %s
01-10 14:35:53.328  1759  1780 W System  : A resource failed to call close. 
01-10 14:35:53.329  1759  1780 I chatty  : uid=1000(system) FinalizerDaemon identical 37 lines
01-10 14:35:53.329  1759  1780 W System  : A resource failed to call close. 
01-10 14:35:53.340  1551  1841 D sensor_hal: sensor_device_default_flush handle=0
01-10 14:35:53.343  2259  4774 E NFC     : could not retrieve NFC service
01-10 14:35:53.346  2259  4774 I TapAndPay: NfcAdapter is null while obtaining CardEmulation instance. [CONTEXT service_id=79 ]
01-10 14:35:53.370  2259  2270 I .gms.persisten: Background concurrent copying GC freed 200206(9MB) AllocSpace objects, 51(1288KB) LOS objects, 50% free, 9MB/19MB, paused 1.606ms total 108.421ms
01-10 14:35:53.382  2259  4786 I NetworkScheduler.Stats: (REDACTED) Task %s/%s finished executing. cause:%s result: %s elapsed_millis: %s uptime_millis: %s exec_start_elapsed_seconds: %s
01-10 14:35:53.395  2417  2483 W Pay     : Active account was null, notification task will be cancelled. [CONTEXT service_id=198 ]
01-10 14:35:53.441  2417  2483 E Pay     : NfcAdapter is null while obtaining CardEmulation instance. [CONTEXT service_id=198 ]
01-10 14:35:53.441  2417  2483 E Pay     : CardEmulation is null while checking aid registration. [CONTEXT service_id=198 ]
01-10 14:35:53.452  2417  2483 I Pay     : (REDACTED) enabling component %s
01-10 14:35:53.452  2417  2483 E Pay     : NfcAdapter is null while obtaining CardEmulation instance. [CONTEXT service_id=198 ]
01-10 14:35:53.452  2417  2483 E Pay     : CardEmulation is null while trying to register AIDs. [CONTEXT service_id=198 ]
01-10 14:35:53.473  2417  2483 E Pay     : HCE service enablement failed: FAILED_CARD_EMULATION [CONTEXT service_id=198 ]
01-10 14:35:53.483  2259  2795 I NetworkScheduler.Stats: (REDACTED) Task %s/%s started execution. cause:%s exec_start_elapsed_seconds: %s
01-10 14:35:53.487  2417  2440 W gle.android.gm: Profile data size exceeds 500000 bytes
01-10 14:35:53.491  1759  1759 V SettingsProvider: Notifying for 0: content://settings/global/Phenotype_boot_count
01-10 14:35:53.507  2259  4783 I PlatformConfigurator: updateFromConfigurations using legacy put method [CONTEXT service_id=204 ]
01-10 14:35:53.528  2259  2795 I NetworkScheduler.Stats: (REDACTED) Task %s/%s finished executing. cause:%s result: %s elapsed_millis: %s uptime_millis: %s exec_start_elapsed_seconds: %s
01-10 14:35:53.556  2259  2795 I NetworkScheduler.Stats: (REDACTED) Task %s/%s finished executing. cause:%s result: %s elapsed_millis: %s uptime_millis: %s exec_start_elapsed_seconds: %s
01-10 14:35:53.593  2259  4786 I NetworkScheduler.Stats: (REDACTED) Task %s/%s started execution. cause:%s exec_start_elapsed_seconds: %s
01-10 14:35:53.649  2259  4783 I PlatformConfigurator: updateFromConfigurations using legacy put method [CONTEXT service_id=204 ]
01-10 14:35:53.655  1551  1841 D sensor_hal: cb_setDelay handle=1 delay-ns=200000000
01-10 14:35:53.655  1551  1841 D sensor_hal: cb_activate handle=1 enabled=1
01-10 14:35:53.656  1551  1841 D sensor_hal: cb_setDelay handle=0 delay-ns=50000000
01-10 14:35:53.656  1551  1841 D sensor_hal: cb_setDelay handle=2 delay-ns=10000000
01-10 14:35:53.656  1551  1841 D sensor_hal: cb_setDelay handle=5 delay-ns=5000000
01-10 14:35:53.656  1551  1841 D sensor_hal: cb_activate handle=2 enabled=1
01-10 14:35:53.656  1551  1841 D sensor_hal: cb_activate handle=5 enabled=1
01-10 14:35:53.672  1759  1759 I Binder:1759_E: type=1400 audit(0.0:881): avc: denied { call } for scontext=u:r:system_server:s0 tcontext=u:r:init:s0 tclass=binder permissive=1
01-10 14:35:53.672  1759  1759 W Binder:1759_E: type=1300 audit(0.0:881): arch=c000003e syscall=16 success=yes exit=0 a0=27 a1=c0306201 a2=7fff3b3e68c0 a3=7fff4c43fa08 items=0 ppid=1517 auid=4294967295 uid=1000 gid=1000 euid=1000 suid=1000 fsuid=1000 egid=1000 sgid=1000 fsgid=1000 tty=(none) ses=4294967295 exe="/system/bin/app_process64" subj=u:r:system_server:s0 key=(null)
01-10 14:35:53.672  1359  1359 W auditd  : type=1327 audit(0.0:881): proctitle="system_server"
01-10 14:35:53.672  1359  1359 W auditd  : type=1320 audit(0.0:881): 
01-10 14:35:53.783  1551  1551 D sensor_hal: cb_setDelay handle=0 delay-ns=200000000
01-10 14:35:53.783  1551  1551 D sensor_hal: cb_activate handle=2 enabled=0
01-10 14:35:53.783  1551  1551 D sensor_hal: cb_activate handle=5 enabled=0
01-10 14:35:53.786  1551  1551 D sensor_hal: cb_activate handle=1 enabled=0
01-10 14:35:53.801  2259  4272 W GmsUrlRequestImpl: [https://android.googleapis.com/auth/devicekey] Content-Type header is overwritten.
01-10 14:35:54.218  2259  4272 W GLSUser : [AppCertManager] Exception while requesting key: 
01-10 14:35:54.218  2259  4272 W GLSUser : java.util.concurrent.ExecutionException: cmva: Parse Proto Exception with response code 400
01-10 14:35:54.218  2259  4272 W GLSUser : 	at fokm.j(:com.google.android.gms@254730017@25.47.30 (100800-833691957):21)
01-10 14:35:54.218  2259  4272 W GLSUser : 	at fokv.u(:com.google.android.gms@254730017@25.47.30 (100800-833691957):71)
01-10 14:35:54.218  2259  4272 W GLSUser : 	at ahus.b(:com.google.android.gms@254730017@25.47.30 (100800-833691957):439)
01-10 14:35:54.218  2259  4272 W GLSUser : 	at ahuq.b(:com.google.android.gms@254730017@25.47.30 (100800-833691957):29)
01-10 14:35:54.218  2259  4272 W GLSUser : 	at ahul.a(:com.google.android.gms@254730017@25.47.30 (100800-833691957):1)
01-10 14:35:54.218  2259  4272 W GLSUser : 	at ahuo.a(:com.google.android.gms@254730017@25.47.30 (100800-833691957):58)
01-10 14:35:54.218  2259  4272 W GLSUser : 	at acvq.call(:com.google.android.gms@254730017@25.47.30 (100800-833691957):56)
01-10 14:35:54.218  2259  4272 W GLSUser : 	at java.util.concurrent.FutureTask.run(FutureTask.java:266)
01-10 14:35:54.218  2259  4272 W GLSUser : 	at bcgx.c(:com.google.android.gms@254730017@25.47.30 (100800-833691957):50)
01-10 14:35:54.218  2259  4272 W GLSUser : 	at bcgx.run(:com.google.android.gms@254730017@25.47.30 (100800-833691957):73)
01-10 14:35:54.218  2259  4272 W GLSUser : 	at java.util.concurrent.ThreadPoolExecutor.runWorker(ThreadPoolExecutor.java:1167)
01-10 14:35:54.218  2259  4272 W GLSUser : 	at java.util.concurrent.ThreadPoolExecutor$Worker.run(ThreadPoolExecutor.java:641)
01-10 14:35:54.218  2259  4272 W GLSUser : 	at bcmo.run(:com.google.android.gms@254730017@25.47.30 (100800-833691957):8)
01-10 14:35:54.218  2259  4272 W GLSUser : 	at java.lang.Thread.run(Thread.java:764)
01-10 14:35:54.218  2259  4272 W GLSUser : Caused by: cmva: Parse Proto Exception with response code 400
01-10 14:35:54.218  2259  4272 W GLSUser : 	at cmwd.e(:com.google.android.gms@254730017@25.47.30 (100800-833691957):80)
01-10 14:35:54.218  2259  4272 W GLSUser : 	at cmyp.d(:com.google.android.gms@254730017@25.47.30 (100800-833691957):18)
01-10 14:35:54.218  2259  4272 W GLSUser : 	at cmzg.onSucceeded(:com.google.android.gms@254730017@25.47.30 (100800-833691957):9)
01-10 14:35:54.218  2259  4272 W GLSUser : 	at m1.nj.onSucceeded(:com.google.android.gms.dynamite_cronetdynamite@254730017@25.47.30 (100800-0):3)
01-10 14:35:54.218  2259  4272 W GLSUser : 	at m1.mc.run(:com.google.android.gms.dynamite_cronetdynamite@254730017@25.47.30 (100800-0):21)
01-10 14:35:54.218  2259  4272 W GLSUser : 	at m1.lw.run(:com.google.android.gms.dynamite_cronetdynamite@254730017@25.47.30 (100800-0):31)
01-10 14:35:54.218  2259  4272 W GLSUser : 	... 6 more
01-10 14:35:54.218  2259  4272 W GLSUser : Caused by: ggog: Protocol message contained an invalid tag (zero).
01-10 14:35:54.218  2259  4272 W GLSUser : 	at gglk.k(:com.google.android.gms@254730017@25.47.30 (100800-833691957):43)
01-10 14:35:54.218  2259  4272 W GLSUser : 	at ggpe.c(:com.google.android.gms@254730017@25.47.30 (100800-833691957):399)
01-10 14:35:54.218  2259  4272 W GLSUser : 	at ggpe.i(:com.google.android.gms@254730017@25.47.30 (100800-833691957):8)
01-10 14:35:54.218  2259  4272 W GLSUser : 	at ggnl.y(:com.google.android.gms@254730017@25.47.30 (100800-833691957):23)
01-10 14:35:54.218  2259  4272 W GLSUser : 	at ggng.f(:com.google.android.gms@254730017@25.47.30 (100800-833691957):3)
01-10 14:35:54.218  2259  4272 W GLSUser : 	at gglg.d(:com.google.android.gms@254730017@25.47.30 (100800-833691957):1)
01-10 14:35:54.218  2259  4272 W GLSUser : 	at gglg.c(:com.google.android.gms@254730017@25.47.30 (100800-833691957):3)
01-10 14:35:54.218  2259  4272 W GLSUser : 	at gglg.n(:com.google.android.gms@254730017@25.47.30 (100800-833691957):1)
01-10 14:35:54.218  2259  4272 W GLSUser : 	at cmwd.g(:com.google.android.gms@254730017@25.47.30 (100800-833691957):69)
01-10 14:35:54.218  2259  4272 W GLSUser : 	at cmwd.e(:com.google.android.gms@254730017@25.47.30 (100800-833691957):11)
01-10 14:35:54.218  2259  4272 W GLSUser : 	... 11 more
01-10 14:35:54.248  2259  4786 I NetworkScheduler.Stats: (REDACTED) Task %s/%s finished executing. cause:%s result: %s elapsed_millis: %s uptime_millis: %s exec_start_elapsed_seconds: %s
01-10 14:35:54.348  1759  1780 W System  : A resource failed to call close. 
01-10 14:35:54.348  1759  1780 I chatty  : uid=1000(system) FinalizerDaemon identical 48 lines
01-10 14:35:54.348  1759  1780 W System  : A resource failed to call close. 
01-10 14:35:57.679  1551  1551 D sensor_hal: cb_setDelay handle=0 delay-ns=200000000
01-10 14:35:57.758  2259  2280 W .gms.persisten: Profile data size exceeds 500000 bytes
01-10 14:36:00.133  1574  1574 I surfaceflinger: type=1400 audit(0.0:882): avc: denied { ioctl } for path="/dev/fastpipe" dev="tmpfs" ino=6206 ioctlcmd=6867 scontext=u:r:surfaceflinger:s0 tcontext=u:object_r:device:s0 tclass=chr_file permissive=1
01-10 14:36:00.133  1574  1574 W surfaceflinger: type=1300 audit(0.0:882): arch=c000003e syscall=16 success=yes exit=0 a0=b a1=80046867 a2=7ffff602c130 a3=640 items=0 ppid=1 auid=4294967295 uid=1000 gid=1003 euid=1000 suid=1000 fsuid=1000 egid=1003 sgid=1003 fsgid=1003 tty=(none) ses=4294967295 exe="/system/bin/surfaceflinger" subj=u:r:surfaceflinger:s0 key=(null)
01-10 14:36:00.133  1359  1359 W auditd  : type=1327 audit(0.0:882): proctitle="/system/bin/surfaceflinger"
01-10 14:36:00.133  1359  1359 W auditd  : type=1320 audit(0.0:882): 
01-10 14:36:00.179  1543  1543 I composer@2.1-se: type=1400 audit(0.0:883): avc: denied { ioctl } for path="/dev/fastpipe" dev="tmpfs" ino=6206 ioctlcmd=6867 scontext=u:r:hal_graphics_composer_default:s0 tcontext=u:object_r:device:s0 tclass=chr_file permissive=1
01-10 14:36:00.179  1543  1543 W composer@2.1-se: type=1300 audit(0.0:883): arch=c000003e syscall=16 success=yes exit=0 a0=6 a1=80046867 a2=7ffff6e2c120 a3=7ffff6e27208 items=0 ppid=1 auid=4294967295 uid=1000 gid=1003 euid=1000 suid=1000 fsuid=1000 egid=1003 sgid=1003 fsgid=1003 tty=(none) ses=4294967295 exe="/system/vendor/bin/hw/android.hardware.graphics.composer@2.1-service" subj=u:r:hal_graphics_composer_default:s0 key=(null)
01-10 14:36:00.708  1551  1551 D sensor_hal: sensor_device_default_flush handle=0
01-10 14:36:02.223  1551  1841 D sensor_hal: cb_setDelay handle=0 delay-ns=200000000
01-10 14:36:02.226  2259  3572 I ActivityScheduler: nextTriggerTime: 580215, in 235298ms, detectorType: 39, FULL_TYPE alarmWindowMillis: 30000
01-10 14:36:03.514  1922  1922 D Avrcp   : isBrowsableListUpdated: false
01-10 14:36:03.514  1922  1922 V NewAvrcpMediaPlayerList: mPackageChangedBroadcastReceiver: action: android.intent.action.PACKAGE_CHANGED
