01-10 14:31:20.318  1759  2597 W ActivityManager: Slow operation: 67ms so far, now at attachApplicationLocked: after mServices.attachApplicationLocked
01-10 14:31:20.369  1759  1759 W Looper  : Slow dispatch took 393ms main h=com.android.server.job.JobSchedulerService$JobHandler c=null m=4
01-10 14:31:20.438  1759  2641 W ActivityManager: Slow operation: 432ms so far, now at startProcess: done updating battery stats
01-10 14:31:20.450  1759  2641 W ActivityManager: Slow operation: 444ms so far, now at startProcess: building log message
01-10 14:31:20.450  1759  2641 I ActivityManager: Start proc 3550:com.android.packageinstaller/u0a9 for broadcast com.android.packageinstaller/.TemporaryFileManager
01-10 14:31:20.450  1759  2641 W ActivityManager: Slow operation: 444ms so far, now at startProcess: starting to update pids map
01-10 14:31:20.450  1759  2641 W ActivityManager: Slow operation: 444ms so far, now at startProcess: done updating pids map
01-10 14:31:20.498  1759  2641 W ActivityManager: Slow operation: 59ms so far, now at attachApplicationLocked: after sendPendingBroadcastsLocked
01-10 14:31:20.511  1759  1793 W BroadcastQueue: Permission Denial: broadcasting Intent { act=android.net.wifi.STATE_CHANGE flg=0x4000010 (has extras) } from null (pid=-1, uid=-1) requires com.google.android.gms.DYNAMIC_RECEIVER_NOT_EXPORTED_PERMISSION due to registered receiver BroadcastFilter{92fe4c8 u0 ReceiverList{7e8816b 2259 com.google.android.gms.persistent/10024/u0 remote:a52eeba}}
01-10 14:31:20.627  1759  1759 W Looper  : Slow dispatch took 159ms main h=com.android.server.job.JobSchedulerService$JobHandler c=null m=4
01-10 14:31:20.637  1759  1759 I MmsServiceBroker: Connecting to MmsService
01-10 14:31:20.645  1759  1759 W ContextImpl: Calling a method in the system process without a qualified user: android.app.ContextImpl.bindService:1611 com.android.server.MmsServiceBroker.tryConnecting:241 com.android.server.MmsServiceBroker.access$000:53 com.android.server.MmsServiceBroker$1.handleMessage:83 android.os.Handler.dispatchMessage:106 
01-10 14:31:20.942  1759  1759 W Looper  : Slow dispatch took 312ms main h=com.android.server.MmsServiceBroker$1 c=null m=1
01-10 14:31:21.016  1759  1794 W Looper  : Slow dispatch took 893ms android.ui h=com.android.server.am.ActivityManagerService$UiHandler c=null m=53
01-10 14:31:21.028  1759  1794 W Looper  : Slow delivery took 1033ms android.ui h=com.android.server.policy.PhoneWindowManager$PolicyHandler c=com.android.server.policy.PhoneWindowManager$19@3a47a6a m=0
01-10 14:31:21.066  1759  1793 W BroadcastQueue: Permission Denial: broadcasting Intent { act=android.net.wifi.STATE_CHANGE flg=0x4000010 (has extras) } from null (pid=-1, uid=-1) requires com.google.android.gms.DYNAMIC_RECEIVER_NOT_EXPORTED_PERMISSION due to registered receiver BroadcastFilter{b554055 u0 ReceiverList{a950f0c 2259 com.google.android.gms.persistent/10024/u0 remote:5c29a3f}}
01-10 14:31:21.069  1759  1759 W Looper  : Slow dispatch took 120ms main h=com.android.server.job.JobSchedulerService$JobHandler c=null m=4
01-10 14:31:21.080  1759  1759 W Looper  : Drained
01-10 14:31:21.261  1759  1794 W Looper  : Slow dispatch took 233ms android.ui h=com.android.server.am.ActivityManagerService$UiHandler c=null m=53
01-10 14:31:21.375  1759  1794 W Looper  : Drained
01-10 14:31:22.059  1759  2965 W ActivityManager: Slow operation: 61ms so far, now at getContentProviderImpl: after checkContentProviderPermission
01-10 14:31:22.064  1759  2965 W ActivityManager: Slow operation: 65ms so far, now at getContentProviderImpl: incProviderCountLocked
01-10 14:31:22.064  1759  2965 W ActivityManager: Slow operation: 66ms so far, now at getContentProviderImpl: before updateOomAdj
01-10 14:31:22.064  1759  2965 W ActivityManager: Slow operation: 66ms so far, now at getContentProviderImpl: after updateOomAdj
01-10 14:31:22.064  1759  2965 W ActivityManager: Slow operation: 66ms so far, now at getContentProviderImpl: done!
01-10 14:31:22.244  1759  2597 W ActivityManager: Slow operation: 82ms so far, now at getContentProviderImpl: after checkContentProviderPermission
01-10 14:31:22.263  1759  2597 W ActivityManager: Slow operation: 101ms so far, now at getContentProviderImpl: incProviderCountLocked
01-10 14:31:22.263  1759  2597 W ActivityManager: Slow operation: 101ms so far, now at getContentProviderImpl: before updateOomAdj
01-10 14:31:22.263  1759  2597 W ActivityManager: Slow operation: 101ms so far, now at getContentProviderImpl: after updateOomAdj
01-10 14:31:22.263  1759  2597 W ActivityManager: Slow operation: 101ms so far, now at getContentProviderImpl: done!
01-10 14:31:22.465  1759  1759 I MmsServiceBroker: MmsService connected
01-10 14:31:22.879  1759  1784 D MmsServiceBroker: getCarrierConfigValues() by com.android.messaging
01-10 14:31:22.975  1759  1784 D MmsServiceBroker: getCarrierConfigValues() by com.android.messaging
01-10 14:31:23.515  1759  2970 V FingerprintService: mDaemon was null, reconnect to fingerprint
01-10 14:31:23.531  1759  2970 W FingerprintService: fingerprint HIDL not available
01-10 14:31:23.878  1759  1794 W Looper  : Slow dispatch took 164ms android.ui h=com.android.server.am.ActivityManagerService$UiHandler c=null m=53
01-10 14:31:24.510  1759  1795 W ActivityManager: Slow operation: 53ms so far, now at startProcess: returned from zygote!
01-10 14:31:24.511  1759  1795 W ActivityManager: Slow operation: 54ms so far, now at startProcess: done updating battery stats
01-10 14:31:24.515  1759  1795 W ActivityManager: Slow operation: 59ms so far, now at startProcess: building log message
01-10 14:31:24.515  1759  1795 I ActivityManager: Start proc 3613:com.android.traceur/u0a39 for broadcast com.android.traceur/.Receiver
01-10 14:31:24.515  1759  1795 W ActivityManager: Slow operation: 59ms so far, now at startProcess: starting to update pids map
01-10 14:31:24.515  1759  1795 W ActivityManager: Slow operation: 59ms so far, now at startProcess: done updating pids map
01-10 14:31:24.585  1759  1849 W ActivityManager: Background start not allowed: service Intent { cmp=com.facebook.katana/com.facebook.mqtt.service.MqttServiceV2 (has extras) } to com.facebook.katana/com.facebook.mqtt.service.MqttServiceV2 from pid=3272 uid=10084 pkg=com.facebook.katana startFg?=false
01-10 14:31:24.734  1759  2581 W ActivityManager: Slow operation: 80ms so far, now at attachApplicationLocked: before bindApplication
01-10 14:31:24.735  1759  2581 W ActivityManager: Slow operation: 80ms so far, now at attachApplicationLocked: immediately before bindApplication
01-10 14:31:24.742  1759  2581 W ActivityManager: Slow operation: 88ms so far, now at attachApplicationLocked: immediately after bindApplication
01-10 14:31:24.742  1759  2581 W ActivityManager: Slow operation: 88ms so far, now at attachApplicationLocked: after updateLruProcessLocked
01-10 14:31:24.754  1759  2581 W ActivityManager: Slow operation: 99ms so far, now at attachApplicationLocked: after mServices.attachApplicationLocked
01-10 14:31:24.758  1759  2581 W ActivityManager: Slow operation: 103ms so far, now at attachApplicationLocked: after sendPendingBroadcastsLocked
01-10 14:31:25.576  1759  2600 W ActivityManager: Slow operation: 56ms so far, now at startProcess: building args
01-10 14:31:25.582  1759  2600 W ActivityManager: Slow operation: 89ms so far, now at startProcess: done starting proc!
01-10 14:31:25.587  1759  1795 W ActivityManager: Slow operation: 67ms so far, now at startProcess: asking zygote to start proc
01-10 14:31:25.632  1759  1795 W ActivityManager: Slow operation: 111ms so far, now at startProcess: returned from zygote!
01-10 14:31:25.644  1759  1795 W ActivityManager: Slow operation: 124ms so far, now at startProcess: done updating battery stats
01-10 14:31:25.645  1759  1795 W ActivityManager: Slow operation: 124ms so far, now at startProcess: building log message
01-10 14:31:25.645  1759  1795 I ActivityManager: Start proc 3661:com.google.android.configupdater/u0a7 for broadcast com.google.android.configupdater/.CertPin.CertPinUpdateRequestReceiver
01-10 14:31:25.645  1759  1795 W ActivityManager: Slow operation: 124ms so far, now at startProcess: starting to update pids map
01-10 14:31:25.645  1759  1795 W ActivityManager: Slow operation: 124ms so far, now at startProcess: done updating pids map
01-10 14:31:26.160  1759  1795 W ActivityManager: Slow operation: 55ms so far, now at startProcess: building log message
01-10 14:31:26.160  1759  1795 I ActivityManager: Start proc 3681:com.google.android.gms.unstable/u0a24 for service com.google.android.gms/.droidguard.DroidGuardService
01-10 14:31:26.160  1759  1795 W ActivityManager: Slow operation: 55ms so far, now at startProcess: starting to update pids map
01-10 14:31:26.160  1759  1795 W ActivityManager: Slow operation: 55ms so far, now at startProcess: done updating pids map
01-10 14:31:26.256  1759  2640 D ActivityManager: getDeviceConfigurationInfo gles: 196609
01-10 14:31:26.340  1759  1795 W ActivityManager: Slow operation: 57ms so far, now at startProcess: asking zygote to start proc
01-10 14:31:26.359  1759  1795 W ActivityManager: Slow operation: 76ms so far, now at startProcess: returned from zygote!
01-10 14:31:26.359  1759  1795 W ActivityManager: Slow operation: 77ms so far, now at startProcess: done updating battery stats
01-10 14:31:26.359  1759  1795 W ActivityManager: Slow operation: 77ms so far, now at startProcess: building log message
01-10 14:31:26.359  1759  1795 I ActivityManager: Start proc 3710:com.google.android.onetimeinitializer/u0a22 for broadcast com.google.android.onetimeinitializer/.OneTimeInitializerReceiver
01-10 14:31:26.359  1759  1795 W ActivityManager: Slow operation: 77ms so far, now at startProcess: starting to update pids map
01-10 14:31:26.359  1759  1795 W ActivityManager: Slow operation: 77ms so far, now at startProcess: done updating pids map
01-10 14:31:26.544  1759  2970 D ActivityManager: getDeviceConfigurationInfo gles: 196609
01-10 14:31:26.791  1759  1795 W ActivityManager: Slow operation: 88ms so far, now at startProcess: returned from zygote!
01-10 14:31:26.814  1759  1795 W ActivityManager: Slow operation: 110ms so far, now at startProcess: done updating battery stats
01-10 14:31:26.852  1759  1795 W ActivityManager: Slow operation: 149ms so far, now at startProcess: building log message
01-10 14:31:26.852  1759  1795 I ActivityManager: Start proc 3729:com.google.android.partnersetup/u0a17 for broadcast com.google.android.partnersetup/.GooglePartnerSetup
01-10 14:31:26.852  1759  1795 W ActivityManager: Slow operation: 149ms so far, now at startProcess: starting to update pids map
01-10 14:31:26.852  1759  1795 W ActivityManager: Slow operation: 149ms so far, now at startProcess: done updating pids map
01-10 14:31:26.943  1759  2959 W ActivityManager: Slow operation: 75ms so far, now at attachApplicationLocked: before bindApplication
01-10 14:31:26.943  1759  2959 W ActivityManager: Slow operation: 75ms so far, now at attachApplicationLocked: immediately before bindApplication
01-10 14:31:26.944  1759  2959 W ActivityManager: Slow operation: 75ms so far, now at attachApplicationLocked: immediately after bindApplication
01-10 14:31:26.944  1759  2959 W ActivityManager: Slow operation: 75ms so far, now at attachApplicationLocked: after updateLruProcessLocked
01-10 14:31:26.944  1759  2959 W ActivityManager: Slow operation: 75ms so far, now at attachApplicationLocked: after mServices.attachApplicationLocked
01-10 14:31:26.945  1759  2959 W ActivityManager: Slow operation: 76ms so far, now at attachApplicationLocked: after sendPendingBroadcastsLocked
01-10 14:31:27.641  1759  1795 W ActivityManager: Slow operation: 146ms so far, now at startProcess: returned from zygote!
01-10 14:31:27.696  1759  1795 W ActivityManager: Slow operation: 201ms so far, now at startProcess: done updating battery stats
01-10 14:31:27.696  1759  1795 W ActivityManager: Slow operation: 201ms so far, now at startProcess: building log message
01-10 14:31:27.696  1759  1795 I ActivityManager: Start proc 3779:com.google.android.play.games/u0a59 for broadcast com.google.android.play.games/com.google.android.apps.play.games.lib.notifications.ChimeRegistrationBroadcastReceiver
01-10 14:31:27.696  1759  1795 W ActivityManager: Slow operation: 201ms so far, now at startProcess: starting to update pids map
01-10 14:31:27.696  1759  1795 W ActivityManager: Slow operation: 201ms so far, now at startProcess: done updating pids map
01-10 14:31:27.930  1759  1759 W Looper  : Slow dispatch took 154ms main h=com.android.server.job.JobSchedulerService$JobHandler c=null m=7
01-10 14:31:27.937  1759  1794 W Looper  : Slow dispatch took 405ms android.ui h=com.android.server.am.ActivityManagerService$UiHandler c=null m=53
01-10 14:31:28.151  1759  1849 W ActivityManager: Slow operation: 68ms so far, now at getContentProviderImpl: after checkContentProviderPermission
01-10 14:31:28.183  1759  1849 W ActivityManager: Slow operation: 99ms so far, now at getContentProviderImpl: incProviderCountLocked
01-10 14:31:28.183  1759  1849 W ActivityManager: Slow operation: 100ms so far, now at getContentProviderImpl: before updateOomAdj
01-10 14:31:28.183  1759  1849 W ActivityManager: Slow operation: 100ms so far, now at getContentProviderImpl: after updateOomAdj
01-10 14:31:28.183  1759  1849 W ActivityManager: Slow operation: 100ms so far, now at getContentProviderImpl: done!
01-10 14:31:28.216  1759  1793 W BroadcastQueue: Permission Denial: broadcasting Intent { act=android.net.conn.CONNECTIVITY_CHANGE flg=0x4200010 (has extras) } from null (pid=-1, uid=-1) requires com.facebook.permission.prod.FB_APP_COMMUNICATION due to registered receiver BroadcastFilter{1cb6bb9 u0 ReceiverList{44cf980 3272 com.facebook.katana/10084/u0 remote:55e9603}}
01-10 14:31:29.103  1591  1651 E storaged: getDiskStats failed with result NOT_SUPPORTED and size 0
01-10 14:31:29.339  3272  3474 E SchedPolicy: set_timerslack_ns write failed: Operation not permitted
01-10 14:31:29.423  1759  2970 I ActivityManager: Killing 3129:com.android.ld.appstore/u0a16 (adj 906): empty #17
01-10 14:31:29.425  1759  2970 I ActivityManager: Killing 2996:com.google.android.tts/u0a51 (adj 906): empty #18
01-10 14:31:29.425  1759  2970 I ActivityManager: Killing 2552:com.android.printspooler/u0a56 (adj 906): empty #19
01-10 14:31:29.443  3272  3609 E SchedPolicy: set_timerslack_ns write failed: Operation not permitted
01-10 14:31:29.455  1759  2581 D ConnectivityService: ConnectivityService NetworkRequestInfo binderDied(NetworkRequest [ LISTEN id=21, [ Capabilities: NOT_RESTRICTED&TRUSTED&NOT_VPN Unwanted:  Uid: 10016] ], android.os.BinderProxy@d345910)
01-10 14:31:29.455  1759  2959 D ConnectivityService: ConnectivityService NetworkRequestInfo binderDied(NetworkRequest [ TRACK_DEFAULT id=19, [ Capabilities: INTERNET&NOT_RESTRICTED&TRUSTED Unwanted:  Uid: 10016] ], android.os.BinderProxy@c7079d3)
01-10 14:31:29.455  1759  2966 D ConnectivityService: ConnectivityService NetworkRequestInfo binderDied(NetworkRequest [ TRACK_DEFAULT id=18, [ Capabilities: INTERNET&NOT_RESTRICTED&TRUSTED Unwanted:  Uid: 10016] ], android.os.BinderProxy@4ccfc09)
01-10 14:31:29.455  1759  1849 D ConnectivityService: ConnectivityService NetworkRequestInfo binderDied(NetworkRequest [ TRACK_DEFAULT id=20, [ Capabilities: INTERNET&NOT_RESTRICTED&TRUSTED Unwanted:  Uid: 10016] ], android.os.BinderProxy@8083e0e)
01-10 14:31:29.941  1592  1592 W wificond: Scan already started
01-10 14:31:30.171  1759  1800 W Looper  : Slow dispatch took 123ms android.fg h=com.android.server.DropBoxManagerService$3 c=null m=1
01-10 14:31:30.879  3272  3413 E ActivityThread: Failed to find provider info for com.android.launcher3.cornermark.unreadbadge
01-10 14:31:31.667  1759  2633 W ActivityManager: Slow operation: 136ms so far, now at getContentProviderImpl: after checkContentProviderPermission
01-10 14:31:31.694  1759  2633 W ActivityManager: Slow operation: 166ms so far, now at getContentProviderImpl: incProviderCountLocked
01-10 14:31:31.694  1759  2633 W ActivityManager: Slow operation: 166ms so far, now at getContentProviderImpl: before updateLruProcess
01-10 14:31:31.694  1759  2633 W ActivityManager: Slow operation: 166ms so far, now at getContentProviderImpl: after updateLruProcess
01-10 14:31:31.694  1759  2633 W ActivityManager: Slow operation: 166ms so far, now at getContentProviderImpl: before updateOomAdj
01-10 14:31:31.702  1759  2633 W ActivityManager: Slow operation: 175ms so far, now at getContentProviderImpl: after updateOomAdj
01-10 14:31:31.702  1759  2633 W ActivityManager: Slow operation: 175ms so far, now at getContentProviderImpl: done!
01-10 14:31:32.252  2417  3800 W ActivityThread: ClassLoader.getResources: The class loader returned by Thread.getContextClassLoader() may fail for processes that host multiple applications. You should explicitly specify a context class loader. For example: Thread.setContextClassLoader(getClass().getClassLoader());
01-10 14:31:33.340  1759  1759 W Looper  : Slow dispatch took 392ms main h=com.android.server.job.JobSchedulerService$JobHandler c=null m=4
01-10 14:31:33.346  1759  1759 W Looper  : Slow delivery took 385ms main h=com.android.server.job.JobSchedulerService$JobHandler c=null m=3
01-10 14:31:33.534  1759  1759 W Looper  : Drained
01-10 14:31:34.461  1759  2966 D BackupTransportManager: Transport com.google.android.gms/.backup.BackupTransportService updated its attributes
01-10 14:31:34.767  1759  1759 W Looper  : Slow dispatch took 128ms main h=android.app.ActivityThread$H c=android.app.LoadedApk$ServiceDispatcher$RunConnection@48c671e m=0
01-10 14:31:34.968  1759  2538 W ActivityManager: Slow operation: 57ms so far, now at getContentProviderImpl: incProviderCountLocked
01-10 14:31:34.968  1759  2538 W ActivityManager: Slow operation: 59ms so far, now at getContentProviderImpl: before updateLruProcess
01-10 14:31:34.968  1759  2538 W ActivityManager: Slow operation: 59ms so far, now at getContentProviderImpl: after updateLruProcess
01-10 14:31:34.968  1759  2538 W ActivityManager: Slow operation: 59ms so far, now at getContentProviderImpl: before updateOomAdj
01-10 14:31:34.968  1759  2538 W ActivityManager: Slow operation: 59ms so far, now at getContentProviderImpl: after updateOomAdj
01-10 14:31:34.968  1759  2538 W ActivityManager: Slow operation: 59ms so far, now at getContentProviderImpl: done!
01-10 14:31:35.000  1759  2965 W BroadcastQueue: Permission Denial: receiving Intent { act=android.intent.action.BOOT_COMPLETED flg=0x9000010 (has extras) } to com.google.android.syncadapters.calendar/com.google.android.libraries.internal.growth.growthkit.inject.GrowthKitBootCompletedBroadcastReceiver requires android.permission.RECEIVE_BOOT_COMPLETED due to sender null (uid 1000)
01-10 14:31:35.142  1759  1793 W ActivityManager: Slow operation: 119ms so far, now at startProcess: building args
01-10 14:31:35.144  1759  1793 W ActivityManager: Slow operation: 137ms so far, now at startProcess: done starting proc!
01-10 14:31:35.187  1759  1795 W ActivityManager: Slow operation: 164ms so far, now at startProcess: asking zygote to start proc
01-10 14:31:35.221  1759  1795 W ActivityManager: Slow operation: 197ms so far, now at startProcess: returned from zygote!
01-10 14:31:35.266  1759  2633 W ActivityManager: Slow operation: 79ms so far, now at getContentProviderImpl: incProviderCountLocked
01-10 14:31:35.266  1759  2633 W ActivityManager: Slow operation: 79ms so far, now at getContentProviderImpl: before updateLruProcess
01-10 14:31:35.266  1759  2633 W ActivityManager: Slow operation: 79ms so far, now at getContentProviderImpl: after updateLruProcess
01-10 14:31:35.266  1759  2633 W ActivityManager: Slow operation: 79ms so far, now at getContentProviderImpl: before updateOomAdj
01-10 14:31:35.266  1759  2633 W ActivityManager: Slow operation: 79ms so far, now at getContentProviderImpl: after updateOomAdj
01-10 14:31:35.266  1759  2633 W ActivityManager: Slow operation: 79ms so far, now at getContentProviderImpl: done!
01-10 14:31:35.280  1759  1794 W Looper  : Slow dispatch took 135ms android.ui h=com.android.server.am.ActivityManagerService$UiHandler c=null m=53
01-10 14:31:35.281  1759  1795 W ActivityManager: Slow operation: 257ms so far, now at startProcess: done updating battery stats
01-10 14:31:35.305  1759  1795 W ActivityManager: Slow operation: 282ms so far, now at startProcess: building log message
01-10 14:31:35.305  1759  1795 I ActivityManager: Start proc 3921:com.google.process.gapps/u0a45 for broadcast com.google.android.syncadapters.contacts/.ContactsSyncAdapterBroadcastReceiver
01-10 14:31:35.305  1759  1795 W ActivityManager: Slow operation: 282ms so far, now at startProcess: starting to update pids map
01-10 14:31:35.305  1759  1795 W ActivityManager: Slow operation: 282ms so far, now at startProcess: done updating pids map
01-10 14:31:35.779  1759  1759 W Looper  : Slow dispatch took 114ms main h=android.app.ActivityThread$H c=android.app.LoadedApk$ServiceDispatcher$RunConnection@1e53b71 m=0
01-10 14:31:36.095  1759  2959 W ActivityManager: Slow operation: 73ms so far, now at startProcess: done creating new process record
01-10 14:31:36.095  1759  2959 W ActivityManager: Slow operation: 73ms so far, now at startProcess: stepping in to startProcess
01-10 14:31:36.105  1759  2959 W ActivityManager: Slow operation: 83ms so far, now at startProcess: done starting proc!
01-10 14:31:36.213  1759  1835 W ActivityManager: Slow operation: 107ms so far, now at getContentProviderImpl: incProviderCountLocked
01-10 14:31:36.213  1759  1835 W ActivityManager: Slow operation: 107ms so far, now at getContentProviderImpl: before updateLruProcess
01-10 14:31:36.213  1759  1835 W ActivityManager: Slow operation: 107ms so far, now at getContentProviderImpl: after updateLruProcess
01-10 14:31:36.213  1759  1835 W ActivityManager: Slow operation: 107ms so far, now at getContentProviderImpl: before updateOomAdj
01-10 14:31:36.213  1759  1835 W ActivityManager: Slow operation: 107ms so far, now at getContentProviderImpl: after updateOomAdj
01-10 14:31:36.213  1759  1835 W ActivityManager: Slow operation: 107ms so far, now at getContentProviderImpl: done!
01-10 14:31:36.221  1759  1795 W ActivityManager: Slow operation: 126ms so far, now at startProcess: asking zygote to start proc
01-10 14:31:36.242  1759  1794 W Looper  : Slow dispatch took 136ms android.ui h=com.android.server.am.ActivityManagerService$UiHandler c=null m=53
01-10 14:31:36.247  1759  1795 W ActivityManager: Slow operation: 152ms so far, now at startProcess: returned from zygote!
01-10 14:31:36.252  2417  3953 D ActivityThread: Loading provider com.google.android.gms.chromesync: com.google.android.gms.chromesync.sync.SyncContentProvider
01-10 14:31:36.335  1759  1795 W ActivityManager: Slow operation: 240ms so far, now at startProcess: done updating battery stats
01-10 14:31:36.368  1759  1795 W ActivityManager: Slow operation: 273ms so far, now at startProcess: building log message
01-10 14:31:36.370  1759  1795 I ActivityManager: Start proc 3957:com.google.android.tts/u0a51 for broadcast com.google.android.tts/androidx.work.impl.background.systemalarm.RescheduleReceiver
01-10 14:31:36.370  1759  1795 W ActivityManager: Slow operation: 275ms so far, now at startProcess: starting to update pids map
01-10 14:31:36.370  1759  1795 W ActivityManager: Slow operation: 275ms so far, now at startProcess: done updating pids map
01-10 14:31:36.460  1759  1835 W ActivityManager: Slow operation: 54ms so far, now at getContentProviderImpl: after checkContentProviderPermission
01-10 14:31:36.460  1759  1835 W ActivityManager: Slow operation: 55ms so far, now at getContentProviderImpl: incProviderCountLocked
01-10 14:31:36.460  1759  1835 W ActivityManager: Slow operation: 55ms so far, now at getContentProviderImpl: before updateOomAdj
01-10 14:31:36.460  1759  1835 W ActivityManager: Slow operation: 55ms so far, now at getContentProviderImpl: after updateOomAdj
01-10 14:31:36.460  1759  1835 W ActivityManager: Slow operation: 55ms so far, now at getContentProviderImpl: done!
01-10 14:31:37.594  1759  2538 W ActivityManager: Slow operation: 58ms so far, now at getContentProviderImpl: incProviderCountLocked
01-10 14:31:37.594  1759  2538 W ActivityManager: Slow operation: 58ms so far, now at getContentProviderImpl: before updateLruProcess
01-10 14:31:37.594  1759  2538 W ActivityManager: Slow operation: 58ms so far, now at getContentProviderImpl: after updateLruProcess
01-10 14:31:37.594  1759  2538 W ActivityManager: Slow operation: 58ms so far, now at getContentProviderImpl: before updateOomAdj
01-10 14:31:37.595  1759  2538 W ActivityManager: Slow operation: 58ms so far, now at getContentProviderImpl: after updateOomAdj
01-10 14:31:37.595  1759  2538 W ActivityManager: Slow operation: 58ms so far, now at getContentProviderImpl: done!
01-10 14:31:37.869  1759  1794 W Looper  : Slow dispatch took 165ms android.ui h=com.android.server.am.ActivityManagerService$UiHandler c=null m=53
01-10 14:31:38.083  1759  1794 W Looper  : Slow dispatch took 100ms android.ui h=com.android.server.am.ActivityManagerService$UiHandler c=null m=53
01-10 14:31:38.360  1759  1835 V FingerprintService: mDaemon was null, reconnect to fingerprint
01-10 14:31:38.367  1759  1835 W FingerprintService: fingerprint HIDL not available
01-10 14:31:38.433  1759  1759 W Looper  : Slow dispatch took 598ms main h=com.android.server.job.JobSchedulerService$JobHandler c=null m=4
01-10 14:31:38.433  1759  1759 W Looper  : Slow delivery took 564ms main h=com.android.server.job.JobSchedulerService$JobHandler c=null m=4
01-10 14:31:38.434  1759  1759 W Looper  : Drained
01-10 14:31:38.662  1759  1793 W ActivityManager: Slow operation: 74ms so far, now at startProcess: done starting proc!
01-10 14:31:38.686  1759  1795 W ActivityManager: Slow operation: 72ms so far, now at startProcess: returned from zygote!
01-10 14:31:38.755  1759  2065 I ActivityManager: Killing 2688:com.android.keychain/1000 (adj 906): empty #17
01-10 14:31:38.766  1759  1795 W ActivityManager: Slow operation: 152ms so far, now at startProcess: done updating battery stats
01-10 14:31:38.766  1759  1795 W ActivityManager: Slow operation: 153ms so far, now at startProcess: building log message
01-10 14:31:38.766  1759  1795 I ActivityManager: Start proc 4029:com.google.android.apps.docs/u0a65 for broadcast com.google.android.apps.docs/.drive.androiddesktop.EntrypointConfigurationBroadcastReceiver
01-10 14:31:38.766  1759  1795 W ActivityManager: Slow operation: 153ms so far, now at startProcess: starting to update pids map
01-10 14:31:38.766  1759  1795 W ActivityManager: Slow operation: 153ms so far, now at startProcess: done updating pids map
01-10 14:31:38.921  1759  3821 I ActivityManager: Killing 3285:com.android.contacts/u0a19 (adj 906): empty #17
01-10 14:31:39.022  1759  3821 W ActivityManager: Slow operation: 53ms so far, now at getContentProviderImpl: incProviderCountLocked
01-10 14:31:39.022  1759  3821 W ActivityManager: Slow operation: 53ms so far, now at getContentProviderImpl: before updateLruProcess
01-10 14:31:39.022  1759  3821 W ActivityManager: Slow operation: 53ms so far, now at getContentProviderImpl: after updateLruProcess
01-10 14:31:39.022  1759  3821 W ActivityManager: Slow operation: 53ms so far, now at getContentProviderImpl: before updateOomAdj
01-10 14:31:39.022  1759  3821 W ActivityManager: Slow operation: 53ms so far, now at getContentProviderImpl: after updateOomAdj
01-10 14:31:39.022  1759  3821 W ActivityManager: Slow operation: 53ms so far, now at getContentProviderImpl: done!
01-10 14:31:40.173  1759  1800 W Looper  : Slow dispatch took 105ms android.fg h=com.android.server.DropBoxManagerService$3 c=null m=1
01-10 14:31:41.156  1759  2285 W ActivityManager: Slow operation: 60ms so far, now at getContentProviderImpl: incProviderCountLocked
01-10 14:31:41.156  1759  2285 W ActivityManager: Slow operation: 60ms so far, now at getContentProviderImpl: before updateLruProcess
01-10 14:31:41.156  1759  2285 W ActivityManager: Slow operation: 60ms so far, now at getContentProviderImpl: after updateLruProcess
01-10 14:31:41.156  1759  2285 W ActivityManager: Slow operation: 60ms so far, now at getContentProviderImpl: before updateOomAdj
01-10 14:31:41.156  1759  2285 W ActivityManager: Slow operation: 60ms so far, now at getContentProviderImpl: after updateOomAdj
01-10 14:31:41.156  1759  2285 W ActivityManager: Slow operation: 60ms so far, now at getContentProviderImpl: done!
01-10 14:31:41.914  1759  2538 W ActivityManager: Slow operation: 333ms so far, now at getContentProviderImpl: after resolveContentProvider
01-10 14:31:41.914  1759  2538 W ActivityManager: Slow operation: 338ms so far, now at getContentProviderImpl: got app info for user
01-10 14:31:41.914  1759  2538 W ActivityManager: Slow operation: 338ms so far, now at getContentProviderImpl: before checkContentProviderPermission
01-10 14:31:41.914  1759  2538 W ActivityManager: Slow operation: 338ms so far, now at getContentProviderImpl: after checkContentProviderPermission
01-10 14:31:41.914  1759  2538 W ActivityManager: Slow operation: 338ms so far, now at getContentProviderImpl: before getProviderByClass
01-10 14:31:41.914  1759  2538 W ActivityManager: Slow operation: 338ms so far, now at getContentProviderImpl: after getProviderByClass
01-10 14:31:41.914  1759  2538 W ActivityManager: Slow operation: 338ms so far, now at getContentProviderImpl: before getApplicationInfo
01-10 14:31:41.956  1759  2538 W ActivityManager: Slow operation: 380ms so far, now at getContentProviderImpl: after getApplicationInfo
01-10 14:31:41.956  1759  2538 W ActivityManager: Slow operation: 380ms so far, now at getContentProviderImpl: now have ContentProviderRecord
01-10 14:31:41.962  2417  3804 D ActivityThread: Loading provider com.google.android.gms.nearby.sharing: com.google.android.gms.nearby.sharing.SharingSliceProvider
01-10 14:31:42.253  1759  2961 D ActivityManager: getDeviceConfigurationInfo gles: 196609
01-10 14:31:42.486  1759  2970 I ActivityManager: Killing 3376:com.android.managedprovisioning/u0a26 (adj 906): empty #17
01-10 14:31:42.578  1759  1888 D NsdService: mdnssd [start-service]
01-10 14:31:42.615  1759  1888 E NsdService: Failed to execute mdnssd [start-service]
01-10 14:31:42.615  1759  1888 E NsdService: com.android.server.NativeDaemonConnector$NativeDaemonFailureException: command '1 mdnssd start-service' failed with '402 1 Service already running'
01-10 14:31:42.615  1759  1888 E NsdService: 	at com.android.server.NativeDaemonConnector.executeForList(NativeDaemonConnector.java:515)
01-10 14:31:42.615  1759  1888 E NsdService: 	at com.android.server.NativeDaemonConnector.execute(NativeDaemonConnector.java:411)
01-10 14:31:42.615  1759  1888 E NsdService: 	at com.android.server.NativeDaemonConnector.execute(NativeDaemonConnector.java:406)
01-10 14:31:42.615  1759  1888 E NsdService: 	at com.android.server.NsdService$DaemonConnection.execute(NsdService.java:698)
01-10 14:31:42.615  1759  1888 E NsdService: 	at com.android.server.NsdService$DaemonConnection.start(NsdService.java:707)
01-10 14:31:42.615  1759  1888 E NsdService: 	at com.android.server.NsdService$NsdStateMachine$EnabledState.processMessage(NsdService.java:259)
01-10 14:31:42.615  1759  1888 E NsdService: 	at com.android.internal.util.StateMachine$SmHandler.processMsg(StateMachine.java:992)
01-10 14:31:42.615  1759  1888 E NsdService: 	at com.android.internal.util.StateMachine$SmHandler.handleMessage(StateMachine.java:809)
01-10 14:31:42.615  1759  1888 E NsdService: 	at android.os.Handler.dispatchMessage(Handler.java:106)
01-10 14:31:42.615  1759  1888 E NsdService: 	at android.os.Looper.loop(Looper.java:193)
01-10 14:31:42.615  1759  1888 E NsdService: 	at android.os.HandlerThread.run(HandlerThread.java:65)
01-10 14:31:42.615  1759  1888 D NsdService: New client listening to asynchronous messages
01-10 14:31:42.622  1759  1888 D NsdService: New client, channel: com.android.internal.util.AsyncChannel@569996f messenger: android.os.Messenger@590567c
01-10 14:31:43.159  1759  1800 W Looper  : Slow dispatch took 193ms android.fg h=com.android.server.DropBoxManagerService$3 c=null m=1
01-10 14:31:43.891  1759  1783 W ActivityManager: Slow operation: 83ms so far, now at getContentProviderImpl: incProviderCountLocked
01-10 14:31:43.891  1759  1783 W ActivityManager: Slow operation: 83ms so far, now at getContentProviderImpl: before updateLruProcess
01-10 14:31:43.891  1759  1783 W ActivityManager: Slow operation: 83ms so far, now at getContentProviderImpl: after updateLruProcess
01-10 14:31:43.891  1759  1783 W ActivityManager: Slow operation: 83ms so far, now at getContentProviderImpl: before updateOomAdj
01-10 14:31:43.891  1759  1783 W ActivityManager: Slow operation: 83ms so far, now at getContentProviderImpl: after updateOomAdj
01-10 14:31:43.891  1759  1783 W ActivityManager: Slow operation: 83ms so far, now at getContentProviderImpl: done!
01-10 14:31:44.096  1759  2538 W ActivityManager: Slow operation: 80ms so far, now at getContentProviderImpl: incProviderCountLocked
01-10 14:31:44.097  1759  2538 W ActivityManager: Slow operation: 80ms so far, now at getContentProviderImpl: before updateOomAdj
01-10 14:31:44.097  1759  2538 W ActivityManager: Slow operation: 80ms so far, now at getContentProviderImpl: after updateOomAdj
01-10 14:31:44.097  1759  2538 W ActivityManager: Slow operation: 80ms so far, now at getContentProviderImpl: done!
01-10 14:31:45.323  1759  2962 W ActivityManager: Slow operation: 87ms so far, now at getContentProviderImpl: after checkContentProviderPermission
01-10 14:31:45.418  1759  2962 W ActivityManager: Slow operation: 182ms so far, now at getContentProviderImpl: incProviderCountLocked
01-10 14:31:45.418  1759  2962 W ActivityManager: Slow operation: 182ms so far, now at getContentProviderImpl: before updateLruProcess
01-10 14:31:45.418  1759  2962 W ActivityManager: Slow operation: 182ms so far, now at getContentProviderImpl: after updateLruProcess
01-10 14:31:45.418  1759  2962 W ActivityManager: Slow operation: 182ms so far, now at getContentProviderImpl: before updateOomAdj
01-10 14:31:45.427  1759  2962 W ActivityManager: Slow operation: 190ms so far, now at getContentProviderImpl: after updateOomAdj
01-10 14:31:45.427  1759  2962 W ActivityManager: Slow operation: 190ms so far, now at getContentProviderImpl: done!
01-10 14:31:45.905  1759  2970 W ActivityManager: Unable to start service Intent { act=com.google.android.gms.lockbox.service.START pkg=com.google.android.gms } U=0: not found
01-10 14:31:46.373  1759  2970 W ActivityManager: Unbind failed: could not find connection for android.os.BinderProxy@99d2a60
01-10 14:31:46.533  1759  2960 W ActivityManager: Slow operation: 156ms so far, now at getContentProviderImpl: incProviderCountLocked
01-10 14:31:46.533  1759  2960 W ActivityManager: Slow operation: 156ms so far, now at getContentProviderImpl: before updateLruProcess
01-10 14:31:46.533  1759  2960 W ActivityManager: Slow operation: 156ms so far, now at getContentProviderImpl: after updateLruProcess
01-10 14:31:46.533  1759  2960 W ActivityManager: Slow operation: 156ms so far, now at getContentProviderImpl: before updateOomAdj
01-10 14:31:46.533  1759  2960 W ActivityManager: Slow operation: 157ms so far, now at getContentProviderImpl: after updateOomAdj
01-10 14:31:46.533  1759  2960 W ActivityManager: Slow operation: 157ms so far, now at getContentProviderImpl: done!
01-10 14:31:46.565  1759  1794 W Looper  : Slow dispatch took 1131ms android.ui h=com.android.server.am.ActivityManagerService$UiHandler c=null m=53
01-10 14:31:46.680  1759  1759 W Looper  : Slow dispatch took 126ms main h=com.android.server.job.JobSchedulerService$JobHandler c=null m=4
01-10 14:31:46.789  1759  1800 W Looper  : Slow dispatch took 110ms android.fg h=com.android.server.AppStateTracker$MyHandler c=null m=11
01-10 14:31:46.948  1759  1794 W Looper  : Slow dispatch took 382ms android.ui h=com.android.server.am.ActivityManagerService$UiHandler c=null m=53
01-10 14:31:47.306  1759  1849 W ActivityManager: Slow operation: 286ms so far, now at getContentProviderImpl: incProviderCountLocked
01-10 14:31:47.306  1759  1849 W ActivityManager: Slow operation: 286ms so far, now at getContentProviderImpl: before updateLruProcess
01-10 14:31:47.306  1759  1849 W ActivityManager: Slow operation: 286ms so far, now at getContentProviderImpl: after updateLruProcess
01-10 14:31:47.306  1759  1849 W ActivityManager: Slow operation: 286ms so far, now at getContentProviderImpl: before updateOomAdj
01-10 14:31:47.306  1759  1849 W ActivityManager: Slow operation: 286ms so far, now at getContentProviderImpl: after updateOomAdj
01-10 14:31:47.306  1759  1849 W ActivityManager: Slow operation: 286ms so far, now at getContentProviderImpl: done!
01-10 14:31:47.307  1759  1794 W Looper  : Slow dispatch took 359ms android.ui h=com.android.server.am.ActivityManagerService$UiHandler c=null m=53
01-10 14:31:47.800  1759  1759 W Looper  : Slow dispatch took 1120ms main h=com.android.server.job.JobSchedulerService$JobHandler c=null m=4
01-10 14:31:47.911  1759  1759 W Looper  : Slow delivery took 852ms main h=com.android.server.job.JobSchedulerService$JobHandler c=null m=7
01-10 14:31:47.911  1759  1759 W Looper  : Slow dispatch took 110ms main h=com.android.server.job.JobSchedulerService$JobHandler c=null m=7
01-10 14:31:47.913  1759  1794 W Looper  : Slow dispatch took 115ms android.ui h=com.android.server.am.ActivityManagerService$UiHandler c=null m=53
01-10 14:31:47.948  2417  3592 D ActivityThread: Loading provider com.google.android.gms.icing.proxy: com.google.android.gms.icing.proxy.InternalIcingCorporaProvider
01-10 14:31:48.024  1759  1800 W Looper  : Slow dispatch took 1074ms android.fg h=com.android.server.AppStateTracker$MyHandler c=null m=0
01-10 14:31:48.056  1759  1800 W Looper  : Slow delivery took 253ms android.fg h=com.android.server.AppStateTracker$MyHandler c=null m=11
01-10 14:31:48.056  1759  1800 W Looper  : Drained
01-10 14:31:48.705  1759  1759 W Looper  : Drained
01-10 14:31:48.705  1759  1759 W Looper  : Slow dispatch took 470ms main h=com.android.server.job.JobSchedulerService$JobHandler c=null m=4
01-10 14:31:49.025  1759  2496 W ActivityManager: Slow operation: 78ms so far, now at getContentProviderImpl: after checkContentProviderPermission
01-10 14:31:49.032  1759  2496 W ActivityManager: Slow operation: 85ms so far, now at getContentProviderImpl: incProviderCountLocked
01-10 14:31:49.032  1759  2496 W ActivityManager: Slow operation: 85ms so far, now at getContentProviderImpl: before updateOomAdj
01-10 14:31:49.032  1759  2496 W ActivityManager: Slow operation: 85ms so far, now at getContentProviderImpl: after updateOomAdj
01-10 14:31:49.032  1759  2496 W ActivityManager: Slow operation: 85ms so far, now at getContentProviderImpl: done!
01-10 14:31:49.201  1759  2640 W ActivityManager: Slow operation: 52ms so far, now at getContentProviderImpl: incProviderCountLocked
01-10 14:31:49.201  1759  2640 W ActivityManager: Slow operation: 52ms so far, now at getContentProviderImpl: before updateOomAdj
01-10 14:31:49.201  1759  2640 W ActivityManager: Slow operation: 52ms so far, now at getContentProviderImpl: after updateOomAdj
01-10 14:31:49.201  1759  2640 W ActivityManager: Slow operation: 52ms so far, now at getContentProviderImpl: done!
01-10 14:31:49.278  1759  2065 W ActivityManager: Slow operation: 71ms so far, now at getContentProviderImpl: incProviderCountLocked
01-10 14:31:49.278  1759  2065 W ActivityManager: Slow operation: 71ms so far, now at getContentProviderImpl: before updateOomAdj
01-10 14:31:49.278  1759  2065 W ActivityManager: Slow operation: 71ms so far, now at getContentProviderImpl: after updateOomAdj
01-10 14:31:49.278  1759  2065 W ActivityManager: Slow operation: 71ms so far, now at getContentProviderImpl: done!
01-10 14:31:50.230  1759  1759 W Looper  : Slow delivery took 270ms main h=android.os.Handler c=android.app.-$$Lambda$LoadedApk$ReceiverDispatcher$Args$_BumDX2UKsnxLVrE6UJsJZkotuA@9f63d9d m=0
01-10 14:31:50.388  1759  1759 I Telecom : DefaultDialerCache: Refreshing default dialer for user 0: now null: DDC.oR@AEU
01-10 14:31:50.388  1759  1759 W Looper  : Slow dispatch took 132ms main h=android.app.ActivityThread$H c=android.app.-$$Lambda$LoadedApk$ReceiverDispatcher$Args$_BumDX2UKsnxLVrE6UJsJZkotuA@b7d653f m=0
01-10 14:31:50.468  1759  1794 W Looper  : Slow dispatch took 238ms android.ui h=com.android.server.am.ActivityManagerService$UiHandler c=null m=53
01-10 14:31:50.596  1759  1759 I Telecom : DefaultDialerCache: Refreshing default dialer for user 0: now null: DDC.oR@AEY
01-10 14:31:50.722  1759  2597 W ActivityManager: Slow operation: 59ms so far, now at getContentProviderImpl: incProviderCountLocked
01-10 14:31:50.722  1759  2597 W ActivityManager: Slow operation: 59ms so far, now at getContentProviderImpl: before updateLruProcess
01-10 14:31:50.722  1759  2597 W ActivityManager: Slow operation: 59ms so far, now at getContentProviderImpl: after updateLruProcess
01-10 14:31:50.722  1759  2597 W ActivityManager: Slow operation: 59ms so far, now at getContentProviderImpl: before updateOomAdj
01-10 14:31:50.722  1759  2597 W ActivityManager: Slow operation: 60ms so far, now at getContentProviderImpl: after updateOomAdj
01-10 14:31:50.722  1759  2597 W ActivityManager: Slow operation: 60ms so far, now at getContentProviderImpl: done!
01-10 14:31:51.384  1759  1759 W Looper  : Slow dispatch took 722ms main h=com.android.server.job.JobSchedulerService$JobHandler c=null m=4
01-10 14:31:51.403  1759  1792 W VoiceInteractionManagerService: no available voice interaction services found for user 0
01-10 14:31:51.646  1759  3868 W ActivityManager: Slow operation: 87ms so far, now at getContentProviderImpl: after checkContentProviderPermission
01-10 14:31:51.663  1759  1792 W LocationProviderProxy-network: Odd, no component found for service com.android.location.service.v3.NetworkLocationProvider
01-10 14:31:51.678  1759  3868 W ActivityManager: Slow operation: 119ms so far, now at getContentProviderImpl: incProviderCountLocked
01-10 14:31:51.678  1759  3868 W ActivityManager: Slow operation: 119ms so far, now at getContentProviderImpl: before updateLruProcess
01-10 14:31:51.678  1759  3868 W ActivityManager: Slow operation: 119ms so far, now at getContentProviderImpl: after updateLruProcess
01-10 14:31:51.678  1759  3868 W ActivityManager: Slow operation: 119ms so far, now at getContentProviderImpl: before updateOomAdj
01-10 14:31:51.678  1759  3868 W ActivityManager: Slow operation: 119ms so far, now at getContentProviderImpl: after updateOomAdj
01-10 14:31:51.678  1759  3868 W ActivityManager: Slow operation: 119ms so far, now at getContentProviderImpl: done!
01-10 14:31:51.714  1759  1792 W GeocoderProxy: Odd, no component found for service com.android.location.service.GeocodeProvider
01-10 14:31:51.716  1759  1794 W Looper  : Slow dispatch took 1060ms android.ui h=com.android.server.am.ActivityManagerService$UiHandler c=null m=53
01-10 14:31:51.784  1759  1792 W GeofenceProxy: Odd, no component found for service com.android.location.service.GeofenceProvider
01-10 14:31:51.789  1759  1792 W ActivityRecognitionProxy: Odd, no component found for service com.android.location.service.ActivityRecognitionProvider
01-10 14:31:51.792  1759  1759 W Looper  : Slow dispatch took 320ms main h=com.android.server.job.JobSchedulerService$JobHandler c=null m=4
01-10 14:31:52.234  1759  1800 W Looper  : Slow dispatch took 840ms android.fg h=com.android.server.AppStateTracker$MyHandler c=null m=1
01-10 14:31:52.513  1759  1759 W Looper  : Drained
01-10 14:31:52.802  1759  1794 W Looper  : Slow dispatch took 102ms android.ui h=com.android.server.am.ActivityManagerService$UiHandler c=null m=53
01-10 14:31:53.088  1759  1792 W VoiceInteractionManagerService: no available voice interaction services found for user 0
01-10 14:31:53.089  1759  1792 W LocationProviderProxy-network: Odd, no component found for service com.android.location.service.v3.NetworkLocationProvider
01-10 14:31:53.227  1759  1792 W GeocoderProxy: Odd, no component found for service com.android.location.service.GeocodeProvider
01-10 14:31:53.346  1759  1792 W GeofenceProxy: Odd, no component found for service com.android.location.service.GeofenceProvider
01-10 14:31:53.347  1759  1792 W ActivityRecognitionProxy: Odd, no component found for service com.android.location.service.ActivityRecognitionProvider
01-10 14:31:53.694  1759  2959 W BackupManagerService: dataChanged but no participant pkg='com.ldmnq.launcher3' uid=10044
01-10 14:31:54.620  1759  2960 I ActivityManager: Killing 3550:com.android.packageinstaller/u0a9 (adj 906): empty #17
01-10 14:31:54.654  1759  1793 I ActivityManager: Finished processing BOOT_COMPLETED for u0
01-10 14:31:54.695  2533  2533 W ContextImpl: Calling a method in the system process without a qualified user: android.app.ContextImpl.startService:1531 android.content.ContextWrapper.startService:664 android.content.ContextWrapper.startService:664 com.android.coreservice.CoreBroadcastReceiver.onReceive:53 android.app.ActivityThread.handleReceiver:3424 
01-10 14:31:54.817  2533  2533 W ContextImpl: Calling a method in the system process without a qualified user: android.app.ContextImpl.startService:1531 android.content.ContextWrapper.startService:664 android.content.ContextWrapper.startService:664 com.android.coreservice.CoreBroadcastReceiver.onReceive:53 android.app.ActivityThread.handleReceiver:3424 
01-10 14:31:54.817  1759  1794 W Looper  : Slow dispatch took 197ms android.ui h=com.android.server.am.ActivityManagerService$UiHandler c=null m=53
01-10 14:31:54.837  1759  2959 W BroadcastQueue: Background execution not allowed: receiving Intent { act=android.intent.action.DROPBOX_ENTRY_ADDED flg=0x10 (has extras) } to com.google.android.gms/.stats.service.DropBoxEntryAddedReceiver
01-10 14:31:54.838  2533  2533 W ContextImpl: Calling a method in the system process without a qualified user: android.app.ContextImpl.startService:1531 android.content.ContextWrapper.startService:664 android.content.ContextWrapper.startService:664 com.android.coreservice.CoreBroadcastReceiver.onReceive:53 android.app.ActivityThread.handleReceiver:3424 
01-10 14:31:54.843  2533  2533 I chatty  : uid=1000(system) com.android.coreservice identical 1 line
01-10 14:31:54.847  2533  2533 W ContextImpl: Calling a method in the system process without a qualified user: android.app.ContextImpl.startService:1531 android.content.ContextWrapper.startService:664 android.content.ContextWrapper.startService:664 com.android.coreservice.CoreBroadcastReceiver.onReceive:53 android.app.ActivityThread.handleReceiver:3424 
01-10 14:31:54.851  2533  2533 W ContextImpl: Calling a method in the system process without a qualified user: android.app.ContextImpl.startService:1531 android.content.ContextWrapper.startService:664 android.content.ContextWrapper.startService:664 com.android.coreservice.CoreBroadcastReceiver.onReceive:44 android.app.ActivityThread.handleReceiver:3424 
01-10 14:31:54.861  2533  2533 W ContextImpl: Calling a method in the system process without a qualified user: android.app.ContextImpl.startService:1531 android.content.ContextWrapper.startService:664 android.content.ContextWrapper.startService:664 com.android.coreservice.CoreBroadcastReceiver.onReceive:53 android.app.ActivityThread.handleReceiver:3424 
01-10 14:31:54.864  2533  2533 W ContextImpl: Calling a method in the system process without a qualified user: android.app.ContextImpl.startService:1531 android.content.ContextWrapper.startService:664 android.content.ContextWrapper.startService:664 com.android.coreservice.CoreBroadcastReceiver.onReceive:53 android.app.ActivityThread.handleReceiver:3424 
01-10 14:31:54.872  1759  2633 W BroadcastQueue: Background execution not allowed: receiving Intent { act=android.intent.action.MEDIA_SCANNER_STARTED dat=file:///storage/emulated/0 flg=0x10 } to ru.hqgocnyr.yzvnudqdq/.BinderBootReceiver
01-10 14:31:54.873  1759  1793 W BroadcastQueue: Background execution not allowed: receiving Intent { act=android.intent.action.WALLPAPER_CHANGED flg=0x10 } to com.ldmnq.launcher3/com.android.launcher3.WallpaperChangedReceiver
01-10 14:31:55.089  1759  1879 W BroadcastQueue: Background execution not allowed: receiving Intent { act=android.intent.action.WALLPAPER_CHANGED flg=0x10 } to com.ldmnq.launcher3/com.android.launcher3.WallpaperChangedReceiver
01-10 14:31:55.105  2533  2533 W ContextImpl: Calling a method in the system process without a qualified user: android.app.ContextImpl.startService:1531 android.content.ContextWrapper.startService:664 android.content.ContextWrapper.startService:664 com.android.coreservice.CoreBroadcastReceiver.onReceive:53 android.app.ActivityThread.handleReceiver:3424 
01-10 14:31:55.294  1759  1795 W ActivityManager: Slow operation: 104ms so far, now at startProcess: returned from zygote!
01-10 14:31:55.332  1759  1795 W ActivityManager: Slow operation: 141ms so far, now at startProcess: done updating battery stats
01-10 14:31:55.333  1759  1795 W ActivityManager: Slow operation: 142ms so far, now at startProcess: building log message
01-10 14:31:55.334  1759  1795 I ActivityManager: Start proc 4228:com.android.chrome/u0a48 for broadcast com.android.chrome/com.google.firebase.iid.FirebaseInstanceIdReceiver
01-10 14:31:55.334  1759  1795 W ActivityManager: Slow operation: 143ms so far, now at startProcess: starting to update pids map
01-10 14:31:55.334  1759  1795 W ActivityManager: Slow operation: 143ms so far, now at startProcess: done updating pids map
