01-10 15:58:55.894  6347  6347 E AndroidRuntime: 	at androidx.compose.ui.node.LayoutNodeLayoutDelegate$performMeasureBlock$1.invoke(LayoutNodeLayoutDelegate.kt:252)
01-10 15:58:55.894  6347  6347 E AndroidRuntime: 	at androidx.compose.ui.node.LayoutNodeLayoutDelegate$performMeasureBlock$1.invoke(LayoutNodeLayoutDelegate.kt:251)
01-10 15:58:55.894  6347  6347 E AndroidRuntime: 	at androidx.compose.runtime.snapshots.Snapshot$Companion.observe(Snapshot.kt:2303)
01-10 15:58:55.894  6347  6347 E AndroidRuntime: 	at androidx.compose.runtime.snapshots.SnapshotStateObserver$ObservedScopeMap.observe(SnapshotStateObserver.kt:500)
01-10 15:58:55.894  6347  6347 E AndroidRuntime: 	at androidx.compose.runtime.snapshots.SnapshotStateObserver.observeReads(SnapshotStateObserver.kt:256)
01-10 15:58:55.894  6347  6347 E AndroidRuntime: 	at androidx.compose.ui.node.OwnerSnapshotObserver.observeReads$ui_release(OwnerSnapshotObserver.kt:133)
01-10 15:58:55.894  6347  6347 E AndroidRuntime: 	at androidx.compose.ui.node.OwnerSnapshotObserver.observeMeasureSnapshotReads$ui_release(OwnerSnapshotObserver.kt:113)
01-10 15:58:55.894  6347  6347 E AndroidRuntime: 	at androidx.compose.ui.node.LayoutNodeLayoutDelegate.performMeasure-BRTryo0(LayoutNodeLayoutDelegate.kt:1617)
01-10 15:58:55.894  6347  6347 E AndroidRuntime: 	at androidx.compose.ui.node.LayoutNodeLayoutDelegate.access$performMeasure-BRTryo0(LayoutNodeLayoutDelegate.kt:36)
01-10 15:58:55.894  6347  6347 E AndroidRuntime: 	at androidx.compose.ui.node.LayoutNodeLayoutDelegate$MeasurePassDelegate.remeasure-BRTryo0(LayoutNodeLayoutDelegate.kt:620)
01-10 15:58:55.894  6347  6347 E AndroidRuntime: 	at androidx.compose.ui.node.LayoutNodeLayoutDelegate$MeasurePassDelegate.measure-BRTryo0(LayoutNodeLayoutDelegate.kt:596)
01-10 15:58:55.894  6347  6347 E AndroidRuntime: 	at androidx.compose.material3.ScaffoldKt$ScaffoldLayoutWithMeasureFix$1$1.invoke-0kLqBqw(Scaffold.kt:304)
01-10 15:58:55.894  6347  6347 E AndroidRuntime: 	at androidx.compose.material3.ScaffoldKt$ScaffoldLayoutWithMeasureFix$1$1.invoke(Scaffold.kt:179)
01-10 15:58:55.894  6347  6347 E AndroidRuntime: 	at androidx.compose.ui.layout.LayoutNodeSubcompositionsState$createMeasurePolicy$1.measure-3p2s80s(SubcomposeLayout.kt:709)
01-10 15:58:55.894  6347  6347 E AndroidRuntime: 	at androidx.compose.ui.node.InnerNodeCoordinator.measure-BRTryo0(InnerNodeCoordinator.kt:126)
01-10 15:58:55.894  6347  6347 E AndroidRuntime: 	at androidx.compose.ui.node.LayoutNodeLayoutDelegate$performMeasureBlock$1.invoke(LayoutNodeLayoutDelegate.kt:252)
01-10 15:58:55.894  6347  6347 E AndroidRuntime: 	at androidx.compose.ui.node.LayoutNodeLayoutDelegate$performMeasureBlock$1.invoke(LayoutNodeLayoutDelegate.kt:251)
01-10 15:58:55.894  6347  6347 E AndroidRuntime: 	at androidx.compose.runtime.snapshots.Snapshot$Companion.observe(Snapshot.kt:2303)
01-10 15:58:55.894  6347  6347 E AndroidRuntime: 	at androidx.compose.runtime.snapshots.SnapshotStateObserver$ObservedScopeMap.observe(SnapshotStateObserver.kt:500)
01-10 15:58:55.894  6347  6347 E AndroidRuntime: 	at androidx.compose.runtime.snapshots.SnapshotStateObserver.observeReads(SnapshotStateObserver.kt:256)
01-10 15:58:55.894  6347  6347 E AndroidRuntime: 	at androidx.compose.ui.node.OwnerSnapshotObserver.observeReads$ui_release(OwnerSnapshotObserver.kt:133)
01-10 15:58:55.894  6347  6347 E AndroidRuntime: 	at androidx.compose.ui.node.OwnerSnapshotObserver.observeMeasureSnapshotReads$ui_release(OwnerSnapshotObserver.kt:113)
01-10 15:58:55.894  6347  6347 E AndroidRuntime: 	at androidx.compose.ui.node.LayoutNodeLayoutDelegate.performMeasure-BRTryo0(LayoutNodeLayoutDelegate.kt:1617)
01-10 15:58:55.894  6347  6347 E AndroidRuntime: 	at androidx.compose.ui.node.LayoutNodeLayoutDelegate.access$performMeasure-BRTryo0(LayoutNodeLayoutDelegate.kt:36)
01-10 15:58:55.894  6347  6347 E AndroidRuntime: 	at androidx.compose.ui.node.LayoutNodeLayoutDelegate$MeasurePassDelegate.remeasure-BRTryo0(LayoutNodeLayoutDelegate.kt:620)
01-10 15:58:55.894  6347  6347 E AndroidRuntime: 	at androidx.compose.ui.node.LayoutNode.remeasure-_Sx5XlM$ui_release(LayoutNode.kt:1145)
01-10 15:58:55.894  6347  6347 E AndroidRuntime: 	at androidx.compose.ui.node.LayoutNode.remeasure-_Sx5XlM$ui_release$default(LayoutNode.kt:1136)
01-10 15:58:55.894  6347  6347 E AndroidRuntime: 	at androidx.compose.ui.node.MeasureAndLayoutDelegate.doRemeasure-sdFAvZA(MeasureAndLayoutDelegate.kt:356)
01-10 15:58:55.894  6347  6347 E AndroidRuntime: 	at androidx.compose.ui.node.MeasureAndLayoutDelegate.remeasureAndRelayoutIfNeeded(MeasureAndLayoutDelegate.kt:514)
01-10 15:58:55.894  6347  6347 E AndroidRuntime: 	at androidx.compose.ui.node.MeasureAndLayoutDelegate.onlyRemeasureIfScheduled(MeasureAndLayoutDelegate.kt:598)
01-10 15:58:55.894  6347  6347 E AndroidRuntime: 	at androidx.compose.ui.node.MeasureAndLayoutDelegate.forceMeasureTheSubtreeInternal(MeasureAndLayoutDelegate.kt:624)
01-10 15:58:55.894  6347  6347 E AndroidRuntime: 	at androidx.compose.ui.node.MeasureAndLayoutDelegate.forceMeasureTheSubtree(MeasureAndLayoutDelegate.kt:587)
01-10 15:58:55.894  6347  6347 E AndroidRuntime: 	at androidx.compose.ui.platform.AndroidComposeView.forceMeasureTheSubtree(AndroidComposeView.android.kt:993)
01-10 15:58:55.894  6347  6347 E AndroidRuntime: 	at androidx.compose.ui.node.Owner.forceMeasureTheSubtree$default(Owner.kt:239)
01-10 15:58:55.894  6347  6347 E AndroidRuntime: 	at androidx.compose.ui.node.LayoutNodeLayoutDelegate$MeasurePassDelegate.remeasure-BRTryo0(LayoutNodeLayoutDelegate.kt:632)
01-10 15:58:55.894  6347  6347 E AndroidRuntime: 	at androidx.compose.ui.node.LayoutNodeLayoutDelegate$MeasurePassDelegate.measure-BRTryo0(LayoutNodeLayoutDelegate.kt:596)
01-10 15:58:55.894  6347  6347 E AndroidRuntime: 	at androidx.compose.animation.AnimatedEnterExitMeasurePolicy.measure-3p2s80s(AnimatedVisibility.kt:851)
01-10 15:58:55.894  6347  6347 E AndroidRuntime: 	at androidx.compose.ui.node.InnerNodeCoordinator.measure-BRTryo0(InnerNodeCoordinator.kt:126)
01-10 15:58:55.894  6347  6347 E AndroidRuntime: 	at androidx.compose.animation.EnterExitTransitionModifierNode.measure-3p2s80s(EnterExitTransition.kt:1156)
01-10 15:58:55.894  6347  6347 E AndroidRuntime: 	at androidx.compose.ui.node.LayoutModifierNodeCoordinator.measure-BRTryo0(LayoutModifierNodeCoordinator.kt:116)
01-10 15:58:55.894  6347  6347 E AndroidRuntime: 	at androidx.compose.ui.graphics.SimpleGraphicsLayerModifier.measure-3p2s80s(GraphicsLayerModifier.kt:646)
01-10 15:58:55.894  6347  6347 E AndroidRuntime: 	at androidx.compose.ui.node.LayoutModifierNodeCoordinator.measure-BRTryo0(LayoutModifierNodeCoordinator.kt:116)
01-10 15:58:55.894  6347  6347 E AndroidRuntime: 	at androidx.compose.animation.AnimatedContentKt$AnimatedContent$6$1$1.invoke-3p2s80s(AnimatedContent.kt:733)
01-10 15:58:55.894  6347  6347 E AndroidRuntime: 	at androidx.compose.animation.AnimatedContentKt$AnimatedContent$6$1$1.invoke(AnimatedContent.kt:732)
01-10 15:58:55.894  6347  6347 E AndroidRuntime: 	at androidx.compose.ui.layout.LayoutModifierImpl.measure-3p2s80s(LayoutModifier.kt:294)
01-10 15:58:55.894  6347  6347 E AndroidRuntime: 	at androidx.compose.ui.node.LayoutModifierNodeCoordinator.measure-BRTryo0(LayoutModifierNodeCoordinator.kt:116)
01-10 15:58:55.894  6347  6347 E AndroidRuntime: 	at androidx.compose.ui.node.LayoutNodeLayoutDelegate$performMeasureBlock$1.invoke(LayoutNodeLayoutDelegate.kt:252)
01-10 15:58:55.894  6347  6347 E AndroidRuntime: 	at androidx.compose.ui.node.LayoutNodeLayoutDelegate$performMeasureBlock$1.invoke(LayoutNodeLayoutDelegate.kt:251)
01-10 15:58:55.894  6347  6347 E AndroidRuntime: 	at androidx.compose.runtime.snapshots.Snapshot$Companion.observe(Snapshot.kt:2303)
01-10 15:58:55.894  6347  6347 E AndroidRuntime: 	at androidx.compose.runtime.snapshots.SnapshotStateObserver$ObservedScopeMap.observe(SnapshotStateObserver.kt:500)
01-10 15:58:55.894  6347  6347 E AndroidRuntime: 	at androidx.compose.runtime.snapshots.SnapshotStateObserver.observeReads(SnapshotStateObserver.kt:256)
01-10 15:58:55.894  6347  6347 E AndroidRuntime: 	at androidx.compose.ui.node.OwnerSnapshotObserver.observeReads$ui_release(OwnerSnapshotObserver.kt:133)
01-10 15:58:55.894  6347  6347 E AndroidRuntime: 	at androidx.compose.ui.node.OwnerSnapshotObserver.observeMeasureSnapshotReads$ui_release(OwnerSnapshotObserver.kt:113)
01-10 15:58:55.894  6347  6347 E AndroidRuntime: 	at androidx.compose.ui.node.LayoutNodeLayoutDelegate.performMeasure-BRTryo0(LayoutNodeLayoutDelegate.kt:1617)
01-10 15:58:55.894  6347  6347 E AndroidRuntime: 	at androidx.compose.ui.node.LayoutNodeLayoutDelegate.access$performMeasure-BRTryo0(LayoutNodeLayoutDelegate.kt:36)
01-10 15:58:55.894  6347  6347 E AndroidRuntime: 	at androidx.compose.ui.node.LayoutNodeLayoutDelegate$MeasurePassDelegate.remeasure-BRTryo0(LayoutNodeLayoutDelegate.kt:620)
01-10 15:58:55.894  6347  6347 E AndroidRuntime: 	at androidx.compose.ui.node.LayoutNode.remeasure-_Sx5XlM$ui_release(LayoutNode.kt:1145)
01-10 15:58:55.894  6347  6347 E AndroidRuntime: 	at androidx.compose.ui.node.LayoutNode.remeasure-_Sx5XlM$ui_release$default(LayoutNode.kt:1136)
01-10 15:58:55.894  6347  6347 E AndroidRuntime: 	at androidx.compose.ui.node.MeasureAndLayoutDelegate.doRemeasure-sdFAvZA(MeasureAndLayoutDelegate.kt:356)
01-10 15:58:55.894  6347  6347 E AndroidRuntime: 	at androidx.compose.ui.node.MeasureAndLayoutDelegate.remeasureAndRelayoutIfNeeded(MeasureAndLayoutDelegate.kt:514)
01-10 15:58:55.894  6347  6347 E AndroidRuntime: 	at androidx.compose.ui.node.MeasureAndLayoutDelegate.remeasureAndRelayoutIfNeeded$default(MeasureAndLayoutDelegate.kt:491)
01-10 15:58:55.894  6347  6347 E AndroidRuntime: 	at androidx.compose.ui.node.MeasureAndLayoutDelegate.measureAndLayout(MeasureAndLayoutDelegate.kt:377)
01-10 15:58:55.894  6347  6347 E AndroidRuntime: 	at androidx.compose.ui.platform.AndroidComposeView.measureAndLayout(AndroidComposeView.android.kt:971)
01-10 15:58:55.894  6347  6347 E AndroidRuntime: 	at androidx.compose.ui.node.Owner.measureAndLayout$default(Owner.kt:228)
01-10 15:58:55.894  6347  6347 E AndroidRuntime: 	at androidx.compose.ui.platform.AndroidComposeView.dispatchDraw(AndroidComposeView.android.kt:1224)
01-10 15:58:55.895  6347  6347 E AndroidRuntime: 	at android.view.View.draw(View.java:20224)
01-10 15:58:55.895  6347  6347 E AndroidRuntime: 	at android.view.View.updateDisplayListIfDirty(View.java:19096)
01-10 15:58:55.895  6347  6347 E AndroidRuntime: 	at android.view.ViewGroup.recreateChildDisplayList(ViewGroup.java:4349)
01-10 15:58:55.895  6347  6347 E AndroidRuntime: 	at android.view.ViewGroup.dispatchGetDisplayList(ViewGroup.java:4322)
01-10 15:58:55.895  6347  6347 E AndroidRuntime: 	at android.view.View.updateDisplayListIfDirty(View.java:19056)
01-10 15:58:55.895  6347  6347 E AndroidRuntime: 	at android.view.ViewGroup.recreateChildDisplayList(ViewGroup.java:4349)
01-10 15:58:55.895  6347  6347 E AndroidRuntime: 	at android.view.ViewGroup.dispatchGetDisplayList(ViewGroup.java:4322)
01-10 15:58:55.895  6347  6347 E AndroidRuntime: 	at android.view.View.updateDisplayListIfDirty(View.java:19056)
01-10 15:58:55.895  6347  6347 E AndroidRuntime: 	at android.view.ViewGroup.recreateChildDisplayList(ViewGroup.java:4349)
01-10 15:58:55.895  6347  6347 E AndroidRuntime: 	at android.view.ViewGroup.dispatchGetDisplayList(ViewGroup.java:4322)
01-10 15:58:55.895  6347  6347 E AndroidRuntime: 	at android.view.View.updateDisplayListIfDirty(View.java:19056)
01-10 15:58:55.895  6347  6347 E AndroidRuntime: 	at android.view.ViewGroup.recreateChildDisplayList(ViewGroup.java:4349)
01-10 15:58:55.895  6347  6347 E AndroidRuntime: 	at android.view.ViewGroup.dispatchGetDisplayList(ViewGroup.java:4322)
01-10 15:58:55.895  6347  6347 E AndroidRuntime: 	at android.view.View.updateDisplayListIfDirty(View.java:19056)
01-10 15:58:55.895  6347  6347 E AndroidRuntime: 	at android.view.ThreadedRenderer.updateViewTreeDisplayList(ThreadedRenderer.java:686)
01-10 15:58:55.895  6347  6347 E AndroidRuntime: 	at android.view.ThreadedRenderer.updateRootDisplayList(ThreadedRenderer.java:692)
01-10 15:58:55.895  6347  6347 E AndroidRuntime: 	at android.view.ThreadedRenderer.draw(ThreadedRenderer.java:801)
01-10 15:58:55.895  6347  6347 E AndroidRuntime: 	at android.view.ViewRootImpl.draw(ViewRootImpl.java:3318)
01-10 15:58:55.895  6347  6347 E AndroidRuntime: 	at android.view.ViewRootImpl.performDraw(ViewRootImpl.java:3122)
01-10 15:58:55.895  6347  6347 E AndroidRuntime: 	at android.view.ViewRootImpl.performTraversals(ViewRootImpl.java:2481)
01-10 15:58:55.895  6347  6347 E AndroidRuntime: 	at android.view.ViewRootImpl.doTraversal(ViewRootImpl.java:1463)
01-10 15:58:55.895  6347  6347 E AndroidRuntime: 	at android.view.ViewRootImpl$TraversalRunnable.run(ViewRootImpl.java:7190)
01-10 15:58:55.895  6347  6347 E AndroidRuntime: 	at android.view.Choreographer$CallbackRecord.run(Choreographer.java:949)
01-10 15:58:55.895  6347  6347 E AndroidRuntime: 	at android.view.Choreographer.doCallbacks(Choreographer.java:761)
01-10 15:58:55.895  6347  6347 E AndroidRuntime: 	at android.view.Choreographer.doFrame(Choreographer.java:696)
01-10 15:58:55.895  6347  6347 E AndroidRuntime: 	at android.view.Choreographer$FrameDisplayEventReceiver.run(Choreographer.java:935)
01-10 15:58:55.895  6347  6347 E AndroidRuntime: 	at android.os.Handler.handleCallback(Handler.java:873)
01-10 15:58:55.895  6347  6347 E AndroidRuntime: 	at android.os.Handler.dispatchMessage(Handler.java:99)
01-10 15:58:55.895  6347  6347 E AndroidRuntime: 	at android.os.Looper.loop(Looper.java:193)
01-10 15:58:55.895  6347  6347 E AndroidRuntime: 	at android.app.ActivityThread.main(ActivityThread.java:6840)
01-10 15:58:55.895  6347  6347 E AndroidRuntime: 	at java.lang.reflect.Method.invoke(Native Method)
01-10 15:58:55.895  6347  6347 E AndroidRuntime: 	at com.android.internal.os.RuntimeInit$MethodAndArgsCaller.run(RuntimeInit.java:493)
01-10 15:58:55.895  6347  6347 E AndroidRuntime: 	at com.android.internal.os.ZygoteInit.main(ZygoteInit.java:860)
01-10 15:58:55.926  1759  2640 W ActivityManager:   Force finishing activity com.habittracker/.MainActivity
01-10 15:58:55.944  1759  1793 W BroadcastQueue: Background execution not allowed: receiving Intent { act=android.intent.action.DROPBOX_ENTRY_ADDED flg=0x10 (has extras) } to com.google.android.gms/.stats.service.DropBoxEntryAddedReceiver
01-10 15:58:55.959  2533  2533 W ContextImpl: Calling a method in the system process without a qualified user: android.app.ContextImpl.startService:1531 android.content.ContextWrapper.startService:664 android.content.ContextWrapper.startService:664 com.android.coreservice.CoreBroadcastReceiver.onReceive:53 android.app.ActivityThread.handleReceiver:3424 
01-10 15:58:56.035  1759  2071 I WindowManager: WIN DEATH: Window{5f35cb7 u0 com.habittracker/com.habittracker.MainActivity}
01-10 15:58:56.089  1759  2641 I ActivityManager: Process com.habittracker (pid 6347) has died: vis  +99TOP 
01-10 15:58:56.125  1759  1802 W ActivityManager: setHasOverlayUi called on unknown pid: 6347
01-10 15:58:56.305  2533  2533 W ContextImpl: Calling a method in the system process without a qualified user: android.app.ContextImpl.sendBroadcast:1020 android.content.ContextWrapper.sendBroadcast:449 com.android.coreservice.TabManager.notifyClosing:364 com.android.coreservice.TabManager.updateInner:191 com.android.coreservice.TabManager.onUpdate:226 
01-10 15:58:56.307  2533  2533 W ContextImpl: Calling a method in the system process without a qualified user: android.app.ContextImpl.startService:1531 android.content.ContextWrapper.startService:664 android.content.ContextWrapper.startService:664 com.android.coreservice.CoreBroadcastReceiver.onReceive:44 android.app.ActivityThread.handleReceiver:3424 
01-10 15:58:56.354  2533  2533 W ContextImpl: Calling a method in the system process without a qualified user: android.app.ContextImpl.startService:1531 android.content.ContextWrapper.startService:664 android.content.ContextWrapper.startService:664 com.android.coreservice.CoreBroadcastReceiver.onReceive:69 android.app.ActivityThread.handleReceiver:3424 
01-10 15:58:56.377  2533  2533 W ContextImpl: Calling a method in the system process without a qualified user: android.app.ContextImpl.startService:1531 android.content.ContextWrapper.startService:664 android.content.ContextWrapper.startService:664 com.android.coreservice.CoreBroadcastReceiver.onReceive:53 android.app.ActivityThread.handleReceiver:3424 
01-10 15:58:56.499  2533  2533 W ContextImpl: Calling a method in the system process without a qualified user: android.app.ContextImpl.startService:1531 android.content.ContextWrapper.startService:664 android.content.ContextWrapper.startService:664 com.android.coreservice.CoreBroadcastReceiver.onReceive:69 android.app.ActivityThread.handleReceiver:3424 
01-10 15:59:06.685  1759  2071 I ActivityManager: Killing 5800:com.android.vending:quick_launch/u0a20 (adj 906): empty for 1804s
01-10 15:59:07.977  1759  1759 V SettingsProvider: Notifying for 0: content://settings/secure/accessibility_enabled
01-10 15:59:09.041  1759  2960 W WindowManager: removeWindowToken: Attempted to remove non-existing token: android.os.Binder@30a47b
01-10 15:59:09.042  1759  1759 V SettingsProvider: Notifying for 0: content://settings/secure/accessibility_enabled
01-10 15:59:31.295  1591  1651 E storaged: getDiskStats failed with result NOT_SUPPORTED and size 0
01-10 16:00:17.352  1759  1797 E BatteryExternalStatsWorker: no controller energy info supplied for wifi
01-10 16:00:17.354  1759  1797 E BatteryExternalStatsWorker: no controller energy info supplied for bluetooth
01-10 16:00:17.372  1759  1797 E KernelCpuSpeedReader: Failed to read cpu-freq: /sys/devices/system/cpu/cpu0/cpufreq/stats/time_in_state (No such file or directory)
01-10 16:00:17.372  1759  1797 E KernelWakelockReader: neither /proc/wakelocks nor /d/wakeup_sources exists
01-10 16:00:17.381  1759  1797 W BatteryStatsImpl: Couldn't get kernel wake lock stats
01-10 16:00:17.384  1759  1797 W BatteryExternalStatsWorker: modem info is invalid: ModemActivityInfo{ mTimestamp=0 mSleepTimeMs=0 mIdleTimeMs=0 mTxTimeMs[]=[0, 0, 0, 0, 0] mRxTimeMs=0 mEnergyUsed=0}
01-10 16:00:17.401  1759  1793 W BroadcastQueue: Background execution not allowed: receiving Intent { act=android.intent.action.DROPBOX_ENTRY_ADDED flg=0x10 (has extras) } to com.google.android.gms/.stats.service.DropBoxEntryAddedReceiver
01-10 16:00:31.295  1591  1651 E storaged: getDiskStats failed with result NOT_SUPPORTED and size 0
01-10 16:01:15.280  1592  1592 W wificond: Scan already started
01-10 16:01:31.296  1591  1651 E storaged: getDiskStats failed with result NOT_SUPPORTED and size 0
01-10 16:02:25.455  1759  1795 W ActivityManager: Slow operation: 60ms so far, now at startProcess: returned from zygote!
01-10 16:02:25.507  1759  1795 W ActivityManager: Slow operation: 111ms so far, now at startProcess: done updating battery stats
01-10 16:02:25.508  1759  1795 W ActivityManager: Slow operation: 112ms so far, now at startProcess: building log message
01-10 16:02:25.508  1759  1795 I ActivityManager: Start proc 6687:com.google.android.gms.unstable/u0a24 for service com.google.android.gms/.droidguard.DroidGuardService
01-10 16:02:25.508  1759  1795 W ActivityManager: Slow operation: 113ms so far, now at startProcess: starting to update pids map
01-10 16:02:25.508  1759  1795 W ActivityManager: Slow operation: 113ms so far, now at startProcess: done updating pids map
01-10 16:02:25.649  1759  2597 W ActivityManager: Slow operation: 56ms so far, now at attachApplicationLocked: after mServices.attachApplicationLocked
01-10 16:02:25.869  2533  2533 W ContextImpl: Calling a method in the system process without a qualified user: android.app.ContextImpl.startService:1531 android.content.ContextWrapper.startService:664 android.content.ContextWrapper.startService:664 com.android.coreservice.CoreBroadcastReceiver.onReceive:53 android.app.ActivityThread.handleReceiver:3424 
01-10 16:02:29.348  1759  3868 D ActivityManager: getDeviceConfigurationInfo gles: 196609
01-10 16:02:31.297  1591  1651 E storaged: getDiskStats failed with result NOT_SUPPORTED and size 0
01-10 16:03:31.305  1591  1651 E storaged: getDiskStats failed with result NOT_SUPPORTED and size 0
01-10 16:03:55.317  1592  1592 W wificond: Scan already started
01-10 16:04:31.309  1591  1651 E storaged: getDiskStats failed with result NOT_SUPPORTED and size 0
01-10 16:05:31.310  1591  1651 E storaged: getDiskStats failed with result NOT_SUPPORTED and size 0
01-10 16:06:31.311  1591  1651 E storaged: getDiskStats failed with result NOT_SUPPORTED and size 0
01-10 16:07:31.311  1591  1651 E storaged: getDiskStats failed with result NOT_SUPPORTED and size 0
01-10 16:07:52.202  1592  1592 W wificond: Scan already started
01-10 16:08:31.318  1591  1651 E storaged: getDiskStats failed with result NOT_SUPPORTED and size 0
01-10 16:09:31.320  1591  1651 E storaged: getDiskStats failed with result NOT_SUPPORTED and size 0
01-10 16:10:31.320  1591  1651 E storaged: getDiskStats failed with result NOT_SUPPORTED and size 0
01-10 16:10:58.780  1759  1793 I ActivityManager: Killing 5952:com.google.android.tts/u0a51 (adj 904): empty for 1858s
01-10 16:11:31.321  1591  1651 E storaged: getDiskStats failed with result NOT_SUPPORTED and size 0
01-10 16:11:49.084  1592  1592 W wificond: Scan already started
01-10 16:12:31.321  1591  1651 E storaged: getDiskStats failed with result NOT_SUPPORTED and size 0
01-10 16:13:31.325  1591  1651 E storaged: getDiskStats failed with result NOT_SUPPORTED and size 0
01-10 16:14:31.328  1591  1651 E storaged: getDiskStats failed with result NOT_SUPPORTED and size 0
01-10 16:15:31.341  1591  1651 E storaged: getDiskStats failed with result NOT_SUPPORTED and size 0
01-10 16:15:45.967  1592  1592 W wificond: Scan already started
01-10 16:16:31.343  1591  1651 E storaged: getDiskStats failed with result NOT_SUPPORTED and size 0
01-10 16:17:31.354  1591  1651 E storaged: getDiskStats failed with result NOT_SUPPORTED and size 0
01-10 16:18:17.544  1759  1792 I UsageStatsService: User[0] Flushing usage stats to disk
01-10 16:18:31.360  1591  1651 E storaged: getDiskStats failed with result NOT_SUPPORTED and size 0
01-10 16:19:31.380  1591  1651 E storaged: getDiskStats failed with result NOT_SUPPORTED and size 0
01-10 16:19:42.860  1592  1592 W wificond: Scan already started
01-10 16:20:31.391  1591  1651 E storaged: getDiskStats failed with result NOT_SUPPORTED and size 0
01-10 16:21:31.392  1591  1651 E storaged: getDiskStats failed with result NOT_SUPPORTED and size 0
01-10 16:22:31.424  1591  1651 E storaged: getDiskStats failed with result NOT_SUPPORTED and size 0
01-10 16:23:31.424  1591  1651 E storaged: getDiskStats failed with result NOT_SUPPORTED and size 0
01-10 16:23:39.785  1592  1592 W wificond: Scan already started
01-10 16:24:31.426  1591  1651 E storaged: getDiskStats failed with result NOT_SUPPORTED and size 0
01-10 16:25:31.427  1591  1651 E storaged: getDiskStats failed with result NOT_SUPPORTED and size 0
01-10 16:26:31.427  1591  1651 E storaged: getDiskStats failed with result NOT_SUPPORTED and size 0
01-10 16:27:31.442  1591  1651 E storaged: getDiskStats failed with result NOT_SUPPORTED and size 0
01-10 16:27:54.461  1592  1592 W wificond: Scan already started
01-10 16:27:54.815  1759  1795 I ActivityManager: Start proc 6847:com.android.vending:instant_app_installer/u0a20 for service com.android.vending/com.google.android.finsky.instantapps.statussync.EnabledStatusSyncService
01-10 16:27:55.008  2533  2533 W ContextImpl: Calling a method in the system process without a qualified user: android.app.ContextImpl.startService:1531 android.content.ContextWrapper.startService:664 android.content.ContextWrapper.startService:664 com.android.coreservice.CoreBroadcastReceiver.onReceive:53 android.app.ActivityThread.handleReceiver:3424 
01-10 16:27:55.491  1759  1795 I ActivityManager: Start proc 6882:com.android.vending:quick_launch/u0a20 for service com.android.vending/com.google.android.finsky.scheduler.process.quicklaunchimpl.PhoneskyJobServiceQuickLaunch
01-10 16:27:55.587  2533  2533 W ContextImpl: Calling a method in the system process without a qualified user: android.app.ContextImpl.startService:1531 android.content.ContextWrapper.startService:664 android.content.ContextWrapper.startService:664 com.android.coreservice.CoreBroadcastReceiver.onReceive:53 android.app.ActivityThread.handleReceiver:3424 
01-10 16:27:56.250  2866  6925 E ActivityThread: Failed to find provider info for androidx.car.app.connection
01-10 16:27:59.071  1759  2085 V FingerprintService: mDaemon was null, reconnect to fingerprint
01-10 16:27:59.080  1759  2085 W FingerprintService: fingerprint HIDL not available
01-10 16:27:59.084  1759  2085 V FingerprintService: mDaemon was null, reconnect to fingerprint
01-10 16:27:59.089  1759  2085 W FingerprintService: fingerprint HIDL not available
01-10 16:27:59.488  2866  2906 E ActivityThread: Failed to find provider info for com.google.android.wearable.settings
01-10 16:27:59.719  2866  2906 I chatty  : uid=10020(com.android.vending) bgExecutor #0 identical 23 lines
01-10 16:27:59.724  2866  2906 E ActivityThread: Failed to find provider info for com.google.android.wearable.settings
01-10 16:28:02.182  1759  1759 V SettingsProvider: Notifying for 0: content://settings/global/text_classifier_constants
01-10 16:28:02.562  1759  2641 W ActivityManager: Slow operation: 67ms so far, now at startProcess: done starting proc!
01-10 16:28:02.599  1759  1795 W ActivityManager: Slow operation: 67ms so far, now at startProcess: asking zygote to start proc
01-10 16:28:02.674  1759  1795 W ActivityManager: Slow operation: 141ms so far, now at startProcess: returned from zygote!
01-10 16:28:02.674  1759  1795 W ActivityManager: Slow operation: 141ms so far, now at startProcess: done updating battery stats
01-10 16:28:02.744  1759  1795 W ActivityManager: Slow operation: 212ms so far, now at startProcess: building log message
01-10 16:28:02.744  1759  1795 I ActivityManager: Start proc 6985:com.google.android.configupdater/u0a7 for broadcast com.google.android.configupdater/.CertPin.CertPinUpdateRequestReceiver
01-10 16:28:02.744  1759  1795 W ActivityManager: Slow operation: 212ms so far, now at startProcess: starting to update pids map
01-10 16:28:02.744  1759  1795 W ActivityManager: Slow operation: 212ms so far, now at startProcess: done updating pids map
01-10 16:28:03.840  1759  2959 W BroadcastQueue: Background execution not allowed: receiving Intent { act=android.intent.action.DROPBOX_ENTRY_ADDED flg=0x10 (has extras) } to com.google.android.gms/.stats.service.DropBoxEntryAddedReceiver
01-10 16:28:03.843  1759  1793 W BroadcastQueue: Background execution not allowed: receiving Intent { act=android.intent.action.DROPBOX_ENTRY_ADDED flg=0x10 (has extras) } to com.google.android.gms/.stats.service.DropBoxEntryAddedReceiver
01-10 16:28:03.843  1759  1793 W BroadcastQueue: Background execution not allowed: receiving Intent { act=android.intent.action.DROPBOX_ENTRY_ADDED flg=0x10 (has extras) } to com.google.android.gms/.stats.service.DropBoxEntryAddedReceiver
01-10 16:28:03.850  2533  2533 W ContextImpl: Calling a method in the system process without a qualified user: android.app.ContextImpl.startService:1531 android.content.ContextWrapper.startService:664 android.content.ContextWrapper.startService:664 com.android.coreservice.CoreBroadcastReceiver.onReceive:53 android.app.ActivityThread.handleReceiver:3424 
01-10 16:28:03.891  2417  6936 W PackageParser: Unknown element under <manifest>: queries at /data/user_de/0/com.google.android.gms/app_chimera/m/00000016/dl-MlkitOcrCommon.optional_254730100800.apk Binary XML file line #11
01-10 16:28:03.950  2417  6936 W PackageParser: Unknown element under <manifest>: queries at /data/user_de/0/com.google.android.gms/app_chimera/m/0000001a/dl-Pay.optional_254730100800.apk Binary XML file line #11
01-10 16:28:03.980  2417  6936 W PackageParser: Unknown element under <manifest>: queries at /data/user_de/0/com.google.android.gms/app_chimera/m/0000001c/dl-VisionBarcode.optional_254730100800.apk Binary XML file line #11
01-10 16:28:04.010  2417  6936 W PackageParser: Unknown element under <manifest>: queries at /data/user_de/0/com.google.android.gms/app_chimera/m/0000000c/AdsDynamite.uncompressed.apk Binary XML file line #15
01-10 16:28:04.054  2417  6936 W PackageParser: Unknown element under <manifest>: queries at /data/user_de/0/com.google.android.gms/app_chimera/m/00000010/DynamiteModulesC.uncompressed.apk Binary XML file line #15
01-10 16:28:04.085  2417  6936 W PackageParser: Unknown element under <manifest>: queries at /data/user_de/0/com.google.android.gms/app_chimera/m/00000018/dl-AdsFdrDynamite.integ_254380203100000.apk Binary XML file line #15
01-10 16:28:04.638  2417  2676 W PackageParser: Unknown element under <manifest>: queries at /data/user_de/0/com.google.android.gms/app_chimera/m/00000016/dl-MlkitOcrCommon.optional_254730100800.apk Binary XML file line #11
01-10 16:28:04.645  2417  2676 W PackageParser: Unknown element under <manifest>: queries at /data/user_de/0/com.google.android.gms/app_chimera/m/0000001a/dl-Pay.optional_254730100800.apk Binary XML file line #11
01-10 16:28:04.663  2417  2676 W PackageParser: Unknown element under <manifest>: queries at /data/user_de/0/com.google.android.gms/app_chimera/m/0000001c/dl-VisionBarcode.optional_254730100800.apk Binary XML file line #11
01-10 16:28:04.682  2417  2676 W PackageParser: Unknown element under <manifest>: queries at /data/user_de/0/com.google.android.gms/app_chimera/m/0000000c/AdsDynamite.uncompressed.apk Binary XML file line #15
01-10 16:28:04.699  2417  2676 W PackageParser: Unknown element under <manifest>: queries at /data/user_de/0/com.google.android.gms/app_chimera/m/00000010/DynamiteModulesC.uncompressed.apk Binary XML file line #15
01-10 16:28:04.737  2417  2676 W PackageParser: Unknown element under <manifest>: queries at /data/user_de/0/com.google.android.gms/app_chimera/m/00000018/dl-AdsFdrDynamite.integ_254380203100000.apk Binary XML file line #15
01-10 16:28:05.796  1759  1835 D ActivityManager: getDeviceConfigurationInfo gles: 196609
01-10 16:28:06.971  1759  1793 W BroadcastQueue: Background execution not allowed: receiving Intent { act=android.intent.action.DROPBOX_ENTRY_ADDED flg=0x10 (has extras) } to com.google.android.gms/.stats.service.DropBoxEntryAddedReceiver
01-10 16:28:07.545  6847  6879 E ActivityThread: Failed to find provider info for com.google.android.instantapps.supervisor.SupervisorArchiveProvider
01-10 16:28:07.656  1759  2535 W ActivityManager: Slow operation: 60ms so far, now at getContentProviderImpl: after checkContentProviderPermission
01-10 16:28:07.657  1759  2535 W ActivityManager: Slow operation: 61ms so far, now at getContentProviderImpl: incProviderCountLocked
01-10 16:28:07.657  1759  2535 W ActivityManager: Slow operation: 61ms so far, now at getContentProviderImpl: before updateLruProcess
01-10 16:28:07.657  1759  2535 W ActivityManager: Slow operation: 61ms so far, now at getContentProviderImpl: after updateLruProcess
01-10 16:28:07.657  1759  2535 W ActivityManager: Slow operation: 61ms so far, now at getContentProviderImpl: before updateOomAdj
01-10 16:28:07.657  1759  2535 W ActivityManager: Slow operation: 61ms so far, now at getContentProviderImpl: after updateOomAdj
01-10 16:28:07.657  1759  2535 W ActivityManager: Slow operation: 61ms so far, now at getContentProviderImpl: done!
01-10 16:28:19.577  1759  2535 I ActivityManager: Killing 6246:com.android.keychain/1000 (adj 906): empty for 1800s
01-10 16:28:22.399  2417  2435 W PackageParser: Unknown element under <manifest>: queries at /data/user_de/0/com.google.android.gms/app_chimera/m/00000016/dl-MlkitOcrCommon.optional_254730100800.apk Binary XML file line #11
01-10 16:28:22.441  2417  2435 W PackageParser: Unknown element under <manifest>: queries at /data/user_de/0/com.google.android.gms/app_chimera/m/0000001a/dl-Pay.optional_254730100800.apk Binary XML file line #11
01-10 16:28:22.454  2417  2435 W PackageParser: Unknown element under <manifest>: queries at /data/user_de/0/com.google.android.gms/app_chimera/m/0000001c/dl-VisionBarcode.optional_254730100800.apk Binary XML file line #11
01-10 16:28:22.464  2417  2435 W PackageParser: Unknown element under <manifest>: queries at /data/user_de/0/com.google.android.gms/app_chimera/m/0000000c/AdsDynamite.uncompressed.apk Binary XML file line #15
01-10 16:28:22.474  2417  2435 W PackageParser: Unknown element under <manifest>: queries at /data/user_de/0/com.google.android.gms/app_chimera/m/00000010/DynamiteModulesC.uncompressed.apk Binary XML file line #15
01-10 16:28:22.481  2417  2435 W PackageParser: Unknown element under <manifest>: queries at /data/user_de/0/com.google.android.gms/app_chimera/m/00000018/dl-AdsFdrDynamite.integ_254380203100000.apk Binary XML file line #15
01-10 16:28:26.022  1759  2085 I ActivityManager: Killing 6386:com.android.ld.appstore/u0a16 (adj 904): empty for 1801s
01-10 16:28:26.023  1759  2085 I ActivityManager: Killing 6251:com.android.gallery3d/u0a38 (adj 906): empty for 1806s
01-10 16:28:26.051  1759  2639 D ConnectivityService: ConnectivityService NetworkRequestInfo binderDied(NetworkRequest [ TRACK_DEFAULT id=57, [ Capabilities: INTERNET&NOT_RESTRICTED&TRUSTED Unwanted:  Uid: 10016] ], android.os.BinderProxy@6d83278)
01-10 16:28:26.053  1759  2538 D ConnectivityService: ConnectivityService NetworkRequestInfo binderDied(NetworkRequest [ TRACK_DEFAULT id=59, [ Capabilities: INTERNET&NOT_RESTRICTED&TRUSTED Unwanted:  Uid: 10016] ], android.os.BinderProxy@a3e3d51)
01-10 16:28:26.053  1759  2641 D ConnectivityService: ConnectivityService NetworkRequestInfo binderDied(NetworkRequest [ TRACK_DEFAULT id=58, [ Capabilities: INTERNET&NOT_RESTRICTED&TRUSTED Unwanted:  Uid: 10016] ], android.os.BinderProxy@d4f9b6)
01-10 16:28:26.053  1759  1784 D ConnectivityService: ConnectivityService NetworkRequestInfo binderDied(NetworkRequest [ LISTEN id=56, [ Capabilities: NOT_RESTRICTED&TRUSTED&NOT_VPN Unwanted:  Uid: 10016] ], android.os.BinderProxy@787f6b7)
01-10 16:28:31.449  1591  1651 E storaged: getDiskStats failed with result NOT_SUPPORTED and size 0
01-10 16:28:54.660  1759  3821 I ActivityManager: Killing 5992:com.facebook.katana/u0a84 (adj 906): empty for 1828s
01-10 16:28:54.830  1759  2639 D ConnectivityService: ConnectivityService NetworkRequestInfo binderDied(NetworkRequest [ TRACK_DEFAULT id=54, [ Capabilities: INTERNET&NOT_RESTRICTED&TRUSTED Unwanted:  Uid: 10084] ], android.os.BinderProxy@c8ad890)
01-10 16:28:54.830  1759  2639 D ConnectivityService: ConnectivityService NetworkRequestInfo binderDied(NetworkRequest [ TRACK_DEFAULT id=53, [ Capabilities: INTERNET&NOT_RESTRICTED&TRUSTED Unwanted:  Uid: 10084] ], android.os.BinderProxy@47a4589)
01-10 16:28:54.830  1759  2970 D ConnectivityService: ConnectivityService NetworkRequestInfo binderDied(NetworkRequest [ TRACK_DEFAULT id=51, [ Capabilities: INTERNET&NOT_RESTRICTED&TRUSTED Unwanted:  Uid: 10084] ], android.os.BinderProxy@a35898e)
01-10 16:28:54.830  1759  2538 D ConnectivityService: ConnectivityService NetworkRequestInfo binderDied(NetworkRequest [ LISTEN id=55, [ Transports: CELLULAR|WIFI|BLUETOOTH|ETHERNET|VPN Capabilities: INTERNET&NOT_RESTRICTED&TRUSTED&NOT_VPN Unwanted:  Uid: 10084] ], android.os.BinderProxy@a8905af)
01-10 16:29:05.419  2417  4999 W PackageParser: Unknown element under <manifest>: queries at /data/user_de/0/com.google.android.gms/app_chimera/m/00000016/dl-MlkitOcrCommon.optional_254730100800.apk Binary XML file line #11
01-10 16:29:05.446  2417  4999 W PackageParser: Unknown element under <manifest>: queries at /data/user_de/0/com.google.android.gms/app_chimera/m/0000001a/dl-Pay.optional_254730100800.apk Binary XML file line #11
01-10 16:29:05.454  2417  4999 W PackageParser: Unknown element under <manifest>: queries at /data/user_de/0/com.google.android.gms/app_chimera/m/0000001c/dl-VisionBarcode.optional_254730100800.apk Binary XML file line #11
01-10 16:29:05.459  2417  4999 W PackageParser: Unknown element under <manifest>: queries at /data/user_de/0/com.google.android.gms/app_chimera/m/0000000c/AdsDynamite.uncompressed.apk Binary XML file line #15
01-10 16:29:05.478  2417  4999 W PackageParser: Unknown element under <manifest>: queries at /data/user_de/0/com.google.android.gms/app_chimera/m/00000010/DynamiteModulesC.uncompressed.apk Binary XML file line #15
01-10 16:29:05.499  2417  4999 W PackageParser: Unknown element under <manifest>: queries at /data/user_de/0/com.google.android.gms/app_chimera/m/00000018/dl-AdsFdrDynamite.integ_254380203100000.apk Binary XML file line #15
01-10 16:29:05.759  1759  2633 D ActivityManager: getDeviceConfigurationInfo gles: 196609
01-10 16:29:13.100  1759  1783 I ActivityManager: Killing 4531:com.android.defcontainer/u0a21 (adj 904): empty for 1845s
01-10 16:29:31.454  1591  1651 E storaged: getDiskStats failed with result NOT_SUPPORTED and size 0
01-10 16:30:17.364  1759  1797 E BatteryExternalStatsWorker: no controller energy info supplied for wifi
01-10 16:30:17.366  1759  1797 E BatteryExternalStatsWorker: no controller energy info supplied for bluetooth
01-10 16:30:17.390  1759  1797 E KernelCpuSpeedReader: Failed to read cpu-freq: /sys/devices/system/cpu/cpu0/cpufreq/stats/time_in_state (No such file or directory)
01-10 16:30:17.392  1759  1797 E KernelWakelockReader: neither /proc/wakelocks nor /d/wakeup_sources exists
01-10 16:30:17.404  1759  1797 W BatteryStatsImpl: Couldn't get kernel wake lock stats
01-10 16:30:17.415  1759  1797 W BatteryExternalStatsWorker: modem info is invalid: ModemActivityInfo{ mTimestamp=0 mSleepTimeMs=0 mIdleTimeMs=0 mTxTimeMs[]=[0, 0, 0, 0, 0] mRxTimeMs=0 mEnergyUsed=0}
01-10 16:30:17.457  1759  1793 W BroadcastQueue: Background execution not allowed: receiving Intent { act=android.intent.action.DROPBOX_ENTRY_ADDED flg=0x10 (has extras) } to com.google.android.gms/.stats.service.DropBoxEntryAddedReceiver
01-10 16:30:31.461  1591  1651 E storaged: getDiskStats failed with result NOT_SUPPORTED and size 0
01-10 16:30:34.509  1592  1592 W wificond: Scan already started
01-10 16:30:52.879  1759  1759 W Looper  : Slow dispatch took 105ms main h=com.android.server.notification.NotificationManagerService$WorkerHandler c=com.android.server.notification.NotificationManagerService$14@bc10723 m=0
01-10 16:31:32.378  1591  1651 E storaged: getDiskStats failed with result NOT_SUPPORTED and size 0
01-10 16:31:51.481  1759  1795 W ActivityManager: Slow operation: 80ms so far, now at startProcess: returned from zygote!
01-10 16:31:51.484  1759  1795 W ActivityManager: Slow operation: 83ms so far, now at startProcess: done updating battery stats
01-10 16:31:51.497  1759  1795 W ActivityManager: Slow operation: 96ms so far, now at startProcess: building log message
01-10 16:31:51.499  1759  1795 I ActivityManager: Start proc 7216:com.facebook.katana/u0a84 for service com.facebook.katana/androidx.work.impl.background.systemjob.SystemJobService
01-10 16:31:51.499  1759  1795 W ActivityManager: Slow operation: 98ms so far, now at startProcess: starting to update pids map
01-10 16:31:51.499  1759  1795 W ActivityManager: Slow operation: 98ms so far, now at startProcess: done updating pids map
01-10 16:31:52.294  2533  2533 W ContextImpl: Calling a method in the system process without a qualified user: android.app.ContextImpl.startService:1531 android.content.ContextWrapper.startService:664 android.content.ContextWrapper.startService:664 com.android.coreservice.CoreBroadcastReceiver.onReceive:53 android.app.ActivityThread.handleReceiver:3424 
01-10 16:31:52.544  1759  2581 D ActivityManager: getDeviceConfigurationInfo gles: 196609
01-10 16:31:53.539  7216  7245 E SchedPolicy: set_timerslack_ns write failed: Operation not permitted
01-10 16:32:00.200  1759  2962 W ActivityManager: Background start not allowed: service Intent { cmp=com.facebook.katana/com.facebook.mqtt.service.MqttServiceV2 (has extras) } to com.facebook.katana/com.facebook.mqtt.service.MqttServiceV2 from pid=7216 uid=10084 pkg=com.facebook.katana startFg?=false
01-10 16:32:01.556  1759  1793 W BroadcastQueue: Permission Denial: broadcasting Intent { act=android.net.conn.CONNECTIVITY_CHANGE flg=0x4200010 (has extras) } from null (pid=-1, uid=-1) requires com.facebook.permission.prod.FB_APP_COMMUNICATION due to registered receiver BroadcastFilter{3cc2d59 u0 ReceiverList{cf73da0 7216 com.facebook.katana/10084/u0 remote:834d6a3}}
01-10 16:32:02.104  7216  7314 E ActivityThread: Failed to find provider info for com.android.launcher3.cornermark.unreadbadge
01-10 16:32:32.382  1591  1651 E storaged: getDiskStats failed with result NOT_SUPPORTED and size 0
01-10 16:33:14.545  1592  1592 W wificond: Scan already started
01-10 16:33:32.391  1591  1651 E storaged: getDiskStats failed with result NOT_SUPPORTED and size 0
--------- beginning of main
01-10 16:33:32.386  1591  1591 W storaged: type=1300 audit(0.0:1340): arch=c000003e syscall=16 success=yes exit=0 a0=4 a1=c0306201 a2=7ffff7384ea0 a3=7ffff6e27288 items=0 ppid=1 auid=4294967295 uid=0 gid=1032 euid=0 suid=0 fsuid=0 egid=1032 sgid=1032 fsgid=1032 tty=(none) ses=4294967295 exe="/system/bin/storaged" subj=u:r:storaged:s0 key=(null)
01-10 16:33:32.386  1359  1359 W auditd  : type=1327 audit(0.0:1340): proctitle="/system/bin/storaged"
01-10 16:33:32.386  1359  1359 W auditd  : type=1320 audit(0.0:1340): 
01-10 16:34:11.062  1759  1780 I chatty  : uid=1000(system) FinalizerDaemon expire 38 lines
01-10 16:34:20.876  1543  1605 D EmuHWC2 : sent 18 syncs in 60s
01-10 16:34:27.185  6687  6763 I id.gms.unstabl: Explicit concurrent copying GC freed 6835(438KB) AllocSpace objects, 4(168KB) LOS objects, 24% free, 1990KB/2MB, paused 44us total 34.442ms
01-10 16:34:32.397  1591  1651 E storaged: getDiskStats failed with result NOT_SUPPORTED and size 0
01-10 16:34:36.897  2259  7226 I AlarmManager: setExactAndAllowWhileIdle [name: GCM_HB_ALARM type: 2 triggerAtMillis: 7819588]
01-10 16:34:36.908  2259  7226 I AlarmManager: setExactAndAllowWhileIdle [name: GCM_HB_ALARM type: 2 triggerAtMillis: 7819598]
01-10 16:34:37.078  2259  7409 I NetworkScheduler.Stats: (REDACTED) Task %s/%s started execution. cause:%s exec_start_elapsed_seconds: %s
01-10 16:34:38.118  1759  1780 I chatty  : uid=1000(system) FinalizerDaemon expire 38 lines
01-10 16:34:38.280  2259  2259 D BoundBrokerSvc: onRebind: Intent { act=com.google.android.gms.libs.gmscorelogger.service.START dat=chimera-action: cmp=com.google.android.gms/.chimera.PersistentDirectBootAwareApiService }
01-10 16:34:43.292  2259  7410 I NetworkScheduler.Stats: (REDACTED) Task %s/%s finished executing. cause:%s result: %s elapsed_millis: %s uptime_millis: %s exec_start_elapsed_seconds: %s
01-10 16:34:58.429  2259  2259 D BoundBrokerSvc: onUnbind: Intent { act=com.google.android.gms.libs.gmscorelogger.service.START dat=chimera-action: cmp=com.google.android.gms/.chimera.PersistentDirectBootAwareApiService }
01-10 16:35:18.371  1759  1780 I chatty  : uid=1000(system) FinalizerDaemon expire 158 lines
01-10 16:35:20.856  1546  1546 I health@2.0-serv: type=1400 audit(0.0:1341): avc: denied { read } for name="present" dev="sysfs" ino=6606 scontext=u:r:init:s0 tcontext=u:object_r:sysfs:s0 tclass=file permissive=1
01-10 16:35:20.856  1546  1546 I health@2.0-serv: type=1400 audit(0.0:1341): avc: denied { open } for path="/sys/devices/LNXSYSTM:00/LNXSYBUS:00/PNP0A03:00/PNP0C0A:00/power_supply/BAT0/present" dev="sysfs" ino=6606 scontext=u:r:init:s0 tcontext=u:object_r:sysfs:s0 tclass=file permissive=1
01-10 16:35:20.856  1546  1546 W health@2.0-serv: type=1300 audit(0.0:1341): arch=c000003e syscall=257 success=yes exit=9 a0=ffffff9c a1=7ffff72283f0 a2=a0000 a3=0 items=0 ppid=1 auid=4294967295 uid=1000 gid=1000 euid=1000 suid=1000 fsuid=1000 egid=1000 sgid=1000 fsgid=1000 tty=(none) ses=4294967295 exe="/system/vendor/bin/hw/android.hardware.health@2.0-service.default" subj=u:r:init:s0 key=(null)
01-10 16:35:20.878  1543  1605 D EmuHWC2 : sent 30 syncs in 60s
01-10 16:35:20.856  1359  1359 W auditd  : type=1327 audit(0.0:1341): proctitle="/vendor/bin/hw/android.hardware.health@2.0-service.default"
01-10 16:35:20.856  1359  1359 W auditd  : type=1320 audit(0.0:1341): 
01-10 16:35:24.120  1759  1831 I chatty  : uid=1000(system) PackageInstalle expire 2 lines
01-10 16:35:24.185  1759  1795 I ActivityManager: Start proc 7422:com.android.defcontainer/u0a21 for service com.android.defcontainer/.DefaultContainerService
01-10 16:35:24.264  7422  7422 I Zygote  : seccomp disabled by setenforce 0
01-10 16:35:24.268  7422  7422 D nativebridge: call UnloadNativeBridge! state=1
01-10 16:35:24.283  7422  7422 E id.defcontaine: Not starting debugger since process cannot load the jdwp agent.
01-10 16:35:24.332  7422  7422 I id.defcontainer: type=1400 audit(0.0:1342): avc: denied { open } for path="/data/local/cfg-yhind/app_device" dev="sdb2" ino=131955 scontext=u:r:platform_app:s0:c512,c768 tcontext=u:object_r:system_data_file:s0 tclass=file permissive=1
01-10 16:35:24.332  7422  7422 W id.defcontainer: type=1300 audit(0.0:1342): arch=c000003e syscall=257 success=yes exit=7 a0=ffffff9c a1=7fffffffcb50 a2=0 a3=0 items=0 ppid=1517 auid=4294967295 uid=10021 gid=10021 euid=10021 suid=10021 fsuid=10021 egid=10021 sgid=10021 fsgid=10021 tty=(none) ses=4294967295 exe="/system/bin/app_process64" subj=u:r:platform_app:s0:c512,c768 key=(null)
01-10 16:35:24.332  1359  1359 W auditd  : type=1327 audit(0.0:1342): proctitle="com.android.defcontainer"
01-10 16:35:24.332  1359  1359 W auditd  : type=1320 audit(0.0:1342): 
01-10 16:35:24.556  2533  2533 W ContextImpl: Calling a method in the system process without a qualified user: android.app.ContextImpl.startService:1531 android.content.ContextWrapper.startService:664 android.content.ContextWrapper.startService:664 com.android.coreservice.CoreBroadcastReceiver.onReceive:53 android.app.ActivityThread.handleReceiver:3424 
01-10 16:35:24.607  7422  7422 I id.defcontaine: The ClassLoaderContext is a special shared library.
01-10 16:35:24.800  7422  7435 D NativeLibraryHelper: call FindSupportedAbi, param: supportedAbisArray=x86_64 x86 arm64-v8a armeabi-v7a armeabi 
01-10 16:35:24.889  1759  1807 I chatty  : uid=1000(system) PackageManager expire 222 lines
01-10 16:35:24.889  1759  1807 I PackageManager: do copyNativeBinariesForSupportedAbi copyRet=-114
01-10 16:35:24.889  1759  1793 I ActivityManager: Force stopping com.habittracker appid=10061 user=-1: installPackageLI
01-10 16:35:24.919  1759  1778 I chatty  : uid=1000(system) pool-1-thread-1 expire 110 lines
01-10 16:35:24.957  1759  1807 I PackageManager: Update package com.habittracker code path from /data/app/com.habittracker-m0_w_NogUvTHhpwxyuTi7A== to /data/app/com.habittracker-WCQre1MngJKZq1Gyj21IXQ==; Retain data and using new
01-10 16:35:24.957  1759  1807 I PackageManager: Update package com.habittracker resource path from /data/app/com.habittracker-m0_w_NogUvTHhpwxyuTi7A== to /data/app/com.habittracker-WCQre1MngJKZq1Gyj21IXQ==; Retain data and using new
01-10 16:35:25.136  1583  1583 E         : Couldn't opendir /data/app/vmdl822914581.tmp: No such file or directory
01-10 16:35:25.136  1583  1583 E installd: Failed to delete /data/app/vmdl822914581.tmp: No such file or directory
01-10 16:35:25.141  1759  1807 I ActivityManager: Force stopping com.habittracker appid=10061 user=0: pkg removed
01-10 16:35:25.156  1922  1922 D BluetoothMapAppObserver: onReceive
01-10 16:35:25.156  1922  1922 D BluetoothMapAppObserver: The removed package is: com.habittracker
01-10 16:35:25.156  1922  1922 V NewAvrcpMediaPlayerList: mPackageChangedBroadcastReceiver: action: android.intent.action.PACKAGE_REMOVED
01-10 16:35:25.171  2533  2533 W ContextImpl: Calling a method in the system process without a qualified user: android.app.ContextImpl.startService:1531 android.content.ContextWrapper.startService:664 android.content.ContextWrapper.startService:664 com.android.coreservice.CoreBroadcastReceiver.onReceive:85 android.app.ActivityThread.handleReceiver:3424 
01-10 16:35:25.266  1759  1783 W ActivityManager: Slow operation: 61ms so far, now at startProcess: building args
01-10 16:35:25.266  1759  1783 W ActivityManager: Slow operation: 70ms so far, now at startProcess: done starting proc!
01-10 16:35:25.267  1922  1922 D Avrcp   : isBrowsableListUpdated: false
01-10 16:35:25.267  1922  1922 D BluetoothMapAppObserver: onReceive
01-10 16:35:25.267  1922  1922 D BluetoothMapAppObserver: The installed package is: com.habittracker
01-10 16:35:25.270  1759  1871 I chatty  : uid=1000(system) InputReader expire 3 lines
01-10 16:35:25.295  2656  2667 I ldmnq.launcher: Background concurrent copying GC freed 2526(186KB) AllocSpace objects, 60(3MB) LOS objects, 50% free, 3MB/6MB, paused 34us total 123.154ms
01-10 16:35:25.342  1922  1922 D BluetoothMapAppObserver: Found 0 application(s) with intent android.bluetooth.action.BLUETOOTH_MAP_PROVIDER
01-10 16:35:25.343  1922  1922 D BluetoothMapAppObserver: Found 0 application(s) with intent android.bluetooth.action.BLUETOOTH_MAP_IM_PROVIDER
01-10 16:35:25.343  1922  1922 V NewAvrcpMediaPlayerList: mPackageChangedBroadcastReceiver: action: android.intent.action.PACKAGE_ADDED
01-10 16:35:25.343  1922  1922 D NewAvrcpMediaPlayerList: Name of package changed: com.habittracker
01-10 16:35:25.358  1759  2581 W ActivityManager: Removing FLAG_RECEIVER_FROM_SHELL because caller is UID 1000
01-10 16:35:25.365  1759  2581 W ActivityManager: Removing FLAG_RECEIVER_FROM_SHELL because caller is UID 1000
01-10 16:35:25.431  1759  1795 W ActivityManager: Slow operation: 226ms so far, now at startProcess: asking zygote to start proc
