01-10 17:46:48.232  8679  8717 E HostConnection: /data/local/cfg-yhind/gl_force format error! com.netease.dfjsjp gl
01-10 17:46:48.232  8679  8717 E HostConnection: /data/local/cfg-yhind/gl_force format error! com.netease.dfjskr gl
01-10 17:46:48.232  8679  8717 E HostConnection: /data/local/cfg-yhind/gl_force format error! jp.co.applibot.chiikawapocketgl gl
01-10 17:46:48.232  8679  8717 E HostConnection: /data/local/cfg-yhind/gl_force format error! jp.co.applibot.chiikawapocket gl
01-10 17:46:48.232  8679  8717 E HostConnection: /data/local/cfg-yhind/gl_force format error! com.kakaogames.pcr gl
01-10 17:46:48.232  8679  8717 E HostConnection: /data/local/cfg-yhind/gl_force format error! com.kakaogames.eversoul gl
01-10 17:46:48.232  8679  8717 E HostConnection: /data/local/cfg-yhind/gl_force format error! com.kakaogames.eversouljp gl
01-10 17:46:48.232  8679  8717 E HostConnection: /data/local/cfg-yhind/gl_force format error! com.ntrance.dkr.and gl
01-10 17:46:48.232  8679  8717 E HostConnection: /data/local/cfg-yhind/gl_force format error! com.zlongame.eversoul gl
01-10 17:46:48.232  8679  8717 E HostConnection: /data/local/cfg-yhind/gl_force format error! com.Chillgaming.oneState gl
01-10 17:46:48.232  8679  8717 E HostConnection: /data/local/cfg-yhind/gl_force format error! com.activision.callofduty.shooter gl
01-10 17:46:48.232  8679  8717 E HostConnection: /data/local/cfg-yhind/gl_force format error! com.garena.game.codm gl
01-10 17:46:48.232  8679  8717 E HostConnection: /data/local/cfg-yhind/gl_force format error! com.vng.codmvn gl
01-10 17:46:48.232  8679  8717 E HostConnection: /data/local/cfg-yhind/gl_force format error! com.VIIBYTE.RivalisAcademiaNexus gl
01-10 17:46:48.232  8679  8717 E HostConnection: /data/local/cfg-yhind/gl_force format error! com.qjsjqy.ld gl
01-10 17:46:48.232  8679  8717 E HostConnection: /data/local/cfg-yhind/gl_force format error! com.dragonli.projectsnow gl
01-10 17:46:48.232  8679  8717 E HostConnection: /data/local/cfg-yhind/gl_force format error! com.netmarble.kofafk gl
01-10 17:46:48.232  8679  8717 E HostConnection: /data/local/cfg-yhind/gl_force format error! com.greenmushroom.boomblitz.gp gl
01-10 17:46:48.232  8679  8717 E HostConnection: /data/local/cfg-yhind/gl_force format error! com.hermes.p6gameos gl
01-10 17:46:48.232  8679  8717 E HostConnection: /data/local/cfg-yhind/gl_force format error! com.crystal.usad gl
01-10 17:46:48.232  8679  8717 E HostConnection: /data/local/cfg-yhind/gl_force format error! com.jingxiu.yanwu gl
01-10 17:46:48.232  8679  8717 E HostConnection: /data/local/cfg-yhind/gl_force format error! com.playhardlab.heroes gl
01-10 17:46:48.232  8679  8717 E HostConnection: /data/local/cfg-yhind/gl_force format error! com.topgamestudio.americanblocksnipersurvival.jf gl
01-10 17:46:48.232  8679  8717 E HostConnection: /data/local/cfg-yhind/gl_force format error! vng.games.gs1.phongthan.mobile.com gl
01-10 17:46:48.232  8679  8717 E HostConnection: /data/local/cfg-yhind/gl_force format error! com.userjoy.szm gl
01-10 17:46:48.232  8679  8717 E HostConnection: /data/local/cfg-yhind/gl_force format error! com.netease.yzs gl
01-10 17:46:48.232  8679  8717 E HostConnection: /data/local/cfg-yhind/gl_force format error! com.korea.tamamonkr.google gl
01-10 17:46:48.232  8679  8717 E HostConnection: /data/local/cfg-yhind/gl_force format error! com.huanxi.datulong gl
01-10 17:46:48.232  8679  8717 E HostConnection: /data/local/cfg-yhind/gl_force format error! com.com2us.legendsummoner.android.google.global.normal gl
01-10 17:46:48.232  8679  8717 E HostConnection: /data/local/cfg-yhind/gl_force format error! com.metek.atm2 gl
01-10 17:46:48.232  8679  8717 E HostConnection: /data/local/cfg-yhind/gl_force format error! com.huiqi.mrby gl
01-10 17:46:48.232  8679  8717 E HostConnection: /data/local/cfg-yhind/gl_force format error! com.tencent.wlfz gl
01-10 17:46:48.232  8679  8717 E HostConnection: /data/local/cfg-yhind/gl_force format error! com.yh.hunter4.firstformal gl
01-10 17:46:48.232  8679  8717 E HostConnection: /data/local/cfg-yhind/gl_force format error! com.phonecoolgame.sanguo gl
01-10 17:46:48.232  8679  8717 E HostConnection: /data/local/cfg-yhind/gl_force format error! com.epidgames.trickcalrevive gl
01-10 17:46:48.232  8679  8717 E HostConnection: /data/local/cfg-yhind/gl_force format error! com.tanle.sycq gl
01-10 17:46:48.232  8679  8717 E HostConnection: /data/local/cfg-yhind/gl_force format error! com.youzu.djlw gl
01-10 17:46:48.232  8679  8717 E HostConnection: /data/local/cfg-yhind/gl_force format error! com.happyelements.rxr gl
01-10 17:46:48.232  8679  8717 E HostConnection: /data/local/cfg-yhind/gl_force format error! com.tencent.zd gl
01-10 17:46:48.232  8679  8717 E HostConnection: /data/local/cfg-yhind/gl_force format error! com.leisure.tw gl
01-10 17:46:48.232  8679  8717 E HostConnection: /data/local/cfg-yhind/gl_force format error! aos.playpark.ygc gl
01-10 17:46:48.232  8679  8717 E HostConnection: /data/local/cfg-yhind/gl_force format error! com.zhuyue.dungeon4 gl
01-10 17:46:48.232  8679  8717 E HostConnection: /data/local/cfg-yhind/gl_force format error! com.sunking.as3d gl
01-10 17:46:48.232  8679  8717 E HostConnection: /data/local/cfg-yhind/gl_force format error! com.ncsoft.bsh gl
01-10 17:46:48.232  8679  8717 E HostConnection: /data/local/cfg-yhind/gl_force format error! com.zengame.hlmjhdj gl
01-10 17:46:48.232  8679  8717 E HostConnection: /data/local/cfg-yhind/gl_force format error! com.zengame.zjscmj gl
01-10 17:46:48.232  8679  8717 E HostConnection: /data/local/cfg-yhind/gl_force format error! com.leduo.zjscmj gl
01-10 17:46:48.232  8679  8717 E HostConnection: /data/local/cfg-yhind/gl_force format error! com.tencent.tmgp.scmjxzddnew gl
01-10 17:46:48.232  8679  8717 E HostConnection: /data/local/cfg-yhind/gl_force format error! com.drivezone.car.race.game gl
01-10 17:46:48.232  8679  8717 E HostConnection: /data/local/cfg-yhind/gl_force format error! com.game.sgzzqtxsy gl
01-10 17:46:48.232  8679  8717 E HostConnection: /data/local/cfg-yhind/gl_force format error! com.leduo.ttmjdjb gl
01-10 17:46:48.232  8679  8717 E HostConnection: /data/local/cfg-yhind/gl_force format error! com.hygame.mhxy.tw.gp gl
01-10 17:46:48.232  8679  8717 E HostConnection: /data/local/cfg-yhind/gl_force format error! com.hxen.ld gl
01-10 17:46:48.232  8679  8717 E HostConnection: /data/local/cfg-yhind/gl_force format error! com.leduo.ttmjdjb.p234 gl
01-10 17:46:48.232  8679  8717 E HostConnection: /data/local/cfg-yhind/gl_force format error! com.kt.ld gl
01-10 17:46:48.232  8679  8717 E HostConnection: /data/local/cfg-yhind/gl_force format error! gg.maxion.knt.and gl
01-10 17:46:48.232  8679  8717 E HostConnection: /data/local/cfg-yhind/gl_force format error! com.wwjd.ld gl
01-10 17:46:48.232  8679  8717 E HostConnection: /data/local/cfg-yhind/gl_force format error! com.uwocn.aos gl
01-10 17:46:48.232  8679  8717 E HostConnection: /data/local/cfg-yhind/gl_force format error! com.joycrit.wac.and.ru.ld gl
01-10 17:46:48.232  8679  8717 E HostConnection: /data/local/cfg-yhind/gl_force format error! com.hx.interactive gl
01-10 17:46:48.232  8679  8717 E HostConnection: /data/local/cfg-yhind/gl_force format error! com.chinesegamer.xqj gl
01-10 17:46:48.233  8679  8717 D HostConnection: queryAndSetGLESMaxVersion select gles-version: 3.1 hostGLVersion:46 process:com.habittracker
01-10 17:46:48.250  8679  8717 I ConfigStore: android::hardware::configstore::V1_0::ISurfaceFlingerConfigs::hasWideColorDisplay retrieved: 0
01-10 17:46:48.250  8679  8717 I ConfigStore: android::hardware::configstore::V1_0::ISurfaceFlingerConfigs::hasHDRDisplay retrieved: 0
01-10 17:46:48.250  8679  8717 I OpenGLRenderer: Initialized EGL, version 1.4
01-10 17:46:48.250  8679  8717 D OpenGLRenderer: Swap behavior 1
01-10 17:46:48.281  8679  8717 D EGL_emulation: eglCreateContext: 0x7fff72bdd440: maj 3 min 1 rcv 4
01-10 17:46:48.373  8679  8717 E eglCodecCommon: glUtilsParamSize: unknow param 0x000082da
01-10 17:46:48.373  8679  8717 E eglCodecCommon: glUtilsParamSize: unknow param 0x000082e5
01-10 17:46:48.379  8679  8717 D HostConnection: ExtendedRCEncoderContext GL_VERSION return OpenGL ES 3.1 v1
01-10 17:46:48.386  8679  8717 E eglCodecCommon: glUtilsParamSize: unknow param 0x00008c29
01-10 17:46:48.387  8679  8717 E eglCodecCommon: glUtilsParamSize: unknow param 0x000087fe
01-10 17:46:48.427  8679  8717 D vndksupport: Loading /vendor/lib64/hw/android.hardware.graphics.mapper@2.0-impl.so from current namespace instead of sphal namespace.
01-10 17:46:48.427  8679  8717 D vndksupport: Loading /vendor/lib64/hw/gralloc.default.so from current namespace instead of sphal namespace.
01-10 17:46:48.495  8679  8717 E EGL_emulation: tid 8717: eglSurfaceAttrib(1493): error 0x3009 (EGL_BAD_MATCH)
01-10 17:46:48.495  8679  8717 W OpenGLRenderer: Failed to set EGL_SWAP_BEHAVIOR on surface 0x7fff68636880, error=EGL_BAD_MATCH
01-10 17:46:48.515  8679  8679 I Choreographer: Skipped 62 frames!  The application may be doing too much work on its main thread.
01-10 17:46:48.727  8679  8717 I OpenGLRenderer: Davey! duration=1251ms; Flags=1, IntendedVsync=11790166138012, Vsync=11791199471304, OldestInputEvent=9223372036854775807, NewestInputEvent=0, HandleInputStart=11791206212851, AnimationStart=11791206331789, PerformTraversalsStart=11791252244548, DrawStart=11791271057304, SyncQueued=11791324294306, SyncStart=11791324849196, IssueDrawCommandsStart=11791324908411, SwapBuffers=11791416339256, FrameCompleted=11791418107414, DequeueBufferDuration=25000, QueueBufferDuration=123000, 
01-10 17:46:48.735  1759  1792 I ActivityManager: Displayed com.habittracker/.MainActivity: +3s978ms
01-10 17:46:48.736  8679  8679 W om.habittracke: Accessing hidden method Landroid/os/Trace;->asyncTraceBegin(JLjava/lang/String;I)V (light greylist, reflection)
01-10 17:46:48.736  8679  8679 W om.habittracke: Accessing hidden method Landroid/os/Trace;->asyncTraceEnd(JLjava/lang/String;I)V (light greylist, reflection)
01-10 17:46:48.736  8679  8679 W om.habittracke: Accessing hidden method Landroid/os/Trace;->traceCounter(JLjava/lang/String;I)V (light greylist, reflection)
01-10 17:46:47.392  2533  2533 W ContextImpl: Calling a method in the system process without a qualified user: android.app.ContextImpl.startService:1531 android.content.ContextWrapper.startService:664 android.content.ContextWrapper.startService:664 com.android.coreservice.CoreBroadcastReceiver.onReceive:53 android.app.ActivityThread.handleReceiver:3424 
01-10 17:46:48.753  2533  2533 W ContextImpl: Calling a method in the system process without a qualified user: android.app.ContextImpl.startService:1531 android.content.ContextWrapper.startService:664 android.content.ContextWrapper.startService:664 com.android.coreservice.CoreBroadcastReceiver.onReceive:69 android.app.ActivityThread.handleReceiver:3424 
01-10 17:46:48.795  2259  8330 I FontLog : (REDACTED) Received query %s, URI %s
01-10 17:46:48.801  2259  8330 I FontLog : (REDACTED) Query [%s] resolved to %s
01-10 17:46:48.806  1574  2434 W SurfaceFlinger: Attempting to set client state on removed layer: Splash Screen com.habittracker#0
01-10 17:46:48.806  1574  2434 W SurfaceFlinger: Attempting to destroy on removed layer: Splash Screen com.habittracker#0
01-10 17:46:48.877  2259  8330 I FontLog : (REDACTED) Fetch %s end status %s
01-10 17:46:48.907  8679  8720 W om.habittracke: Accessing hidden method Landroid/graphics/FontFamily;-><init>()V (light greylist, reflection)
01-10 17:46:48.907  8679  8720 W om.habittracke: Accessing hidden method Landroid/graphics/FontFamily;->addFontFromAssetManager(Landroid/content/res/AssetManager;Ljava/lang/String;IZIII[Landroid/graphics/fonts/FontVariationAxis;)Z (light greylist, reflection)
01-10 17:46:48.907  8679  8720 W om.habittracke: Accessing hidden method Landroid/graphics/FontFamily;->addFontFromBuffer(Ljava/nio/ByteBuffer;I[Landroid/graphics/fonts/FontVariationAxis;II)Z (light greylist, reflection)
01-10 17:46:48.907  8679  8720 W om.habittracke: Accessing hidden method Landroid/graphics/FontFamily;->freeze()Z (light greylist, reflection)
01-10 17:46:48.907  8679  8720 W om.habittracke: Accessing hidden method Landroid/graphics/FontFamily;->abortCreation()V (light greylist, reflection)
01-10 17:46:48.907  8679  8720 W om.habittracke: Accessing hidden method Landroid/graphics/Typeface;->createFromFamiliesWithDefault([Landroid/graphics/FontFamily;Ljava/lang/String;II)Landroid/graphics/Typeface; (light greylist, reflection)
01-10 17:46:48.909  2259  8330 I FontLog : (REDACTED) Pulling font file for id = %d, cache size = %d
01-10 17:46:48.931  2259  8330 I FontLog : (REDACTED) Pulling font file for id = %d, cache size = %d
01-10 17:46:50.486  2259  2259 D BoundBrokerSvc: onUnbind: Intent { act=com.google.android.gms.common.telemetry.service.START dat=chimera-action: cmp=com.google.android.gms/.chimera.PersistentApiService }
01-10 17:46:52.616  8679  8722 D ProfileInstaller: Installing profile for com.habittracker
01-10 17:46:56.340  7216  7241 W facebook.katan: Profile data size exceeds 500000 bytes
01-10 17:46:57.277  2417  2417 D BoundBrokerSvc: onUnbind: Intent { act=com.google.android.gms.measurement.START pkg=com.google.android.gms }
01-10 17:46:57.279  1759  1792 E memtrack: Couldn't load memtrack module
01-10 17:46:57.279  1759  1792 W android.os.Debug: failed to get memory consumption info: -1
01-10 17:46:57.653  8724  8724 I appproc : app_process main with argv: /system/bin com.android.commands.input.Input tap 540 400 
01-10 17:46:57.653  8724  8724 D AndroidRuntime: >>>>>> START com.android.internal.os.RuntimeInit uid 2000 <<<<<<
01-10 17:46:57.675  8724  8724 E cutils-trace: Error opening trace file: No such file or directory (2)
01-10 17:46:57.728  8724  8724 V libnb   : enter native_bridge2_isCompatibleWith 3
01-10 17:46:57.767  8724  8724 I libnb   : Found /system/lib64/libhoudini.so version 3
01-10 17:46:57.874  8724  8724 I app_process: The ClassLoaderContext is a special shared library.
01-10 17:46:57.874  8724  8724 W app_process: Could not create mount namespace.
01-10 17:46:57.874  8724  8724 D nativebridge: PreInitializeNativeBridge name=unknown instruction_set=x86_64
01-10 17:46:57.874  8724  8724 W nativebridge: Failed to bind-mount /system/lib64/x86_64/cpuinfo as /proc/cpuinfo: Operation not permitted
01-10 17:46:57.874  8724  8724 D nativebridge: call UnloadNativeBridge! state=2
01-10 17:46:57.869  8724  8724 I main    : type=1400 audit(0.0:1568): avc: denied { mounton } for path="/proc/cpuinfo" dev="proc" ino=4026531993 scontext=u:r:shell:s0 tcontext=u:object_r:proc_cpuinfo:s0 tclass=file permissive=1
01-10 17:46:57.928  8724  8724 D AndroidRuntime: Calling main entry com.android.commands.input.Input
01-10 17:46:57.934  8724  8724 I Input   : injectMotionEvent: MotionEvent { action=ACTION_DOWN, actionButton=0, id[0]=0, x[0]=540.0, y[0]=400.0, toolType[0]=TOOL_TYPE_UNKNOWN, buttonState=0, metaState=0, flags=0x0, edgeFlags=0x0, pointerCount=1, historySize=0, eventTime=11800619, downTime=11800619, deviceId=3, source=0x1002 }
01-10 17:46:57.967  8724  8724 I Input   : injectMotionEvent: MotionEvent { action=ACTION_UP, actionButton=0, id[0]=0, x[0]=540.0, y[0]=400.0, toolType[0]=TOOL_TYPE_UNKNOWN, buttonState=0, metaState=0, flags=0x0, edgeFlags=0x0, pointerCount=1, historySize=0, eventTime=11800619, downTime=11800619, deviceId=3, source=0x1002 }
01-10 17:46:57.983  8724  8724 D AndroidRuntime: Shutting down VM
01-10 17:46:58.709  1759  1780 W System  : A resource failed to call close. 
01-10 17:46:58.710  1759  1780 I chatty  : uid=1000(system) FinalizerDaemon identical 35 lines
01-10 17:46:58.710  1759  1780 W System  : A resource failed to call close. 
01-10 17:46:59.325  1543  1605 D EmuHWC2 : sent 503 syncs in 60s
01-10 17:47:00.543  2259  2259 D BoundBrokerSvc: onUnbind: Intent { act=com.google.android.gms.presencemanager.service.START dat=chimera-action: cmp=com.google.android.gms/.chimera.PersistentApiService }
01-10 17:47:00.544  2259  2259 D BoundBrokerSvc: onUnbind: Intent { act=com.google.android.gms.presencemanager.service.INTERNAL_IDENTITY dat=chimera-action: cmp=com.google.android.gms/.chimera.PersistentApiService }
01-10 17:47:15.447  1759  1792 E memtrack: Couldn't load memtrack module
01-10 17:47:15.447  1759  1792 W android.os.Debug: failed to get memory consumption info: -1
01-10 17:47:20.506  1526  1526 I healthd : type=1400 audit(0.0:1569): avc: denied { read } for name="present" dev="sysfs" ino=6606 scontext=u:r:healthd:s0 tcontext=u:object_r:sysfs:s0 tclass=file permissive=1
01-10 17:47:20.506  1526  1526 I healthd : type=1400 audit(0.0:1569): avc: denied { open } for path="/sys/devices/LNXSYSTM:00/LNXSYBUS:00/PNP0A03:00/PNP0C0A:00/power_supply/BAT0/present" dev="sysfs" ino=6606 scontext=u:r:healthd:s0 tcontext=u:object_r:sysfs:s0 tclass=file permissive=1
01-10 17:46:48.771  2533  2533 W ContextImpl: Calling a method in the system process without a qualified user: android.app.ContextImpl.startService:1531 android.content.ContextWrapper.startService:664 android.content.ContextWrapper.startService:664 com.android.coreservice.CoreBroadcastReceiver.onReceive:69 android.app.ActivityThread.handleReceiver:3424 
01-10 17:47:33.347  1591  1651 E storaged: getDiskStats failed with result NOT_SUPPORTED and size 0
01-10 17:47:33.343  1591  1591 I storaged: type=1400 audit(0.0:1573): avc: denied { call } for scontext=u:r:storaged:s0 tcontext=u:r:init:s0 tclass=binder permissive=1
01-10 17:47:47.227  2259  8661 I AlarmManager: setExactAndAllowWhileIdle [name: GCM_HB_ALARM type: 2 triggerAtMillis: 12209918]
01-10 17:47:47.293  1759  1782 I system_server: Background concurrent copying GC freed 413663(14MB) AllocSpace objects, 43(860KB) LOS objects, 42% free, 19MB/34MB, paused 98us total 108.219ms
01-10 17:47:47.373  1759  1780 W System  : A resource failed to call close. 
01-10 17:47:47.373  1759  1780 I chatty  : uid=1000(system) FinalizerDaemon identical 41 lines
01-10 17:47:47.373  1759  1780 W System  : A resource failed to call close. 
01-10 17:47:47.416  2259  2259 D BoundBrokerSvc: onRebind: Intent { act=com.google.android.gms.common.telemetry.service.START dat=chimera-action: cmp=com.google.android.gms/.chimera.PersistentApiService }
01-10 17:47:47.512  2259  8737 I AlarmManager: setExactAndAllowWhileIdle [name: GCM_HB_ALARM type: 2 triggerAtMillis: 12210202]
01-10 17:47:47.514  2259  8379 I AlarmManager: setExactAndAllowWhileIdle [name: FcmRetry type: 2 triggerAtMillis: 11970143]
01-10 17:47:47.650  1759  1795 I ActivityManager: Start proc 8738:com.pheebz.a1data/u0a76 for broadcast com.pheebz.a1data/io.flutter.plugins.firebase.messaging.FlutterFirebaseMessagingReceiver
01-10 17:47:47.686  8738  8738 I Zygote  : seccomp disabled by setenforce 0
01-10 17:47:47.690  8738  8738 D nativebridge: call UnloadNativeBridge! state=1
01-10 17:47:47.693  8738  8738 E m.pheebz.a1dat: Not starting debugger since process cannot load the jdwp agent.
01-10 17:47:47.713  8738  8738 I m.pheebz.a1data: type=1400 audit(0.0:1574): avc: denied { open } for path="/data/local/cfg-yhind/app_device" dev="sdb2" ino=131955 scontext=u:r:untrusted_app:s0:c76,c256,c512,c768 tcontext=u:object_r:system_data_file:s0 tclass=file permissive=1
01-10 17:47:47.937  8738  8738 W m.pheebz.a1dat: JIT profile information will not be recorded: profile file does not exits.
01-10 17:47:47.937  8738  8738 I chatty  : uid=10076(com.pheebz.a1data) identical 1 line
01-10 17:47:47.937  8738  8738 W m.pheebz.a1dat: JIT profile information will not be recorded: profile file does not exits.
01-10 17:47:47.946  8738  8738 I m.pheebz.a1data: type=1400 audit(0.0:1575): avc: denied { read } for name="Pictures" dev="sdcardfs" ino=1966083 scontext=u:r:untrusted_app:s0:c76,c256,c512,c768 tcontext=u:object_r:sdcardfs:s0 tclass=lnk_file permissive=1
01-10 17:47:47.946  8738  8738 I m.pheebz.a1data: type=1400 audit(0.0:1575): avc: denied { search } for name="/" dev="vboxsf" ino=1 scontext=u:r:untrusted_app:s0:c76,c256,c512,c768 tcontext=u:object_r:unlabeled:s0 tclass=dir permissive=1
01-10 17:47:47.986  8738  8738 I MultiDex: VM with version 2.1.0 has multidex support
01-10 17:47:47.986  8738  8738 I MultiDex: Installing application
01-10 17:47:47.986  8738  8738 I MultiDex: VM has multidex support, MultiDex support library is disabled.
01-10 17:47:48.018  8738  8738 I FirebaseApp: Device unlocked: initializing all Firebase APIs for app [DEFAULT]
01-10 17:47:48.057  8738  8738 I FirebaseInitProvider: FirebaseApp initialization successful
01-10 17:47:48.057  8738  8738 D FLTFireContextHolder: received application context.
01-10 17:47:48.096  8738  8755 W m.pheebz.a1dat: Unsupported class loader
01-10 17:47:48.163  8738  8755 W m.pheebz.a1dat: Skipping duplicate class check due to unsupported classloader
01-10 17:47:48.164  8738  8755 I DynamiteModule: Considering local module com.google.android.gms.measurement.dynamite:95 and remote module com.google.android.gms.measurement.dynamite:170
01-10 17:47:48.164  8738  8755 I DynamiteModule: Selected remote version of com.google.android.gms.measurement.dynamite, version >= 170
01-10 17:47:48.164  8738  8755 V DynamiteModule: Dynamite loader version >= 2, using loadModule2NoCrashUtils
01-10 17:47:48.248  8738  8738 D FLTFireMsgReceiver: broadcast received for message
01-10 17:47:48.308  8738  8755 W m.pheebz.a1dat: Unknown chunk type '200'.
01-10 17:47:48.308  8738  8755 I chatty  : uid=10076(com.pheebz.a1data) ScionFrontendAp identical 1 line
01-10 17:47:48.315  8738  8755 W m.pheebz.a1dat: Unknown chunk type '200'.
01-10 17:47:48.345  8738  8755 W m.pheebz.a1dat: Unsupported class loader
01-10 17:47:48.352  8738  8755 W m.pheebz.a1dat: Skipping duplicate class check due to unsupported classloader
01-10 17:47:48.358  8738  8767 W FLTFireMsgService: A background message could not be handled in Dart as no onBackgroundMessage handler has been registered.
01-10 17:47:48.695  1759  2640 D NotificationService: notify pkg=com.pheebz.a1data pid=1759
01-10 17:47:48.725  2533  2533 W ContextImpl: Calling a method in the system process without a qualified user: android.app.ContextImpl.startService:1531 android.content.ContextWrapper.startService:664 android.content.ContextWrapper.startService:664 com.android.coreservice.CoreBroadcastReceiver.onReceive:53 android.app.ActivityThread.handleReceiver:3424 
01-10 17:47:48.792  8738  8776 I FA      : App measurement initialized, version: 146007
01-10 17:47:48.792  8738  8776 I FA      : To enable debug logging run: adb shell setprop log.tag.FA VERBOSE
01-10 17:47:48.793  8738  8776 I FA      : To enable faster debug mode event logging run:
01-10 17:47:48.793  8738  8776 I FA      :   adb shell setprop debug.firebase.analytics.app com.pheebz.a1data
01-10 17:47:48.998  2259  4272 I PhenotypeResourceReader: unable to find any Phenotype resource metadata for com.pheebz.a1data
01-10 17:47:49.000  1759  1759 W Looper  : Slow dispatch took 192ms main h=com.android.server.notification.NotificationManagerService$WorkerHandler c=com.android.server.notification.NotificationManagerService$PostNotificationRunnable@b2a3fd0 m=0
01-10 17:47:49.039  1567  1567 I ldinit  : type=1400 audit(0.0:1576): avc: denied { read } for name="partitions" dev="proc" ino=4026532050 scontext=u:r:ldinit:s0 tcontext=u:object_r:proc:s0 tclass=file permissive=1
01-10 17:47:49.039  1567  1567 I ldinit  : type=1400 audit(0.0:1576): avc: denied { open } for path="/proc/partitions" dev="proc" ino=4026532050 scontext=u:r:ldinit:s0 tcontext=u:object_r:proc:s0 tclass=file permissive=1
01-10 17:47:49.039  1567  1567 W ldinit  : type=1300 audit(0.0:1576): arch=c000003e syscall=257 success=yes exit=6 a0=ffffff9c a1=7ffff7728278 a2=0 a3=0 items=0 ppid=1 auid=4294967295 uid=0 gid=0 euid=0 suid=0 fsuid=0 egid=0 sgid=0 fsgid=0 tty=(none) ses=4294967295 exe="/system/bin/ldinit" subj=u:r:ldinit:s0 key=(null)
01-10 17:47:49.039  1359  1359 W auditd  : type=1327 audit(0.0:1576): proctitle="/system/bin/ldinit"
01-10 17:47:49.039  1359  1359 W auditd  : type=1320 audit(0.0:1576): 
01-10 17:47:49.352  1930  1967 I ndroid.systemu: Background concurrent copying GC freed 233317(7MB) AllocSpace objects, 0(0B) LOS objects, 49% free, 8MB/16MB, paused 1.042ms total 165.707ms
01-10 17:47:49.657  1562  1562 I VibratorService: turn vibrator off
01-10 17:47:49.660  1562  1562 I VibratorService: turn vibrator on timeout_ms=350
01-10 17:47:49.660  1562  1562 I VibratorService: Setting amplitude  to: 3596
01-10 17:47:49.848  2417  2417 D BoundBrokerSvc: onBind: Intent { act=com.google.android.gms.measurement.START pkg=com.google.android.gms }
01-10 17:47:49.848  2417  2417 D BoundBrokerSvc: Loading bound service for intent: Intent { act=com.google.android.gms.measurement.START pkg=com.google.android.gms }
01-10 17:47:49.985  1930  1930 D StatusBar: disable<e i a s b h r c s > disable2<q i n >
01-10 17:47:50.236  8738  8776 I FA      : Tag Manager is not found and thus will not be used
01-10 17:47:50.277  1562  1562 I VibratorService: turn vibrator on timeout_ms=350
01-10 17:47:50.278  1562  1562 I VibratorService: Setting amplitude  to: 3596
01-10 17:47:50.435  1759  1782 I system_server: Background concurrent copying GC freed 444527(15MB) AllocSpace objects, 43(860KB) LOS objects, 42% free, 19MB/33MB, paused 86us total 195.385ms
01-10 17:47:50.441  1930  1930 D StatusBar: disable<e i a s b h r c s > disable2<q i n >
01-10 17:47:50.604  1930  1930 I vol.Events: writeEvent dismiss_dialog volume_controller
01-10 17:47:50.643  1562  1562 I VibratorService: turn vibrator off
01-10 17:47:50.655  1759  1780 W System  : A resource failed to call close. 
01-10 17:47:50.655  1759  1780 I chatty  : uid=1000(system) FinalizerDaemon identical 41 lines
01-10 17:47:50.655  1759  1780 W System  : A resource failed to call close. 
01-10 17:47:50.666  1542  1542 I allocator@2.0-s: type=1400 audit(0.0:1580): avc: denied { ioctl } for path="/dev/fastpipe" dev="tmpfs" ino=6206 ioctlcmd=6867 scontext=u:r:hal_graphics_allocator_default:s0 tcontext=u:object_r:device:s0 tclass=chr_file permissive=1
01-10 17:47:50.689  1542  1542 I allocator@2.0-s: type=1400 audit(0.0:1581): avc: denied { read write } for name="fastpipe" dev="tmpfs" ino=6206 scontext=u:r:hal_graphics_allocator_default:s0 tcontext=u:object_r:device:s0 tclass=chr_file permissive=1
01-10 17:47:50.704  1930  2242 E EGL_emulation: tid 2242: eglSurfaceAttrib(1493): error 0x3009 (EGL_BAD_MATCH)
01-10 17:47:50.705  1930  2242 W OpenGLRenderer: Failed to set EGL_SWAP_BEHAVIOR on surface 0x7fff6baed800, error=EGL_BAD_MATCH
01-10 17:47:50.743  2417  8790 D AdvertisingIdClient: AdvertisingIdClient already created.
01-10 17:47:50.743  2417  8790 D AdvertisingIdClient: AdvertisingIdClient is not bounded. Starting to bind it...
01-10 17:47:50.752  2417  8790 D AdvertisingIdClient: AdvertisingIdClient is bounded
01-10 17:47:50.776  2417  8790 I AdvertisingIdClient: shouldSendLog 11369251
01-10 17:47:50.776  2417  8790 I AdvertisingIdClient: GetInfoInternal elapse 32ms
01-10 17:47:50.818  2259  8735 W NetworkScheduler.ATC: Called cancelTask for already completed task com.google.android.gms/.measurement.PackageMeasurementTaskService{u=0 tag="Measurement.PackageMeasurementTaskService.UPLOAD_TASK_TAG" trigger=window{start=2814s,end=5629s,earliest=-954s,latest=1860s} requirements=[NET_CONNECTED,PREFERRED_NET_UNMETERED,PREFERRED_CHARGING] attributes=[PERSISTED] scheduled=-3768s last_run=-746s exec_window_multiplier=1.0000 jid=N/A status=ACTIVE retries=0 client_lib=GMS_TASK_SCHEDULER-254730000} :1 [CONTEXT service_id=218 ]
01-10 17:47:53.326  8182  8234 I id.gms.unstabl: Explicit concurrent copying GC freed 1146(117KB) AllocSpace objects, 1(20KB) LOS objects, 24% free, 1875KB/2MB, paused 40us total 14.938ms
01-10 17:47:53.953  8738  8792 D ProfileInstaller: Skipping profile installation for com.pheebz.a1data
01-10 17:47:55.608  1930  1930 D StatusBar: disable<e i a s b h r c s > disable2<q i n >
01-10 17:47:55.630  1930  1930 D StatusBar: disable<e i a s b h r c s > disable2<q i n >
01-10 17:47:55.691  1930  2242 E EGL_emulation: tid 2242: eglSurfaceAttrib(1493): error 0x3009 (EGL_BAD_MATCH)
01-10 17:47:55.691  1930  2242 W OpenGLRenderer: Failed to set EGL_SWAP_BEHAVIOR on surface 0x7fff6baed800, error=EGL_BAD_MATCH
01-10 17:47:55.813  2259  2259 D BoundBrokerSvc: onUnbind: Intent { act=com.google.android.gms.common.telemetry.service.START dat=chimera-action: cmp=com.google.android.gms/.chimera.PersistentApiService }
01-10 17:47:56.902  1592  1592 W wificond: Scan already started
01-10 17:47:56.926  1759  1795 I ActivityManager: Start proc 8793:com.google.android.tts/u0a51 for service com.google.android.tts/androidx.work.impl.background.systemjob.SystemJobService
01-10 17:47:56.952  8793  8793 I Zygote  : seccomp disabled by setenforce 0
01-10 17:47:56.953  8793  8793 D nativebridge: call UnloadNativeBridge! state=1
01-10 17:47:56.955  8793  8793 E gle.android.tt: Not starting debugger since process cannot load the jdwp agent.
01-10 17:47:56.964  1551  1841 D sensor_hal: sensor_device_default_flush handle=0
01-10 17:47:56.972  8793  8793 I gle.android.tts: type=1400 audit(0.0:1586): avc: denied { open } for path="/data/local/cfg-yhind/app_device" dev="sdb2" ino=131955 scontext=u:r:untrusted_app:s0:c51,c256,c512,c768 tcontext=u:object_r:system_data_file:s0 tclass=file permissive=1
01-10 17:47:57.010  2533  2533 W ContextImpl: Calling a method in the system process without a qualified user: android.app.ContextImpl.startService:1531 android.content.ContextWrapper.startService:664 android.content.ContextWrapper.startService:664 com.android.coreservice.CoreBroadcastReceiver.onReceive:53 android.app.ActivityThread.handleReceiver:3424 
01-10 17:47:57.033  8793  8793 W gle.android.tt: Unknown chunk type '200'.
01-10 17:47:57.033  8793  8793 W gle.android.tt: Unknown chunk type '200'.
01-10 17:47:57.083  8793  8793 I MultiDex: VM with version 2.1.0 has multidex support
01-10 17:47:57.083  8793  8793 I MultiDex: install
01-10 17:47:57.083  8793  8793 I MultiDex: VM has multidex support, MultiDex support library is disabled.
01-10 17:47:57.083  8793  8793 I MultiDex: install
01-10 17:47:57.083  8793  8793 I MultiDex: VM has multidex support, MultiDex support library is disabled.
01-10 17:47:57.128  8793  8793 I gle.android.tt: Rejecting re-init on previously-failed class java.lang.Class<androidx.wear.ambient.WearableControllerProvider$1>: java.lang.NoClassDefFoundError: Failed resolution of: Lcom/google/android/wearable/compat/WearableActivityController$AmbientCallback;
01-10 17:47:57.128  8793  8793 I gle.android.tt:   at void fxn.d(java.lang.Runnable, java.util.concurrent.Executor) (PG:3)
01-10 17:47:57.128  8793  8793 I gle.android.tt:   at void cfc.<init>(fxm, fxo) (PG:3)
01-10 17:47:57.128  8793  8793 I gle.android.tt:   at fxo cfe.b(java.lang.Runnable, long, java.util.concurrent.TimeUnit) (PG:4)
01-10 17:47:57.128  8793  8793 I gle.android.tt:   at fxo cfq.b(java.lang.Runnable, long, java.util.concurrent.TimeUnit) (PG:1)
01-10 17:47:57.128  8793  8793 I gle.android.tt:   at fxo cfe.c(java.util.concurrent.Callable, long, java.util.concurrent.TimeUnit) (PG:5)
01-10 17:47:57.128  8793  8793 I gle.android.tt:   at void daa.execute(java.lang.Runnable) (PG:5)
01-10 17:47:57.128  8793  8793 I gle.android.tt:   at fxm hpe.t(java.lang.Runnable, java.util.concurrent.Executor) (PG:2)
01-10 17:47:57.128  8793  8793 I gle.android.tt:   at void dht.<init>(android.content.Context, java.util.concurrent.Executor, dhw, grf, boolean, hpf) (PG:1)
01-10 17:47:57.128  8793  8793 I gle.android.tt:   at void dsa.<init>(dcq, hpf, daq, cow, hpf, cnn, fei, java.util.concurrent.Executor, grf, hpf, byte[], byte[], byte[]) (PG:21)
01-10 17:47:57.128  8793  8793 I gle.android.tt:   at dsa dct.e(java.util.concurrent.Executor, grf, hpf) (PG:1)
01-10 17:47:57.128  8793  8793 I gle.android.tt:   at void dby.<init>(dct, android.content.Context, dbm, fxq, grf, dcj, dbs, hpf, java.util.concurrent.Executor) (PG:4)
01-10 17:47:57.128  8793  8793 I gle.android.tt:   at java.lang.Object dbz.b() (PG:8)
01-10 17:47:57.128  8793  8793 I gle.android.tt:   at java.lang.Object gsi.b() (PG:1)
01-10 17:47:57.128  8793  8793 I gle.android.tt:   at java.lang.Object bkl.b() (PG:10)
01-10 17:47:57.128  8793  8793 I gle.android.tt:   at java.util.Set gso.a() (PG:4)
01-10 17:47:57.128  8793  8793 I gle.android.tt:   at void dah.<init>(hpf, daq, hpf, hpf, hpf, hpf, hpf, hpf, hpf, hpf, fei, cno, byte[]) (PG:6)
01-10 17:47:57.128  8793  8793 I gle.android.tt:   at dah dai.a() (PG:2)
01-10 17:47:57.128  8793  8793 I gle.android.tt:   at dag dab.a() (PG:1)
01-10 17:47:57.128  8793  8793 I gle.android.tt:   at daf dac.a() (PG:1)
01-10 17:47:57.128  8793  8793 I gle.android.tt:   at java.lang.Object czy.b() (PG:31)
01-10 17:47:57.128  8793  8793 I gle.android.tt:   at java.lang.Object gsi.b() (PG:1)
01-10 17:47:57.128  8793  8793 I gle.android.tt:   at void ewn.p() (PG:3)
01-10 17:47:57.128  8793  8793 I gle.android.tt:   at void dlc.c(java.util.Map) (PG:3)
01-10 17:47:57.128  8793  8793 I gle.android.tt:   at void dlo.a() (PG:4)
01-10 17:47:57.128  8793  8793 I gle.android.tt:   at void dlh.a() (PG:5)
01-10 17:47:57.128  8793  8793 I gle.android.tt:   at void evl.onCreate() (PG:23)
01-10 17:47:57.128  8793  8793 I gle.android.tt:   at void brr.onCreate() (PG:1)
01-10 17:47:57.128  8793  8793 I gle.android.tt:   at void bob.onCreate() (PG:4)
01-10 17:47:57.128  8793  8793 I gle.android.tt:   at void com.google.android.apps.speech.tts.googletts.GoogleTTSRoot_Application.onCreate() (PG:12)
01-10 17:47:57.128  8793  8793 I gle.android.tt:   at void android.app.Instrumentation.callApplicationOnCreate(android.app.Application) (Instrumentation.java:1154)
01-10 17:47:57.128  8793  8793 I gle.android.tt:   at void android.app.ActivityThread.handleBindApplication(android.app.ActivityThread$AppBindData) (ActivityThread.java:6036)
01-10 17:47:57.128  8793  8793 I gle.android.tt:   at void android.app.ActivityThread.access$1100(android.app.ActivityThread, android.app.ActivityThread$AppBindData) (ActivityThread.java:207)
01-10 17:47:57.128  8793  8793 I gle.android.tt:   at void android.app.ActivityThread$H.handleMessage(android.os.Message) (ActivityThread.java:1663)
01-10 17:47:57.128  8793  8793 I gle.android.tt:   at void android.os.Handler.dispatchMessage(android.os.Message) (Handler.java:106)
01-10 17:47:57.128  8793  8793 I gle.android.tt:   at void android.os.Looper.loop() (Looper.java:193)
01-10 17:47:57.128  8793  8793 I gle.android.tt:   at void android.app.ActivityThread.main(java.lang.String[]) (ActivityThread.java:6840)
01-10 17:47:57.128  8793  8793 I gle.android.tt:   at java.lang.Object java.lang.reflect.Method.invoke(java.lang.Object, java.lang.Object[]) (Method.java:-2)
01-10 17:47:57.128  8793  8793 I gle.android.tt:   at void com.android.internal.os.RuntimeInit$MethodAndArgsCaller.run() (RuntimeInit.java:493)
01-10 17:47:57.128  8793  8793 I gle.android.tt:   at void com.android.internal.os.ZygoteInit.main(java.lang.String[]) (ZygoteInit.java:860)
01-10 17:47:57.128  8793  8793 I gle.android.tt: Caused by: java.lang.ClassNotFoundException: Didn't find class "com.google.android.wearable.compat.WearableActivityController$AmbientCallback" on path: DexPathList[[zip file "/system/app/GoogleTTS/GoogleTTS.apk"],nativeLibraryDirectories=[/system/app/GoogleTTS/lib/x86_64, /system/app/GoogleTTS/GoogleTTS.apk!/lib/x86_64, /system/lib64, /system/vendor/lib64, /system/lib64, /system/vendor/lib64]]
01-10 17:47:57.128  8793  8793 I gle.android.tt:   at java.lang.Class dalvik.system.BaseDexClassLoader.findClass(java.lang.String) (BaseDexClassLoader.java:134)
01-10 17:47:57.128  8793  8793 I gle.android.tt:   at java.lang.Class java.lang.ClassLoader.loadClass(java.lang.String, boolean) (ClassLoader.java:379)
01-10 17:47:57.128  8793  8793 I gle.android.tt:   at java.lang.Class java.lang.ClassLoader.loadClass(java.lang.String) (ClassLoader.java:312)
01-10 17:47:57.128  8793  8793 I gle.android.tt:   at void fxn.d(java.lang.Runnable, java.util.concurrent.Executor) (PG:3)
01-10 17:47:57.128  8793  8793 I gle.android.tt:   at void cfc.<init>(fxm, fxo) (PG:3)
01-10 17:47:57.128  8793  8793 I gle.android.tt:   at fxo cfe.b(java.lang.Runnable, long, java.util.concurrent.TimeUnit) (PG:4)
01-10 17:47:57.128  8793  8793 I gle.android.tt:   at fxo cfq.b(java.lang.Runnable, long, java.util.concurrent.TimeUnit) (PG:1)
01-10 17:47:57.128  8793  8793 I gle.android.tt:   at fxo cfe.c(java.util.concurrent.Callable, long, java.util.concurrent.TimeUnit) (PG:5)
01-10 17:47:57.128  8793  8793 I gle.android.tt:   at void daa.execute(java.lang.Runnable) (PG:5)
01-10 17:47:57.128  8793  8793 I gle.android.tt:   at fxm hpe.t(java.lang.Runnable, java.util.concurrent.Executor) (PG:2)
01-10 17:47:57.128  8793  8793 I gle.android.tt:   at void dht.<init>(android.content.Context, java.util.concurrent.Executor, dhw, grf, boolean, hpf) (PG:1)
01-10 17:47:57.128  8793  8793 I gle.android.tt:   at void dsa.<init>(dcq, hpf, daq, cow, hpf, cnn, fei, java.util.concurrent.Executor, grf, hpf, byte[], byte[], byte[]) (PG:21)
01-10 17:47:57.128  8793  8793 I gle.android.tt:   at dsa dct.e(java.util.concurrent.Executor, grf, hpf) (PG:1)
01-10 17:47:57.128  8793  8793 I gle.android.tt:   at void dby.<init>(dct, android.content.Context, dbm, fxq, grf, dcj, dbs, hpf, java.util.concurrent.Executor) (PG:4)
01-10 17:47:57.128  8793  8793 I gle.android.tt:   at java.lang.Object dbz.b() (PG:8)
01-10 17:47:57.128  8793  8793 I gle.android.tt:   at java.lang.Object gsi.b() (PG:1)
01-10 17:47:57.128  8793  8793 I gle.android.tt:   at java.lang.Object bkl.b() (PG:10)
01-10 17:47:57.128  8793  8793 I gle.android.tt:   at java.util.Set gso.a() (PG:4)
01-10 17:47:57.128  8793  8793 I gle.android.tt:   at void dah.<init>(hpf, daq, hpf, hpf, hpf, hpf, hpf, hpf, hpf, hpf, fei, cno, byte[]) (PG:6)
01-10 17:47:57.128  8793  8793 I gle.android.tt:   at dah dai.a() (PG:2)
01-10 17:47:57.128  8793  8793 I gle.android.tt:   at dag dab.a() (PG:1)
01-10 17:47:57.128  8793  8793 I gle.android.tt:   at daf dac.a() (PG:1)
01-10 17:47:57.128  8793  8793 I gle.android.tt:   at java.lang.Object czy.b() (PG:31)
01-10 17:47:57.128  8793  8793 I gle.android.tt:   at java.lang.Object gsi.b() (PG:1)
01-10 17:47:57.128  8793  8793 I gle.android.tt:   at void ewn.p() (PG:3)
01-10 17:47:57.128  8793  8793 I gle.android.tt:   at void dlc.c(java.util.Map) (PG:3)
01-10 17:47:57.128  8793  8793 I gle.android.tt:   at void dlo.a() (PG:4)
01-10 17:47:57.128  8793  8793 I gle.android.tt:   at void dlh.a() (PG:5)
01-10 17:47:57.128  8793  8793 I gle.android.tt:   at void evl.onCreate() (PG:23)
01-10 17:47:57.128  8793  8793 I gle.android.tt:   at void brr.onCreate() (PG:1)
01-10 17:47:57.128  8793  8793 I gle.android.tt:   at void bob.onCreate() (PG:4)
01-10 17:47:57.128  8793  8793 I gle.android.tt:   at void com.google.android.apps.speech.tts.googletts.GoogleTTSRoot_Application.onCreate() (PG:12)
01-10 17:47:57.128  8793  8793 I gle.android.tt:   at void android.app.Instrumentation.callApplicationOnCreate(android.app.Application) (Instrumentation.java:1154)
01-10 17:47:57.128  8793  8793 I gle.android.tt:   at void android.app.ActivityThread.handleBindApplication(android.app.ActivityThread$AppBindData) (ActivityThread.java:6036)
01-10 17:47:57.128  8793  8793 I gle.android.tt:   at void android.app.ActivityThread.access$1100(android.app.ActivityThread, android.app.ActivityThread$AppBindData) (ActivityThread.java:207)
01-10 17:47:57.128  8793  8793 I gle.android.tt:   at void android.app.ActivityThread$H.handleMessage(android.os.Message) (ActivityThread.java:1663)
01-10 17:47:57.128  8793  8793 I gle.android.tt:   at void android.os.Handler.dispatchMessage(android.os.Message) (Handler.java:106)
01-10 17:47:57.128  8793  8793 I gle.android.tt:   at void android.os.Looper.loop() (Looper.java:193)
01-10 17:47:57.128  8793  8793 I gle.android.tt:   at void android.app.ActivityThread.main(java.lang.String[]) (ActivityThread.java:6840)
01-10 17:47:57.128  8793  8793 I gle.android.tt:   at java.lang.Object java.lang.reflect.Method.invoke(java.lang.Object, java.lang.Object[]) (Method.java:-2)
01-10 17:47:57.128  8793  8793 I gle.android.tt:   at void com.android.internal.os.RuntimeInit$MethodAndArgsCaller.run() (RuntimeInit.java:493)
01-10 17:47:57.128  8793  8793 I gle.android.tt:   at void com.android.internal.os.ZygoteInit.main(java.lang.String[]) (ZygoteInit.java:860)
01-10 17:47:57.128  8793  8793 I gle.android.tt: 
01-10 17:47:57.128  8793  8793 I gle.android.tt: Rejecting re-init on previously-failed class java.lang.Class<androidx.wear.ambient.WearableControllerProvider$1>: java.lang.NoClassDefFoundError: Failed resolution of: Lcom/google/android/wearable/compat/WearableActivityController$AmbientCallback;
01-10 17:47:57.128  8793  8793 I gle.android.tt:   at void fxn.d(java.lang.Runnable, java.util.concurrent.Executor) (PG:3)
01-10 17:47:57.128  8793  8793 I gle.android.tt:   at void cfc.<init>(fxm, fxo) (PG:3)
01-10 17:47:57.128  8793  8793 I gle.android.tt:   at fxo cfe.b(java.lang.Runnable, long, java.util.concurrent.TimeUnit) (PG:4)
01-10 17:47:57.128  8793  8793 I gle.android.tt:   at fxo cfq.b(java.lang.Runnable, long, java.util.concurrent.TimeUnit) (PG:1)
01-10 17:47:57.128  8793  8793 I gle.android.tt:   at fxo cfe.c(java.util.concurrent.Callable, long, java.util.concurrent.TimeUnit) (PG:5)
01-10 17:47:57.128  8793  8793 I gle.android.tt:   at void daa.execute(java.lang.Runnable) (PG:5)
01-10 17:47:57.128  8793  8793 I gle.android.tt:   at fxm hpe.t(java.lang.Runnable, java.util.concurrent.Executor) (PG:2)
01-10 17:47:57.128  8793  8793 I gle.android.tt:   at void dht.<init>(android.content.Context, java.util.concurrent.Executor, dhw, grf, boolean, hpf) (PG:1)
01-10 17:47:57.128  8793  8793 I gle.android.tt:   at void dsa.<init>(dcq, hpf, daq, cow, hpf, cnn, fei, java.util.concurrent.Executor, grf, hpf, byte[], byte[], byte[]) (PG:21)
01-10 17:47:57.128  8793  8793 I gle.android.tt:   at dsa dct.e(java.util.concurrent.Executor, grf, hpf) (PG:1)
01-10 17:47:57.128  8793  8793 I gle.android.tt:   at void dby.<init>(dct, android.content.Context, dbm, fxq, grf, dcj, dbs, hpf, java.util.concurrent.Executor) (PG:4)
01-10 17:47:57.128  8793  8793 I gle.android.tt:   at java.lang.Object dbz.b() (PG:8)
01-10 17:47:57.128  8793  8793 I gle.android.tt:   at java.lang.Object gsi.b() (PG:1)
01-10 17:47:57.128  8793  8793 I gle.android.tt:   at java.lang.Object bkl.b() (PG:10)
01-10 17:47:57.128  8793  8793 I gle.android.tt:   at java.util.Set gso.a() (PG:4)
01-10 17:47:57.128  8793  8793 I gle.android.tt:   at void dah.<init>(hpf, daq, hpf, hpf, hpf, hpf, hpf, hpf, hpf, hpf, fei, cno, byte[]) (PG:6)
01-10 17:47:57.128  8793  8793 I gle.android.tt:   at dah dai.a() (PG:2)
01-10 17:47:57.128  8793  8793 I gle.android.tt:   at dag dab.a() (PG:1)
01-10 17:47:57.128  8793  8793 I gle.android.tt:   at daf dac.a() (PG:1)
01-10 17:47:57.128  8793  8793 I gle.android.tt:   at java.lang.Object czy.b() (PG:31)
01-10 17:47:57.128  8793  8793 I gle.android.tt:   at java.lang.Object gsi.b() (PG:1)
01-10 17:47:57.128  8793  8793 I gle.android.tt:   at void ewn.p() (PG:3)
01-10 17:47:57.128  8793  8793 I gle.android.tt:   at void dlc.c(java.util.Map) (PG:3)
01-10 17:47:57.128  8793  8793 I gle.android.tt:   at void dlo.a() (PG:4)
01-10 17:47:57.128  8793  8793 I gle.android.tt:   at void dlh.a() (PG:5)
01-10 17:47:57.128  8793  8793 I gle.android.tt:   at void evl.onCreate() (PG:23)
01-10 17:47:57.128  8793  8793 I gle.android.tt:   at void brr.onCreate() (PG:1)
01-10 17:47:57.128  8793  8793 I gle.android.tt:   at void bob.onCreate() (PG:4)
01-10 17:47:57.128  8793  8793 I gle.android.tt:   at void com.google.android.apps.speech.tts.googletts.GoogleTTSRoot_Application.onCreate() (PG:12)
01-10 17:47:57.128  8793  8793 I gle.android.tt:   at void android.app.Instrumentation.callApplicationOnCreate(android.app.Application) (Instrumentation.java:1154)
01-10 17:47:57.128  8793  8793 I gle.android.tt:   at void android.app.ActivityThread.handleBindApplication(android.app.ActivityThread$AppBindData) (ActivityThread.java:6036)
01-10 17:47:57.128  8793  8793 I gle.android.tt:   at void android.app.ActivityThread.access$1100(android.app.ActivityThread, android.app.ActivityThread$AppBindData) (ActivityThread.java:207)
01-10 17:47:57.128  8793  8793 I gle.android.tt:   at void android.app.ActivityThread$H.handleMessage(android.os.Message) (ActivityThread.java:1663)
01-10 17:47:57.128  8793  8793 I gle.android.tt:   at void android.os.Handler.dispatchMessage(android.os.Message) (Handler.java:106)
01-10 17:47:57.128  8793  8793 I gle.android.tt:   at void android.os.Looper.loop() (Looper.java:193)
01-10 17:47:57.128  8793  8793 I gle.android.tt:   at void android.app.ActivityThread.main(java.lang.String[]) (ActivityThread.java:6840)
01-10 17:47:57.128  8793  8793 I gle.android.tt:   at java.lang.Object java.lang.reflect.Method.invoke(java.lang.Object, java.lang.Object[]) (Method.java:-2)
01-10 17:47:57.128  8793  8793 I gle.android.tt:   at void com.android.internal.os.RuntimeInit$MethodAndArgsCaller.run() (RuntimeInit.java:493)
01-10 17:47:57.128  8793  8793 I gle.android.tt:   at void com.android.internal.os.ZygoteInit.main(java.lang.String[]) (ZygoteInit.java:860)
01-10 17:47:57.128  8793  8793 I gle.android.tt: Caused by: java.lang.ClassNotFoundException: Didn't find class "com.google.android.wearable.compat.WearableActivityController$AmbientCallback" on path: DexPathList[[zip file "/system/app/GoogleTTS/GoogleTTS.apk"],nativeLibraryDirectories=[/system/app/GoogleTTS/lib/x86_64, /system/app/GoogleTTS/GoogleTTS.apk!/lib/x86_64, /system/lib64, /system/vendor/lib64, /system/lib64, /system/vendor/lib64]]
01-10 17:47:57.128  8793  8793 I gle.android.tt:   at java.lang.Class dalvik.system.BaseDexClassLoader.findClass(java.lang.String) (BaseDexClassLoader.java:134)
01-10 17:47:57.128  8793  8793 I gle.android.tt:   at java.lang.Class java.lang.ClassLoader.loadClass(java.lang.String, boolean) (ClassLoader.java:379)
01-10 17:47:57.128  8793  8793 I gle.android.tt:   at java.lang.Class java.lang.ClassLoader.loadClass(java.lang.String) (ClassLoader.java:312)
01-10 17:47:57.128  8793  8793 I gle.android.tt:   at void fxn.d(java.lang.Runnable, java.util.concurrent.Executor) (PG:3)
01-10 17:47:57.128  8793  8793 I gle.android.tt:   at void cfc.<init>(fxm, fxo) (PG:3)
01-10 17:47:57.128  8793  8793 I gle.android.tt:   at fxo cfe.b(java.lang.Runnable, long, java.util.concurrent.TimeUnit) (PG:4)
01-10 17:47:57.128  8793  8793 I gle.android.tt:   at fxo cfq.b(java.lang.Runnable, long, java.util.concurrent.TimeUnit) (PG:1)
01-10 17:47:57.128  8793  8793 I gle.android.tt:   at fxo cfe.c(java.util.concurrent.Callable, long, java.util.concurrent.TimeUnit) (PG:5)
01-10 17:47:57.128  8793  8793 I gle.android.tt:   at void daa.execute(java.lang.Runnable) (PG:5)
01-10 17:47:57.128  8793  8793 I gle.android.tt:   at fxm hpe.t(java.lang.Runnable, java.util.concurrent.Executor) (PG:2)
01-10 17:47:57.128  8793  8793 I gle.android.tt:   at void dht.<init>(android.content.Context, java.util.concurrent.Executor, dhw, grf, boolean, hpf) (PG:1)
01-10 17:47:57.128  8793  8793 I gle.android.tt:   at void dsa.<init>(dcq, hpf, daq, cow, hpf, cnn, fei, java.util.concurrent.Executor, grf, hpf, byte[], byte[], byte[]) (PG:21)
01-10 17:47:57.128  8793  8793 I gle.android.tt:   at dsa dct.e(java.util.concurrent.Executor, grf, hpf) (PG:1)
01-10 17:47:57.128  8793  8793 I gle.android.tt:   at void dby.<init>(dct, android.content.Context, dbm, fxq, grf, dcj, dbs, hpf, java.util.concurrent.Executor) (PG:4)
01-10 17:47:57.128  8793  8793 I gle.android.tt:   at java.lang.Object dbz.b() (PG:8)
01-10 17:47:57.128  8793  8793 I gle.android.tt:   at java.lang.Object gsi.b() (PG:1)
01-10 17:47:57.128  8793  8793 I gle.android.tt:   at java.lang.Object bkl.b() (PG:10)
01-10 17:47:57.128  8793  8793 I gle.android.tt:   at java.util.Set gso.a() (PG:4)
01-10 17:47:57.128  8793  8793 I gle.android.tt:   at void dah.<init>(hpf, daq, hpf, hpf, hpf, hpf, hpf, hpf, hpf, hpf, fei, cno, byte[]) (PG:6)
01-10 17:47:57.128  8793  8793 I gle.android.tt:   at dah dai.a() (PG:2)
01-10 17:47:57.128  8793  8793 I gle.android.tt:   at dag dab.a() (PG:1)
01-10 17:47:57.128  8793  8793 I gle.android.tt:   at daf dac.a() (PG:1)
01-10 17:47:57.128  8793  8793 I gle.android.tt:   at java.lang.Object czy.b() (PG:31)
01-10 17:47:57.128  8793  8793 I gle.android.tt:   at java.lang.Object gsi.b() (PG:1)
01-10 17:47:57.128  8793  8793 I gle.android.tt:   at void ewn.p() (PG:3)
01-10 17:47:57.128  8793  8793 I gle.android.tt:   at void dlc.c(java.util.Map) (PG:3)
01-10 17:47:57.128  8793  8793 I gle.android.tt:   at void dlo.a() (PG:4)
01-10 17:47:57.128  8793  8793 I gle.android.tt:   at void dlh.a() (PG:5)
01-10 17:47:57.128  8793  8793 I gle.android.tt:   at void evl.onCreate() (PG:23)
01-10 17:47:57.128  8793  8793 I gle.android.tt:   at void brr.onCreate() (PG:1)
01-10 17:47:57.128  8793  8793 I gle.android.tt:   at void bob.onCreate() (PG:4)
01-10 17:47:57.128  8793  8793 I gle.android.tt:   at void com.google.android.apps.speech.tts.googletts.GoogleTTSRoot_Application.onCreate() (PG:12)
01-10 17:47:57.128  8793  8793 I gle.android.tt:   at void android.app.Instrumentation.callApplicationOnCreate(android.app.Application) (Instrumentation.java:1154)
01-10 17:47:57.128  8793  8793 I gle.android.tt:   at void android.app.ActivityThread.handleBindApplication(android.app.ActivityThread$AppBindData) (ActivityThread.java:6036)
01-10 17:47:57.128  8793  8793 I gle.android.tt:   at void android.app.ActivityThread.access$1100(android.app.ActivityThread, android.app.ActivityThread$AppBindData) (ActivityThread.java:207)
