--------- beginning of system
01-10 14:30:26.218  1352  1352 I vold    : Vold 3.0 (the awakening) firing up
01-10 14:30:26.218  1352  1352 V vold    : Detected support for: ext4 vfat
01-10 14:30:26.230  1352  1352 D vold    : Tearing down stale mount /mnt/temp
01-10 14:30:26.245  1352  1352 W vold    : Failed to LOOP_GET_STATUS64 /dev/block/loop7: No such device or address
01-10 14:30:26.245  1352  1352 W vold    : Failed to LOOP_GET_STATUS64 /dev/block/loop3: No such device or address
01-10 14:30:26.245  1352  1352 W vold    : Failed to LOOP_GET_STATUS64 /dev/block/loop4: No such device or address
01-10 14:30:26.245  1352  1352 W vold    : Failed to LOOP_GET_STATUS64 /dev/block/loop0: No such device or address
01-10 14:30:26.245  1352  1352 W vold    : Failed to LOOP_GET_STATUS64 /dev/block/loop6: No such device or address
01-10 14:30:26.245  1352  1352 W vold    : Failed to LOOP_GET_STATUS64 /dev/block/loop2: No such device or address
01-10 14:30:26.245  1352  1352 W vold    : Failed to LOOP_GET_STATUS64 /dev/block/loop5: No such device or address
01-10 14:30:26.245  1352  1352 W vold    : Failed to LOOP_GET_STATUS64 /dev/block/loop1: No such device or address
01-10 14:30:26.246  1352  1352 I vold    : [libfs_mgr]fs_mgr_read_fstab_default(): failed to find device default fstab
01-10 14:30:26.246  1352  1352 I vold    : [libfs_mgr]fs_mgr_read_fstab_dt(): failed to read fstab from dt
01-10 14:30:26.246  1352  1352 E vold    : Failed to open default fstab: No such file or directory
01-10 14:30:26.246  1352  1352 E vold    : Error reading configuration... continuing anyways: No such file or directory
01-10 14:30:26.247  1352  1352 D vold    : VoldNativeService::start() completed OK
01-10 14:30:26.247  1352  1363 D vold    : e4crypt_init_user0
01-10 14:30:26.247  1352  1363 D vold    : e4crypt_prepare_user_storage for volume null, user 0, serial 0, flags 1
01-10 14:30:26.247  1352  1363 D vold    : Preparing: /data/system/users/0
01-10 14:30:26.248  1352  1363 D vold    : Preparing: /data/misc/profiles/cur/0
01-10 14:30:26.250  1352  1363 D vold    : Preparing: /data/system_de/0
01-10 14:30:26.252  1352  1363 D vold    : Preparing: /data/misc_de/0
01-10 14:30:26.253  1352  1363 D vold    : Preparing: /data/vendor_de/0
01-10 14:30:26.256  1352  1363 D vold    : Preparing: /data/user_de/0
01-10 14:30:26.258  1352  1363 V vold    : /system/bin/vold_prepare_subdirs
01-10 14:30:26.258  1352  1363 V vold    :     prepare
01-10 14:30:26.258  1352  1363 V vold    :     
01-10 14:30:26.258  1352  1363 V vold    :     0
01-10 14:30:26.258  1352  1363 V vold    :     1
01-10 14:30:26.268  1352  1363 D vold    : e4crypt_unlock_user_key 0 serial=0 token_present=0
01-10 14:30:28.875  1583  1583 I installd: installd firing up
01-10 14:30:29.057  1563  1563 I android.hardware.wifi@1.0-service: Wifi Hal is booting up...
01-10 14:30:29.385  1592  1592 I wificond: wificond is starting up...
01-10 14:30:31.769  1459  1730 W PackageParser: Unknown element under <manifest>: queries at /data/app/ru.hqgocnyr.yzvnudqdq-jJzxPd8KsvCOkJ-TyDWxUg==/base.apk Binary XML file line #50
01-10 14:30:33.850  1759  1759 I chatty  : uid=1000 system_server expire 523 lines
01-10 14:30:34.733  1591  1651 E storaged: getService package_native failed
01-10 14:30:34.736  1591  1651 I storaged: storaged: Start
01-10 14:30:34.736  1591  1651 E storaged: getDiskStats failed with result NOT_SUPPORTED and size 0
01-10 14:30:35.383  1759  1791 I chatty  : uid=1000 system_server expire 12 lines
01-10 14:30:35.479  1759  1797 I chatty  : uid=1000(system) batterystats-wo expire 11 lines
01-10 14:30:35.532  1759  1802 I chatty  : uid=1000(system) android.display expire 3 lines
01-10 14:30:37.175  1759  1872 I chatty  : uid=1000(system) NetworkWatchlis expire 2 lines
01-10 14:30:37.234  1759  1873 I chatty  : uid=1000(system) StorageManagerS expire 3 lines
01-10 14:30:37.235  1352  1363 E vold    : Failed to read field SystemLocale: Success
01-10 14:30:37.241  1759  1801 I chatty  : uid=1000(system) android.io expire 1 line
01-10 14:30:37.244  1759  1839 I chatty  : uid=1000 system_server expire 2 lines
01-10 14:30:37.298  1759  1830 I chatty  : uid=1000 system_server expire 1 line
01-10 14:30:37.310  1759  1870 I chatty  : uid=1000(system) InputDispatcher expire 2 lines
01-10 14:30:37.313  1759  1877 I chatty  : uid=1000(system) NetdConnector expire 1 line
01-10 14:30:37.645  1759  1759 I chatty  : uid=1000 system_server expire 159 lines
01-10 14:30:37.669  1759  1840 I chatty  : uid=1000(system) HwBinder:1759_1 expire 2 lines
01-10 14:30:37.744  1759  1839 I chatty  : uid=1000 system_server expire 2 lines
01-10 14:30:37.956  1759  1797 I chatty  : uid=1000(system) batterystats-wo expire 16 lines
01-10 14:30:37.988  1759  1804 I chatty  : uid=1000(system) PowerManagerSer expire 1 line
01-10 14:30:38.219  1759  1801 I chatty  : uid=1000(system) android.io expire 1 line
01-10 14:30:38.246  1759  1873 I chatty  : uid=1000(system) StorageManagerS expire 3 lines
01-10 14:30:38.248  1352  1363 D vold    : e4crypt_unlock_user_key 0 serial=0 token_present=0
01-10 14:30:38.253  1759  1793 I chatty  : uid=1000(system) ActivityManager expire 3 lines
01-10 14:30:38.253  1759  1795 I chatty  : uid=1000(system) ActivityManager expire 15 lines
01-10 14:30:38.256  1759  1784 I chatty  : uid=1000(system) Binder:1759_2 expire 1 line
01-10 14:30:38.258  1352  1363 V vold    : Waiting for FUSE to spin up...
01-10 14:30:38.264  1759  1894 I chatty  : uid=1000(system) AudioService expire 2 lines
01-10 14:30:38.264  1759  1838 I chatty  : uid=1000 system_server expire 1 line
01-10 14:30:38.264  1927  1927 W sdcard  : Device explicitly enabled sdcardfs
01-10 14:30:38.376  1759  1880 I chatty  : uid=1000(system) NetworkPolicy expire 1 line
01-10 14:30:38.472  1759  1849 I chatty  : uid=1000(system) Binder:1759_5 expire 6 lines
01-10 14:30:38.552  1563  1563 I android.hardware.wifi@1.0-service: Wifi HAL started
01-10 14:30:38.565  1563  1563 E android.hardware.wifi@1.0-service: Unknown iface name: wlan0
01-10 14:30:38.568  1563  1563 I android.hardware.wifi@1.0-service: Adding interface handle for wlan0
01-10 14:30:38.568  1563  1563 E android.hardware.wifi@1.0-service: Failed to register radio mode change callback
01-10 14:30:38.568  1563  1563 I android.hardware.wifi@1.0-service: Configured chip in mode 0
01-10 14:30:38.569  1563  1563 E android.hardware.wifi@1.0-service: Failed to set DFS flag; DFS channels may be unavailable.
01-10 14:30:38.593  1592  1592 I wificond: create scanner for interface with index: 1
01-10 14:30:38.593  1592  1592 I wificond: subscribe scan result for interface with index: 1
01-10 14:30:38.596  1592  1592 E wificond: No Offload Service available
01-10 14:30:38.596  1592  1592 I wificond: Offload HAL not supported 
01-10 14:30:38.675  1759  1848 I chatty  : uid=1000(system) Binder:1759_4 expire 6 lines
01-10 14:30:39.749  1759  2065 I chatty  : uid=1000(system) Binder:1759_6 expire 3 lines
01-10 14:30:39.782  1759  1794 I chatty  : uid=1000(system) android.ui expire 1 line
01-10 14:30:40.206  1759  1759 W VoiceInteractionManagerService: no available voice interaction services found for user 0
01-10 14:30:40.206  1759  1759 W VoiceInteractionManagerService: no available voice recognition services found for user 0
01-10 14:30:40.251  1759  1759 I ActivityManager: START u0 {act=android.intent.action.MAIN cat=[android.intent.category.HOME] flg=0x10000100 cmp=com.android.settings/.FallbackHome} from uid 0
01-10 14:30:40.282  1759  1759 I ActivityManager: Loaded persisted task ids for user 0
01-10 14:30:40.324  1759  1759 D SystemServerInitThreadPool: Shutdown successful
01-10 14:30:40.376  1759  1795 W ActivityManager: Slow operation: 146ms so far, now at startProcess: asking zygote to start proc
01-10 14:30:40.376  1759  1759 W Looper  : Slow delivery took 3358ms main h=android.os.Handler c=com.android.server.-$$Lambda$BatteryService$2x73lvpB0jctMSVP4qb9sHAqRPw@f586369 m=0
01-10 14:30:40.397  1759  1792 W LocationProviderProxy-network: Odd, no component found for service com.android.location.service.v3.NetworkLocationProvider
01-10 14:30:40.455  1759  1795 W ActivityManager: Slow operation: 225ms so far, now at startProcess: returned from zygote!
01-10 14:30:40.459  1759  1792 W GeocoderProxy: Odd, no component found for service com.android.location.service.GeocodeProvider
01-10 14:30:40.460  1759  1795 W ActivityManager: Slow operation: 230ms so far, now at startProcess: done updating battery stats
01-10 14:30:40.462  1759  1795 W ActivityManager: Slow operation: 232ms so far, now at startProcess: building log message
01-10 14:30:40.462  1759  1795 I ActivityManager: Start proc 2121:com.android.phone/1001 for added application com.android.phone
01-10 14:30:40.462  1759  1795 W ActivityManager: Slow operation: 232ms so far, now at startProcess: starting to update pids map
01-10 14:30:40.462  1759  1795 W ActivityManager: Slow operation: 232ms so far, now at startProcess: done updating pids map
01-10 14:30:40.462  1759  1795 W ActivityManager: Slow operation: 168ms so far, now at startProcess: asking zygote to start proc
01-10 14:30:40.462  1759  1792 W GeofenceProxy: Odd, no component found for service com.android.location.service.GeofenceProvider
01-10 14:30:40.462  1759  1792 W ActivityRecognitionProxy: Odd, no component found for service com.android.location.service.ActivityRecognitionProvider
01-10 14:30:40.472  1759  1795 W ActivityManager: Slow operation: 179ms so far, now at startProcess: returned from zygote!
01-10 14:30:40.473  1759  1795 W ActivityManager: Slow operation: 179ms so far, now at startProcess: done updating battery stats
01-10 14:30:40.473  1759  1795 W ActivityManager: Slow operation: 179ms so far, now at startProcess: building log message
01-10 14:30:40.474  1759  1795 I ActivityManager: Start proc 2128:com.android.settings/1000 for activity com.android.settings/.FallbackHome
01-10 14:30:40.474  1759  1795 W ActivityManager: Slow operation: 180ms so far, now at startProcess: starting to update pids map
01-10 14:30:40.474  1759  1795 W ActivityManager: Slow operation: 180ms so far, now at startProcess: done updating pids map
01-10 14:30:40.556  1759  1759 W Looper  : Slow dispatch took 150ms main h=android.app.ActivityThread$H c=com.android.server.am.-$$Lambda$5hokEl5hcign5FXeGZdl53qh2zg@5220888 m=0
01-10 14:30:40.636  1759  1759 D ConditionProviders.SCP: onConnected
01-10 14:30:40.643  1759  1759 D ConditionProviders: Subscribing to condition://android/event?userId=-10000&calendar=&reply=1 with ComponentInfo{android/com.android.server.notification.EventConditionProvider}
01-10 14:30:40.643  1759  1759 D ConditionProviders: Subscribing to condition://android/schedule?days=1.2.3.4.5.6.7&start=22.0&end=7.0&exitAtAlarm=true with ComponentInfo{android/com.android.server.notification.ScheduleConditionProvider}
01-10 14:30:40.703  1759  1759 V SettingsProvider: Notifying for 0: content://settings/secure/location_providers_allowed
01-10 14:30:40.703  1759  1759 V SettingsProvider: Notifying for 0: content://settings/global/location_global_kill_switch
01-10 14:30:40.767  1759  1783 W ActivityManager: Slow operation: 53ms so far, now at attachApplicationLocked: after mServices.attachApplicationLocked
01-10 14:30:40.767  1759  1783 W ActivityManager: Slow operation: 53ms so far, now at attachApplicationLocked: after updateOomAdjLocked
01-10 14:30:40.842  1759  1759 W Looper  : Slow dispatch took 128ms main h=android.app.ActivityThread$H c=null m=114
01-10 14:30:40.894  1759  1759 D BluetoothManagerService: Creating new ProfileServiceConnections object for profile: 1
01-10 14:30:40.894  1759  1759 D BluetoothManagerService: Unable to bindService while Bluetooth is disabled
01-10 14:30:40.896  1759  2170 I Telecom : BluetoothRouteManager: getBluetoothAudioConnectedDevice: no headset service available.
01-10 14:30:40.898  1759  1759 I Telecom : SystemStateProvider: Registering car mode receiver: android.content.IntentFilter@f97569a: TS.init@AAA
01-10 14:30:40.908  1759  2172 I Telecom : Logging.Events: Non-call EVENT: AUDIO_ROUTE, Entering state QuiescentSpeakerRoute
01-10 14:30:40.908  1759  2172 I Telecom : BluetoothRouteManager: getBluetoothAudioConnectedDevice: no headset service available.
01-10 14:30:40.911  1759  2173 I Telecom : CallAudioModeStateMachine: Message received: null.: TS.init->CAMSM.pM_1@AAA
01-10 14:30:40.917  1759  1759 I Telecom : MissedCallNotifierImpl: reloadFromDatabase: Boot not yet complete -- call log db may not be available. Deferring loading until boot complete for user 0: TS.init@AAA
01-10 14:30:40.920  1759  1759 D BluetoothManagerService: Creating new ProfileServiceConnections object for profile: 1
01-10 14:30:40.920  1759  1759 D BluetoothManagerService: Unable to bindService while Bluetooth is disabled
01-10 14:30:40.922  1759  1759 I Telecom : Class: TelecomSystem.INSTANCE being set
01-10 14:30:40.923  1759  1759 W ContextImpl: Calling a method in the system process without a qualified user: android.app.ContextImpl.startService:1531 android.content.ContextWrapper.startService:664 com.android.server.telecom.components.TelecomService.initializeTelecomSystem:197 com.android.server.telecom.components.TelecomService.onBind:67 android.app.ActivityThread.handleBindService:3604 
01-10 14:30:40.927  1759  1759 W ContextImpl: Calling a method in the system process without a qualified user: android.app.ContextImpl.startService:1531 com.android.server.content.SyncManager$14.run:758 android.os.Handler.handleCallback:873 android.os.Handler.dispatchMessage:99 android.os.Looper.loop:193 
01-10 14:30:40.941  1759  1885 E WifiP2pService: Unexpected disable request when WifiChannel is null
01-10 14:30:40.961  1759  1759 V SettingsProvider: Notifying for 0: content://settings/global/boot_count
01-10 14:30:40.962  1759  1759 D BluetoothManagerService: Bluetooth Adapter name changed to SM-S9160
01-10 14:30:40.963  1759  1759 D BluetoothManagerService: Stored Bluetooth name: SM-S9160
01-10 14:30:40.964  1759  1759 D BluetoothManagerService: BluetoothServiceConnection: com.android.bluetooth.btservice.AdapterService
01-10 14:30:40.964  1759  1801 D BluetoothManagerService: MESSAGE_BLUETOOTH_SERVICE_CONNECTED: 1
01-10 14:30:40.965  1759  1801 D BluetoothManagerService: Broadcasting onBluetoothServiceUp() to 2 receivers.
01-10 14:30:40.966  1759  1801 D BluetoothManagerService: MESSAGE_BLUETOOTH_STATE_CHANGE: OFF > BLE_TURNING_ON
01-10 14:30:40.969  1759  1801 D BluetoothManagerService: Sending BLE State Change: OFF > BLE_TURNING_ON
01-10 14:30:41.129  1759  1759 W Looper  : Slow dispatch took 162ms main h=android.app.ActivityThread$H c=null m=114
01-10 14:30:41.174  1759  1759 V WiredAccessoryManager: notifyWiredAccessoryChanged: when=0 bits= mask=54
01-10 14:30:41.174  1759  1759 V WiredAccessoryManager: newName=h2w newState=0 headsetState=0 prev headsetState=0
01-10 14:30:41.174  1759  1759 V WiredAccessoryManager: init()
01-10 14:30:41.175  1759  1849 W UsageStatsService: Event reported without a package name
01-10 14:30:41.280  1759  1759 V NotificationAssistants: enabling notification assistant for 0: ComponentInfo{android.ext.services/android.ext.services.notification.Assistant}
01-10 14:30:41.305  1759  1759 V NotificationAssistants: binding: Intent { act=android.service.notification.NotificationAssistantService cmp=android.ext.services/.notification.Assistant (has extras) }
01-10 14:30:41.424  1759  1759 W ActivityManager: Slow operation: 62ms so far, now at startProcess: done starting proc!
01-10 14:30:41.426  1759  1759 W Looper  : Slow dispatch took 152ms main h=android.app.ActivityThread$H c=android.app.-$$Lambda$LoadedApk$ReceiverDispatcher$Args$_BumDX2UKsnxLVrE6UJsJZkotuA@d64a4d0 m=0
01-10 14:30:41.476  1759  1795 W ActivityManager: Slow operation: 79ms so far, now at startProcess: done updating battery stats
01-10 14:30:41.476  1759  1795 W ActivityManager: Slow operation: 79ms so far, now at startProcess: building log message
01-10 14:30:41.476  1759  1795 I ActivityManager: Start proc 2216:android.ext.services/u0a25 for service android.ext.services/.notification.Assistant
01-10 14:30:41.476  1759  1795 W ActivityManager: Slow operation: 79ms so far, now at startProcess: starting to update pids map
01-10 14:30:41.476  1759  1795 W ActivityManager: Slow operation: 79ms so far, now at startProcess: done updating pids map
01-10 14:30:41.521  1759  1793 W KeyguardServiceDelegate: onScreenTurningOn(): no keyguard service!
01-10 14:30:41.670  1759  1759 W Looper  : Slow dispatch took 243ms main h=android.app.ActivityThread$H c=android.app.-$$Lambda$LoadedApk$ReceiverDispatcher$Args$_BumDX2UKsnxLVrE6UJsJZkotuA@b3d2b32 m=0
01-10 14:30:41.680  1759  1759 D ConditionProviders.SCP: onSubscribe condition://android/schedule?days=1.2.3.4.5.6.7&start=22.0&end=7.0&exitAtAlarm=true
01-10 14:30:41.681  1759  1759 D ConditionProviders.SCP: setRegistered true
01-10 14:30:41.687  1759  1759 D ConditionProviders.SCP: evaluateSubscriptionLocked cal=ScheduleCalendar[mDays={1, 2, 3, 4, 5, 6, 7}, mSchedule=ScheduleInfo{days=[1, 2, 3, 4, 5, 6, 7], startHour=22, startMinute=0, endHour=7, endMinute=0, exitAtAlarm=true, nextAlarm=Thu Jan 01 01:00:00 GMT+01:00 1970 (0)}], now=Sat Jan 10 14:30:41 GMT+01:00 2026 (1768051841681), nextUserAlarmTime=Thu Jan 01 01:00:00 GMT+01:00 1970 (0)
01-10 14:30:41.687  1759  1759 D ConditionProviders.SCP: notifyCondition condition://android/schedule?days=1.2.3.4.5.6.7&start=22.0&end=7.0&exitAtAlarm=true STATE_FALSE reason=!meetsSchedule
01-10 14:30:41.688  1759  1759 D ConditionProviders.SCP: Scheduling evaluate for Sat Jan 10 22:00:00 GMT+01:00 2026 (1768078800000), in +7h29m18s319ms, now=Sat Jan 10 14:30:41 GMT+01:00 2026 (1768051841681)
01-10 14:30:41.695  1759  1759 I Telecom : WiredHeadsetManager: ACTION_HEADSET_PLUG event, plugged in: false, : WHC.oADA@AAE
01-10 14:30:41.811  1759  1892 E ActivityThread: Failed to find provider info for com.android.calendar
01-10 14:30:41.826  1759  1892 E ActivityThread: Failed to find provider info for com.android.calendar
01-10 14:30:41.828  1759  1921 I SyncManager: Got SyncJobService instance.
01-10 14:30:41.851  1759  1759 I AutofillManagerService: Updating Autofill for user 0: disabled=false
01-10 14:30:41.857  1759  1759 W Looper  : Drained
01-10 14:30:42.015  1759  1759 D BluetoothManagerService: Bluetooth Adapter address changed to 01:02:03:04:05:06
01-10 14:30:42.015  1759  1759 D BluetoothManagerService: Stored Bluetoothaddress: B9:CC:BB:E5:95:50
01-10 14:30:42.021  1759  1759 D BluetoothManagerService: Bluetooth Adapter name changed to SM-S9160
01-10 14:30:42.021  1759  1759 D BluetoothManagerService: Stored Bluetooth name: SM-S9160
01-10 14:30:42.144  1759  1801 D BluetoothManagerService: MESSAGE_BLUETOOTH_STATE_CHANGE: BLE_TURNING_ON > BLE_ON
01-10 14:30:42.144  1759  1801 D BluetoothManagerService: Bluetooth is in LE only mode
01-10 14:30:42.144  1759  1801 D BluetoothManagerService: Binding Bluetooth GATT service
01-10 14:30:42.167  1759  1801 D BluetoothManagerService: Sending BLE State Change: BLE_TURNING_ON > BLE_ON
01-10 14:30:42.167  1759  1759 D BluetoothManagerService: BluetoothServiceConnection: com.android.bluetooth.gatt.GattService
01-10 14:30:42.167  1759  1801 D BluetoothManagerService: MESSAGE_BLUETOOTH_SERVICE_CONNECTED: 2
01-10 14:30:42.167  1759  1801 D BluetoothManagerService: continueFromBleOnState()
01-10 14:30:42.168  1759  1801 D BluetoothManagerService: Persisting Bluetooth Setting: 1
01-10 14:30:42.168  1759  1801 D BluetoothManagerService: MESSAGE_BLUETOOTH_STATE_CHANGE: BLE_ON > TURNING_ON
01-10 14:30:42.168  1759  1801 D BluetoothManagerService: Sending BLE State Change: BLE_ON > TURNING_ON
01-10 14:30:42.221  1759  1793 W BroadcastQueue: Background execution not allowed: receiving Intent { act=android.bluetooth.adapter.action.STATE_CHANGED flg=0x4000010 (has extras) } to com.google.android.gms/.chimera.GmsIntentOperationService$PersistentTrustedReceiver
01-10 14:30:42.514  2121  2121 W SystemConfig: Tag allow-ignore-location-settings is unknown or not allowed in /system/etc/sysconfig
01-10 14:30:42.514  2121  2121 W SystemConfig: Tag allow-association is unknown or not allowed in /system/etc/sysconfig
01-10 14:30:42.514  2121  2121 I chatty  : uid=1001(radio) com.android.phone identical 6 lines
01-10 14:30:42.514  2121  2121 W SystemConfig: Tag allow-association is unknown or not allowed in /system/etc/sysconfig
01-10 14:30:42.514  2121  2121 W SystemConfig: Tag app-data-isolation-whitelisted-app is unknown or not allowed in /system/etc/sysconfig
01-10 14:30:42.514  2121  2121 W SystemConfig: Tag rollback-whitelisted-app is unknown or not allowed in /system/etc/sysconfig
01-10 14:30:42.723  1759  1795 I ActivityManager: Start proc 2259:com.google.android.gms.persistent/u0a24 for broadcast com.google.android.gms/.chimera.GmsIntentOperationService$PersistentTrustedReceiver
01-10 14:30:42.755  1759  1802 W WindowManager: App freeze timeout expired.
01-10 14:30:42.881  1759  1849 W ActivityManager: Slow operation: 73ms so far, now at getContentProviderImpl: after resolveContentProvider
01-10 14:30:42.881  2121  2278 E ActivityThread: Failed to find provider info for com.android.contacts
01-10 14:30:42.932  1759  2085 D BluetoothManagerService: Creating new ProfileServiceConnections object for profile: 1
01-10 14:30:42.933  1759  2085 D BluetoothManagerService: Unable to bindService while Bluetooth is disabled
01-10 14:30:42.986  1759  1848 I StatusBarManagerService: registerStatusBar bar=com.android.internal.statusbar.IStatusBar$Stub$Proxy@6668ce9
01-10 14:30:43.048  2121  2121 I TelecomFramework: TtyManager: updateUiTtyMode -1 -> 0
01-10 14:30:43.180  1759  1800 W Looper  : Slow dispatch took 101ms android.fg h=android.os.Handler c=com.android.server.om.-$$Lambda$OverlayManagerService$OverlayChangeListener$u9oeN2C0PDMo0pYiLqfMBkwuMNA@f7ec6a0 m=0
01-10 14:30:43.731  1922  2300 E ActivityThread: Failed to find provider info for com.android.contacts
01-10 14:30:43.775  1759  1801 D BluetoothManagerService: MESSAGE_BLUETOOTH_STATE_CHANGE: TURNING_ON > ON
01-10 14:30:43.776  1759  1801 D BluetoothManagerService: Broadcasting onBluetoothStateChange(true) to 6 receivers.
01-10 14:30:43.812  1759  1801 D BluetoothManagerService: Creating new ProfileServiceConnections object for profile: 1
01-10 14:30:43.876  1759  1801 D BluetoothManagerService: Sending BLE State Change: TURNING_ON > ON
01-10 14:30:43.950  1759  1759 I Telecom : BluetoothPhoneService: queryPhoneState: BPSI.qPS@AAU
01-10 14:30:43.984  1759  1759 I Telecom : BluetoothPhoneService: updateHeadsetWithCallState numActive 0, numHeld 0, callState 6, ringing number ***, ringing type 128
01-10 14:30:43.987  1759  1759 I Telecom : : - Got BluetoothHeadset: com.android.server.telecom.BluetoothHeadsetProxy@618898a: BMSL.oSC@AAY
01-10 14:30:44.067  1759  1848 W ActivityManager: Unable to start service Intent { act=com.google.android.chimera.BoundService.START dat=chimera-action:com.google.android.gms.phenotype.service.START cmp=com.google.android.gms/.chimera.PersistentApiService } U=0: not found
01-10 14:30:44.110  1759  1848 W ActivityManager: Unbind failed: could not find connection for android.os.BinderProxy@951d0ad
01-10 14:30:44.324  1759  1784 W BroadcastQueue: Background execution not allowed: receiving Intent { act=android.bluetooth.adapter.action.STATE_CHANGED flg=0x4000010 (has extras) } to com.google.android.gms/.chimera.GmsIntentOperationService$PersistentTrustedReceiver
01-10 14:30:45.219  1759  1783 W ActivityManager: Receiver with filter android.content.IntentFilter@7ac1ba1 already registered for pid 1930, callerPackage is com.android.systemui
01-10 14:30:46.223  1759  1783 I WifiService: WifiService trying to set country code to ca
01-10 14:30:46.343  1930  2258 E ActivityThread: Failed to find provider info for com.android.contacts
01-10 14:30:46.521  1759  1794 W WindowManager: Keyguard drawn timeout. Setting mKeyguardDrawComplete
01-10 14:30:46.807  1759  2065 I Telecom : PhoneAccountRegistrar: New phone account registered: [[ ] PhoneAccount: ComponentInfo{com.android.phone/com.android.services.telephony.TelephonyConnectionService}, ***, UserHandle{0} Capabilities: CallProvider MultiUser PlaceEmerg SimSub  Audio Routes: BESW Schemes: tel voicemail  Extras: Bundle[mParcelledData.dataSize=124] GroupId: ***]: TSI.rPA@AAk
01-10 14:30:46.898  1759  2065 I Telecom : CallsManager: Sending phone-account ComponentInfo{com.android.phone/com.android.services.telephony.TelephonyConnectionService}, ***, UserHandle{0} registered intent as user: TSI.rPA@AAk
01-10 14:30:46.904  2121  2121 I TelecomFramework: AccountEntry: Registered phoneAccount: [[ ] PhoneAccount: ComponentInfo{com.android.phone/com.android.services.telephony.TelephonyConnectionService}, ***, UserHandle{0} Capabilities: CallProvider MultiUser PlaceEmerg SimSub  Audio Routes: BESW Schemes: tel voicemail  Extras: Bundle[{android.telecom.extra.SUPPORTS_VIDEO_CALLING_FALLBACK=true}] GroupId: ***] with handle: ComponentInfo{com.android.phone/com.android.services.telephony.TelephonyConnectionService}, ***, UserHandle{0}
01-10 14:30:46.905  2121  2121 I TelecomFramework: PstnIncomingCallNotifier: Registering: Handler (com.android.internal.telephony.GsmCdmaPhone) {370ba3f}
01-10 14:30:46.925  2121  2121 I TelecomFramework: TelecomAccountRegistry: Unregistering phone account ComponentInfo{com.android.phone/com.android.services.telephony.TelephonyConnectionService}, ***, UserHandle{0}.
01-10 14:30:46.954  1759  2065 I Telecom : CallsManager: Sending phone-account ComponentInfo{com.android.phone/com.android.services.telephony.TelephonyConnectionService}, ***, UserHandle{0} unregistered intent as user: TSI.uPA@AAs
01-10 14:30:46.984  2121  2121 I TelecomFramework: PstnIncomingCallNotifier: Unregistering: Handler (com.android.internal.telephony.GsmCdmaPhone) {370ba3f}
01-10 14:30:47.000  1930  2277 E ActivityThread: Failed to find provider info for com.android.contacts
01-10 14:30:47.002  1759  1759 E NotificationService: Muting recently noisy 0|com.android.server.telecom|1337|null|1000
01-10 14:30:47.053  1759  1759 E NotificationService: Muting recently noisy 0|com.android.server.telecom|1337|null|1000
01-10 14:30:47.117  1930  2258 E ActivityThread: Failed to find provider info for com.android.contacts
01-10 14:30:47.118  1759  2065 I Telecom : PhoneAccountRegistrar: Modify account: [ComponentInfo{com.android.phone/com.android.services.telephony.TelephonyConnectionService}, ***, UserHandle{0}]: TSI.rPA@AA0
01-10 14:30:47.148  2121  2121 I TelecomFramework: AccountEntry: Registered phoneAccount: [[ ] PhoneAccount: ComponentInfo{com.android.phone/com.android.services.telephony.TelephonyConnectionService}, ***, UserHandle{0} Capabilities: CallProvider MultiUser PlaceEmerg SimSub  Audio Routes: BESW Schemes: tel voicemail  Extras: Bundle[{android.telecom.extra.SUPPORTS_VIDEO_CALLING_FALLBACK=true}] GroupId: ***] with handle: ComponentInfo{com.android.phone/com.android.services.telephony.TelephonyConnectionService}, ***, UserHandle{0}
01-10 14:30:47.148  2121  2121 I TelecomFramework: PstnIncomingCallNotifier: Registering: Handler (com.android.internal.telephony.GsmCdmaPhone) {370ba3f}
01-10 14:30:47.255  1759  1759 E NotificationService: Muting recently noisy 0|com.android.server.telecom|1337|null|1000
01-10 14:30:47.433  1759  1882 D WifiService: New client listening to asynchronous messages
01-10 14:30:47.745  1922  2395 E ActivityThread: Failed to find provider info for com.android.contacts
01-10 14:30:48.011  2121  2121 I TelecomFramework: PstnPhoneCapabilitiesNotifier: handleVideoCapabilitesChanged. Video capability - false
01-10 14:30:48.047  2121  2121 I TelecomFramework: PstnPhoneCapabilitiesNotifier: handleVideoCapabilitesChanged. Video capability - false
01-10 14:30:48.283  1759  2085 I Telecom : PhoneAccountRegistrar: Modify account: [ComponentInfo{com.android.phone/com.android.services.telephony.TelephonyConnectionService}, ***, UserHandle{0}]: TSI.rPA@ABA
01-10 14:30:48.424  1759  1802 W WindowManager: Window freeze timeout expired.
01-10 14:30:48.426  1759  1802 W WindowManager: Force clearing orientation change: Window{c93104e u0 StatusBar}
01-10 14:30:48.637  2121  2121 D MccTable: updateMccMncConfiguration mccmnc='302780' fromServiceState=false
01-10 14:30:48.638  2121  2121 D MccTable: updateMccMncConfiguration defaultMccMnc=62120
01-10 14:30:48.638  2121  2121 D MccTable: updateMccMncConfiguration: mcc=302, mnc=780
01-10 14:30:48.638  2121  2121 D MccTable: updateMccMncConfiguration updateConfig config={0.0 302mcc780mnc ?localeList ?layoutDir ?swdp ?wdp ?hdp ?density ?lsize ?long ?ldr ?wideColorGamut ?orien ?uimode ?night ?touch ?keyb/?/? ?nav/? winConfig={ mBounds=Rect(0, 0 - 0, 0) mAppBounds=null mWindowingMode=undefined mActivityType=undefined}}
01-10 14:30:48.659  1759  1784 I ActivityManager: Config changes=3 {1.0 302mcc780mnc [en_US] ldltr sw600dp w1066dp h576dp 240dpi lrg long land finger qwerty/v/v -nav/h winConfig={ mBounds=Rect(0, 0 - 0, 0) mAppBounds=Rect(0, 0 - 1600, 900) mWindowingMode=fullscreen mActivityType=undefined} s.6}
01-10 14:30:48.703  1759  1784 I ActivityManager: Override config changes=3 {1.0 302mcc780mnc [en_US] ldltr sw600dp w1066dp h576dp 240dpi lrg long land finger qwerty/v/v -nav/h winConfig={ mBounds=Rect(0, 0 - 1600, 900) mAppBounds=Rect(0, 0 - 1600, 900) mWindowingMode=fullscreen mActivityType=undefined} s.6} for displayId=0
01-10 14:30:49.050  1759  1802 I WindowManager: ******* TELLING SURFACE FLINGER WE ARE BOOTED!
01-10 14:30:49.081  1759  1802 W ActivityManager: Unable to mark boot complete for abi: arm64-v8a (android.os.ServiceSpecificException: Failed to unlink /data//dalvik-cache/arm64/.booting (code 2))
01-10 14:30:49.082  1759  1802 W ActivityManager: Unable to mark boot complete for abi: armeabi-v7a (android.os.ServiceSpecificException: Failed to unlink /data//dalvik-cache/arm/.booting (code 2))
01-10 14:30:49.082  1759  1802 I SystemServiceManager: Starting phase 1000
01-10 14:30:49.102  1759  1800 I UsbDeviceManager: Setting USB config to mtp
01-10 14:30:49.157  1759  1802 W SystemServiceManager: Service com.android.server.SensorNotificationService took 60 ms in onBootPhase
01-10 14:30:49.165  1759  1802 D ActivityManager: Finishing user boot 0
01-10 14:30:49.170  1759  1802 I ActivityManager: User 0 state changed from BOOTING to RUNNING_LOCKED
01-10 14:30:49.193  1759  1802 D ActivityManager: Started unlocking user 0
01-10 14:30:49.194  1759  1802 D ActivityManager: Unlocking user 0 progress 0
01-10 14:30:49.194  1759  1802 D ActivityManager: Unlocking user 0 progress 5
01-10 14:30:49.197  1352  1363 D vold    : e4crypt_prepare_user_storage for volume null, user 0, serial 0, flags 2
01-10 14:30:49.197  1352  1363 D vold    : Preparing: /data/system_ce/0
01-10 14:30:49.197  1352  1363 D vold    : Preparing: /data/misc_ce/0
01-10 14:30:49.197  1352  1363 D vold    : Preparing: /data/vendor_ce/0
01-10 14:30:49.203  1352  1363 D vold    : Preparing: /data/media/0
01-10 14:30:49.204  1352  1363 D vold    : Preparing: /data/data
01-10 14:30:49.204  1352  1363 V vold    : Starting restorecon of /data/system_ce/0
01-10 14:30:49.207  1352  1363 V vold    : Finished restorecon of /data/system_ce/0
01-10 14:30:49.207  1352  1363 V vold    : Starting restorecon of /data/misc_ce/0
01-10 14:30:49.209  1352  1363 V vold    : Finished restorecon of /data/misc_ce/0
01-10 14:30:49.209  1352  1363 V vold    : /system/bin/vold_prepare_subdirs
01-10 14:30:49.209  1352  1363 V vold    :     prepare
01-10 14:30:49.209  1352  1363 V vold    :     
01-10 14:30:49.209  1352  1363 V vold    :     0
01-10 14:30:49.209  1352  1363 V vold    :     2
01-10 14:30:49.237  1759  1800 V UserDataPreparer: Found /data/user/0 with serial number 0
01-10 14:30:49.237  1759  1800 V UserDataPreparer: Found /data/system_ce/0 with serial number 0
01-10 14:30:49.238  1759  1800 D UserDataPreparer: Setting property: sys.user.0.ce_available=true
01-10 14:30:49.238  1759  1800 V PackageManager: reconcileAppsData for null u0 0x2 migrateAppData=false
01-10 14:30:49.248  2121  2121 I TelecomFramework: PstnIncomingCallNotifier: Unregistering: Handler (com.android.internal.telephony.GsmCdmaPhone) {370ba3f}
01-10 14:30:49.287  1759  1885 E WifiP2pService: Unhandled message { when=0 what=131203 target=com.android.internal.util.StateMachine$SmHandler }
01-10 14:30:49.349  1759  1795 I ActivityManager: Start proc 2417:com.google.android.gms/u0a24 for service com.google.android.gms/.chimera.GmsIntentOperationService
01-10 14:30:49.414  2121  2255 D MccTable: updateMccMncConfiguration mccmnc='62120' fromServiceState=false
01-10 14:30:49.417  2121  2255 D MccTable: updateMccMncConfiguration defaultMccMnc=62120
01-10 14:30:49.417  2121  2255 D MccTable: updateMccMncConfiguration: mcc=621, mnc=20
01-10 14:30:49.417  2121  2255 D MccTable: updateMccMncConfiguration updateConfig config={0.0 621mcc20mnc ?localeList ?layoutDir ?swdp ?wdp ?hdp ?density ?lsize ?long ?ldr ?wideColorGamut ?orien ?uimode ?night ?touch ?keyb/?/? ?nav/? winConfig={ mBounds=Rect(0, 0 - 0, 0) mAppBounds=null mWindowingMode=undefined mActivityType=undefined}}
01-10 14:30:49.442  1759  2065 I ActivityManager: Config changes=3 {1.0 621mcc20mnc [en_US] ldltr sw600dp w1066dp h576dp 240dpi lrg long land finger qwerty/v/v -nav/h winConfig={ mBounds=Rect(0, 0 - 0, 0) mAppBounds=Rect(0, 0 - 1600, 900) mWindowingMode=fullscreen mActivityType=undefined} s.7}
01-10 14:30:49.443  1759  2065 I ActivityManager: Override config changes=3 {1.0 621mcc20mnc [en_US] ldltr sw600dp w1066dp h576dp 240dpi lrg long land finger qwerty/v/v -nav/h winConfig={ mBounds=Rect(0, 0 - 1600, 900) mAppBounds=Rect(0, 0 - 1600, 900) mWindowingMode=fullscreen mActivityType=undefined} s.7} for displayId=0
01-10 14:30:49.587  1759  2065 I Telecom : PhoneAccountRegistrar: Modify account: [ComponentInfo{com.android.phone/com.android.services.telephony.TelephonyConnectionService}, ***, UserHandle{0}]: TSI.rPA@ABE
01-10 14:30:49.631  2121  2121 I TelecomFramework: AccountEntry: Registered phoneAccount: [[ ] PhoneAccount: ComponentInfo{com.android.phone/com.android.services.telephony.TelephonyConnectionService}, ***, UserHandle{0} Capabilities: CallProvider MultiUser PlaceEmerg SimSub  Audio Routes: BESW Schemes: tel voicemail  Extras: Bundle[{android.telecom.extra.SUPPORTS_VIDEO_CALLING_FALLBACK=true}] GroupId: ***] with handle: ComponentInfo{com.android.phone/com.android.services.telephony.TelephonyConnectionService}, ***, UserHandle{0}
01-10 14:30:49.637  2121  2121 I TelecomFramework: PstnIncomingCallNotifier: Registering: Handler (com.android.internal.telephony.GsmCdmaPhone) {370ba3f}
01-10 14:30:49.710  2121  2121 I TelecomFramework: PstnIncomingCallNotifier: Unregistering: Handler (com.android.internal.telephony.GsmCdmaPhone) {370ba3f}
01-10 14:30:50.136  1759  1835 W ActivityManager: Unable to start service Intent { act=com.google.android.chimera.BoundService.START dat=chimera-action:com.google.android.gms.phenotype.service.START cmp=com.google.android.gms/.chimera.PersistentApiService } U=0: not found
01-10 14:30:50.141  1759  1784 W ActivityManager: Unbind failed: could not find connection for android.os.BinderProxy@203b8a8
01-10 14:30:50.176  1759  1848 I Telecom : PhoneAccountRegistrar: New phone account registered: [[ ] PhoneAccount: ComponentInfo{com.android.phone/com.android.services.telephony.TelephonyConnectionService}, ***, UserHandle{0} Capabilities: CallProvider MultiUser PlaceEmerg SimSub  Audio Routes: BESW Schemes: tel voicemail  Extras: Bundle[mParcelledData.dataSize=124] GroupId: ***]: TSI.rPA@ABQ
01-10 14:30:50.289  2121  2255 D MccTable: updateMccMncConfiguration mccmnc='62120' fromServiceState=false
01-10 14:30:50.296  2121  2255 D MccTable: updateMccMncConfiguration defaultMccMnc=62120
01-10 14:30:50.296  2121  2255 D MccTable: updateMccMncConfiguration: mcc=621, mnc=20
01-10 14:30:50.297  2121  2255 D MccTable: updateMccMncConfiguration updateConfig config={0.0 621mcc20mnc ?localeList ?layoutDir ?swdp ?wdp ?hdp ?density ?lsize ?long ?ldr ?wideColorGamut ?orien ?uimode ?night ?touch ?keyb/?/? ?nav/? winConfig={ mBounds=Rect(0, 0 - 0, 0) mAppBounds=null mWindowingMode=undefined mActivityType=undefined}}
01-10 14:30:50.328  1759  1848 I Telecom : CallsManager: Sending phone-account ComponentInfo{com.android.phone/com.android.services.telephony.TelephonyConnectionService}, ***, UserHandle{0} registered intent as user: TSI.rPA@ABQ
01-10 14:30:50.332  1592  1592 E wificond: Received error messsage: Operation not supported on transport endpoint
01-10 14:30:50.332  1592  1592 E wificond: NL80211_CMD_ABORT_SCAN failed
01-10 14:30:50.332  1592  1592 W wificond: Abort scan failed
01-10 14:30:50.351  1759  1759 E NotificationService: Muting recently noisy 0|com.android.server.telecom|1337|null|1000
01-10 14:30:50.363  2121  2121 I TelecomFramework: AccountEntry: Registered phoneAccount: [[ ] PhoneAccount: ComponentInfo{com.android.phone/com.android.services.telephony.TelephonyConnectionService}, ***, UserHandle{0} Capabilities: CallProvider MultiUser PlaceEmerg SimSub  Audio Routes: BESW Schemes: tel voicemail  Extras: Bundle[{android.telecom.extra.SUPPORTS_VIDEO_CALLING_FALLBACK=true}] GroupId: ***] with handle: ComponentInfo{com.android.phone/com.android.services.telephony.TelephonyConnectionService}, ***, UserHandle{0}
01-10 14:30:50.363  2121  2121 I TelecomFramework: PstnIncomingCallNotifier: Registering: Handler (com.android.internal.telephony.GsmCdmaPhone) {370ba3f}
01-10 14:30:50.411  2121  2121 I TelecomFramework: TelecomAccountRegistry: Unregistering phone account ComponentInfo{com.android.phone/com.android.services.telephony.TelephonyConnectionService}, ***, UserHandle{0}.
01-10 14:30:50.447  1759  1759 E NotificationService: Muting recently noisy 0|com.android.server.telecom|1337|null|1000
01-10 14:30:50.508  1759  1835 I Telecom : CallsManager: Sending phone-account ComponentInfo{com.android.phone/com.android.services.telephony.TelephonyConnectionService}, ***, UserHandle{0} unregistered intent as user: TSI.uPA@ABY
01-10 14:30:50.613  1759  1759 E NotificationService: Muting recently noisy 0|com.android.server.telecom|1337|null|1000
01-10 14:30:50.747  1759  1800 V PackageManager: reconcileAppsData finished 109 packages
01-10 14:30:50.747  1759  1800 I ActivityManager: User 0 state changed from RUNNING_LOCKED to RUNNING_UNLOCKING
01-10 14:30:50.748  1759  1800 D ActivityManager: Unlocking user 0 progress 20
01-10 14:30:50.748  1759  1800 W Looper  : Slow dispatch took 1553ms android.fg h=android.os.Handler c=com.android.server.am.-$$Lambda$UserController$o6oQFjGYYIfx-I94cSakTLPLt6s@4b9324d m=0
01-10 14:30:50.748  1759  1793 I SystemServiceManager: Calling onUnlockUser u0
01-10 14:30:50.748  1759  1800 W Looper  : Slow delivery took 1553ms android.fg h=android.os.Handler c=com.android.server.am.-$$Lambda$UserController$qvHU3An7LT0SKBclx4I2epe4KYI@4bc1102 m=0
01-10 14:30:50.752  1759  1793 D BluetoothManagerService: User 0 unlocked
01-10 14:30:50.752  1759  1801 D BluetoothManagerService: MESSAGE_USER_UNLOCKED
01-10 14:30:50.754  1759  1793 D StorageManagerService: onUnlockUser 0
01-10 14:30:50.759  1352  1363 D vold    : Linking /storage/emulated/0 to /mnt/user/0/primary
01-10 14:30:50.780  1759  1873 D StorageManagerService: Volume emulated broadcasting mounted to UserHandle{0}
01-10 14:30:50.797  1759  1793 W TextServicesManagerService: no available spell checker services found
01-10 14:30:50.834  1759  1886 W DnsManager: updatePrivateDns(100, PrivateDnsConfig{true:/[]})
01-10 14:30:50.839  1759  1886 D DnsManager: setDnsConfigurationForNetwork(100, [192.168.1.1, 8.8.8.8, 8.8.4.4], [home], [1800, 25, 8, 64], , [192.168.1.1, 8.8.8.8, 8.8.4.4])
01-10 14:30:50.907  1759  1886 D DnsManager: setDnsConfigurationForNetwork(100, [192.168.1.1, 8.8.8.8, 8.8.4.4], [home], [1800, 25, 8, 64], , [192.168.1.1, 8.8.8.8, 8.8.4.4])
01-10 14:30:50.931  1759  1793 W SystemServiceManager: Service com.android.server.midi.MidiService$Lifecycle took 127 ms in onUnlockUser 
01-10 14:30:50.932  1759  1800 W Looper  : Drained
01-10 14:30:50.935  1759  2500 V BackupManagerService: Starting with transport android/com.android.internal.backup.LocalTransport
01-10 14:30:50.959  1759  1793 W VoiceInteractionManagerService: no available voice interaction services found for user 0
01-10 14:30:50.959  1759  1793 W VoiceInteractionManagerService: no available voice recognition services found for user 0
01-10 14:30:50.980  1759  1759 W Looper  : Slow dispatch took 227ms main h=android.os.Handler c=null m=5000
01-10 14:30:50.984  1759  1759 W Looper  : Slow delivery took 208ms main h=android.os.Handler c=com.android.server.locksettings.LockSettingsService$1@21d9e03 m=0
01-10 14:30:50.995  1759  1793 W SystemServiceManager: Service com.android.server.voiceinteraction.VoiceInteractionManagerService took 61 ms in onUnlockUser 
01-10 14:30:51.002  1759  1793 I ActivityManager: User 0 state changed from RUNNING_UNLOCKING to RUNNING_UNLOCKED
01-10 14:30:51.002  1759  1793 D SystemServerTiming: SystemUserUnlock took to complete: 1808ms
01-10 14:30:51.058  1759  1784 W ActivityManager: Slow operation: 62ms so far, now at getContentProviderImpl: after start process
01-10 14:30:51.058  1759  1784 W ActivityManager: Slow operation: 62ms so far, now at getContentProviderImpl: updating data structures
01-10 14:30:51.058  1759  1784 W ActivityManager: Slow operation: 62ms so far, now at getContentProviderImpl: done!
01-10 14:30:51.117  1759  1794 W Looper  : Slow dispatch took 156ms android.ui h=com.android.server.am.ActivityManagerService$UiHandler c=null m=53
01-10 14:30:51.118  1759  1759 W Looper  : Slow dispatch took 133ms main h=com.android.server.job.JobSchedulerService$JobHandler c=null m=1
01-10 14:30:51.135  1759  1797 E BatteryExternalStatsWorker: no controller energy info supplied for wifi
01-10 14:30:51.136  1759  1797 E KernelWakelockReader: neither /proc/wakelocks nor /d/wakeup_sources exists
01-10 14:30:51.143  1759  1797 W BatteryStatsImpl: Couldn't get kernel wake lock stats
01-10 14:30:51.209  1759  1800 I ActivityManager: Loading recents for user 0 into memory.
01-10 14:30:51.227  1759  1800 W Looper  : Slow dispatch took 225ms android.fg h=android.os.Handler c=com.android.server.am.-$$Lambda$UserController$dpKWakbnwonBpCp5_FOiINcMU6s@7572861 m=0
01-10 14:30:51.319  1759  1795 W ActivityManager: Slow operation: 288ms so far, now at startProcess: asking zygote to start proc
01-10 14:30:51.319  1759  1759 W Looper  : Drained
01-10 14:30:51.323  1759  2500 E BackupPasswordManager: Unable to read backup pw version
01-10 14:30:51.323  1759  2500 E BackupPasswordManager: Unable to read saved backup pw hash
01-10 14:30:51.340  1759  1794 W Looper  : Slow dispatch took 189ms android.ui h=com.android.server.am.ActivityManagerService$UiHandler c=null m=53
01-10 14:30:51.353  1759  1795 W ActivityManager: Slow operation: 322ms so far, now at startProcess: returned from zygote!
01-10 14:30:51.423  1759  1795 W ActivityManager: Slow operation: 392ms so far, now at startProcess: done updating battery stats
01-10 14:30:51.429  1759  1795 W ActivityManager: Slow operation: 399ms so far, now at startProcess: building log message
01-10 14:30:51.429  1759  1795 I ActivityManager: Start proc 2506:com.google.process.gapps/u0a24 for content provider com.google.android.gsf/.gservices.GservicesProvider
01-10 14:30:51.429  1759  1795 W ActivityManager: Slow operation: 399ms so far, now at startProcess: starting to update pids map
01-10 14:30:51.429  1759  1795 W ActivityManager: Slow operation: 399ms so far, now at startProcess: done updating pids map
01-10 14:30:51.429  1759  1795 W ActivityManager: Slow operation: 266ms so far, now at startProcess: asking zygote to start proc
01-10 14:30:51.441  1759  1795 W ActivityManager: Slow operation: 277ms so far, now at startProcess: returned from zygote!
01-10 14:30:51.489  1759  1795 W ActivityManager: Slow operation: 325ms so far, now at startProcess: done updating battery stats
01-10 14:30:51.500  1759  1795 W ActivityManager: Slow operation: 337ms so far, now at startProcess: building log message
01-10 14:30:51.501  1759  1795 I ActivityManager: Start proc 2517:com.android.se/1068 for added application com.android.se
01-10 14:30:51.501  1759  1795 W ActivityManager: Slow operation: 337ms so far, now at startProcess: starting to update pids map
01-10 14:30:51.501  1759  1795 W ActivityManager: Slow operation: 337ms so far, now at startProcess: done updating pids map
01-10 14:30:51.501  1759  1795 W ActivityManager: Slow operation: 319ms so far, now at startProcess: asking zygote to start proc
01-10 14:30:51.513  1759  1795 W ActivityManager: Slow operation: 331ms so far, now at startProcess: returned from zygote!
01-10 14:30:51.644  1759  2500 V ProcessedPackagesJournal:    + com.google.android.tts
01-10 14:30:51.644  1759  2500 V ProcessedPackagesJournal:    + com.android.providers.settings
01-10 14:30:51.644  1759  2500 V ProcessedPackagesJournal:    + com.android.documentsui
01-10 14:30:51.644  1759  2500 V ProcessedPackagesJournal:    + com.google.android.play.games
01-10 14:30:51.644  1759  2500 V ProcessedPackagesJournal:    + android
01-10 14:30:51.644  1759  2500 V ProcessedPackagesJournal:    + com.android.vending
01-10 14:30:51.644  1759  2500 V ProcessedPackagesJournal:    + com.google.android.apps.docs
01-10 14:30:51.644  1759  2500 V ProcessedPackagesJournal:    + com.android.providers.userdictionary
01-10 14:30:51.644  1759  2500 V ProcessedPackagesJournal:    + com.android.chrome
01-10 14:30:51.644  1759  2500 V ProcessedPackagesJournal:    + com.android.wallpaperbackup
01-10 14:30:51.644  1759  2500 V ProcessedPackagesJournal:    + com.android.providers.telephony
01-10 14:30:51.644  1759  2500 V ProcessedPackagesJournal:    + com.whatsapp
01-10 14:30:51.644  1759  2500 V ProcessedPackagesJournal:    + com.google.android.GoogleCamera
01-10 14:30:51.644  1759  2500 V ProcessedPackagesJournal:    + com.snapchat.android
01-10 14:30:51.730  1759  1795 W ActivityManager: Slow operation: 548ms so far, now at startProcess: done updating battery stats
01-10 14:30:51.742  1759  1795 W ActivityManager: Slow operation: 560ms so far, now at startProcess: building log message
01-10 14:30:51.742  1759  1795 I ActivityManager: Start proc 2533:com.android.coreservice/1000 for added application com.android.coreservice
01-10 14:30:51.742  1759  1795 W ActivityManager: Slow operation: 560ms so far, now at startProcess: starting to update pids map
01-10 14:30:51.742  1759  1795 W ActivityManager: Slow operation: 560ms so far, now at startProcess: done updating pids map
01-10 14:30:51.742  1759  1795 W ActivityManager: Slow operation: 452ms so far, now at startProcess: asking zygote to start proc
01-10 14:30:51.758  1759  1795 W ActivityManager: Slow operation: 468ms so far, now at startProcess: returned from zygote!
01-10 14:30:51.758  1759  1886 D DnsManager: setDnsConfigurationForNetwork(100, [192.168.1.1, 8.8.8.8, 8.8.4.4], [home], [1800, 25, 8, 64], , [192.168.1.1, 8.8.8.8, 8.8.4.4])
01-10 14:30:44.035  1759  1848 W ActivityManager: Slow operation: 76ms so far, now at getContentProviderImpl: after start process
01-10 14:30:44.035  1759  1848 W ActivityManager: Slow operation: 76ms so far, now at getContentProviderImpl: updating data structures
01-10 14:30:44.035  1759  1848 W ActivityManager: Slow operation: 76ms so far, now at getContentProviderImpl: done!
01-10 14:30:44.057  1759  1795 W ActivityManager: Slow operation: 629ms so far, now at startProcess: done updating battery stats
01-10 14:30:44.057  1759  1795 W ActivityManager: Slow operation: 629ms so far, now at startProcess: building log message
01-10 14:30:44.057  1759  1795 I ActivityManager: Start proc 2552:com.android.printspooler/u0a56 for service com.android.printspooler/.model.PrintSpoolerService
01-10 14:30:44.057  1759  1795 W ActivityManager: Slow operation: 629ms so far, now at startProcess: starting to update pids map
01-10 14:30:44.057  1759  1795 W ActivityManager: Slow operation: 629ms so far, now at startProcess: done updating pids map
01-10 14:30:44.068  1759  1795 W ActivityManager: Slow operation: 54ms so far, now at startProcess: returned from zygote!
01-10 14:30:44.117  1759  1793 I AppWidgetServiceImpl: Processing of handleUserUnlocked u0 took 769 ms
01-10 14:30:44.117  1759  1793 I ActivityManager: Sending BOOT_COMPLETE user #0
01-10 14:30:44.125  1759  1795 W ActivityManager: Slow operation: 111ms so far, now at startProcess: done updating battery stats
01-10 14:30:44.125  1759  1795 W ActivityManager: Slow operation: 111ms so far, now at startProcess: building log message
01-10 14:30:44.125  1759  1795 I ActivityManager: Start proc 2569:android.process.acore/u0a5 for content provider com.android.providers.contacts/.ContactsProvider2
01-10 14:30:44.125  1759  1795 W ActivityManager: Slow operation: 112ms so far, now at startProcess: starting to update pids map
01-10 14:30:44.125  1759  1795 W ActivityManager: Slow operation: 112ms so far, now at startProcess: done updating pids map
01-10 14:30:44.180  1759  2285 V FingerprintService: mDaemon was null, reconnect to fingerprint
01-10 14:30:44.182  1759  2285 W FingerprintService: fingerprint HIDL not available
01-10 14:30:44.199  1759  1793 W BroadcastQueue: Background execution not allowed: receiving Intent { act=android.intent.action.DROPBOX_ENTRY_ADDED flg=0x10 (has extras) } to com.google.android.gms/.stats.service.DropBoxEntryAddedReceiver
01-10 14:30:44.235  1759  1794 W Looper  : Slow dispatch took 160ms android.ui h=com.android.server.am.ActivityManagerService$UiHandler c=null m=53
01-10 14:30:44.247  1759  1759 I SyncManager: Loaded persisted syncs: 8 periodic syncs, 0 oneshot syncs, 17 total system server jobs, JobStats: FirstLoad: 14/10/8 LastSave: -1/-1/-1
