01-10 14:32:15.546  4454  4454 E AndroidRuntime: 	at androidx.compose.ui.node.OwnerSnapshotObserver.observeMeasureSnapshotReads$ui_release(OwnerSnapshotObserver.kt:113)
01-10 14:32:15.546  4454  4454 E AndroidRuntime: 	at androidx.compose.ui.node.LayoutNodeLayoutDelegate.performMeasure-BRTryo0(LayoutNodeLayoutDelegate.kt:1617)
01-10 14:32:15.547  4454  4454 E AndroidRuntime: 	at androidx.compose.ui.node.LayoutNodeLayoutDelegate.access$performMeasure-BRTryo0(LayoutNodeLayoutDelegate.kt:36)
01-10 14:32:15.547  4454  4454 E AndroidRuntime: 	at androidx.compose.ui.node.LayoutNodeLayoutDelegate$MeasurePassDelegate.remeasure-BRTryo0(LayoutNodeLayoutDelegate.kt:620)
01-10 14:32:15.547  4454  4454 E AndroidRuntime: 	at androidx.compose.ui.node.LayoutNodeLayoutDelegate$MeasurePassDelegate.measure-BRTryo0(LayoutNodeLayoutDelegate.kt:596)
01-10 14:32:15.547  4454  4454 E AndroidRuntime: 	at androidx.compose.foundation.layout.BoxMeasurePolicy.measure-3p2s80s(Box.kt:122)
01-10 14:32:15.547  4454  4454 E AndroidRuntime: 	at androidx.compose.ui.node.InnerNodeCoordinator.measure-BRTryo0(InnerNodeCoordinator.kt:126)
01-10 14:32:15.547  4454  4454 E AndroidRuntime: 	at androidx.compose.foundation.layout.PaddingValuesModifier.measure-3p2s80s(Padding.kt:455)
01-10 14:32:15.547  4454  4454 E AndroidRuntime: 	at androidx.compose.ui.node.LayoutModifierNodeCoordinator.measure-BRTryo0(LayoutModifierNodeCoordinator.kt:116)
01-10 14:32:15.547  4454  4454 E AndroidRuntime: 	at androidx.compose.foundation.layout.FillNode.measure-3p2s80s(Size.kt:699)
01-10 14:32:15.547  4454  4454 E AndroidRuntime: 	at androidx.compose.ui.node.LayoutModifierNodeCoordinator.measure-BRTryo0(LayoutModifierNodeCoordinator.kt:116)
01-10 14:32:15.547  4454  4454 E AndroidRuntime: 	at androidx.compose.ui.node.LayoutNodeLayoutDelegate$performMeasureBlock$1.invoke(LayoutNodeLayoutDelegate.kt:252)
01-10 14:32:15.547  4454  4454 E AndroidRuntime: 	at androidx.compose.ui.node.LayoutNodeLayoutDelegate$performMeasureBlock$1.invoke(LayoutNodeLayoutDelegate.kt:251)
01-10 14:32:15.547  4454  4454 E AndroidRuntime: 	at androidx.compose.runtime.snapshots.Snapshot$Companion.observe(Snapshot.kt:2303)
01-10 14:32:15.547  4454  4454 E AndroidRuntime: 	at androidx.compose.runtime.snapshots.SnapshotStateObserver$ObservedScopeMap.observe(SnapshotStateObserver.kt:500)
01-10 14:32:15.547  4454  4454 E AndroidRuntime: 	at androidx.compose.runtime.snapshots.SnapshotStateObserver.observeReads(SnapshotStateObserver.kt:256)
01-10 14:32:15.547  4454  4454 E AndroidRuntime: 	at androidx.compose.ui.node.OwnerSnapshotObserver.observeReads$ui_release(OwnerSnapshotObserver.kt:133)
01-10 14:32:15.547  4454  4454 E AndroidRuntime: 	at androidx.compose.ui.node.OwnerSnapshotObserver.observeMeasureSnapshotReads$ui_release(OwnerSnapshotObserver.kt:113)
01-10 14:32:15.547  4454  4454 E AndroidRuntime: 	at androidx.compose.ui.node.LayoutNodeLayoutDelegate.performMeasure-BRTryo0(LayoutNodeLayoutDelegate.kt:1617)
01-10 14:32:15.547  4454  4454 E AndroidRuntime: 	at androidx.compose.ui.node.LayoutNodeLayoutDelegate.access$performMeasure-BRTryo0(LayoutNodeLayoutDelegate.kt:36)
01-10 14:32:15.547  4454  4454 E AndroidRuntime: 	at androidx.compose.ui.node.LayoutNodeLayoutDelegate$MeasurePassDelegate.remeasure-BRTryo0(LayoutNodeLayoutDelegate.kt:620)
01-10 14:32:15.547  4454  4454 E AndroidRuntime: 	at androidx.compose.ui.node.LayoutNodeLayoutDelegate$MeasurePassDelegate.measure-BRTryo0(LayoutNodeLayoutDelegate.kt:596)
01-10 14:32:15.547  4454  4454 E AndroidRuntime: 	at androidx.compose.material3.ScaffoldKt$ScaffoldLayoutWithMeasureFix$1$1.invoke-0kLqBqw(Scaffold.kt:304)
01-10 14:32:15.547  4454  4454 E AndroidRuntime: 	at androidx.compose.material3.ScaffoldKt$ScaffoldLayoutWithMeasureFix$1$1.invoke(Scaffold.kt:179)
01-10 14:32:15.547  4454  4454 E AndroidRuntime: 	at androidx.compose.ui.layout.LayoutNodeSubcompositionsState$createMeasurePolicy$1.measure-3p2s80s(SubcomposeLayout.kt:709)
01-10 14:32:15.547  4454  4454 E AndroidRuntime: 	at androidx.compose.ui.node.InnerNodeCoordinator.measure-BRTryo0(InnerNodeCoordinator.kt:126)
01-10 14:32:15.547  4454  4454 E AndroidRuntime: 	at androidx.compose.ui.node.LayoutNodeLayoutDelegate$performMeasureBlock$1.invoke(LayoutNodeLayoutDelegate.kt:252)
01-10 14:32:15.547  4454  4454 E AndroidRuntime: 	at androidx.compose.ui.node.LayoutNodeLayoutDelegate$performMeasureBlock$1.invoke(LayoutNodeLayoutDelegate.kt:251)
01-10 14:32:15.547  4454  4454 E AndroidRuntime: 	at androidx.compose.runtime.snapshots.Snapshot$Companion.observe(Snapshot.kt:2303)
01-10 14:32:15.547  4454  4454 E AndroidRuntime: 	at androidx.compose.runtime.snapshots.SnapshotStateObserver$ObservedScopeMap.observe(SnapshotStateObserver.kt:500)
01-10 14:32:15.547  4454  4454 E AndroidRuntime: 	at androidx.compose.runtime.snapshots.SnapshotStateObserver.observeReads(SnapshotStateObserver.kt:256)
01-10 14:32:15.547  4454  4454 E AndroidRuntime: 	at androidx.compose.ui.node.OwnerSnapshotObserver.observeReads$ui_release(OwnerSnapshotObserver.kt:133)
01-10 14:32:15.547  4454  4454 E AndroidRuntime: 	at androidx.compose.ui.node.OwnerSnapshotObserver.observeMeasureSnapshotReads$ui_release(OwnerSnapshotObserver.kt:113)
01-10 14:32:15.547  4454  4454 E AndroidRuntime: 	at androidx.compose.ui.node.LayoutNodeLayoutDelegate.performMeasure-BRTryo0(LayoutNodeLayoutDelegate.kt:1617)
01-10 14:32:15.547  4454  4454 E AndroidRuntime: 	at androidx.compose.ui.node.LayoutNodeLayoutDelegate.access$performMeasure-BRTryo0(LayoutNodeLayoutDelegate.kt:36)
01-10 14:32:15.547  4454  4454 E AndroidRuntime: 	at androidx.compose.ui.node.LayoutNodeLayoutDelegate$MeasurePassDelegate.remeasure-BRTryo0(LayoutNodeLayoutDelegate.kt:620)
01-10 14:32:15.547  4454  4454 E AndroidRuntime: 	at androidx.compose.ui.node.LayoutNode.remeasure-_Sx5XlM$ui_release(LayoutNode.kt:1145)
01-10 14:32:15.547  4454  4454 E AndroidRuntime: 	at androidx.compose.ui.node.LayoutNode.remeasure-_Sx5XlM$ui_release$default(LayoutNode.kt:1136)
01-10 14:32:15.547  4454  4454 E AndroidRuntime: 	at androidx.compose.ui.node.MeasureAndLayoutDelegate.doRemeasure-sdFAvZA(MeasureAndLayoutDelegate.kt:356)
01-10 14:32:15.548  4454  4454 E AndroidRuntime: 	at androidx.compose.ui.node.MeasureAndLayoutDelegate.remeasureAndRelayoutIfNeeded(MeasureAndLayoutDelegate.kt:514)
01-10 14:32:15.548  4454  4454 E AndroidRuntime: 	at androidx.compose.ui.node.MeasureAndLayoutDelegate.onlyRemeasureIfScheduled(MeasureAndLayoutDelegate.kt:598)
01-10 14:32:15.548  4454  4454 E AndroidRuntime: 	at androidx.compose.ui.node.MeasureAndLayoutDelegate.forceMeasureTheSubtreeInternal(MeasureAndLayoutDelegate.kt:624)
01-10 14:32:15.548  4454  4454 E AndroidRuntime: 	at androidx.compose.ui.node.MeasureAndLayoutDelegate.forceMeasureTheSubtree(MeasureAndLayoutDelegate.kt:587)
01-10 14:32:15.548  4454  4454 E AndroidRuntime: 	at androidx.compose.ui.platform.AndroidComposeView.forceMeasureTheSubtree(AndroidComposeView.android.kt:993)
01-10 14:32:15.548  4454  4454 E AndroidRuntime: 	at androidx.compose.ui.node.Owner.forceMeasureTheSubtree$default(Owner.kt:239)
01-10 14:32:15.548  4454  4454 E AndroidRuntime: 	at androidx.compose.ui.node.LayoutNodeLayoutDelegate$MeasurePassDelegate.remeasure-BRTryo0(LayoutNodeLayoutDelegate.kt:632)
01-10 14:32:15.548  4454  4454 E AndroidRuntime: 	at androidx.compose.ui.node.LayoutNodeLayoutDelegate$MeasurePassDelegate.measure-BRTryo0(LayoutNodeLayoutDelegate.kt:596)
01-10 14:32:15.548  4454  4454 E AndroidRuntime: 	at androidx.compose.animation.AnimatedEnterExitMeasurePolicy.measure-3p2s80s(AnimatedVisibility.kt:851)
01-10 14:32:15.548  4454  4454 E AndroidRuntime: 	at androidx.compose.ui.node.InnerNodeCoordinator.measure-BRTryo0(InnerNodeCoordinator.kt:126)
01-10 14:32:15.548  4454  4454 E AndroidRuntime: 	at androidx.compose.animation.EnterExitTransitionModifierNode.measure-3p2s80s(EnterExitTransition.kt:1156)
01-10 14:32:15.548  4454  4454 E AndroidRuntime: 	at androidx.compose.ui.node.LayoutModifierNodeCoordinator.measure-BRTryo0(LayoutModifierNodeCoordinator.kt:116)
01-10 14:32:15.548  4454  4454 E AndroidRuntime: 	at androidx.compose.ui.graphics.SimpleGraphicsLayerModifier.measure-3p2s80s(GraphicsLayerModifier.kt:646)
01-10 14:32:15.548  4454  4454 E AndroidRuntime: 	at androidx.compose.ui.node.LayoutModifierNodeCoordinator.measure-BRTryo0(LayoutModifierNodeCoordinator.kt:116)
01-10 14:32:15.548  4454  4454 E AndroidRuntime: 	at androidx.compose.animation.AnimatedContentKt$AnimatedContent$6$1$1.invoke-3p2s80s(AnimatedContent.kt:733)
01-10 14:32:15.548  4454  4454 E AndroidRuntime: 	at androidx.compose.animation.AnimatedContentKt$AnimatedContent$6$1$1.invoke(AnimatedContent.kt:732)
01-10 14:32:15.548  4454  4454 E AndroidRuntime: 	at androidx.compose.ui.layout.LayoutModifierImpl.measure-3p2s80s(LayoutModifier.kt:294)
01-10 14:32:15.548  4454  4454 E AndroidRuntime: 	at androidx.compose.ui.node.LayoutModifierNodeCoordinator.measure-BRTryo0(LayoutModifierNodeCoordinator.kt:116)
01-10 14:32:15.548  4454  4454 E AndroidRuntime: 	at androidx.compose.ui.node.LayoutNodeLayoutDelegate$performMeasureBlock$1.invoke(LayoutNodeLayoutDelegate.kt:252)
01-10 14:32:15.548  4454  4454 E AndroidRuntime: 	at androidx.compose.ui.node.LayoutNodeLayoutDelegate$performMeasureBlock$1.invoke(LayoutNodeLayoutDelegate.kt:251)
01-10 14:32:15.548  4454  4454 E AndroidRuntime: 	at androidx.compose.runtime.snapshots.Snapshot$Companion.observe(Snapshot.kt:2303)
01-10 14:32:15.548  4454  4454 E AndroidRuntime: 	at androidx.compose.runtime.snapshots.SnapshotStateObserver$ObservedScopeMap.observe(SnapshotStateObserver.kt:500)
01-10 14:32:15.548  4454  4454 E AndroidRuntime: 	at androidx.compose.runtime.snapshots.SnapshotStateObserver.observeReads(SnapshotStateObserver.kt:256)
01-10 14:32:15.548  4454  4454 E AndroidRuntime: 	at androidx.compose.ui.node.OwnerSnapshotObserver.observeReads$ui_release(OwnerSnapshotObserver.kt:133)
01-10 14:32:15.548  4454  4454 E AndroidRuntime: 	at androidx.compose.ui.node.OwnerSnapshotObserver.observeMeasureSnapshotReads$ui_release(OwnerSnapshotObserver.kt:113)
01-10 14:32:15.548  4454  4454 E AndroidRuntime: 	at androidx.compose.ui.node.LayoutNodeLayoutDelegate.performMeasure-BRTryo0(LayoutNodeLayoutDelegate.kt:1617)
01-10 14:32:15.548  4454  4454 E AndroidRuntime: 	at androidx.compose.ui.node.LayoutNodeLayoutDelegate.access$performMeasure-BRTryo0(LayoutNodeLayoutDelegate.kt:36)
01-10 14:32:15.548  4454  4454 E AndroidRuntime: 	at androidx.compose.ui.node.LayoutNodeLayoutDelegate$MeasurePassDelegate.remeasure-BRTryo0(LayoutNodeLayoutDelegate.kt:620)
01-10 14:32:15.548  4454  4454 E AndroidRuntime: 	at androidx.compose.ui.node.LayoutNode.remeasure-_Sx5XlM$ui_release(LayoutNode.kt:1145)
01-10 14:32:15.548  4454  4454 E AndroidRuntime: 	at androidx.compose.ui.node.LayoutNode.remeasure-_Sx5XlM$ui_release$default(LayoutNode.kt:1136)
01-10 14:32:15.548  4454  4454 E AndroidRuntime: 	at androidx.compose.ui.node.MeasureAndLayoutDelegate.doRemeasure-sdFAvZA(MeasureAndLayoutDelegate.kt:356)
01-10 14:32:15.548  4454  4454 E AndroidRuntime: 	at androidx.compose.ui.node.MeasureAndLayoutDelegate.remeasureAndRelayoutIfNeeded(MeasureAndLayoutDelegate.kt:514)
01-10 14:32:15.548  4454  4454 E AndroidRuntime: 	at androidx.compose.ui.node.MeasureAndLayoutDelegate.remeasureAndRelayoutIfNeeded$default(MeasureAndLayoutDelegate.kt:491)
01-10 14:32:15.548  4454  4454 E AndroidRuntime: 	at androidx.compose.ui.node.MeasureAndLayoutDelegate.measureAndLayout(MeasureAndLayoutDelegate.kt:377)
01-10 14:32:15.548  4454  4454 E AndroidRuntime: 	at androidx.compose.ui.platform.AndroidComposeView.measureAndLayout(AndroidComposeView.android.kt:971)
01-10 14:32:15.548  4454  4454 E AndroidRuntime: 	at androidx.compose.ui.node.Owner.measureAndLayout$default(Owner.kt:228)
01-10 14:32:15.548  4454  4454 E AndroidRuntime: 	at androidx.compose.ui.platform.AndroidComposeView.dispatchDraw(AndroidComposeView.android.kt:1224)
01-10 14:32:15.549  4454  4454 E AndroidRuntime: 	at android.view.View.draw(View.java:20224)
01-10 14:32:15.549  4454  4454 E AndroidRuntime: 	at android.view.View.updateDisplayListIfDirty(View.java:19096)
01-10 14:32:15.549  4454  4454 E AndroidRuntime: 	at android.view.ViewGroup.recreateChildDisplayList(ViewGroup.java:4349)
01-10 14:32:15.549  4454  4454 E AndroidRuntime: 	at android.view.ViewGroup.dispatchGetDisplayList(ViewGroup.java:4322)
01-10 14:32:15.549  4454  4454 E AndroidRuntime: 	at android.view.View.updateDisplayListIfDirty(View.java:19056)
01-10 14:32:15.549  4454  4454 E AndroidRuntime: 	at android.view.ViewGroup.recreateChildDisplayList(ViewGroup.java:4349)
01-10 14:32:15.549  4454  4454 E AndroidRuntime: 	at android.view.ViewGroup.dispatchGetDisplayList(ViewGroup.java:4322)
01-10 14:32:15.549  4454  4454 E AndroidRuntime: 	at android.view.View.updateDisplayListIfDirty(View.java:19056)
01-10 14:32:15.549  4454  4454 E AndroidRuntime: 	at android.view.ViewGroup.recreateChildDisplayList(ViewGroup.java:4349)
01-10 14:32:15.549  4454  4454 E AndroidRuntime: 	at android.view.ViewGroup.dispatchGetDisplayList(ViewGroup.java:4322)
01-10 14:32:15.549  4454  4454 E AndroidRuntime: 	at android.view.View.updateDisplayListIfDirty(View.java:19056)
01-10 14:32:15.549  4454  4454 E AndroidRuntime: 	at android.view.ViewGroup.recreateChildDisplayList(ViewGroup.java:4349)
01-10 14:32:15.549  4454  4454 E AndroidRuntime: 	at android.view.ViewGroup.dispatchGetDisplayList(ViewGroup.java:4322)
01-10 14:32:15.549  4454  4454 E AndroidRuntime: 	at android.view.View.updateDisplayListIfDirty(View.java:19056)
01-10 14:32:15.549  4454  4454 E AndroidRuntime: 	at android.view.ThreadedRenderer.updateViewTreeDisplayList(ThreadedRenderer.java:686)
01-10 14:32:15.549  4454  4454 E AndroidRuntime: 	at android.view.ThreadedRenderer.updateRootDisplayList(ThreadedRenderer.java:692)
01-10 14:32:15.549  4454  4454 E AndroidRuntime: 	at android.view.ThreadedRenderer.draw(ThreadedRenderer.java:801)
01-10 14:32:15.549  4454  4454 E AndroidRuntime: 	at android.view.ViewRootImpl.draw(ViewRootImpl.java:3318)
01-10 14:32:15.549  4454  4454 E AndroidRuntime: 	at android.view.ViewRootImpl.performDraw(ViewRootImpl.java:3122)
01-10 14:32:15.549  4454  4454 E AndroidRuntime: 	at android.view.ViewRootImpl.performTraversals(ViewRootImpl.java:2481)
01-10 14:32:15.549  4454  4454 E AndroidRuntime: 	at android.view.ViewRootImpl.doTraversal(ViewRootImpl.java:1463)
01-10 14:32:15.549  4454  4454 E AndroidRuntime: 	at android.view.ViewRootImpl$TraversalRunnable.run(ViewRootImpl.java:7190)
01-10 14:32:15.549  4454  4454 E AndroidRuntime: 	at android.view.Choreographer$CallbackRecord.run(Choreographer.java:949)
01-10 14:32:15.549  4454  4454 E AndroidRuntime: 	at android.view.Choreographer.doCallbacks(Choreographer.java:761)
01-10 14:32:15.549  4454  4454 E AndroidRuntime: 	at android.view.Choreographer.doFrame(Choreographer.java:696)
01-10 14:32:15.549  4454  4454 E AndroidRuntime: 	at android.view.Choreographer$FrameDisplayEventReceiver.run(Choreographer.java:935)
01-10 14:32:15.549  4454  4454 E AndroidRuntime: 	at android.os.Handler.handleCallback(Handler.java:873)
01-10 14:32:15.549  4454  4454 E AndroidRuntime: 	at android.os.Handler.dispatchMessage(Handler.java:99)
01-10 14:32:15.549  4454  4454 E AndroidRuntime: 	at android.os.Looper.loop(Looper.java:193)
01-10 14:32:15.549  4454  4454 E AndroidRuntime: 	at android.app.ActivityThread.main(ActivityThread.java:6840)
01-10 14:32:15.549  4454  4454 E AndroidRuntime: 	at java.lang.reflect.Method.invoke(Native Method)
01-10 14:32:15.549  4454  4454 E AndroidRuntime: 	at com.android.internal.os.RuntimeInit$MethodAndArgsCaller.run(RuntimeInit.java:493)
01-10 14:32:15.549  4454  4454 E AndroidRuntime: 	at com.android.internal.os.ZygoteInit.main(ZygoteInit.java:860)
01-10 14:32:12.545  2533  2533 W ContextImpl: Calling a method in the system process without a qualified user: android.app.ContextImpl.startService:1531 android.content.ContextWrapper.startService:664 android.content.ContextWrapper.startService:664 com.android.coreservice.CoreBroadcastReceiver.onReceive:69 android.app.ActivityThread.handleReceiver:3424 
01-10 14:32:15.619  1759  2496 W ActivityManager:   Force finishing activity com.habittracker/.MainActivity
01-10 14:32:15.662  1759  1793 W BroadcastQueue: Background execution not allowed: receiving Intent { act=android.intent.action.DROPBOX_ENTRY_ADDED flg=0x10 (has extras) } to com.google.android.gms/.stats.service.DropBoxEntryAddedReceiver
01-10 14:32:15.673  1759  1792 I chatty  : uid=1000(system) android.bg expire 6 lines
01-10 14:32:15.674  4454  4454 W System.err: java.lang.Exception: call killProcess callstack! pid=4454
01-10 14:32:15.677  4454  4454 W System.err: 	at android.os.Process.killProcess(Process.java:915)
01-10 14:32:15.677  4454  4454 W System.err: 	at com.android.internal.os.RuntimeInit$KillApplicationHandler.uncaughtException(RuntimeInit.java:157)
01-10 14:32:15.677  4454  4454 W System.err: 	at java.lang.ThreadGroup.uncaughtException(ThreadGroup.java:1068)
01-10 14:32:15.677  4454  4454 W System.err: 	at java.lang.ThreadGroup.uncaughtException(ThreadGroup.java:1063)
01-10 14:32:15.677  4454  4454 W System.err: 	at java.lang.Thread.dispatchUncaughtException(Thread.java:1955)
01-10 14:32:15.678  4454  4454 I Process : Sending signal. PID: 4454 SIG: 9
01-10 14:32:15.686  2533  2533 W ContextImpl: Calling a method in the system process without a qualified user: android.app.ContextImpl.startService:1531 android.content.ContextWrapper.startService:664 android.content.ContextWrapper.startService:664 com.android.coreservice.CoreBroadcastReceiver.onReceive:53 android.app.ActivityThread.handleReceiver:3424 
01-10 14:32:15.714  1759  1870 I chatty  : uid=1000(system) InputDispatcher expire 2 lines
01-10 14:32:15.726  1517  1517 I Zygote  : Process 4454 exited due to signal (9)
01-10 14:32:15.727  1759  2959 I ActivityManager: Process com.habittracker (pid 4454) has died: vis  +99TOP 
01-10 14:32:15.735  1759  2538 I WindowManager: WIN DEATH: Window{1bd6d45 u0 com.habittracker/com.habittracker.MainActivity}
01-10 14:32:15.735  1759  1796 I chatty  : uid=1000(system) ActivityManager expire 2 lines
01-10 14:32:15.747  1759  2538 I chatty  : uid=1000(system) Binder:1759_C expire 1 line
01-10 14:32:15.765  1574  2401 W SurfaceFlinger: Attempting to set client state on removed layer: com.habittracker/com.habittracker.MainActivity#0
01-10 14:32:15.765  1574  2401 W SurfaceFlinger: Attempting to destroy on removed layer: com.habittracker/com.habittracker.MainActivity#0
01-10 14:32:15.858  1759  1802 W ActivityManager: setHasOverlayUi called on unknown pid: 4454
01-10 14:32:15.858  1759  1794 W Looper  : Slow dispatch took 120ms android.ui h=com.android.server.am.ActivityManagerService$UiHandler c=null m=53
01-10 14:32:15.871  2533  2533 W ContextImpl: Calling a method in the system process without a qualified user: android.app.ContextImpl.sendBroadcast:1020 android.content.ContextWrapper.sendBroadcast:449 com.android.coreservice.TabManager.notifyClosing:364 com.android.coreservice.TabManager.updateInner:191 com.android.coreservice.TabManager.onUpdate:226 
01-10 14:32:15.890  2533  2533 I CoreService: notifyClosing notify tab closed taskPackageName:com.habittracker
01-10 14:32:15.891  2533  2533 W ContextImpl: Calling a method in the system process without a qualified user: android.app.ContextImpl.startService:1531 android.content.ContextWrapper.startService:664 android.content.ContextWrapper.startService:664 com.android.coreservice.CoreBroadcastReceiver.onReceive:44 android.app.ActivityThread.handleReceiver:3424 
01-10 14:32:15.937  2533  2533 W ContextImpl: Calling a method in the system process without a qualified user: android.app.ContextImpl.startService:1531 android.content.ContextWrapper.startService:664 android.content.ContextWrapper.startService:664 com.android.coreservice.CoreBroadcastReceiver.onReceive:69 android.app.ActivityThread.handleReceiver:3424 
01-10 14:32:15.966  2533  2533 W ContextImpl: Calling a method in the system process without a qualified user: android.app.ContextImpl.startService:1531 android.content.ContextWrapper.startService:664 android.content.ContextWrapper.startService:664 com.android.coreservice.CoreBroadcastReceiver.onReceive:53 android.app.ActivityThread.handleReceiver:3424 
01-10 14:32:15.996  1542  1542 D gralloc_default: gralloc_alloc: Creating ashmem region of size 5763072, ignore more log...
01-10 14:32:16.032  2656  2806 E EGL_emulation: tid 2806: eglSurfaceAttrib(1493): error 0x3009 (EGL_BAD_MATCH)
01-10 14:32:16.032  2656  2806 W OpenGLRenderer: Failed to set EGL_SWAP_BEHAVIOR on surface 0x7fff51871000, error=EGL_BAD_MATCH
01-10 14:32:16.033  1542  1542 D gralloc_default: gralloc_alloc: Creating ashmem region of size 5763072, ignore more log...
01-10 14:32:16.019  1574  1574 I Binder:1574_3: type=1400 audit(0.0:792): avc: denied { read write } for path="/dev/fastpipe" dev="tmpfs" ino=6206 scontext=u:r:untrusted_app:s0:c44,c256,c512,c768 tcontext=u:object_r:device:s0 tclass=chr_file permissive=1
01-10 14:32:16.019  2656  2656 I RenderThread: type=1400 audit(0.0:793): avc: denied { ioctl } for path="/dev/fastpipe" dev="tmpfs" ino=6206 ioctlcmd=6869 scontext=u:r:untrusted_app:s0:c44,c256,c512,c768 tcontext=u:object_r:device:s0 tclass=chr_file permissive=1
01-10 14:32:16.019  2656  2656 W RenderThread: type=1300 audit(0.0:793): arch=c000003e syscall=16 success=yes exit=0 a0=37 a1=80046869 a2=7fff6ba3ba30 a3=10 items=0 ppid=1517 auid=4294967295 uid=10044 gid=10044 euid=10044 suid=10044 fsuid=10044 egid=10044 sgid=10044 fsgid=10044 tty=(none) ses=4294967295 exe="/system/bin/app_process64" subj=u:r:untrusted_app:s0:c44,c256,c512,c768 key=(null)
01-10 14:32:16.019  1359  1359 W auditd  : type=1327 audit(0.0:793): proctitle="com.ldmnq.launcher3"
01-10 14:32:16.019  1359  1359 W auditd  : type=1320 audit(0.0:793): 
01-10 14:32:16.066  1542  1542 D gralloc_default: gralloc_alloc: Creating ashmem region of size 5763072, ignore more log...
01-10 14:32:16.101  2533  2533 W ContextImpl: Calling a method in the system process without a qualified user: android.app.ContextImpl.startService:1531 android.content.ContextWrapper.startService:664 android.content.ContextWrapper.startService:664 com.android.coreservice.CoreBroadcastReceiver.onReceive:69 android.app.ActivityThread.handleReceiver:3424 
01-10 14:32:16.236  1759  1782 I chatty  : uid=1000(system) HeapTaskDaemon expire 1 line
01-10 14:32:16.346  1759  1780 I chatty  : uid=1000(system) FinalizerDaemon expire 55 lines
01-10 14:32:16.403  2417  2417 D BoundBrokerSvc: onUnbind: Intent { act=com.google.android.gms.audit.service.START dat=chimera-action: cmp=com.google.android.gms/.chimera.GmsBoundBrokerService }
01-10 14:32:16.616  2656  2806 W OpenGLRenderer: Incorrectly called buildLayer on View: ShortcutAndWidgetContainer, destroying layer...
01-10 14:32:16.616  2656  2806 W OpenGLRenderer: Incorrectly called buildLayer on View: ShortcutAndWidgetContainer, destroying layer...
01-10 14:32:16.947  3943  3943 I dex2oat : Explicit concurrent copying GC freed 115296(16MB) AllocSpace objects, 0(0B) LOS objects, 92% free, 123KB/1659KB, paused 250us total 176.517ms
01-10 14:32:16.951  3943  3943 W dex2oat : Accessing hidden method Landroid/media/ImageWriter;->newInstance(Landroid/view/Surface;II)Landroid/media/ImageWriter; (dark greylist, linking)
01-10 14:32:16.952  3943  3943 W dex2oat : Accessing hidden method Landroid/os/Parcel;->writeBoolean(Z)V (dark greylist, linking)
01-10 14:32:16.954  3943  3943 W dex2oat : Accessing hidden method Landroid/os/Parcel;->readBoolean()Z (dark greylist, linking)
01-10 14:32:17.281  3943  3943 W dex2oat : Accessing hidden method Landroid/net/wifi/WifiScanner;->getSingleScanResults()Ljava/util/List; (dark greylist, linking)
01-10 14:32:17.301  3943  3943 W dex2oat : Accessing hidden method Landroid/media/AudioPlaybackConfiguration;->isActive()Z (dark greylist, linking)
01-10 14:32:17.301  3943  4570 W dex2oat : Accessing hidden method Landroid/media/AudioPlaybackConfiguration;->isActive()Z (dark greylist, linking)
01-10 14:32:17.654  3943  3943 I dex2oat : Explicit concurrent copying GC freed 101775(14MB) AllocSpace objects, 0(0B) LOS objects, 92% free, 131KB/1667KB, paused 42us total 105.798ms
01-10 14:32:17.735  4276  4363 V libnb   : enter native_bridge2_getTrampoline Java_io_sentry_ndk_NativeScope_nativeSetUser, trampoline_addr 0x0
01-10 14:32:17.735  4276  4363 V libnb   : enter native_bridge2_getTrampoline Java_io_sentry_ndk_NativeScope_nativeSetUser__Ljava_lang_String_2Ljava_lang_String_2Ljava_lang_String_2Ljava_lang_String_2, trampoline_addr 0x0
01-10 14:32:17.738  4276  4363 V libnb   : enter native_bridge2_getTrampoline Java_io_sentry_ndk_NativeScope_nativeSetUser, trampoline_addr 0x0
01-10 14:32:17.738  4276  4363 V libnb   : enter native_bridge2_getTrampoline Java_io_sentry_ndk_NativeScope_nativeSetUser__Ljava_lang_String_2Ljava_lang_String_2Ljava_lang_String_2Ljava_lang_String_2, trampoline_addr 0x0
01-10 14:32:17.739  4276  4363 V libnb   : enter native_bridge2_getTrampoline Java_io_sentry_ndk_NativeScope_nativeSetUser, trampoline_addr 0x7fff6c23f2c0
01-10 14:32:17.744  4276  4363 V libnb   : enter native_bridge2_getTrampoline Java_io_sentry_ndk_NativeScope_nativeSetExtra, trampoline_addr 0x0
01-10 14:32:17.744  4276  4363 V libnb   : enter native_bridge2_getTrampoline Java_io_sentry_ndk_NativeScope_nativeSetExtra__Ljava_lang_String_2Ljava_lang_String_2, trampoline_addr 0x0
01-10 14:32:17.744  4276  4363 V libnb   : enter native_bridge2_getTrampoline Java_io_sentry_ndk_NativeScope_nativeSetExtra, trampoline_addr 0x0
01-10 14:32:17.744  4276  4363 V libnb   : enter native_bridge2_getTrampoline Java_io_sentry_ndk_NativeScope_nativeSetExtra__Ljava_lang_String_2Ljava_lang_String_2, trampoline_addr 0x0
01-10 14:32:17.744  4276  4363 V libnb   : enter native_bridge2_getTrampoline Java_io_sentry_ndk_NativeScope_nativeSetExtra, trampoline_addr 0x7fff6c23f2e0
01-10 14:32:17.777  4276  4363 V libnb   : enter native_bridge2_getTrampoline Java_io_sentry_ndk_NativeScope_nativeAddBreadcrumb, trampoline_addr 0x0
01-10 14:32:17.777  4276  4363 V libnb   : enter native_bridge2_getTrampoline Java_io_sentry_ndk_NativeScope_nativeAddBreadcrumb__Ljava_lang_String_2Ljava_lang_String_2Ljava_lang_String_2Ljava_lang_String_2Ljava_lang_String_2Ljava_lang_String_2, trampoline_addr 0x0
01-10 14:32:17.777  4276  4363 V libnb   : enter native_bridge2_getTrampoline Java_io_sentry_ndk_NativeScope_nativeAddBreadcrumb, trampoline_addr 0x0
01-10 14:32:17.777  4276  4363 V libnb   : enter native_bridge2_getTrampoline Java_io_sentry_ndk_NativeScope_nativeAddBreadcrumb__Ljava_lang_String_2Ljava_lang_String_2Ljava_lang_String_2Ljava_lang_String_2Ljava_lang_String_2Ljava_lang_String_2, trampoline_addr 0x0
01-10 14:32:17.777  4276  4363 V libnb   : enter native_bridge2_getTrampoline Java_io_sentry_ndk_NativeScope_nativeAddBreadcrumb, trampoline_addr 0x7fff6c23f300
01-10 14:32:18.153  3943  3943 I dex2oat : Explicit concurrent copying GC freed 97217(9MB) AllocSpace objects, 0(0B) LOS objects, 91% free, 134KB/1670KB, paused 94us total 53.176ms
01-10 14:32:18.154  3943  4575 W dex2oat : Accessing hidden method Landroid/view/autofill/AutofillId;->getViewId()I (dark greylist, linking)
01-10 14:32:18.157  3943  4576 W dex2oat : Accessing hidden method Landroid/os/Parcel;->writeTypedList(Ljava/util/List;I)V (dark greylist, linking)
01-10 14:32:18.159  3943  3943 W dex2oat : Accessing hidden method Landroid/app/job/JobParameters;->getStopReason()I (dark greylist, linking)
01-10 14:32:18.161  3943  4575 W dex2oat : Accessing hidden method Landroid/bluetooth/BluetoothServerSocket;->getPsm()I (dark greylist, linking)
01-10 14:32:18.163  3943  3943 W dex2oat : Accessing hidden method Landroid/widget/RemoteViews;->setColorStateList(ILjava/lang/String;Landroid/content/res/ColorStateList;)V (dark greylist, linking)
01-10 14:32:18.207  3943  3943 W dex2oat : Accessing hidden method Landroid/graphics/Canvas;->drawPatch(Landroid/graphics/NinePatch;Landroid/graphics/Rect;Landroid/graphics/Paint;)V (dark greylist, linking)
01-10 14:32:18.207  3943  3943 W dex2oat : Accessing hidden method Landroid/graphics/Canvas;->drawPatch(Landroid/graphics/NinePatch;Landroid/graphics/RectF;Landroid/graphics/Paint;)V (dark greylist, linking)
01-10 14:32:18.321  3943  4575 W dex2oat : Accessing hidden method Landroid/content/res/Resources$Theme;->rebase()V (dark greylist, linking)
01-10 14:32:18.321  3943  4575 W dex2oat : Accessing hidden method Landroid/graphics/Paint;->getTextBounds(Ljava/lang/CharSequence;IILandroid/graphics/Rect;)V (dark greylist, linking)
01-10 14:32:18.326  3943  4576 W dex2oat : Accessing hidden method Landroid/media/AudioTrack$Builder;->setOffloadedPlayback(Z)Landroid/media/AudioTrack$Builder; (dark greylist, linking)
01-10 14:32:18.333  3943  4576 W dex2oat : Accessing hidden method Landroid/view/View;->setTransitionVisibility(I)V (dark greylist, linking)
01-10 14:32:18.395  3943  3943 I dex2oat : Explicit concurrent copying GC freed 31169(3MB) AllocSpace objects, 0(0B) LOS objects, 91% free, 143KB/1679KB, paused 57us total 9.104ms
01-10 14:32:18.434  3943  3943 I dex2oat : Explicit concurrent copying GC freed 4612(489KB) AllocSpace objects, 0(0B) LOS objects, 90% free, 153KB/1689KB, paused 48us total 2.904ms
01-10 14:32:18.473  3943  3943 I dex2oat : dex2oat took 42.593s (44.200s cpu) (threads: 4) arena alloc=0B (0B) java alloc=153KB (157624B) native alloc=14MB (15158352B) free=4MB (4764592B) swap=16MB (16777216B)
01-10 14:32:18.488  1583  1844 V installed: DexInv: --- END '/data/app/com.google.android.gms-yzgHqAPP_CghayWzvyPK-w==/base.apk' (success) ---
01-10 14:32:18.492  1759  1807 I chatty  : uid=1000(system) PackageManager expire 155 lines
01-10 14:32:18.504  1759  1792 I chatty  : uid=1000(system) android.bg expire 4 lines
01-10 14:32:18.618  1759  1807 I PackageManager: do copyNativeBinariesForSupportedAbi copyRet=-114
01-10 14:32:18.632  1759  1793 I ActivityManager: Force stopping com.habittracker appid=10061 user=-1: installPackageLI
01-10 14:32:18.660  1759  1778 I chatty  : uid=1000(system) pool-1-thread-1 expire 72 lines
01-10 14:32:18.652  1759  1759 I chatty  : uid=1000 system_server expire 5 lines
01-10 14:32:18.652  1359  1359 W auditd  : type=1327 audit(0.0:796): proctitle="system_server"
01-10 14:32:18.652  1359  1359 W auditd  : type=1320 audit(0.0:796): 
01-10 14:32:18.692  1759  1807 I PackageManager: Update package com.habittracker code path from /data/app/com.habittracker-pU07h7HDqgqhnZTsHWdGMw== to /data/app/com.habittracker-P3SKp6V_Rxf_C6fA0bk3Ww==; Retain data and using new
01-10 14:32:18.692  1759  1807 I PackageManager: Update package com.habittracker resource path from /data/app/com.habittracker-pU07h7HDqgqhnZTsHWdGMw== to /data/app/com.habittracker-P3SKp6V_Rxf_C6fA0bk3Ww==; Retain data and using new
01-10 14:32:18.739  1759  1807 I chatty  : uid=1000(system) PackageManager expire 69 lines
01-10 14:32:18.739  1759  1778 I chatty  : uid=1000(system) pool-1-thread-1 expire 38 lines
01-10 14:32:18.781  1759  3826 I chatty  : uid=1000 system_server expire 18 lines
01-10 14:32:18.886  1583  1844 E         : Couldn't opendir /data/app/vmdl1538399893.tmp: No such file or directory
01-10 14:32:18.886  1583  1844 E installd: Failed to delete /data/app/vmdl1538399893.tmp: No such file or directory
01-10 14:32:18.893  2533  2533 I CoreService: AppInstallCallback success
01-10 14:32:18.892  2533  2533 I oid.coreservice: type=1400 audit(0.0:797): avc: denied { ioctl } for path="/dev/fastpipe" dev="tmpfs" ino=6206 ioctlcmd=6867 scontext=u:r:system_app:s0 tcontext=u:object_r:device:s0 tclass=chr_file permissive=1
01-10 14:32:18.907  1759  1807 I ActivityManager: Force stopping com.habittracker appid=10061 user=0: pkg removed
01-10 14:32:18.921  1922  1922 D Avrcp   : isBrowsableListUpdated: false
01-10 14:32:18.921  1922  1922 V NewAvrcpMediaPlayerList: mPackageChangedBroadcastReceiver: action: android.intent.action.PACKAGE_CHANGED
01-10 14:32:18.921  1922  1922 D NewAvrcpMediaPlayerList: Name of package changed: com.google.android.gms
01-10 14:32:18.933  1922  1922 D BluetoothMapAppObserver: onReceive
01-10 14:32:18.937  1922  1922 D BluetoothMapAppObserver: The removed package is: com.habittracker
01-10 14:32:18.937  1922  1922 V NewAvrcpMediaPlayerList: mPackageChangedBroadcastReceiver: action: android.intent.action.PACKAGE_REMOVED
01-10 14:32:19.040  1759  1780 I chatty  : uid=1000(system) FinalizerDaemon expire 99 lines
01-10 14:32:19.071  2866  2866 I Finsky  : [2] xqw.g(1): xqw - Received: android.intent.action.PACKAGE_REMOVED, [rTSyup3_XU41t82afA8Uct640FPg9hgBRfyu14hTnSc]
01-10 14:32:19.041  1759  1807 I ActivityManager: Force stopping com.habittracker appid=10061 user=0: pkg removed
01-10 14:32:19.124  2533  2533 W ContextImpl: Calling a method in the system process without a qualified user: android.app.ContextImpl.startService:1531 android.content.ContextWrapper.startService:664 android.content.ContextWrapper.startService:664 com.android.coreservice.CoreBroadcastReceiver.onReceive:85 android.app.ActivityThread.handleReceiver:3424 
01-10 14:32:19.193  1759  1871 I chatty  : uid=1000(system) InputReader expire 4 lines
01-10 14:32:19.194  1759  1759 W Looper  : Slow dispatch took 270ms main h=android.app.ActivityThread$H c=android.app.-$$Lambda$LoadedApk$ReceiverDispatcher$Args$_BumDX2UKsnxLVrE6UJsJZkotuA@a66d6a m=0
01-10 14:32:19.195  1759  1759 W Looper  : Slow delivery took 296ms main h=android.app.ActivityThread$H c=android.app.-$$Lambda$LoadedApk$ReceiverDispatcher$Args$_BumDX2UKsnxLVrE6UJsJZkotuA@62f125b m=0
01-10 14:32:19.232  1759  1792 I chatty  : uid=1000(system) android.bg expire 17 lines
01-10 14:32:19.232  1759  2065 I chatty  : uid=1000(system) Binder:1759_6 expire 3 lines
01-10 14:32:19.271  1759  2538 I chatty  : uid=1000(system) Binder:1759_C expire 1 line
01-10 14:32:19.274  1759  1793 I chatty  : uid=1000(system) ActivityManager expire 2 lines
01-10 14:32:19.404  1759  1759 I Telecom : DefaultDialerCache: Refreshing default dialer for user 0: now null: DDC.oR@AFE
01-10 14:32:19.503  1922  1922 D Avrcp   : isBrowsableListUpdated: false
01-10 14:32:19.504  1922  1922 D BluetoothMapAppObserver: onReceive
01-10 14:32:19.504  1922  1922 D BluetoothMapAppObserver: The installed package is: com.habittracker
01-10 14:32:19.512  1759  1759 W Looper  : Slow dispatch took 106ms main h=com.android.server.media.MediaRouterService$UserHandler c=android.app.-$$Lambda$LoadedApk$ReceiverDispatcher$Args$_BumDX2UKsnxLVrE6UJsJZkotuA@1bce8d4 m=0
01-10 14:32:19.533  1922  1922 D BluetoothMapAppObserver: Found 0 application(s) with intent android.bluetooth.action.BLUETOOTH_MAP_PROVIDER
01-10 14:32:19.534  1759  2959 I chatty  : uid=1000(system) Binder:1759_15 expire 3 lines
01-10 14:32:19.540  1759  2633 I chatty  : uid=1000(system) Binder:1759_11 expire 2 lines
01-10 14:32:19.549  1922  1922 D BluetoothMapAppObserver: Found 0 application(s) with intent android.bluetooth.action.BLUETOOTH_MAP_IM_PROVIDER
01-10 14:32:19.549  2417  2708 I PeopleGalProvider: Gal directories started.
01-10 14:32:19.550  1922  1922 V NewAvrcpMediaPlayerList: mPackageChangedBroadcastReceiver: action: android.intent.action.PACKAGE_ADDED
01-10 14:32:19.550  1922  1922 D NewAvrcpMediaPlayerList: Name of package changed: com.habittracker
01-10 14:32:19.556  1759  2065 W ActivityManager: Removing FLAG_RECEIVER_FROM_SHELL because caller is UID 1000
01-10 14:32:19.563  2866  4581 I Finsky  : [181] oqm.accept(114): Wrote row to frosting DB: 604
01-10 14:32:19.584  2417  2708 I PeopleGalProvider: Method 1 completed.
01-10 14:32:19.584  2417  2708 I PeopleGalProvider: Method 1 finished successfully.
01-10 14:32:19.918  2866  2882 W android.vendin: Profile data size exceeds 500000 bytes
01-10 14:32:19.586  1759  2065 W ActivityManager: Removing FLAG_RECEIVER_FROM_SHELL because caller is UID 1000
01-10 14:32:19.923  1759  1800 W Looper  : Slow dispatch took 165ms android.fg h=com.android.server.AppStateTracker$MyHandler c=null m=6
01-10 14:32:19.936  1759  1835 I chatty  : uid=1000(system) Binder:1759_3 expire 1 line
01-10 14:32:19.990  2866  4581 I Finsky  : [181] oqm.accept(114): Wrote row to frosting DB: 605
01-10 14:32:20.077  1759  1759 W ActivityManager: Slow operation: 326ms so far, now at startProcess: building args
01-10 14:32:20.108  1759  1759 W ActivityManager: Slow operation: 358ms so far, now at startProcess: done starting proc!
01-10 14:32:20.109  1759  1759 W Looper  : Slow dispatch took 582ms main h=android.app.ActivityThread$H c=android.app.-$$Lambda$LoadedApk$ReceiverDispatcher$Args$_BumDX2UKsnxLVrE6UJsJZkotuA@4c7e6c m=0
01-10 14:32:20.114  1759  2085 I chatty  : uid=1000(system) Binder:1759_8 expire 2 lines
01-10 14:32:20.125  1759  1782 I chatty  : uid=1000(system) HeapTaskDaemon expire 2 lines
01-10 14:32:20.126  2866  2866 I Finsky  : [2] knc.f(9): AIM: AppInfoCacheUpdater -> invalidating apps: [com.habittracker]
01-10 14:32:20.127  2866  2866 I Finsky  : [2] knt.a(26): AIM: AppInfoManager-Perf > Creating AppInfoManager ...
01-10 14:32:20.246  2866  2866 I Finsky  : [2] kns.g(21): AIM: AppInfoManager-Perf > getApps > called for 1 apps
01-10 14:32:20.251  2866  2906 I Finsky  : [107] kov.a(55): AIM: AppInfoManager-Perf > OnDeviceAppInfo > cacheHitCount=0, cacheMissCount=1. Missed  in cache (limit 10) : [com.habittracker]
01-10 14:32:20.253  2866  2911 I Finsky  : [112] kmv.apply(1129): AIM: Got app ownership map. App counts: . Unique apps: 0
01-10 14:32:20.265  2866  2866 I Finsky  : [2] seo.ahV(67): IQ: onPackageRemoved com.habittracker, replacing=true, uninstallingFromPlay=false
01-10 14:32:20.278  2866  2913 I Finsky  : [114] kov.a(55): AIM: AppInfoManager-Perf > OnDeviceAppInfo > cacheHitCount=1, cacheMissCount=0. Missed  in cache (limit 10) : []
01-10 14:32:20.278  2866  2913 I Finsky  : [114] kmv.apply(1129): AIM: Got app ownership map. App counts: . Unique apps: 0
01-10 14:32:20.299  2866  4590 I Finsky  : [185] rax.accept(38): IQ: handled package removed
01-10 14:32:20.306  1759  1759 W Looper  : Slow dispatch took 142ms main h=android.app.ActivityThread$H c=android.app.-$$Lambda$LoadedApk$ReceiverDispatcher$Args$_BumDX2UKsnxLVrE6UJsJZkotuA@fa0e8ca m=0
01-10 14:32:20.307  1759  2959 W ActivityManager: Slow operation: 125ms so far, now at startProcess: getting gids from package manager
01-10 14:32:20.307  1759  2965 I chatty  : uid=1000(system) Binder:1759_19 expire 1 line
01-10 14:32:20.324  2866  2906 I Finsky  : [107] kos.a(206): AIM: AppInfoManager-Perf > ItemModel > CacheSize=0, cacheHitCount=0, cacheMissCount=0, total appsWithNoServerDataCount=0. Missed  in cache (limit 10) : []
01-10 14:32:20.324  1759  2959 W ActivityManager: Slow operation: 142ms so far, now at startProcess: building args
01-10 14:32:20.324  1759  2959 W ActivityManager: Slow operation: 162ms so far, now at startProcess: done starting proc!
01-10 14:32:20.324  2866  2906 I Finsky  : [107] kos.a(206): AIM: AppInfoManager-Perf > ItemModel > CacheSize=0, cacheHitCount=0, cacheMissCount=0, total appsWithNoServerDataCount=0. Missed  in cache (limit 10) : []
01-10 14:32:20.328  1759  2596 I chatty  : uid=1000(system) Binder:1759_E expire 1 line
01-10 14:32:20.328  1759  1794 I chatty  : uid=1000(system) android.ui expire 2 lines
01-10 14:32:20.332  1759  2597 I chatty  : uid=1000(system) Binder:1759_F expire 1 line
01-10 14:32:20.338  1759  1792 W VoiceInteractionManagerService: no available voice interaction services found for user 0
01-10 14:32:20.339  2866  2866 I com.android.vending: type=1400 audit(0.0:798): avc: denied { read } for comm=62674578656375746F72202330 name="Pictures" dev="sdcardfs" ino=1966083 scontext=u:r:priv_app:s0:c512,c768 tcontext=u:object_r:sdcardfs:s0 tclass=lnk_file permissive=1
01-10 14:32:20.349  2866  2866 I Finsky  : [2] xqw.g(1): xqw - Received: android.intent.action.PACKAGE_ADDED, [rTSyup3_XU41t82afA8Uct640FPg9hgBRfyu14hTnSc]
01-10 14:32:20.339  2866  2866 I com.android.vending: type=1400 audit(0.0:798): avc: denied { search } for comm=62674578656375746F72202330 name="/" dev="vboxsf" ino=1 scontext=u:r:priv_app:s0:c512,c768 tcontext=u:object_r:unlabeled:s0 tclass=dir permissive=1
01-10 14:32:20.339  2866  2866 W com.android.vending: type=1300 audit(0.0:798): arch=c000003e syscall=269 success=no exit=-2 a0=ffffff9c a1=7fff4de1e5e0 a2=0 a3=7fff6a161908 items=0 ppid=1517 auid=4294967295 uid=10020 gid=10020 euid=10020 suid=10020 fsuid=10020 egid=10020 sgid=10020 fsgid=10020 tty=(none) ses=4294967295 comm=62674578656375746F72202330 exe="/system/bin/app_process64" subj=u:r:priv_app:s0:c512,c768 key=(null)
01-10 14:32:20.358  1759  1792 W LocationProviderProxy-network: Odd, no component found for service com.android.location.service.v3.NetworkLocationProvider
01-10 14:32:20.358  1759  2496 I chatty  : uid=1000(system) Binder:1759_A expire 2 lines
01-10 14:32:20.360  1759  1795 I chatty  : uid=1000(system) ActivityManager expire 1 line
01-10 14:32:20.339  1359  1359 W auditd  : type=1327 audit(0.0:798): proctitle="com.android.vending"
01-10 14:32:20.339  1359  1359 W auditd  : type=1320 audit(0.0:798): 
01-10 14:32:20.373  1759  1792 W GeocoderProxy: Odd, no component found for service com.android.location.service.GeocodeProvider
01-10 14:32:20.375  2121  2121 D CarrierSvcBindHelper: No carrier app for: 0
01-10 14:32:20.375  1759  1848 I chatty  : uid=1000(system) Binder:1759_4 expire 1 line
01-10 14:32:20.377  1759  1792 W GeofenceProxy: Odd, no component found for service com.android.location.service.GeofenceProvider
01-10 14:32:20.378  1759  1792 W ActivityRecognitionProxy: Odd, no component found for service com.android.location.service.ActivityRecognitionProvider
01-10 14:32:20.414  2866  4581 I Finsky  : [181] oqm.accept(114): Wrote row to frosting DB: 606
01-10 14:32:20.431  1759  1795 W ActivityManager: Slow operation: 680ms so far, now at startProcess: asking zygote to start proc
01-10 14:32:20.475  1759  1794 W Looper  : Slow dispatch took 752ms android.ui h=com.android.server.am.ActivityManagerService$UiHandler c=null m=53
01-10 14:32:20.480  1759  1795 W ActivityManager: Slow operation: 729ms so far, now at startProcess: returned from zygote!
01-10 14:32:20.523  1759  1795 W ActivityManager: Slow operation: 772ms so far, now at startProcess: done updating battery stats
01-10 14:32:20.533  1759  1795 W ActivityManager: Slow operation: 782ms so far, now at startProcess: building log message
01-10 14:32:20.533  1759  1795 I ActivityManager: Start proc 4592:com.android.keychain/1000 for service com.android.keychain/.KeyChainService
01-10 14:32:20.533  1759  1795 W ActivityManager: Slow operation: 782ms so far, now at startProcess: starting to update pids map
01-10 14:32:20.533  1759  1795 W ActivityManager: Slow operation: 782ms so far, now at startProcess: done updating pids map
01-10 14:32:20.533  1759  1795 W ActivityManager: Slow operation: 351ms so far, now at startProcess: asking zygote to start proc
01-10 14:32:20.541  1759  1759 I Telecom : DefaultDialerCache: Refreshing default dialer for user 0: now null: DDC.oR@AFM
01-10 14:32:20.545  2866  4581 I Finsky  : [181] oqm.accept(114): Wrote row to frosting DB: 607
01-10 14:32:20.550  4592  4592 I Zygote  : seccomp disabled by setenforce 0
01-10 14:32:20.551  1759  1795 W ActivityManager: Slow operation: 369ms so far, now at startProcess: returned from zygote!
01-10 14:32:20.552  4592  4592 D nativebridge: call UnloadNativeBridge! state=1
01-10 14:32:20.555  1349  1349 W hwservicemanager: getTransport: Cannot find entry android.hardware.memtrack@1.0::IMemtrack/default in either framework or device manifest.
01-10 14:32:20.557  3681  3975 E memtrack: Couldn't load memtrack module
01-10 14:32:20.557  3681  3975 W android.os.Debug: failed to get memory consumption info: -1
01-10 14:32:20.582  4592  4592 E ndroid.keychai: Not starting debugger since process cannot load the jdwp agent.
01-10 14:32:20.593  4597  4597 I Zygote  : seccomp disabled by setenforce 0
01-10 14:32:20.600  4597  4597 D nativebridge: call UnloadNativeBridge! state=1
01-10 14:32:20.608  4597  4597 E droid.gallery3: Not starting debugger since process cannot load the jdwp agent.
01-10 14:32:20.611  1759  1795 W ActivityManager: Slow operation: 429ms so far, now at startProcess: done updating battery stats
01-10 14:32:20.615  1759  1795 W ActivityManager: Slow operation: 433ms so far, now at startProcess: building log message
01-10 14:32:20.615  1759  1795 I ActivityManager: Start proc 4597:com.android.gallery3d/u0a38 for broadcast com.android.gallery3d/.app.PackagesMonitor
01-10 14:32:20.615  1759  1795 W ActivityManager: Slow operation: 433ms so far, now at startProcess: starting to update pids map
01-10 14:32:20.615  1759  1795 W ActivityManager: Slow operation: 433ms so far, now at startProcess: done updating pids map
01-10 14:32:20.647  2866  2866 I Finsky  : [2] sid.ajH(13): DTU: Received onPackageAdded, replacing: true
01-10 14:32:20.661  3681  3975 W TracingHelper: Mismatched RequestContext found for module CORE. Module id from RequestContext is MODULEID_UNKNOWN [CONTEXT service_id=259 ratelimit_count=100000 ]
01-10 14:32:20.700  1759  1759 V BackupManagerConstants: getFullBackupIntervalMilliseconds(...) returns 86400000
01-10 14:32:20.713  2866  2866 I Finsky  : [2] knc.f(9): AIM: AppInfoCacheUpdater -> invalidating apps: [com.habittracker]
01-10 14:32:20.717  2866  2866 I Finsky  : [2] kns.g(21): AIM: AppInfoManager-Perf > getApps > called for 1 apps
01-10 14:32:20.753  2866  2906 I Finsky  : [107] kov.a(55): AIM: AppInfoManager-Perf > OnDeviceAppInfo > cacheHitCount=0, cacheMissCount=1. Missed  in cache (limit 10) : [com.habittracker]
01-10 14:32:20.758  1759  1759 W Looper  : Slow dispatch took 216ms main h=android.app.ActivityThread$H c=android.app.-$$Lambda$LoadedApk$ReceiverDispatcher$Args$_BumDX2UKsnxLVrE6UJsJZkotuA@93aa915 m=0
01-10 14:32:20.761  2866  2906 I Finsky  : [107] kmv.apply(1129): AIM: Got app ownership map. App counts: . Unique apps: 0
01-10 14:32:20.774  2866  2913 I Finsky  : [114] kov.a(55): AIM: AppInfoManager-Perf > OnDeviceAppInfo > cacheHitCount=1, cacheMissCount=0. Missed  in cache (limit 10) : []
01-10 14:32:20.825  2656  2699 W ldmnq.launcher: Unknown chunk type '200'.
01-10 14:32:20.836  2866  2911 I Finsky  : [112] kmv.apply(1129): AIM: Got app ownership map. App counts: . Unique apps: 0
01-10 14:32:20.897  1759  1794 W Looper  : Slow dispatch took 157ms android.ui h=com.android.server.am.ActivityManagerService$UiHandler c=null m=53
01-10 14:32:20.931  2866  2866 I Finsky  : [2] xqw.g(1): xqw - Received: android.intent.action.PACKAGE_ADDED, [rTSyup3_XU41t82afA8Uct640FPg9hgBRfyu14hTnSc]
01-10 14:32:20.960  4597  4597 I droid.gallery3: The ClassLoaderContext is a special shared library.
01-10 14:32:20.986  1759  1759 W Looper  : Slow dispatch took 116ms main h=com.android.server.job.JobSchedulerService$JobHandler c=null m=4
01-10 14:32:20.963  4597  4597 I droid.gallery3: The ClassLoaderContext is a special shared library.
01-10 14:32:20.993  4592  4592 I ndroid.keychai: The ClassLoaderContext is a special shared library.
01-10 14:32:20.996  2866  2906 I Finsky  : [107] kos.a(206): AIM: AppInfoManager-Perf > ItemModel > CacheSize=0, cacheHitCount=0, cacheMissCount=0, total appsWithNoServerDataCount=0. Missed  in cache (limit 10) : []
01-10 14:32:20.998  2866  2925 I Finsky  : [121] kos.a(206): AIM: AppInfoManager-Perf > ItemModel > CacheSize=0, cacheHitCount=0, cacheMissCount=0, total appsWithNoServerDataCount=0. Missed  in cache (limit 10) : []
01-10 14:32:21.076  2866  4581 I Finsky  : [181] oqm.accept(114): Wrote row to frosting DB: 608
01-10 14:32:21.105  2417  2417 D BoundBrokerSvc: onUnbind: Intent { act=com.google.android.gms.facs.internal.service.START dat=chimera-action: cmp=com.google.android.gms/.chimera.GmsInternalApiService }
01-10 14:32:21.209  1543  1605 D EmuHWC2 : sent 84 syncs in 60s
01-10 14:32:21.256  1759  1759 W Looper  : Drained
01-10 14:32:21.330  2866  2866 I Finsky  : [2] xqw.g(1): xqw - Deduping intent android.intent.action.PACKAGE_ADDED
01-10 14:32:21.398  1759  2597 W BroadcastQueue: Background execution not allowed: receiving Intent { act=android.intent.action.PACKAGE_REMOVED dat=package:com.habittracker flg=0x4000010 (has extras) } to com.android.ld.appstore/.app.service.ApkReceiver
01-10 14:32:21.408  2866  2925 I Finsky  : [121] jqt.accept(156): AIM: AppInfoManager-Perf > getApps > data collection finished
01-10 14:32:21.409  2866  2925 I Finsky  : [121] knp.run(641): AIM: AppInfoManager-Perf > maybeDestroyAppInfoManager is called. actives = 1
01-10 14:32:21.425  2866  2925 I Finsky  : [121] jqt.accept(156): AIM: AppInfoManager-Perf > getApps > data collection finished
01-10 14:32:21.425  2866  2925 I Finsky  : [121] knp.run(641): AIM: AppInfoManager-Perf > maybeDestroyAppInfoManager is called. actives = 0
01-10 14:32:21.427  1759  1793 W BroadcastQueue: Background execution not allowed: receiving Intent { act=android.intent.action.PACKAGE_REMOVED dat=package:com.habittracker flg=0x4000010 (has extras) } to com.android.vending/com.google.android.finsky.packagemonitor.impl.PackageMonitorReceiverImpl$RegisteredReceiver
01-10 14:32:21.428  1759  1793 W BroadcastQueue: Background execution not allowed: receiving Intent { act=android.intent.action.PACKAGE_REMOVED dat=package:com.habittracker flg=0x4000010 (has extras) } to com.android.vending/com.google.android.finsky.packagemonitor.backgroundimpl.BackgroundPackageMonitorReceiverImpl$RegisteredReceiver
01-10 14:32:21.434  1759  1793 W BroadcastQueue: Background execution not allowed: receiving Intent { act=android.intent.action.PACKAGE_REMOVED dat=package:com.habittracker flg=0x4000010 (has extras) } to com.android.vending/com.google.android.finsky.instantapps.appmanagement.InstantAppRemoveMonitor
