01-10 18:05:14.773  9420  9420 I om.habittracke:   at void android.view.View.dispatchAttachedToWindow(android.view.View$AttachInfo, int) (View.java:18361)
01-10 18:05:14.773  9420  9420 I om.habittracke:   at void android.view.ViewGroup.dispatchAttachedToWindow(android.view.View$AttachInfo, int) (ViewGroup.java:3429)
01-10 18:05:14.773  9420  9420 I om.habittracke:   at void android.view.ViewGroup.dispatchAttachedToWindow(android.view.View$AttachInfo, int) (ViewGroup.java:3436)
01-10 18:05:14.773  9420  9420 I chatty  : uid=10061(com.habittracker) identical 1 line
01-10 18:05:14.773  9420  9420 I om.habittracke:   at void android.view.ViewGroup.dispatchAttachedToWindow(android.view.View$AttachInfo, int) (ViewGroup.java:3436)
01-10 18:05:14.773  9420  9420 I om.habittracke:   at void android.view.ViewRootImpl.performTraversals() (ViewRootImpl.java:1764)
01-10 18:05:14.773  9420  9420 I om.habittracke:   at void android.view.ViewRootImpl.doTraversal() (ViewRootImpl.java:1463)
01-10 18:05:14.773  9420  9420 I om.habittracke:   at void android.view.ViewRootImpl$TraversalRunnable.run() (ViewRootImpl.java:7190)
01-10 18:05:14.773  9420  9420 I om.habittracke:   at void android.view.Choreographer$CallbackRecord.run(long) (Choreographer.java:949)
01-10 18:05:14.773  9420  9420 I om.habittracke:   at void android.view.Choreographer.doCallbacks(int, long) (Choreographer.java:761)
01-10 18:05:14.773  9420  9420 I om.habittracke:   at void android.view.Choreographer.doFrame(long, int) (Choreographer.java:696)
01-10 18:05:14.773  9420  9420 I om.habittracke:   at void android.view.Choreographer$FrameDisplayEventReceiver.run() (Choreographer.java:935)
01-10 18:05:14.773  9420  9420 I om.habittracke:   at void android.os.Handler.handleCallback(android.os.Message) (Handler.java:873)
01-10 18:05:14.773  9420  9420 I om.habittracke:   at void android.os.Handler.dispatchMessage(android.os.Message) (Handler.java:99)
01-10 18:05:14.773  9420  9420 I om.habittracke:   at void android.os.Looper.loop() (Looper.java:193)
01-10 18:05:14.773  9420  9420 I om.habittracke:   at void android.app.ActivityThread.main(java.lang.String[]) (ActivityThread.java:6840)
01-10 18:05:14.773  9420  9420 I om.habittracke:   at java.lang.Object java.lang.reflect.Method.invoke(java.lang.Object, java.lang.Object[]) (Method.java:-2)
01-10 18:05:14.773  9420  9420 I om.habittracke:   at void com.android.internal.os.RuntimeInit$MethodAndArgsCaller.run() (RuntimeInit.java:493)
01-10 18:05:14.773  9420  9420 I om.habittracke:   at void com.android.internal.os.ZygoteInit.main(java.lang.String[]) (ZygoteInit.java:860)
01-10 18:05:14.773  9420  9420 I om.habittracke: 
01-10 18:05:14.773  9420  9420 I om.habittracke: Rejecting re-init on previously-failed class java.lang.Class<androidx.compose.ui.platform.AndroidComposeView$AndroidComposeViewTranslationCallback>: java.lang.NoClassDefFoundError: Failed resolution of: Landroid/view/translation/ViewTranslationCallback;
01-10 18:05:14.773  9420  9420 I om.habittracke:   at androidx.compose.runtime.Composition androidx.compose.ui.platform.Wrapper_androidKt.setContent(androidx.compose.ui.platform.AbstractComposeView, androidx.compose.runtime.CompositionContext, kotlin.jvm.functions.Function2) (Wrapper.android.kt:77)
01-10 18:05:14.773  9420  9420 I om.habittracke:   at void androidx.compose.ui.platform.AbstractComposeView.ensureCompositionCreated() (ComposeView.android.kt:251)
01-10 18:05:14.773  9420  9420 I om.habittracke:   at void androidx.compose.ui.platform.AbstractComposeView.onAttachedToWindow() (ComposeView.android.kt:283)
01-10 18:05:14.773  9420  9420 I om.habittracke:   at void android.view.View.dispatchAttachedToWindow(android.view.View$AttachInfo, int) (View.java:18361)
01-10 18:05:14.773  9420  9420 I om.habittracke:   at void android.view.ViewGroup.dispatchAttachedToWindow(android.view.View$AttachInfo, int) (ViewGroup.java:3429)
01-10 18:05:14.773  9420  9420 I om.habittracke:   at void android.view.ViewGroup.dispatchAttachedToWindow(android.view.View$AttachInfo, int) (ViewGroup.java:3436)
01-10 18:05:14.773  9420  9420 I chatty  : uid=10061(com.habittracker) identical 1 line
01-10 18:05:14.773  9420  9420 I om.habittracke:   at void android.view.ViewGroup.dispatchAttachedToWindow(android.view.View$AttachInfo, int) (ViewGroup.java:3436)
01-10 18:05:14.773  9420  9420 I om.habittracke:   at void android.view.ViewRootImpl.performTraversals() (ViewRootImpl.java:1764)
01-10 18:05:14.773  9420  9420 I om.habittracke:   at void android.view.ViewRootImpl.doTraversal() (ViewRootImpl.java:1463)
01-10 18:05:14.773  9420  9420 I om.habittracke:   at void android.view.ViewRootImpl$TraversalRunnable.run() (ViewRootImpl.java:7190)
01-10 18:05:14.773  9420  9420 I om.habittracke:   at void android.view.Choreographer$CallbackRecord.run(long) (Choreographer.java:949)
01-10 18:05:14.773  9420  9420 I om.habittracke:   at void android.view.Choreographer.doCallbacks(int, long) (Choreographer.java:761)
01-10 18:05:14.773  9420  9420 I om.habittracke:   at void android.view.Choreographer.doFrame(long, int) (Choreographer.java:696)
01-10 18:05:14.773  9420  9420 I om.habittracke:   at void android.view.Choreographer$FrameDisplayEventReceiver.run() (Choreographer.java:935)
01-10 18:05:14.773  9420  9420 I om.habittracke:   at void android.os.Handler.handleCallback(android.os.Message) (Handler.java:873)
01-10 18:05:14.773  9420  9420 I om.habittracke:   at void android.os.Handler.dispatchMessage(android.os.Message) (Handler.java:99)
01-10 18:05:14.773  9420  9420 I om.habittracke:   at void android.os.Looper.loop() (Looper.java:193)
01-10 18:05:14.773  9420  9420 I om.habittracke:   at void android.app.ActivityThread.main(java.lang.String[]) (ActivityThread.java:6840)
01-10 18:05:14.773  9420  9420 I om.habittracke:   at java.lang.Object java.lang.reflect.Method.invoke(java.lang.Object, java.lang.Object[]) (Method.java:-2)
01-10 18:05:14.773  9420  9420 I om.habittracke:   at void com.android.internal.os.RuntimeInit$MethodAndArgsCaller.run() (RuntimeInit.java:493)
01-10 18:05:14.773  9420  9420 I om.habittracke:   at void com.android.internal.os.ZygoteInit.main(java.lang.String[]) (ZygoteInit.java:860)
01-10 18:05:14.773  9420  9420 I om.habittracke: Caused by: java.lang.ClassNotFoundException: Didn't find class "android.view.translation.ViewTranslationCallback" on path: DexPathList[[zip file "/data/app/com.habittracker-JfFz7-p25SJ7YFljvGCnzQ==/base.apk"],nativeLibraryDirectories=[/data/app/com.habittracker-JfFz7-p25SJ7YFljvGCnzQ==/lib/x86_64, /system/lib64, /system/vendor/lib64]]
01-10 18:05:14.773  9420  9420 I om.habittracke:   at java.lang.Class dalvik.system.BaseDexClassLoader.findClass(java.lang.String) (BaseDexClassLoader.java:134)
01-10 18:05:14.773  9420  9420 I om.habittracke:   at java.lang.Class java.lang.ClassLoader.loadClass(java.lang.String, boolean) (ClassLoader.java:379)
01-10 18:05:14.773  9420  9420 I om.habittracke:   at java.lang.Class java.lang.ClassLoader.loadClass(java.lang.String) (ClassLoader.java:312)
01-10 18:05:14.773  9420  9420 I om.habittracke:   at androidx.compose.runtime.Composition androidx.compose.ui.platform.Wrapper_androidKt.setContent(androidx.compose.ui.platform.AbstractComposeView, androidx.compose.runtime.CompositionContext, kotlin.jvm.functions.Function2) (Wrapper.android.kt:77)
01-10 18:05:14.773  9420  9420 I om.habittracke:   at void androidx.compose.ui.platform.AbstractComposeView.ensureCompositionCreated() (ComposeView.android.kt:251)
01-10 18:05:14.773  9420  9420 I om.habittracke:   at void androidx.compose.ui.platform.AbstractComposeView.onAttachedToWindow() (ComposeView.android.kt:283)
01-10 18:05:14.773  9420  9420 I om.habittracke:   at void android.view.View.dispatchAttachedToWindow(android.view.View$AttachInfo, int) (View.java:18361)
01-10 18:05:14.773  9420  9420 I om.habittracke:   at void android.view.ViewGroup.dispatchAttachedToWindow(android.view.View$AttachInfo, int) (ViewGroup.java:3429)
01-10 18:05:14.773  9420  9420 I om.habittracke:   at void android.view.ViewGroup.dispatchAttachedToWindow(android.view.View$AttachInfo, int) (ViewGroup.java:3436)
01-10 18:05:14.773  9420  9420 I chatty  : uid=10061(com.habittracker) identical 1 line
01-10 18:05:14.773  9420  9420 I om.habittracke:   at void android.view.ViewGroup.dispatchAttachedToWindow(android.view.View$AttachInfo, int) (ViewGroup.java:3436)
01-10 18:05:14.773  9420  9420 I om.habittracke:   at void android.view.ViewRootImpl.performTraversals() (ViewRootImpl.java:1764)
01-10 18:05:14.773  9420  9420 I om.habittracke:   at void android.view.ViewRootImpl.doTraversal() (ViewRootImpl.java:1463)
01-10 18:05:14.773  9420  9420 I om.habittracke:   at void android.view.ViewRootImpl$TraversalRunnable.run() (ViewRootImpl.java:7190)
01-10 18:05:14.773  9420  9420 I om.habittracke:   at void android.view.Choreographer$CallbackRecord.run(long) (Choreographer.java:949)
01-10 18:05:14.773  9420  9420 I om.habittracke:   at void android.view.Choreographer.doCallbacks(int, long) (Choreographer.java:761)
01-10 18:05:14.773  9420  9420 I om.habittracke:   at void android.view.Choreographer.doFrame(long, int) (Choreographer.java:696)
01-10 18:05:14.773  9420  9420 I om.habittracke:   at void android.view.Choreographer$FrameDisplayEventReceiver.run() (Choreographer.java:935)
01-10 18:05:14.773  9420  9420 I om.habittracke:   at void android.os.Handler.handleCallback(android.os.Message) (Handler.java:873)
01-10 18:05:14.773  9420  9420 I om.habittracke:   at void android.os.Handler.dispatchMessage(android.os.Message) (Handler.java:99)
01-10 18:05:14.773  9420  9420 I om.habittracke:   at void android.os.Looper.loop() (Looper.java:193)
01-10 18:05:14.774  9420  9420 I om.habittracke:   at void android.app.ActivityThread.main(java.lang.String[]) (ActivityThread.java:6840)
01-10 18:05:14.774  9420  9420 I om.habittracke:   at java.lang.Object java.lang.reflect.Method.invoke(java.lang.Object, java.lang.Object[]) (Method.java:-2)
01-10 18:05:14.774  9420  9420 I om.habittracke:   at void com.android.internal.os.RuntimeInit$MethodAndArgsCaller.run() (RuntimeInit.java:493)
01-10 18:05:14.774  9420  9420 I om.habittracke:   at void com.android.internal.os.ZygoteInit.main(java.lang.String[]) (ZygoteInit.java:860)
01-10 18:05:14.774  9420  9420 I om.habittracke: 
01-10 18:05:15.084  9420  9420 W om.habittracke: Class androidx.compose.runtime.snapshots.SnapshotStateList failed lock verification and will run slower.
01-10 18:05:15.084  9420  9420 W om.habittracke: Common causes for lock verification issues are non-optimized dex code
01-10 18:05:15.084  9420  9420 W om.habittracke: and incorrect proguard optimizations.
01-10 18:05:15.155  9420  9420 W om.habittracke: Accessing hidden field Landroid/graphics/Insets;->left:I (light greylist, linking)
01-10 18:05:15.155  9420  9420 W om.habittracke: Accessing hidden field Landroid/graphics/Insets;->top:I (light greylist, linking)
01-10 18:05:15.155  9420  9420 W om.habittracke: Accessing hidden field Landroid/graphics/Insets;->right:I (light greylist, linking)
01-10 18:05:15.155  9420  9420 W om.habittracke: Accessing hidden field Landroid/graphics/Insets;->bottom:I (light greylist, linking)
01-10 18:05:15.198  9420  9420 W om.habittracke: Accessing hidden field Landroid/view/WindowInsets;->CONSUMED:Landroid/view/WindowInsets; (light greylist, reflection)
01-10 18:05:15.199  9420  9420 W om.habittracke: Accessing hidden method Landroid/view/View;->getViewRootImpl()Landroid/view/ViewRootImpl; (light greylist, reflection)
01-10 18:05:15.199  9420  9420 W om.habittracke: Accessing hidden field Landroid/view/View$AttachInfo;->mVisibleInsets:Landroid/graphics/Rect; (light greylist, reflection)
01-10 18:05:15.199  9420  9420 W om.habittracke: Accessing hidden field Landroid/view/ViewRootImpl;->mAttachInfo:Landroid/view/View$AttachInfo; (light greylist, reflection)
01-10 18:05:15.334  9420  9420 W om.habittracke: Accessing hidden method Landroid/text/SpannableStringInternal;->length()I (light greylist, linking)
01-10 18:05:15.339  9420  9420 W om.habittracke: Accessing hidden method Landroid/graphics/Canvas;->drawPatch(Landroid/graphics/NinePatch;Landroid/graphics/Rect;Landroid/graphics/Paint;)V (dark greylist, linking)
01-10 18:05:15.339  9420  9420 W om.habittracke: Accessing hidden method Landroid/graphics/Canvas;->drawPatch(Landroid/graphics/NinePatch;Landroid/graphics/RectF;Landroid/graphics/Paint;)V (dark greylist, linking)
01-10 18:05:15.371  9420  9420 W om.habittracke: Accessing hidden method Landroid/view/RenderNode;->create(Ljava/lang/String;Landroid/view/View;)Landroid/view/RenderNode; (light greylist, linking)
01-10 18:05:15.371  9420  9420 W om.habittracke: Accessing hidden method Landroid/view/RenderNode;->getScaleX()F (dark greylist, linking)
01-10 18:05:15.371  9420  9420 W om.habittracke: Accessing hidden method Landroid/view/DisplayListCanvas;->drawRenderNode(Landroid/view/RenderNode;)V (light greylist, linking)
01-10 18:05:15.371  9420  9420 W om.habittracke: Accessing hidden method Landroid/view/RenderNode;->getScaleX()F (dark greylist, linking)
01-10 18:05:15.371  9420  9420 W om.habittracke: Accessing hidden method Landroid/view/RenderNode;->getAlpha()F (dark greylist, linking)
01-10 18:05:15.371  9420  9420 W om.habittracke: Accessing hidden method Landroid/view/RenderNode;->getCameraDistance()F (dark greylist, linking)
01-10 18:05:15.371  9420  9420 W om.habittracke: Accessing hidden method Landroid/view/RenderNode;->getClipToOutline()Z (dark greylist, linking)
01-10 18:05:15.371  9420  9420 W om.habittracke: Accessing hidden method Landroid/view/RenderNode;->getElevation()F (dark greylist, linking)
01-10 18:05:15.371  9420  9420 W om.habittracke: Accessing hidden method Landroid/view/RenderNode;->isValid()Z (light greylist, linking)
01-10 18:05:15.371  9420  9420 W om.habittracke: Accessing hidden method Landroid/view/RenderNode;->getInverseMatrix(Landroid/graphics/Matrix;)V (dark greylist, linking)
01-10 18:05:15.371  9420  9420 W om.habittracke: Accessing hidden method Landroid/view/RenderNode;->getMatrix(Landroid/graphics/Matrix;)V (dark greylist, linking)
01-10 18:05:15.371  9420  9420 W om.habittracke: Accessing hidden method Landroid/view/RenderNode;->getPivotX()F (dark greylist, linking)
01-10 18:05:15.371  9420  9420 W om.habittracke: Accessing hidden method Landroid/view/RenderNode;->getPivotY()F (dark greylist, linking)
01-10 18:05:15.371  9420  9420 W om.habittracke: Accessing hidden method Landroid/view/RenderNode;->getRotationX()F (dark greylist, linking)
01-10 18:05:15.371  9420  9420 W om.habittracke: Accessing hidden method Landroid/view/RenderNode;->getRotationY()F (dark greylist, linking)
01-10 18:05:15.371  9420  9420 W om.habittracke: Accessing hidden method Landroid/view/RenderNode;->getRotation()F (dark greylist, linking)
01-10 18:05:15.371  9420  9420 W om.habittracke: Accessing hidden method Landroid/view/RenderNode;->getScaleX()F (dark greylist, linking)
01-10 18:05:15.371  9420  9420 W om.habittracke: Accessing hidden method Landroid/view/RenderNode;->getScaleY()F (dark greylist, linking)
01-10 18:05:15.371  9420  9420 W om.habittracke: Accessing hidden method Landroid/view/RenderNode;->getTranslationX()F (dark greylist, linking)
01-10 18:05:15.371  9420  9420 W om.habittracke: Accessing hidden method Landroid/view/RenderNode;->getTranslationY()F (dark greylist, linking)
01-10 18:05:15.371  9420  9420 W om.habittracke: Accessing hidden method Landroid/view/RenderNode;->hasOverlappingRendering()Z (dark greylist, linking)
01-10 18:05:15.371  9420  9420 W om.habittracke: Accessing hidden method Landroid/view/RenderNode;->offsetLeftAndRight(I)Z (light greylist, linking)
01-10 18:05:15.371  9420  9420 W om.habittracke: Accessing hidden method Landroid/view/RenderNode;->offsetTopAndBottom(I)Z (dark greylist, linking)
01-10 18:05:15.372  9420  9420 W om.habittracke: Accessing hidden method Landroid/view/RenderNode;->start(II)Landroid/view/DisplayListCanvas; (light greylist, linking)
01-10 18:05:15.372  9420  9420 W om.habittracke: Accessing hidden method Landroid/view/RenderNode;->end(Landroid/view/DisplayListCanvas;)V (light greylist, linking)
01-10 18:05:15.372  9420  9420 W om.habittracke: Accessing hidden method Landroid/view/RenderNode;->setAlpha(F)Z (dark greylist, linking)
01-10 18:05:15.372  9420  9420 W om.habittracke: Accessing hidden method Landroid/view/RenderNode;->setCameraDistance(F)Z (dark greylist, linking)
01-10 18:05:15.372  9420  9420 W om.habittracke: Accessing hidden method Landroid/view/RenderNode;->setClipToBounds(Z)Z (light greylist, linking)
01-10 18:05:15.372  9420  9420 W om.habittracke: Accessing hidden method Landroid/view/RenderNode;->setClipToOutline(Z)Z (dark greylist, linking)
01-10 18:05:15.372  9420  9420 W om.habittracke: Accessing hidden method Landroid/view/RenderNode;->setLayerType(I)Z (dark greylist, linking)
01-10 18:05:15.372  9420  9420 I chatty  : uid=10061(com.habittracker) identical 1 line
01-10 18:05:15.372  9420  9420 W om.habittracke: Accessing hidden method Landroid/view/RenderNode;->setLayerType(I)Z (dark greylist, linking)
01-10 18:05:15.372  9420  9420 W om.habittracke: Accessing hidden method Landroid/view/RenderNode;->setElevation(F)Z (dark greylist, linking)
01-10 18:05:15.372  9420  9420 W om.habittracke: Accessing hidden method Landroid/view/RenderNode;->setHasOverlappingRendering(Z)Z (light greylist, linking)
01-10 18:05:15.372  9420  9420 W om.habittracke: Accessing hidden method Landroid/view/RenderNode;->setOutline(Landroid/graphics/Outline;)Z (dark greylist, linking)
01-10 18:05:15.372  9420  9420 W om.habittracke: Accessing hidden method Landroid/view/RenderNode;->setPivotX(F)Z (dark greylist, linking)
01-10 18:05:15.372  9420  9420 W om.habittracke: Accessing hidden method Landroid/view/RenderNode;->setPivotY(F)Z (dark greylist, linking)
01-10 18:05:15.372  9420  9420 W om.habittracke: Accessing hidden method Landroid/view/RenderNode;->setLeftTopRightBottom(IIII)Z (light greylist, linking)
01-10 18:05:15.372  9420  9420 W om.habittracke: Accessing hidden method Landroid/view/RenderNode;->setRotationX(F)Z (dark greylist, linking)
01-10 18:05:15.372  9420  9420 W om.habittracke: Accessing hidden method Landroid/view/RenderNode;->setRotationY(F)Z (dark greylist, linking)
01-10 18:05:15.372  9420  9420 W om.habittracke: Accessing hidden method Landroid/view/RenderNode;->setRotation(F)Z (dark greylist, linking)
01-10 18:05:15.372  9420  9420 W om.habittracke: Accessing hidden method Landroid/view/RenderNode;->setScaleX(F)Z (dark greylist, linking)
01-10 18:05:15.372  9420  9420 W om.habittracke: Accessing hidden method Landroid/view/RenderNode;->setScaleY(F)Z (dark greylist, linking)
01-10 18:05:15.372  9420  9420 W om.habittracke: Accessing hidden method Landroid/view/RenderNode;->setTranslationX(F)Z (dark greylist, linking)
01-10 18:05:15.372  9420  9420 W om.habittracke: Accessing hidden method Landroid/view/RenderNode;->setTranslationY(F)Z (dark greylist, linking)
01-10 18:05:15.372  9420  9420 W om.habittracke: Accessing hidden method Landroid/view/RenderNode;->getScaleX()F (dark greylist, linking)
01-10 18:05:15.466  9420  9420 I RenderThread: type=1400 audit(0.0:1791): avc: denied { read write } for name="fastpipe" dev="tmpfs" ino=6206 scontext=u:r:untrusted_app:s0:c61,c256,c512,c768 tcontext=u:object_r:device:s0 tclass=chr_file permissive=1
01-10 18:05:15.466  9420  9420 I RenderThread: type=1400 audit(0.0:1791): avc: denied { open } for path="/dev/fastpipe" dev="tmpfs" ino=6206 scontext=u:r:untrusted_app:s0:c61,c256,c512,c768 tcontext=u:object_r:device:s0 tclass=chr_file permissive=1
01-10 18:05:15.479  9420  9454 I         : fastpipe: Connect success
01-10 18:05:15.483  9420  9454 I         : fastpipe: Connect success
01-10 18:05:15.466  9420  9420 W RenderThread: type=1300 audit(0.0:1791): arch=c000003e syscall=257 success=yes exit=57 a0=ffffff9c a1=7ffff7717f5c a2=2 a3=0 items=0 ppid=1517 auid=4294967295 uid=10061 gid=10061 euid=10061 suid=10061 fsuid=10061 egid=10061 sgid=10061 fsgid=10061 tty=(none) ses=4294967295 exe="/system/bin/app_process64" subj=u:r:untrusted_app:s0:c61,c256,c512,c768 key=(null)
01-10 18:05:15.487  9420  9454 D HostConnection: HostRPC::connect sucess: app=com.habittracker, pid=9420, tid=9454, this=0x7fff52fd0740
01-10 18:05:15.466  1359  1359 W auditd  : type=1327 audit(0.0:1791): proctitle="com.habittracker"
01-10 18:05:15.489  9420  9454 E HostConnection: /data/local/cfg-yhind/gl_force format error! com.ncsoft.lineagen gl
01-10 18:05:15.489  9420  9454 E HostConnection: /data/local/cfg-yhind/gl_force format error! com.vng.thiennhaiminhnguyetdaovng gl
01-10 18:05:15.489  9420  9454 E HostConnection: /data/local/cfg-yhind/gl_force format error! com.proximabeta.tdm.kr gl
01-10 18:05:15.489  9420  9454 E HostConnection: /data/local/cfg-yhind/gl_force format error! com.proximabeta.tdm.kr.cloud gl
01-10 18:05:15.489  9420  9454 E HostConnection: /data/local/cfg-yhind/gl_force format error! com.proximabeta.tdm.kr.onestore gl
01-10 18:05:15.489  9420  9454 E HostConnection: /data/local/cfg-yhind/gl_force format error! com.tencent.tmgp.wuxia gl
01-10 18:05:15.489  9420  9454 E HostConnection: /data/local/cfg-yhind/gl_force format error! com.qqsy.gundam.ld gl
01-10 18:05:15.489  9420  9454 E HostConnection: /data/local/cfg-yhind/gl_force format error! com.qqsy.gundam gl
01-10 18:05:15.489  9420  9454 E HostConnection: /data/local/cfg-yhind/gl_force format error! com.gravity.cute.tw.testand gl
01-10 18:05:15.489  9420  9454 E HostConnection: /data/local/cfg-yhind/gl_force format error! com.cayenne.gvl gl
01-10 18:05:15.489  9420  9454 E HostConnection: /data/local/cfg-yhind/gl_force format error! com.netmarble.tskgb gl
01-10 18:05:15.489  9420  9454 E HostConnection: /data/local/cfg-yhind/gl_force format error! com.longe.racehmt gl
01-10 18:05:15.489  9420  9454 E HostConnection: /data/local/cfg-yhind/gl_force format error! com.gvi.robegins.aos gl
01-10 18:05:15.489  9420  9454 E HostConnection: /data/local/cfg-yhind/gl_force format error! com.studiocodedragon.projectss gl
01-10 18:05:15.489  9420  9454 E HostConnection: /data/local/cfg-yhind/gl_force format error! com.jingxiu.hygd gl
01-10 18:05:15.489  9420  9454 E HostConnection: /data/local/cfg-yhind/gl_force format error! com.playwith.nsealm.tw.googl gl
01-10 18:05:15.489  9420  9454 E HostConnection: /data/local/cfg-yhind/gl_force format error! com.playwith.sealm.kr.googl gl
01-10 18:05:15.489  9420  9454 E HostConnection: /data/local/cfg-yhind/gl_force format error! com.gravity.cute.tw.and gl
01-10 18:05:15.489  9420  9454 E HostConnection: /data/local/cfg-yhind/gl_force format error! com.forgefun.redcovenant gl
01-10 18:05:15.489  9420  9454 E HostConnection: /data/local/cfg-yhind/gl_force format error! com.silkroad.mb gl
01-10 18:05:15.489  9420  9454 E HostConnection: /data/local/cfg-yhind/gl_force format error! com.vortexgravity.bealive.ld gl
01-10 18:05:15.489  9420  9454 E HostConnection: /data/local/cfg-yhind/gl_force format error! com.com2usholdings.soulstrike.android.google.global.normal gl
01-10 18:05:15.489  9420  9454 E HostConnection: /data/local/cfg-yhind/gl_force format error! com.cobby.lonelysurvivor gl
01-10 18:05:15.489  9420  9454 E HostConnection: /data/local/cfg-yhind/gl_force format error! com.cmge.ltqrc gl
01-10 18:05:15.489  9420  9454 E HostConnection: /data/local/cfg-yhind/gl_force format error! com.cmge.ltqrc.ld gl
01-10 18:05:15.489  9420  9454 E HostConnection: /data/local/cfg-yhind/gl_force format error! com.seasun.jxqy0.jsgf.xsj gl
01-10 18:05:15.489  9420  9454 E HostConnection: /data/local/cfg-yhind/gl_force format error! com.seasun.jxqy0.huawei gl
01-10 18:05:15.489  9420  9454 E HostConnection: /data/local/cfg-yhind/gl_force format error! com.mobigame.tt12 gl
01-10 18:05:15.489  9420  9454 E HostConnection: /data/local/cfg-yhind/gl_force format error! com.kaneten.client.and gl
01-10 18:05:15.489  9420  9454 E HostConnection: /data/local/cfg-yhind/gl_force format error! com.playwith.rohan2.kr gl
01-10 18:05:15.489  9420  9454 E HostConnection: /data/local/cfg-yhind/gl_force format error! com.linecorp.LGATF gl
01-10 18:05:15.489  9420  9454 E HostConnection: /data/local/cfg-yhind/gl_force format error! com.atknsyl.weaponmaster gl
01-10 18:05:15.489  9420  9454 E HostConnection: /data/local/cfg-yhind/gl_force format error! com.blizzard.diablo.immortal gl
01-10 18:05:15.489  9420  9454 E HostConnection: /data/local/cfg-yhind/gl_force format error! com.netease.dfjssea gl
01-10 18:05:15.489  9420  9454 E HostConnection: /data/local/cfg-yhind/gl_force format error! com.netease.dfjsjp gl
01-10 18:05:15.489  9420  9454 E HostConnection: /data/local/cfg-yhind/gl_force format error! com.netease.dfjskr gl
01-10 18:05:15.489  9420  9454 E HostConnection: /data/local/cfg-yhind/gl_force format error! jp.co.applibot.chiikawapocketgl gl
01-10 18:05:15.489  9420  9454 E HostConnection: /data/local/cfg-yhind/gl_force format error! jp.co.applibot.chiikawapocket gl
01-10 18:05:15.489  9420  9454 E HostConnection: /data/local/cfg-yhind/gl_force format error! com.kakaogames.pcr gl
01-10 18:05:15.489  9420  9454 E HostConnection: /data/local/cfg-yhind/gl_force format error! com.kakaogames.eversoul gl
01-10 18:05:15.489  9420  9454 E HostConnection: /data/local/cfg-yhind/gl_force format error! com.kakaogames.eversouljp gl
01-10 18:05:15.489  9420  9454 E HostConnection: /data/local/cfg-yhind/gl_force format error! com.ntrance.dkr.and gl
01-10 18:05:15.489  9420  9454 E HostConnection: /data/local/cfg-yhind/gl_force format error! com.zlongame.eversoul gl
01-10 18:05:15.489  9420  9454 E HostConnection: /data/local/cfg-yhind/gl_force format error! com.Chillgaming.oneState gl
01-10 18:05:15.489  9420  9454 E HostConnection: /data/local/cfg-yhind/gl_force format error! com.activision.callofduty.shooter gl
01-10 18:05:15.466  1359  1359 W auditd  : type=1320 audit(0.0:1791): 
01-10 18:05:15.489  9420  9454 E HostConnection: /data/local/cfg-yhind/gl_force format error! com.garena.game.codm gl
01-10 18:05:15.489  9420  9454 E HostConnection: /data/local/cfg-yhind/gl_force format error! com.vng.codmvn gl
01-10 18:05:15.489  9420  9454 E HostConnection: /data/local/cfg-yhind/gl_force format error! com.VIIBYTE.RivalisAcademiaNexus gl
01-10 18:05:15.489  9420  9454 E HostConnection: /data/local/cfg-yhind/gl_force format error! com.qjsjqy.ld gl
01-10 18:05:15.489  9420  9454 E HostConnection: /data/local/cfg-yhind/gl_force format error! com.dragonli.projectsnow gl
01-10 18:05:15.489  9420  9454 E HostConnection: /data/local/cfg-yhind/gl_force format error! com.netmarble.kofafk gl
01-10 18:05:15.489  9420  9454 E HostConnection: /data/local/cfg-yhind/gl_force format error! com.greenmushroom.boomblitz.gp gl
01-10 18:05:15.489  9420  9454 E HostConnection: /data/local/cfg-yhind/gl_force format error! com.hermes.p6gameos gl
01-10 18:05:15.489  9420  9454 E HostConnection: /data/local/cfg-yhind/gl_force format error! com.crystal.usad gl
01-10 18:05:15.489  9420  9454 E HostConnection: /data/local/cfg-yhind/gl_force format error! com.jingxiu.yanwu gl
01-10 18:05:15.489  9420  9454 E HostConnection: /data/local/cfg-yhind/gl_force format error! com.playhardlab.heroes gl
01-10 18:05:15.489  9420  9454 E HostConnection: /data/local/cfg-yhind/gl_force format error! com.topgamestudio.americanblocksnipersurvival.jf gl
01-10 18:05:15.489  9420  9454 E HostConnection: /data/local/cfg-yhind/gl_force format error! vng.games.gs1.phongthan.mobile.com gl
01-10 18:05:15.489  9420  9454 E HostConnection: /data/local/cfg-yhind/gl_force format error! com.userjoy.szm gl
01-10 18:05:15.489  9420  9454 E HostConnection: /data/local/cfg-yhind/gl_force format error! com.netease.yzs gl
01-10 18:05:15.489  9420  9454 E HostConnection: /data/local/cfg-yhind/gl_force format error! com.korea.tamamonkr.google gl
01-10 18:05:15.489  9420  9454 E HostConnection: /data/local/cfg-yhind/gl_force format error! com.huanxi.datulong gl
01-10 18:05:15.489  9420  9454 E HostConnection: /data/local/cfg-yhind/gl_force format error! com.com2us.legendsummoner.android.google.global.normal gl
01-10 18:05:15.489  9420  9454 E HostConnection: /data/local/cfg-yhind/gl_force format error! com.metek.atm2 gl
01-10 18:05:15.489  9420  9454 E HostConnection: /data/local/cfg-yhind/gl_force format error! com.huiqi.mrby gl
01-10 18:05:15.489  9420  9454 E HostConnection: /data/local/cfg-yhind/gl_force format error! com.tencent.wlfz gl
01-10 18:05:15.489  9420  9454 E HostConnection: /data/local/cfg-yhind/gl_force format error! com.yh.hunter4.firstformal gl
01-10 18:05:15.489  9420  9454 E HostConnection: /data/local/cfg-yhind/gl_force format error! com.phonecoolgame.sanguo gl
01-10 18:05:15.489  9420  9454 E HostConnection: /data/local/cfg-yhind/gl_force format error! com.epidgames.trickcalrevive gl
01-10 18:05:15.489  9420  9454 E HostConnection: /data/local/cfg-yhind/gl_force format error! com.tanle.sycq gl
01-10 18:05:15.489  9420  9454 E HostConnection: /data/local/cfg-yhind/gl_force format error! com.youzu.djlw gl
01-10 18:05:15.489  9420  9454 E HostConnection: /data/local/cfg-yhind/gl_force format error! com.happyelements.rxr gl
01-10 18:05:15.489  9420  9454 E HostConnection: /data/local/cfg-yhind/gl_force format error! com.tencent.zd gl
01-10 18:05:15.489  9420  9454 E HostConnection: /data/local/cfg-yhind/gl_force format error! com.leisure.tw gl
01-10 18:05:15.489  9420  9454 E HostConnection: /data/local/cfg-yhind/gl_force format error! aos.playpark.ygc gl
01-10 18:05:15.489  9420  9454 E HostConnection: /data/local/cfg-yhind/gl_force format error! com.zhuyue.dungeon4 gl
01-10 18:05:15.489  9420  9454 E HostConnection: /data/local/cfg-yhind/gl_force format error! com.sunking.as3d gl
01-10 18:05:15.489  9420  9454 E HostConnection: /data/local/cfg-yhind/gl_force format error! com.ncsoft.bsh gl
01-10 18:05:15.489  9420  9454 E HostConnection: /data/local/cfg-yhind/gl_force format error! com.zengame.hlmjhdj gl
01-10 18:05:15.489  9420  9454 E HostConnection: /data/local/cfg-yhind/gl_force format error! com.zengame.zjscmj gl
01-10 18:05:15.489  9420  9454 E HostConnection: /data/local/cfg-yhind/gl_force format error! com.leduo.zjscmj gl
01-10 18:05:15.489  9420  9454 E HostConnection: /data/local/cfg-yhind/gl_force format error! com.tencent.tmgp.scmjxzddnew gl
01-10 18:05:15.489  9420  9454 E HostConnection: /data/local/cfg-yhind/gl_force format error! com.drivezone.car.race.game gl
01-10 18:05:15.489  9420  9454 E HostConnection: /data/local/cfg-yhind/gl_force format error! com.game.sgzzqtxsy gl
01-10 18:05:15.489  9420  9454 E HostConnection: /data/local/cfg-yhind/gl_force format error! com.leduo.ttmjdjb gl
01-10 18:05:15.489  9420  9454 E HostConnection: /data/local/cfg-yhind/gl_force format error! com.hygame.mhxy.tw.gp gl
01-10 18:05:15.489  9420  9454 E HostConnection: /data/local/cfg-yhind/gl_force format error! com.hxen.ld gl
01-10 18:05:15.490  9420  9454 E HostConnection: /data/local/cfg-yhind/gl_force format error! com.leduo.ttmjdjb.p234 gl
01-10 18:05:15.490  9420  9454 E HostConnection: /data/local/cfg-yhind/gl_force format error! com.kt.ld gl
01-10 18:05:15.490  9420  9454 E HostConnection: /data/local/cfg-yhind/gl_force format error! gg.maxion.knt.and gl
01-10 18:05:15.490  9420  9454 E HostConnection: /data/local/cfg-yhind/gl_force format error! com.wwjd.ld gl
01-10 18:05:15.490  9420  9454 E HostConnection: /data/local/cfg-yhind/gl_force format error! com.uwocn.aos gl
01-10 18:05:15.490  9420  9454 E HostConnection: /data/local/cfg-yhind/gl_force format error! com.joycrit.wac.and.ru.ld gl
01-10 18:05:15.490  9420  9454 E HostConnection: /data/local/cfg-yhind/gl_force format error! com.hx.interactive gl
01-10 18:05:15.490  9420  9454 E HostConnection: /data/local/cfg-yhind/gl_force format error! com.chinesegamer.xqj gl
01-10 18:05:15.490  9420  9420 W View    : requestLayout() improperly called by androidx.compose.ui.platform.ViewLayerContainer{b4736ad V.E...... ......ID 0,0-0,0} during layout: running second layout pass
01-10 18:05:15.490  9420  9454 D HostConnection: queryAndSetGLESMaxVersion select gles-version: 3.1 hostGLVersion:46 process:com.habittracker
01-10 18:05:15.476  9420  9420 I RenderThread: type=1400 audit(0.0:1792): avc: denied { ioctl } for path="/dev/fastpipe" dev="tmpfs" ino=6206 ioctlcmd=6864 scontext=u:r:untrusted_app:s0:c61,c256,c512,c768 tcontext=u:object_r:device:s0 tclass=chr_file permissive=1
01-10 18:05:15.511  9420  9454 I ConfigStore: android::hardware::configstore::V1_0::ISurfaceFlingerConfigs::hasWideColorDisplay retrieved: 0
01-10 18:05:15.511  9420  9454 I ConfigStore: android::hardware::configstore::V1_0::ISurfaceFlingerConfigs::hasHDRDisplay retrieved: 0
01-10 18:05:15.511  9420  9454 I OpenGLRenderer: Initialized EGL, version 1.4
01-10 18:05:15.511  9420  9454 D OpenGLRenderer: Swap behavior 1
01-10 18:05:15.520  9420  9454 D EGL_emulation: eglCreateContext: 0x7fff6a1d9500: maj 3 min 1 rcv 4
01-10 18:05:15.550  9420  9454 E eglCodecCommon: glUtilsParamSize: unknow param 0x000082da
01-10 18:05:15.551  9420  9454 E eglCodecCommon: glUtilsParamSize: unknow param 0x000082e5
01-10 18:05:15.555  9420  9454 D HostConnection: ExtendedRCEncoderContext GL_VERSION return OpenGL ES 3.1 v1
01-10 18:05:15.564  9420  9454 E eglCodecCommon: glUtilsParamSize: unknow param 0x00008c29
01-10 18:05:15.564  9420  9454 E eglCodecCommon: glUtilsParamSize: unknow param 0x000087fe
01-10 18:05:15.580  9420  9454 D vndksupport: Loading /vendor/lib64/hw/android.hardware.graphics.mapper@2.0-impl.so from current namespace instead of sphal namespace.
01-10 18:05:15.580  9420  9454 D vndksupport: Loading /vendor/lib64/hw/gralloc.default.so from current namespace instead of sphal namespace.
01-10 18:05:15.774  9420  9454 E EGL_emulation: tid 9454: eglSurfaceAttrib(1493): error 0x3009 (EGL_BAD_MATCH)
01-10 18:05:15.774  9420  9454 W OpenGLRenderer: Failed to set EGL_SWAP_BEHAVIOR on surface 0x7fff52f47a00, error=EGL_BAD_MATCH
01-10 18:05:15.807  9420  9420 I Choreographer: Skipped 63 frames!  The application may be doing too much work on its main thread.
01-10 18:05:15.933  1759  1782 I system_server: Background concurrent copying GC freed 378677(13MB) AllocSpace objects, 46(984KB) LOS objects, 42% free, 21MB/36MB, paused 111us total 101.303ms
01-10 18:05:15.988  1759  1780 W System  : A resource failed to call close. 
01-10 18:05:15.989  1759  1780 I chatty  : uid=1000(system) FinalizerDaemon identical 39 lines
01-10 18:05:15.989  1759  1780 W System  : A resource failed to call close. 
01-10 18:05:16.039  9420  9420 W om.habittracke: Accessing hidden method Landroid/os/Trace;->asyncTraceBegin(JLjava/lang/String;I)V (light greylist, reflection)
01-10 18:05:16.039  9420  9420 W om.habittracke: Accessing hidden method Landroid/os/Trace;->asyncTraceEnd(JLjava/lang/String;I)V (light greylist, reflection)
01-10 18:05:16.040  9420  9420 W om.habittracke: Accessing hidden method Landroid/os/Trace;->traceCounter(JLjava/lang/String;I)V (light greylist, reflection)
01-10 18:05:16.045  1759  1792 I ActivityManager: Displayed com.habittracker/.MainActivity: +4s482ms
01-10 18:05:14.667  2533  2533 W ContextImpl: Calling a method in the system process without a qualified user: android.app.ContextImpl.startService:1531 android.content.ContextWrapper.startService:664 android.content.ContextWrapper.startService:664 com.android.coreservice.CoreBroadcastReceiver.onReceive:53 android.app.ActivityThread.handleReceiver:3424 
01-10 18:05:16.052  2533  2533 W ContextImpl: Calling a method in the system process without a qualified user: android.app.ContextImpl.startService:1531 android.content.ContextWrapper.startService:664 android.content.ContextWrapper.startService:664 com.android.coreservice.CoreBroadcastReceiver.onReceive:69 android.app.ActivityThread.handleReceiver:3424 
01-10 18:05:16.152  2259  8330 I FontLog : (REDACTED) Received query %s, URI %s
01-10 18:05:16.155  2259  8330 I FontLog : (REDACTED) Query [%s] resolved to %s
01-10 18:05:16.195  2259  8330 I FontLog : (REDACTED) Fetch %s end status %s
01-10 18:05:16.212  9420  9457 W om.habittracke: Accessing hidden method Landroid/graphics/FontFamily;-><init>()V (light greylist, reflection)
01-10 18:05:16.212  9420  9457 W om.habittracke: Accessing hidden method Landroid/graphics/FontFamily;->addFontFromAssetManager(Landroid/content/res/AssetManager;Ljava/lang/String;IZIII[Landroid/graphics/fonts/FontVariationAxis;)Z (light greylist, reflection)
01-10 18:05:16.212  9420  9457 W om.habittracke: Accessing hidden method Landroid/graphics/FontFamily;->addFontFromBuffer(Ljava/nio/ByteBuffer;I[Landroid/graphics/fonts/FontVariationAxis;II)Z (light greylist, reflection)
01-10 18:05:16.212  9420  9457 W om.habittracke: Accessing hidden method Landroid/graphics/FontFamily;->freeze()Z (light greylist, reflection)
01-10 18:05:16.212  9420  9457 W om.habittracke: Accessing hidden method Landroid/graphics/FontFamily;->abortCreation()V (light greylist, reflection)
01-10 18:05:16.212  9420  9457 W om.habittracke: Accessing hidden method Landroid/graphics/Typeface;->createFromFamiliesWithDefault([Landroid/graphics/FontFamily;Ljava/lang/String;II)Landroid/graphics/Typeface; (light greylist, reflection)
01-10 18:05:16.214  2259  8330 I FontLog : (REDACTED) Pulling font file for id = %d, cache size = %d
01-10 18:05:16.225  2259  8330 I FontLog : (REDACTED) Pulling font file for id = %d, cache size = %d
01-10 18:05:19.379  9458  9458 I appproc : app_process main with argv: /system/bin com.android.commands.input.Input tap 540 400 
01-10 18:05:19.379  9458  9458 D AndroidRuntime: >>>>>> START com.android.internal.os.RuntimeInit uid 2000 <<<<<<
01-10 18:05:19.388  9458  9458 E cutils-trace: Error opening trace file: No such file or directory (2)
01-10 18:05:19.447  9458  9458 V libnb   : enter native_bridge2_isCompatibleWith 3
01-10 18:05:19.468  9458  9458 I libnb   : Found /system/lib64/libhoudini.so version 3
01-10 18:05:19.536  9458  9458 I app_process: The ClassLoaderContext is a special shared library.
01-10 18:05:19.536  9458  9458 W app_process: Could not create mount namespace.
01-10 18:05:19.536  9458  9458 D nativebridge: PreInitializeNativeBridge name=unknown instruction_set=x86_64
01-10 18:05:19.536  9458  9458 W nativebridge: Failed to bind-mount /system/lib64/x86_64/cpuinfo as /proc/cpuinfo: Operation not permitted
01-10 18:05:19.536  9458  9458 D nativebridge: call UnloadNativeBridge! state=2
01-10 18:05:19.533  9458  9458 I main    : type=1400 audit(0.0:1793): avc: denied { mounton } for path="/proc/cpuinfo" dev="proc" ino=4026531993 scontext=u:r:shell:s0 tcontext=u:object_r:proc_cpuinfo:s0 tclass=file permissive=1
01-10 18:05:19.585  9458  9458 D AndroidRuntime: Calling main entry com.android.commands.input.Input
01-10 18:05:19.597  9458  9458 I Input   : injectMotionEvent: MotionEvent { action=ACTION_DOWN, actionButton=0, id[0]=0, x[0]=540.0, y[0]=400.0, toolType[0]=TOOL_TYPE_UNKNOWN, buttonState=0, metaState=0, flags=0x0, edgeFlags=0x0, pointerCount=1, historySize=0, eventTime=12902278, downTime=12902278, deviceId=3, source=0x1002 }
01-10 18:05:19.639  9458  9458 I Input   : injectMotionEvent: MotionEvent { action=ACTION_UP, actionButton=0, id[0]=0, x[0]=540.0, y[0]=400.0, toolType[0]=TOOL_TYPE_UNKNOWN, buttonState=0, metaState=0, flags=0x0, edgeFlags=0x0, pointerCount=1, historySize=0, eventTime=12902278, downTime=12902278, deviceId=3, source=0x1002 }
01-10 18:05:19.656  9458  9458 D AndroidRuntime: Shutting down VM
01-10 18:05:19.666  9420  9420 I RenderThread: type=1400 audit(0.0:1794): avc: denied { ioctl } for path="/dev/fastpipe" dev="tmpfs" ino=6206 ioctlcmd=6867 scontext=u:r:untrusted_app:s0:c61,c256,c512,c768 tcontext=u:object_r:device:s0 tclass=chr_file permissive=1
01-10 18:05:20.112  9420  9420 W om.habittracke: Verification of void androidx.compose.foundation.layout.FlowMeasurePolicy.<init>(androidx.compose.foundation.layout.LayoutOrientation, androidx.compose.foundation.layout.Arrangement$Horizontal, androidx.compose.foundation.layout.Arrangement$Vertical, float, androidx.compose.foundation.layout.SizeMode, androidx.compose.foundation.layout.CrossAxisAlignment, float, int) took 113.392ms
01-10 18:05:20.269  9420  9469 D ProfileInstaller: Installing profile for com.habittracker
01-10 18:05:20.872  1546  1546 I health@2.0-serv: type=1400 audit(0.0:1797): avc: denied { read } for name="present" dev="sysfs" ino=6606 scontext=u:r:init:s0 tcontext=u:object_r:sysfs:s0 tclass=file permissive=1
01-10 18:05:23.942  2417  2417 D BoundBrokerSvc: onUnbind: Intent { act=com.google.android.gms.measurement.START pkg=com.google.android.gms }
01-10 18:05:23.945  1759  1792 E memtrack: Couldn't load memtrack module
01-10 18:05:23.945  1759  1792 W android.os.Debug: failed to get memory consumption info: -1
01-10 18:05:27.244  2259  2259 D BoundBrokerSvc: onUnbind: Intent { act=com.google.android.gms.presencemanager.service.START dat=chimera-action: cmp=com.google.android.gms/.chimera.PersistentApiService }
01-10 18:05:27.247  2259  2259 D BoundBrokerSvc: onUnbind: Intent { act=com.google.android.gms.presencemanager.service.INTERNAL_IDENTITY dat=chimera-action: cmp=com.google.android.gms/.chimera.PersistentApiService }
01-10 18:05:16.138  2533  2533 W ContextImpl: Calling a method in the system process without a qualified user: android.app.ContextImpl.startService:1531 android.content.ContextWrapper.startService:664 android.content.ContextWrapper.startService:664 com.android.coreservice.CoreBroadcastReceiver.onReceive:69 android.app.ActivityThread.handleReceiver:3424 
01-10 18:05:33.641  1591  1651 E storaged: getDiskStats failed with result NOT_SUPPORTED and size 0
01-10 18:05:33.636  1591  1591 I storaged: type=1400 audit(0.0:1800): avc: denied { call } for scontext=u:r:storaged:s0 tcontext=u:r:init:s0 tclass=binder permissive=1
01-10 18:05:42.135  1759  1792 E memtrack: Couldn't load memtrack module
01-10 18:05:42.135  1759  1792 W android.os.Debug: failed to get memory consumption info: -1
01-10 18:05:50.769  1567  1567 I ldinit  : type=1400 audit(0.0:1801): avc: denied { read } for name="partitions" dev="proc" ino=4026532050 scontext=u:r:ldinit:s0 tcontext=u:object_r:proc:s0 tclass=file permissive=1
01-10 18:05:50.769  1567  1567 I ldinit  : type=1400 audit(0.0:1801): avc: denied { open } for path="/proc/partitions" dev="proc" ino=4026532050 scontext=u:r:ldinit:s0 tcontext=u:object_r:proc:s0 tclass=file permissive=1
01-10 18:05:50.769  1567  1567 W ldinit  : type=1300 audit(0.0:1801): arch=c000003e syscall=257 success=yes exit=6 a0=ffffff9c a1=7ffff7728278 a2=0 a3=0 items=0 ppid=1 auid=4294967295 uid=0 gid=0 euid=0 suid=0 fsuid=0 egid=0 sgid=0 fsgid=0 tty=(none) ses=4294967295 exe="/system/bin/ldinit" subj=u:r:ldinit:s0 key=(null)
01-10 18:05:50.769  1359  1359 W auditd  : type=1327 audit(0.0:1801): proctitle="/system/bin/ldinit"
01-10 18:05:50.769  1359  1359 W auditd  : type=1320 audit(0.0:1801): 
01-10 18:05:50.769  1567  1567 I ldinit  : type=1400 audit(0.0:1802): avc: denied { getattr } for path="/proc/partitions" dev="proc" ino=4026532050 scontext=u:r:ldinit:s0 tcontext=u:object_r:proc:s0 tclass=file permissive=1
01-10 18:06:00.012  1759  1792 E memtrack: Couldn't load memtrack module
01-10 18:06:00.012  1759  1792 W android.os.Debug: failed to get memory consumption info: -1
01-10 18:06:00.033  1759  1792 E memtrack: Couldn't load memtrack module
01-10 18:06:00.033  1759  1792 W android.os.Debug: failed to get memory consumption info: -1
01-10 18:06:00.049  1574  1574 I surfaceflinger: type=1400 audit(0.0:1803): avc: denied { ioctl } for path="/dev/fastpipe" dev="tmpfs" ino=6206 ioctlcmd=6867 scontext=u:r:surfaceflinger:s0 tcontext=u:object_r:device:s0 tclass=chr_file permissive=1
01-10 18:06:00.129  1543  1543 I composer@2.1-se: type=1400 audit(0.0:1804): avc: denied { ioctl } for path="/dev/fastpipe" dev="tmpfs" ino=6206 ioctlcmd=6867 scontext=u:r:hal_graphics_composer_default:s0 tcontext=u:object_r:device:s0 tclass=chr_file permissive=1
01-10 18:06:01.316  1543  1605 D EmuHWC2 : sent 551 syncs in 60s
01-10 18:06:16.342  1546  1546 I health@2.0-serv: type=1400 audit(0.0:1805): avc: denied { read } for scontext=u:r:init:s0 tcontext=u:r:init:s0 tclass=netlink_kobject_uevent_socket permissive=1
01-10 18:06:20.516  1526  1526 I healthd : type=1400 audit(0.0:1806): avc: denied { read } for name="present" dev="sysfs" ino=6606 scontext=u:r:healthd:s0 tcontext=u:object_r:sysfs:s0 tclass=file permissive=1
01-10 18:06:20.773  1759  1780 W System  : A resource failed to call close. 
01-10 18:06:33.665  1591  1651 E storaged: getDiskStats failed with result NOT_SUPPORTED and size 0
01-10 18:06:20.774  1759  1780 I chatty  : uid=1000(system) FinalizerDaemon identical 49 lines
01-10 18:06:20.774  1759  1780 W System  : A resource failed to call close. 
01-10 18:06:39.096  2259  9438 I .gms.persisten: Explicit concurrent copying GC freed 36996(1788KB) AllocSpace objects, 2(40KB) LOS objects, 49% free, 9MB/18MB, paused 45us total 53.992ms
01-10 18:06:41.029  1759  1831 D NativeLibraryHelper: call FindSupportedAbi, param: supportedAbisArray=x86_64 x86 arm64-v8a armeabi-v7a armeabi 
01-10 18:06:41.032  1759  1831 D NativeLibraryHelper: native FindSupportedAbi return! ret=-114 abi=NULL
01-10 18:06:41.069  7422  7422 I Binder:7422_3: type=1400 audit(0.0:1808): avc: denied { open } for path="/data/local/cfg-yhind/app_arch_list" dev="sdb2" ino=131953 scontext=u:r:platform_app:s0:c512,c768 tcontext=u:object_r:system_data_file:s0 tclass=file permissive=1
01-10 18:06:41.098  7422  7435 D NativeLibraryHelper: call FindSupportedAbi, param: supportedAbisArray=x86_64 x86 arm64-v8a armeabi-v7a armeabi 
01-10 18:06:41.223  1759  1807 D NativeLibraryHelper: call FindSupportedAbi, param: supportedAbisArray=x86_64 x86 arm64-v8a armeabi-v7a armeabi 
01-10 18:06:41.224  1759  1807 I PackageManager: do copyNativeBinariesForSupportedAbi copyRet=-114
01-10 18:06:41.225  1759  1793 I ActivityManager: Force stopping com.habittracker appid=10061 user=-1: installPackageLI
01-10 18:06:41.228  1759  1793 I ActivityManager: Killing 9420:com.habittracker/u0a61 (adj 0): stop com.habittracker
01-10 18:06:41.229  1759  1796 W libprocessgroup: kill(-9420, 9) failed: No such process
01-10 18:06:41.233  1759  1793 W ActivityManager: Force removing ActivityRecord{c8c24dc u0 com.habittracker/.MainActivity t12}: app died, no saved state
01-10 18:06:41.249  1759  1870 W InputDispatcher: channel 'c22fdb1 com.habittracker/com.habittracker.MainActivity (server)' ~ Consumer closed input channel or an error occurred.  events=0x9
01-10 18:06:41.249  1759  1870 E InputDispatcher: channel 'c22fdb1 com.habittracker/com.habittracker.MainActivity (server)' ~ Channel is unrecoverably broken and will be disposed!
01-10 18:06:41.266  1517  1517 I Zygote  : Process 9420 exited due to signal (9)
01-10 18:06:41.273  1759  1796 W libprocessgroup: kill(-9420, 9) failed: No such process
01-10 18:06:41.273  1759  1796 I libprocessgroup: Successfully killed process cgroup uid 10061 pid 9420 in 43ms
01-10 18:06:41.286  1759  1793 W InputDispatcher: Attempted to unregister already unregistered input channel 'c22fdb1 com.habittracker/com.habittracker.MainActivity (server)'
01-10 18:06:41.294  1574  2434 W SurfaceFlinger: Attempting to destroy on removed layer: AppWindowToken{2bb8cba token=Token{90ee9e5 ActivityRecord{c8c24dc u0 com.habittracker/.MainActivity t12}}}#0
01-10 18:06:41.321  1759  4073 W WindowManager: Failed looking up window callers=com.android.server.wm.WindowManagerService.windowForClientLocked:5541 com.android.server.wm.WindowState$DeathRecipient.binderDied:2448 android.os.BinderProxy.sendDeathNotice:1193 
01-10 18:06:41.321  1759  4073 I WindowManager: WIN DEATH: null
01-10 18:06:41.352  1759  1807 I LSPosed-Bridge: 2026-01-10 18:06:41.352 DEBUG/CameraInterceptor:FileOutputHook: FileOutputStream opened for image path: /config/sdcardfs/photo.video.filter.hd.camera/appid
01-10 18:06:41.352  1759  1807 D CameraInterceptor:FileOutputHook: FileOutputStream opened for image path: /config/sdcardfs/photo.video.filter.hd.camera/appid
01-10 18:06:41.349  1759  1759 I pool-1-thread-1: type=1400 audit(0.0:1809): avc: denied { getattr } for path="/storage/emulated/0/CameraInterceptor/camera_interceptor_log.txt" dev="sdcardfs" ino=1970845 scontext=u:r:system_server:s0 tcontext=u:object_r:sdcardfs:s0 tclass=file permissive=1
01-10 18:06:41.356  1759  1807 I LSPosed-Bridge: 2026-01-10 18:06:41.356 DEBUG/CameraInterceptor:FileOutputHook: FileOutputStream opened for image path: /config/sdcardfs/photo.video.filter.hd.camera/appid
01-10 18:06:41.356  1759  1807 D CameraInterceptor:FileOutputHook: FileOutputStream opened for image path: /config/sdcardfs/photo.video.filter.hd.camera/appid
01-10 18:06:41.356  1759  1807 I LSPosed-Bridge: 2026-01-10 18:06:41.356 DEBUG/CameraInterceptor:FileOutputHook: FileOutputStream opened for image path: /config/sdcardfs/photo.video.filter.hd.camera/appid
01-10 18:06:41.356  1759  1807 D CameraInterceptor:FileOutputHook: FileOutputStream opened for image path: /config/sdcardfs/photo.video.filter.hd.camera/appid
01-10 18:06:41.356  1759  1807 I LSPosed-Bridge: 2026-01-10 18:06:41.356 DEBUG/CameraInterceptor:FileOutputHook: FileOutputStream opened for image path: /config/sdcardfs/photo.video.filter.hd.camera/appid
01-10 18:06:41.356  1759  1807 D CameraInterceptor:FileOutputHook: FileOutputStream opened for image path: /config/sdcardfs/photo.video.filter.hd.camera/appid
01-10 18:06:41.356  1759  1807 I LSPosed-Bridge: 2026-01-10 18:06:41.356 DEBUG/CameraInterceptor:FileOutputHook: FileOutputStream opened for image path: /config/sdcardfs/photo.video.filter.hd.camera/appid
01-10 18:06:41.356  1759  1807 D CameraInterceptor:FileOutputHook: FileOutputStream opened for image path: /config/sdcardfs/photo.video.filter.hd.camera/appid
