01-10 14:30:43.180  1759  1800 W Looper  : Slow dispatch took 101ms android.fg h=android.os.Handler c=com.android.server.om.-$$Lambda$OverlayManagerService$OverlayChangeListener$u9oeN2C0PDMo0pYiLqfMBkwuMNA@f7ec6a0 m=0
01-10 14:30:43.731  1922  2300 E ActivityThread: Failed to find provider info for com.android.contacts
01-10 14:30:43.775  1759  1801 D BluetoothManagerService: MESSAGE_BLUETOOTH_STATE_CHANGE: TURNING_ON > ON
01-10 14:30:43.776  1759  1801 D BluetoothManagerService: Broadcasting onBluetoothStateChange(true) to 6 receivers.
01-10 14:30:43.812  1759  1801 D BluetoothManagerService: Creating new ProfileServiceConnections object for profile: 1
01-10 14:30:43.876  1759  1801 D BluetoothManagerService: Sending BLE State Change: TURNING_ON > ON
01-10 14:30:43.950  1759  1759 I Telecom : BluetoothPhoneService: queryPhoneState: BPSI.qPS@AAU
01-10 14:30:43.984  1759  1759 I Telecom : BluetoothPhoneService: updateHeadsetWithCallState numActive 0, numHeld 0, callState 6, ringing number ***, ringing type 128
01-10 14:30:43.987  1759  1759 I Telecom : : - Got BluetoothHeadset: com.android.server.telecom.BluetoothHeadsetProxy@618898a: BMSL.oSC@AAY
01-10 14:30:44.067  1759  1848 W ActivityManager: Unable to start service Intent { act=com.google.android.chimera.BoundService.START dat=chimera-action:com.google.android.gms.phenotype.service.START cmp=com.google.android.gms/.chimera.PersistentApiService } U=0: not found
01-10 14:30:44.110  1759  1848 W ActivityManager: Unbind failed: could not find connection for android.os.BinderProxy@951d0ad
01-10 14:30:44.324  1759  1784 W BroadcastQueue: Background execution not allowed: receiving Intent { act=android.bluetooth.adapter.action.STATE_CHANGED flg=0x4000010 (has extras) } to com.google.android.gms/.chimera.GmsIntentOperationService$PersistentTrustedReceiver
01-10 14:30:45.219  1759  1783 W ActivityManager: Receiver with filter android.content.IntentFilter@7ac1ba1 already registered for pid 1930, callerPackage is com.android.systemui
01-10 14:30:46.223  1759  1783 I WifiService: WifiService trying to set country code to ca
01-10 14:30:46.343  1930  2258 E ActivityThread: Failed to find provider info for com.android.contacts
01-10 14:30:46.521  1759  1794 W WindowManager: Keyguard drawn timeout. Setting mKeyguardDrawComplete
01-10 14:30:46.807  1759  2065 I Telecom : PhoneAccountRegistrar: New phone account registered: [[ ] PhoneAccount: ComponentInfo{com.android.phone/com.android.services.telephony.TelephonyConnectionService}, ***, UserHandle{0} Capabilities: CallProvider MultiUser PlaceEmerg SimSub  Audio Routes: BESW Schemes: tel voicemail  Extras: Bundle[mParcelledData.dataSize=124] GroupId: ***]: TSI.rPA@AAk
01-10 14:30:46.898  1759  2065 I Telecom : CallsManager: Sending phone-account ComponentInfo{com.android.phone/com.android.services.telephony.TelephonyConnectionService}, ***, UserHandle{0} registered intent as user: TSI.rPA@AAk
01-10 14:30:46.904  2121  2121 I TelecomFramework: AccountEntry: Registered phoneAccount: [[ ] PhoneAccount: ComponentInfo{com.android.phone/com.android.services.telephony.TelephonyConnectionService}, ***, UserHandle{0} Capabilities: CallProvider MultiUser PlaceEmerg SimSub  Audio Routes: BESW Schemes: tel voicemail  Extras: Bundle[{android.telecom.extra.SUPPORTS_VIDEO_CALLING_FALLBACK=true}] GroupId: ***] with handle: ComponentInfo{com.android.phone/com.android.services.telephony.TelephonyConnectionService}, ***, UserHandle{0}
01-10 14:30:46.905  2121  2121 I TelecomFramework: PstnIncomingCallNotifier: Registering: Handler (com.android.internal.telephony.GsmCdmaPhone) {370ba3f}
01-10 14:30:46.925  2121  2121 I TelecomFramework: TelecomAccountRegistry: Unregistering phone account ComponentInfo{com.android.phone/com.android.services.telephony.TelephonyConnectionService}, ***, UserHandle{0}.
01-10 14:30:46.954  1759  2065 I Telecom : CallsManager: Sending phone-account ComponentInfo{com.android.phone/com.android.services.telephony.TelephonyConnectionService}, ***, UserHandle{0} unregistered intent as user: TSI.uPA@AAs
01-10 14:30:46.984  2121  2121 I TelecomFramework: PstnIncomingCallNotifier: Unregistering: Handler (com.android.internal.telephony.GsmCdmaPhone) {370ba3f}
01-10 14:30:47.000  1930  2277 E ActivityThread: Failed to find provider info for com.android.contacts
01-10 14:30:47.002  1759  1759 E NotificationService: Muting recently noisy 0|com.android.server.telecom|1337|null|1000
01-10 14:30:47.053  1759  1759 E NotificationService: Muting recently noisy 0|com.android.server.telecom|1337|null|1000
01-10 14:30:47.117  1930  2258 E ActivityThread: Failed to find provider info for com.android.contacts
01-10 14:30:47.118  1759  2065 I Telecom : PhoneAccountRegistrar: Modify account: [ComponentInfo{com.android.phone/com.android.services.telephony.TelephonyConnectionService}, ***, UserHandle{0}]: TSI.rPA@AA0
01-10 14:30:47.148  2121  2121 I TelecomFramework: AccountEntry: Registered phoneAccount: [[ ] PhoneAccount: ComponentInfo{com.android.phone/com.android.services.telephony.TelephonyConnectionService}, ***, UserHandle{0} Capabilities: CallProvider MultiUser PlaceEmerg SimSub  Audio Routes: BESW Schemes: tel voicemail  Extras: Bundle[{android.telecom.extra.SUPPORTS_VIDEO_CALLING_FALLBACK=true}] GroupId: ***] with handle: ComponentInfo{com.android.phone/com.android.services.telephony.TelephonyConnectionService}, ***, UserHandle{0}
01-10 14:30:47.148  2121  2121 I TelecomFramework: PstnIncomingCallNotifier: Registering: Handler (com.android.internal.telephony.GsmCdmaPhone) {370ba3f}
01-10 14:30:47.255  1759  1759 E NotificationService: Muting recently noisy 0|com.android.server.telecom|1337|null|1000
01-10 14:30:47.433  1759  1882 D WifiService: New client listening to asynchronous messages
01-10 14:30:47.745  1922  2395 E ActivityThread: Failed to find provider info for com.android.contacts
01-10 14:30:48.011  2121  2121 I TelecomFramework: PstnPhoneCapabilitiesNotifier: handleVideoCapabilitesChanged. Video capability - false
01-10 14:30:48.047  2121  2121 I TelecomFramework: PstnPhoneCapabilitiesNotifier: handleVideoCapabilitesChanged. Video capability - false
01-10 14:30:48.283  1759  2085 I Telecom : PhoneAccountRegistrar: Modify account: [ComponentInfo{com.android.phone/com.android.services.telephony.TelephonyConnectionService}, ***, UserHandle{0}]: TSI.rPA@ABA
01-10 14:30:48.424  1759  1802 W WindowManager: Window freeze timeout expired.
01-10 14:30:48.426  1759  1802 W WindowManager: Force clearing orientation change: Window{c93104e u0 StatusBar}
01-10 14:30:48.637  2121  2121 D MccTable: updateMccMncConfiguration mccmnc='302780' fromServiceState=false
01-10 14:30:48.638  2121  2121 D MccTable: updateMccMncConfiguration defaultMccMnc=62120
01-10 14:30:48.638  2121  2121 D MccTable: updateMccMncConfiguration: mcc=302, mnc=780
01-10 14:30:48.638  2121  2121 D MccTable: updateMccMncConfiguration updateConfig config={0.0 302mcc780mnc ?localeList ?layoutDir ?swdp ?wdp ?hdp ?density ?lsize ?long ?ldr ?wideColorGamut ?orien ?uimode ?night ?touch ?keyb/?/? ?nav/? winConfig={ mBounds=Rect(0, 0 - 0, 0) mAppBounds=null mWindowingMode=undefined mActivityType=undefined}}
01-10 14:30:48.659  1759  1784 I ActivityManager: Config changes=3 {1.0 302mcc780mnc [en_US] ldltr sw600dp w1066dp h576dp 240dpi lrg long land finger qwerty/v/v -nav/h winConfig={ mBounds=Rect(0, 0 - 0, 0) mAppBounds=Rect(0, 0 - 1600, 900) mWindowingMode=fullscreen mActivityType=undefined} s.6}
01-10 14:30:48.703  1759  1784 I ActivityManager: Override config changes=3 {1.0 302mcc780mnc [en_US] ldltr sw600dp w1066dp h576dp 240dpi lrg long land finger qwerty/v/v -nav/h winConfig={ mBounds=Rect(0, 0 - 1600, 900) mAppBounds=Rect(0, 0 - 1600, 900) mWindowingMode=fullscreen mActivityType=undefined} s.6} for displayId=0
01-10 14:30:49.050  1759  1802 I WindowManager: ******* TELLING SURFACE FLINGER WE ARE BOOTED!
01-10 14:30:49.081  1759  1802 W ActivityManager: Unable to mark boot complete for abi: arm64-v8a (android.os.ServiceSpecificException: Failed to unlink /data//dalvik-cache/arm64/.booting (code 2))
01-10 14:30:49.082  1759  1802 W ActivityManager: Unable to mark boot complete for abi: armeabi-v7a (android.os.ServiceSpecificException: Failed to unlink /data//dalvik-cache/arm/.booting (code 2))
01-10 14:30:49.082  1759  1802 I SystemServiceManager: Starting phase 1000
01-10 14:30:49.102  1759  1800 I UsbDeviceManager: Setting USB config to mtp
01-10 14:30:49.157  1759  1802 W SystemServiceManager: Service com.android.server.SensorNotificationService took 60 ms in onBootPhase
01-10 14:30:49.165  1759  1802 D ActivityManager: Finishing user boot 0
01-10 14:30:49.170  1759  1802 I ActivityManager: User 0 state changed from BOOTING to RUNNING_LOCKED
01-10 14:30:49.193  1759  1802 D ActivityManager: Started unlocking user 0
01-10 14:30:49.194  1759  1802 D ActivityManager: Unlocking user 0 progress 0
01-10 14:30:49.194  1759  1802 D ActivityManager: Unlocking user 0 progress 5
01-10 14:30:49.197  1352  1363 D vold    : e4crypt_prepare_user_storage for volume null, user 0, serial 0, flags 2
01-10 14:30:49.197  1352  1363 D vold    : Preparing: /data/system_ce/0
01-10 14:30:49.197  1352  1363 D vold    : Preparing: /data/misc_ce/0
01-10 14:30:49.197  1352  1363 D vold    : Preparing: /data/vendor_ce/0
01-10 14:30:49.203  1352  1363 D vold    : Preparing: /data/media/0
01-10 14:30:49.204  1352  1363 D vold    : Preparing: /data/data
01-10 14:30:49.204  1352  1363 V vold    : Starting restorecon of /data/system_ce/0
01-10 14:30:49.207  1352  1363 V vold    : Finished restorecon of /data/system_ce/0
01-10 14:30:49.207  1352  1363 V vold    : Starting restorecon of /data/misc_ce/0
01-10 14:30:49.209  1352  1363 V vold    : Finished restorecon of /data/misc_ce/0
01-10 14:30:49.209  1352  1363 V vold    : /system/bin/vold_prepare_subdirs
01-10 14:30:49.209  1352  1363 V vold    :     prepare
01-10 14:30:49.209  1352  1363 V vold    :     
01-10 14:30:49.209  1352  1363 V vold    :     0
01-10 14:30:49.209  1352  1363 V vold    :     2
01-10 14:30:49.237  1759  1800 V UserDataPreparer: Found /data/user/0 with serial number 0
01-10 14:30:49.237  1759  1800 V UserDataPreparer: Found /data/system_ce/0 with serial number 0
01-10 14:30:49.238  1759  1800 D UserDataPreparer: Setting property: sys.user.0.ce_available=true
01-10 14:30:49.238  1759  1800 V PackageManager: reconcileAppsData for null u0 0x2 migrateAppData=false
01-10 14:30:49.248  2121  2121 I TelecomFramework: PstnIncomingCallNotifier: Unregistering: Handler (com.android.internal.telephony.GsmCdmaPhone) {370ba3f}
01-10 14:30:49.287  1759  1885 E WifiP2pService: Unhandled message { when=0 what=131203 target=com.android.internal.util.StateMachine$SmHandler }
01-10 14:30:49.349  1759  1795 I ActivityManager: Start proc 2417:com.google.android.gms/u0a24 for service com.google.android.gms/.chimera.GmsIntentOperationService
01-10 14:30:49.414  2121  2255 D MccTable: updateMccMncConfiguration mccmnc='62120' fromServiceState=false
01-10 14:30:49.417  2121  2255 D MccTable: updateMccMncConfiguration defaultMccMnc=62120
01-10 14:30:49.417  2121  2255 D MccTable: updateMccMncConfiguration: mcc=621, mnc=20
01-10 14:30:49.417  2121  2255 D MccTable: updateMccMncConfiguration updateConfig config={0.0 621mcc20mnc ?localeList ?layoutDir ?swdp ?wdp ?hdp ?density ?lsize ?long ?ldr ?wideColorGamut ?orien ?uimode ?night ?touch ?keyb/?/? ?nav/? winConfig={ mBounds=Rect(0, 0 - 0, 0) mAppBounds=null mWindowingMode=undefined mActivityType=undefined}}
01-10 14:30:49.442  1759  2065 I ActivityManager: Config changes=3 {1.0 621mcc20mnc [en_US] ldltr sw600dp w1066dp h576dp 240dpi lrg long land finger qwerty/v/v -nav/h winConfig={ mBounds=Rect(0, 0 - 0, 0) mAppBounds=Rect(0, 0 - 1600, 900) mWindowingMode=fullscreen mActivityType=undefined} s.7}
01-10 14:30:49.443  1759  2065 I ActivityManager: Override config changes=3 {1.0 621mcc20mnc [en_US] ldltr sw600dp w1066dp h576dp 240dpi lrg long land finger qwerty/v/v -nav/h winConfig={ mBounds=Rect(0, 0 - 1600, 900) mAppBounds=Rect(0, 0 - 1600, 900) mWindowingMode=fullscreen mActivityType=undefined} s.7} for displayId=0
01-10 14:30:49.587  1759  2065 I Telecom : PhoneAccountRegistrar: Modify account: [ComponentInfo{com.android.phone/com.android.services.telephony.TelephonyConnectionService}, ***, UserHandle{0}]: TSI.rPA@ABE
01-10 14:30:49.631  2121  2121 I TelecomFramework: AccountEntry: Registered phoneAccount: [[ ] PhoneAccount: ComponentInfo{com.android.phone/com.android.services.telephony.TelephonyConnectionService}, ***, UserHandle{0} Capabilities: CallProvider MultiUser PlaceEmerg SimSub  Audio Routes: BESW Schemes: tel voicemail  Extras: Bundle[{android.telecom.extra.SUPPORTS_VIDEO_CALLING_FALLBACK=true}] GroupId: ***] with handle: ComponentInfo{com.android.phone/com.android.services.telephony.TelephonyConnectionService}, ***, UserHandle{0}
01-10 14:30:49.637  2121  2121 I TelecomFramework: PstnIncomingCallNotifier: Registering: Handler (com.android.internal.telephony.GsmCdmaPhone) {370ba3f}
01-10 14:30:49.710  2121  2121 I TelecomFramework: PstnIncomingCallNotifier: Unregistering: Handler (com.android.internal.telephony.GsmCdmaPhone) {370ba3f}
01-10 14:30:50.136  1759  1835 W ActivityManager: Unable to start service Intent { act=com.google.android.chimera.BoundService.START dat=chimera-action:com.google.android.gms.phenotype.service.START cmp=com.google.android.gms/.chimera.PersistentApiService } U=0: not found
01-10 14:30:50.141  1759  1784 W ActivityManager: Unbind failed: could not find connection for android.os.BinderProxy@203b8a8
01-10 14:30:50.176  1759  1848 I Telecom : PhoneAccountRegistrar: New phone account registered: [[ ] PhoneAccount: ComponentInfo{com.android.phone/com.android.services.telephony.TelephonyConnectionService}, ***, UserHandle{0} Capabilities: CallProvider MultiUser PlaceEmerg SimSub  Audio Routes: BESW Schemes: tel voicemail  Extras: Bundle[mParcelledData.dataSize=124] GroupId: ***]: TSI.rPA@ABQ
01-10 14:30:50.289  2121  2255 D MccTable: updateMccMncConfiguration mccmnc='62120' fromServiceState=false
01-10 14:30:50.296  2121  2255 D MccTable: updateMccMncConfiguration defaultMccMnc=62120
01-10 14:30:50.296  2121  2255 D MccTable: updateMccMncConfiguration: mcc=621, mnc=20
01-10 14:30:50.297  2121  2255 D MccTable: updateMccMncConfiguration updateConfig config={0.0 621mcc20mnc ?localeList ?layoutDir ?swdp ?wdp ?hdp ?density ?lsize ?long ?ldr ?wideColorGamut ?orien ?uimode ?night ?touch ?keyb/?/? ?nav/? winConfig={ mBounds=Rect(0, 0 - 0, 0) mAppBounds=null mWindowingMode=undefined mActivityType=undefined}}
01-10 14:30:50.328  1759  1848 I Telecom : CallsManager: Sending phone-account ComponentInfo{com.android.phone/com.android.services.telephony.TelephonyConnectionService}, ***, UserHandle{0} registered intent as user: TSI.rPA@ABQ
01-10 14:30:50.332  1592  1592 E wificond: Received error messsage: Operation not supported on transport endpoint
01-10 14:30:50.332  1592  1592 E wificond: NL80211_CMD_ABORT_SCAN failed
01-10 14:30:50.332  1592  1592 W wificond: Abort scan failed
01-10 14:30:50.351  1759  1759 E NotificationService: Muting recently noisy 0|com.android.server.telecom|1337|null|1000
01-10 14:30:50.363  2121  2121 I TelecomFramework: AccountEntry: Registered phoneAccount: [[ ] PhoneAccount: ComponentInfo{com.android.phone/com.android.services.telephony.TelephonyConnectionService}, ***, UserHandle{0} Capabilities: CallProvider MultiUser PlaceEmerg SimSub  Audio Routes: BESW Schemes: tel voicemail  Extras: Bundle[{android.telecom.extra.SUPPORTS_VIDEO_CALLING_FALLBACK=true}] GroupId: ***] with handle: ComponentInfo{com.android.phone/com.android.services.telephony.TelephonyConnectionService}, ***, UserHandle{0}
01-10 14:30:50.363  2121  2121 I TelecomFramework: PstnIncomingCallNotifier: Registering: Handler (com.android.internal.telephony.GsmCdmaPhone) {370ba3f}
01-10 14:30:50.411  2121  2121 I TelecomFramework: TelecomAccountRegistry: Unregistering phone account ComponentInfo{com.android.phone/com.android.services.telephony.TelephonyConnectionService}, ***, UserHandle{0}.
01-10 14:30:50.447  1759  1759 E NotificationService: Muting recently noisy 0|com.android.server.telecom|1337|null|1000
01-10 14:30:50.508  1759  1835 I Telecom : CallsManager: Sending phone-account ComponentInfo{com.android.phone/com.android.services.telephony.TelephonyConnectionService}, ***, UserHandle{0} unregistered intent as user: TSI.uPA@ABY
01-10 14:30:50.613  1759  1759 E NotificationService: Muting recently noisy 0|com.android.server.telecom|1337|null|1000
01-10 14:30:50.747  1759  1800 V PackageManager: reconcileAppsData finished 109 packages
01-10 14:30:50.747  1759  1800 I ActivityManager: User 0 state changed from RUNNING_LOCKED to RUNNING_UNLOCKING
01-10 14:30:50.748  1759  1800 D ActivityManager: Unlocking user 0 progress 20
01-10 14:30:50.748  1759  1800 W Looper  : Slow dispatch took 1553ms android.fg h=android.os.Handler c=com.android.server.am.-$$Lambda$UserController$o6oQFjGYYIfx-I94cSakTLPLt6s@4b9324d m=0
01-10 14:30:50.748  1759  1793 I SystemServiceManager: Calling onUnlockUser u0
01-10 14:30:50.748  1759  1800 W Looper  : Slow delivery took 1553ms android.fg h=android.os.Handler c=com.android.server.am.-$$Lambda$UserController$qvHU3An7LT0SKBclx4I2epe4KYI@4bc1102 m=0
01-10 14:30:50.752  1759  1793 D BluetoothManagerService: User 0 unlocked
01-10 14:30:50.752  1759  1801 D BluetoothManagerService: MESSAGE_USER_UNLOCKED
01-10 14:30:50.754  1759  1793 D StorageManagerService: onUnlockUser 0
01-10 14:30:50.759  1352  1363 D vold    : Linking /storage/emulated/0 to /mnt/user/0/primary
01-10 14:30:50.780  1759  1873 D StorageManagerService: Volume emulated broadcasting mounted to UserHandle{0}
01-10 14:30:50.797  1759  1793 W TextServicesManagerService: no available spell checker services found
01-10 14:30:50.834  1759  1886 W DnsManager: updatePrivateDns(100, PrivateDnsConfig{true:/[]})
01-10 14:30:50.839  1759  1886 D DnsManager: setDnsConfigurationForNetwork(100, [192.168.1.1, 8.8.8.8, 8.8.4.4], [home], [1800, 25, 8, 64], , [192.168.1.1, 8.8.8.8, 8.8.4.4])
01-10 14:30:50.907  1759  1886 D DnsManager: setDnsConfigurationForNetwork(100, [192.168.1.1, 8.8.8.8, 8.8.4.4], [home], [1800, 25, 8, 64], , [192.168.1.1, 8.8.8.8, 8.8.4.4])
01-10 14:30:50.931  1759  1793 W SystemServiceManager: Service com.android.server.midi.MidiService$Lifecycle took 127 ms in onUnlockUser 
01-10 14:30:50.932  1759  1800 W Looper  : Drained
01-10 14:30:50.935  1759  2500 V BackupManagerService: Starting with transport android/com.android.internal.backup.LocalTransport
01-10 14:30:50.959  1759  1793 W VoiceInteractionManagerService: no available voice interaction services found for user 0
01-10 14:30:50.959  1759  1793 W VoiceInteractionManagerService: no available voice recognition services found for user 0
01-10 14:30:50.980  1759  1759 W Looper  : Slow dispatch took 227ms main h=android.os.Handler c=null m=5000
01-10 14:30:50.984  1759  1759 W Looper  : Slow delivery took 208ms main h=android.os.Handler c=com.android.server.locksettings.LockSettingsService$1@21d9e03 m=0
01-10 14:30:50.995  1759  1793 W SystemServiceManager: Service com.android.server.voiceinteraction.VoiceInteractionManagerService took 61 ms in onUnlockUser 
01-10 14:30:51.002  1759  1793 I ActivityManager: User 0 state changed from RUNNING_UNLOCKING to RUNNING_UNLOCKED
01-10 14:30:51.002  1759  1793 D SystemServerTiming: SystemUserUnlock took to complete: 1808ms
01-10 14:30:51.058  1759  1784 W ActivityManager: Slow operation: 62ms so far, now at getContentProviderImpl: after start process
01-10 14:30:51.058  1759  1784 W ActivityManager: Slow operation: 62ms so far, now at getContentProviderImpl: updating data structures
01-10 14:30:51.058  1759  1784 W ActivityManager: Slow operation: 62ms so far, now at getContentProviderImpl: done!
01-10 14:30:51.117  1759  1794 W Looper  : Slow dispatch took 156ms android.ui h=com.android.server.am.ActivityManagerService$UiHandler c=null m=53
01-10 14:30:51.118  1759  1759 W Looper  : Slow dispatch took 133ms main h=com.android.server.job.JobSchedulerService$JobHandler c=null m=1
01-10 14:30:51.135  1759  1797 E BatteryExternalStatsWorker: no controller energy info supplied for wifi
01-10 14:30:51.136  1759  1797 E KernelWakelockReader: neither /proc/wakelocks nor /d/wakeup_sources exists
01-10 14:30:51.143  1759  1797 W BatteryStatsImpl: Couldn't get kernel wake lock stats
01-10 14:30:51.209  1759  1800 I ActivityManager: Loading recents for user 0 into memory.
01-10 14:30:51.227  1759  1800 W Looper  : Slow dispatch took 225ms android.fg h=android.os.Handler c=com.android.server.am.-$$Lambda$UserController$dpKWakbnwonBpCp5_FOiINcMU6s@7572861 m=0
01-10 14:30:51.319  1759  1795 W ActivityManager: Slow operation: 288ms so far, now at startProcess: asking zygote to start proc
01-10 14:30:51.319  1759  1759 W Looper  : Drained
01-10 14:30:51.323  1759  2500 E BackupPasswordManager: Unable to read backup pw version
01-10 14:30:51.323  1759  2500 E BackupPasswordManager: Unable to read saved backup pw hash
01-10 14:30:51.340  1759  1794 W Looper  : Slow dispatch took 189ms android.ui h=com.android.server.am.ActivityManagerService$UiHandler c=null m=53
01-10 14:30:51.353  1759  1795 W ActivityManager: Slow operation: 322ms so far, now at startProcess: returned from zygote!
01-10 14:30:51.423  1759  1795 W ActivityManager: Slow operation: 392ms so far, now at startProcess: done updating battery stats
01-10 14:30:51.429  1759  1795 W ActivityManager: Slow operation: 399ms so far, now at startProcess: building log message
01-10 14:30:51.429  1759  1795 I ActivityManager: Start proc 2506:com.google.process.gapps/u0a24 for content provider com.google.android.gsf/.gservices.GservicesProvider
01-10 14:30:51.429  1759  1795 W ActivityManager: Slow operation: 399ms so far, now at startProcess: starting to update pids map
01-10 14:30:51.429  1759  1795 W ActivityManager: Slow operation: 399ms so far, now at startProcess: done updating pids map
01-10 14:30:51.429  1759  1795 W ActivityManager: Slow operation: 266ms so far, now at startProcess: asking zygote to start proc
01-10 14:30:51.441  1759  1795 W ActivityManager: Slow operation: 277ms so far, now at startProcess: returned from zygote!
01-10 14:30:51.489  1759  1795 W ActivityManager: Slow operation: 325ms so far, now at startProcess: done updating battery stats
01-10 14:30:51.500  1759  1795 W ActivityManager: Slow operation: 337ms so far, now at startProcess: building log message
01-10 14:30:51.501  1759  1795 I ActivityManager: Start proc 2517:com.android.se/1068 for added application com.android.se
01-10 14:30:51.501  1759  1795 W ActivityManager: Slow operation: 337ms so far, now at startProcess: starting to update pids map
01-10 14:30:51.501  1759  1795 W ActivityManager: Slow operation: 337ms so far, now at startProcess: done updating pids map
01-10 14:30:51.501  1759  1795 W ActivityManager: Slow operation: 319ms so far, now at startProcess: asking zygote to start proc
01-10 14:30:51.513  1759  1795 W ActivityManager: Slow operation: 331ms so far, now at startProcess: returned from zygote!
01-10 14:30:51.644  1759  2500 V ProcessedPackagesJournal:    + com.google.android.tts
01-10 14:30:51.644  1759  2500 V ProcessedPackagesJournal:    + com.android.providers.settings
01-10 14:30:51.644  1759  2500 V ProcessedPackagesJournal:    + com.android.documentsui
01-10 14:30:51.644  1759  2500 V ProcessedPackagesJournal:    + com.google.android.play.games
01-10 14:30:51.644  1759  2500 V ProcessedPackagesJournal:    + android
01-10 14:30:51.644  1759  2500 V ProcessedPackagesJournal:    + com.android.vending
01-10 14:30:51.644  1759  2500 V ProcessedPackagesJournal:    + com.google.android.apps.docs
01-10 14:30:51.644  1759  2500 V ProcessedPackagesJournal:    + com.android.providers.userdictionary
01-10 14:30:51.644  1759  2500 V ProcessedPackagesJournal:    + com.android.chrome
01-10 14:30:51.644  1759  2500 V ProcessedPackagesJournal:    + com.android.wallpaperbackup
01-10 14:30:51.644  1759  2500 V ProcessedPackagesJournal:    + com.android.providers.telephony
01-10 14:30:51.644  1759  2500 V ProcessedPackagesJournal:    + com.whatsapp
01-10 14:30:51.644  1759  2500 V ProcessedPackagesJournal:    + com.google.android.GoogleCamera
01-10 14:30:51.644  1759  2500 V ProcessedPackagesJournal:    + com.snapchat.android
01-10 14:30:51.730  1759  1795 W ActivityManager: Slow operation: 548ms so far, now at startProcess: done updating battery stats
01-10 14:30:51.742  1759  1795 W ActivityManager: Slow operation: 560ms so far, now at startProcess: building log message
01-10 14:30:51.742  1759  1795 I ActivityManager: Start proc 2533:com.android.coreservice/1000 for added application com.android.coreservice
01-10 14:30:51.742  1759  1795 W ActivityManager: Slow operation: 560ms so far, now at startProcess: starting to update pids map
01-10 14:30:51.742  1759  1795 W ActivityManager: Slow operation: 560ms so far, now at startProcess: done updating pids map
01-10 14:30:51.742  1759  1795 W ActivityManager: Slow operation: 452ms so far, now at startProcess: asking zygote to start proc
01-10 14:30:51.758  1759  1795 W ActivityManager: Slow operation: 468ms so far, now at startProcess: returned from zygote!
01-10 14:30:51.758  1759  1886 D DnsManager: setDnsConfigurationForNetwork(100, [192.168.1.1, 8.8.8.8, 8.8.4.4], [home], [1800, 25, 8, 64], , [192.168.1.1, 8.8.8.8, 8.8.4.4])
01-10 14:30:44.035  1759  1848 W ActivityManager: Slow operation: 76ms so far, now at getContentProviderImpl: after start process
01-10 14:30:44.035  1759  1848 W ActivityManager: Slow operation: 76ms so far, now at getContentProviderImpl: updating data structures
01-10 14:30:44.035  1759  1848 W ActivityManager: Slow operation: 76ms so far, now at getContentProviderImpl: done!
01-10 14:30:44.057  1759  1795 W ActivityManager: Slow operation: 629ms so far, now at startProcess: done updating battery stats
01-10 14:30:44.057  1759  1795 W ActivityManager: Slow operation: 629ms so far, now at startProcess: building log message
01-10 14:30:44.057  1759  1795 I ActivityManager: Start proc 2552:com.android.printspooler/u0a56 for service com.android.printspooler/.model.PrintSpoolerService
01-10 14:30:44.057  1759  1795 W ActivityManager: Slow operation: 629ms so far, now at startProcess: starting to update pids map
01-10 14:30:44.057  1759  1795 W ActivityManager: Slow operation: 629ms so far, now at startProcess: done updating pids map
01-10 14:30:44.068  1759  1795 W ActivityManager: Slow operation: 54ms so far, now at startProcess: returned from zygote!
01-10 14:30:44.117  1759  1793 I AppWidgetServiceImpl: Processing of handleUserUnlocked u0 took 769 ms
01-10 14:30:44.117  1759  1793 I ActivityManager: Sending BOOT_COMPLETE user #0
01-10 14:30:44.125  1759  1795 W ActivityManager: Slow operation: 111ms so far, now at startProcess: done updating battery stats
01-10 14:30:44.125  1759  1795 W ActivityManager: Slow operation: 111ms so far, now at startProcess: building log message
01-10 14:30:44.125  1759  1795 I ActivityManager: Start proc 2569:android.process.acore/u0a5 for content provider com.android.providers.contacts/.ContactsProvider2
01-10 14:30:44.125  1759  1795 W ActivityManager: Slow operation: 112ms so far, now at startProcess: starting to update pids map
01-10 14:30:44.125  1759  1795 W ActivityManager: Slow operation: 112ms so far, now at startProcess: done updating pids map
01-10 14:30:44.180  1759  2285 V FingerprintService: mDaemon was null, reconnect to fingerprint
01-10 14:30:44.182  1759  2285 W FingerprintService: fingerprint HIDL not available
01-10 14:30:44.199  1759  1793 W BroadcastQueue: Background execution not allowed: receiving Intent { act=android.intent.action.DROPBOX_ENTRY_ADDED flg=0x10 (has extras) } to com.google.android.gms/.stats.service.DropBoxEntryAddedReceiver
01-10 14:30:44.235  1759  1794 W Looper  : Slow dispatch took 160ms android.ui h=com.android.server.am.ActivityManagerService$UiHandler c=null m=53
01-10 14:30:44.247  1759  1759 I SyncManager: Loaded persisted syncs: 8 periodic syncs, 0 oneshot syncs, 17 total system server jobs, JobStats: FirstLoad: 14/10/8 LastSave: -1/-1/-1
01-10 14:30:44.248  1759  1759 D DevicePolicyManager: updateSystemUpdateFreezePeriodsRecord
01-10 14:30:44.248  1759  1759 W SyncManager: Clock is valid now.
01-10 14:30:44.248  1759  1759 D ConditionProviders.SCP: onReceive android.intent.action.TIME_SET
01-10 14:30:44.256  1759  1759 D ConditionProviders.SCP: evaluateSubscriptionLocked cal=ScheduleCalendar[mDays={1, 2, 3, 4, 5, 6, 7}, mSchedule=ScheduleInfo{days=[1, 2, 3, 4, 5, 6, 7], startHour=22, startMinute=0, endHour=7, endMinute=0, exitAtAlarm=true, nextAlarm=Thu Jan 01 01:00:00 GMT+01:00 1970 (0)}], now=Sat Jan 10 14:30:44 GMT+01:00 2026 (1768051844248), nextUserAlarmTime=Thu Jan 01 01:00:00 GMT+01:00 1970 (0)
01-10 14:30:44.258  1759  1759 D ConditionProviders.SCP: notifyCondition condition://android/schedule?days=1.2.3.4.5.6.7&start=22.0&end=7.0&exitAtAlarm=true STATE_FALSE reason=!meetsSchedule
01-10 14:30:44.267  1759  1759 D ConditionProviders.SCP: Scheduling evaluate for Sat Jan 10 22:00:00 GMT+01:00 2026 (1768078800000), in +7h29m15s752ms, now=Sat Jan 10 14:30:44 GMT+01:00 2026 (1768051844248)
01-10 14:30:44.327  1759  1892 W ActivityManager: Slow operation: 57ms so far, now at getContentProviderImpl: after getApplicationInfo
01-10 14:30:44.327  1759  1892 W ActivityManager: Slow operation: 57ms so far, now at getContentProviderImpl: now have ContentProviderRecord
01-10 14:30:44.327  1759  1892 W ActivityManager: Slow operation: 57ms so far, now at getContentProviderImpl: before set stopped state
01-10 14:30:44.327  1759  1892 W ActivityManager: Slow operation: 57ms so far, now at getContentProviderImpl: after set stopped state
01-10 14:30:44.327  1759  1892 W ActivityManager: Slow operation: 57ms so far, now at getContentProviderImpl: looking for process record
01-10 14:30:44.327  1759  1892 W ActivityManager: Slow operation: 57ms so far, now at getContentProviderImpl: before start process
01-10 14:30:44.398  1759  1892 W ActivityManager: Slow operation: 52ms so far, now at startProcess: building args
01-10 14:30:44.406  1759  1892 W ActivityManager: Slow operation: 78ms so far, now at startProcess: done starting proc!
01-10 14:30:44.406  1759  1892 W ActivityManager: Slow operation: 135ms so far, now at getContentProviderImpl: after start process
01-10 14:30:44.406  1759  1892 W ActivityManager: Slow operation: 135ms so far, now at getContentProviderImpl: updating data structures
01-10 14:30:44.406  1759  1892 W ActivityManager: Slow operation: 135ms so far, now at getContentProviderImpl: done!
01-10 14:30:44.446  1759  2065 V FingerprintService: mDaemon was null, reconnect to fingerprint
01-10 14:30:44.449  1759  2065 W FingerprintService: fingerprint HIDL not available
01-10 14:30:44.485  1759  1759 V NotificationAssistants: disabling notification assistant for user 0: ComponentInfo{android.ext.services/android.ext.services.notification.Assistant}
01-10 14:30:44.486  1759  1759 D NotificationListeners: Removing active service ComponentInfo{android.ext.services/android.ext.services.notification.Assistant}
01-10 14:30:44.506  1759  1793 W ActivityManager: Slow operation: 54ms so far, now at startProcess: building args
01-10 14:30:44.506  1759  1793 W ActivityManager: Slow operation: 60ms so far, now at startProcess: done starting proc!
01-10 14:30:44.507  1759  1795 W ActivityManager: Slow operation: 160ms so far, now at startProcess: asking zygote to start proc
01-10 14:30:44.530  1759  1800 W Looper  : Slow dispatch took 254ms android.fg h=com.android.server.DropBoxManagerService$3 c=null m=1
01-10 14:30:44.541  1759  1795 W ActivityManager: Slow operation: 194ms so far, now at startProcess: returned from zygote!
01-10 14:30:44.561  1759  1794 W Looper  : Slow dispatch took 143ms android.ui h=com.android.server.am.ActivityManagerService$UiHandler c=null m=53
01-10 14:30:44.587  1759  1759 V NotificationAssistants: enabling notification assistant for 0: ComponentInfo{android.ext.services/android.ext.services.notification.Assistant}
01-10 14:30:44.628  1759  1795 W ActivityManager: Slow operation: 282ms so far, now at startProcess: done updating battery stats
01-10 14:30:44.645  1759  1795 W ActivityManager: Slow operation: 299ms so far, now at startProcess: building log message
01-10 14:30:44.645  1759  1795 I ActivityManager: Start proc 2601:com.android.providers.calendar/u0a23 for content provider com.android.providers.calendar/.CalendarProvider2
01-10 14:30:44.645  1759  1795 W ActivityManager: Slow operation: 299ms so far, now at startProcess: starting to update pids map
01-10 14:30:44.645  1759  1795 W ActivityManager: Slow operation: 299ms so far, now at startProcess: done updating pids map
01-10 14:30:44.645  1759  1795 W ActivityManager: Slow operation: 193ms so far, now at startProcess: asking zygote to start proc
01-10 14:30:44.677  1759  1795 W ActivityManager: Slow operation: 225ms so far, now at startProcess: returned from zygote!
01-10 14:30:44.710  1759  1759 V NotificationAssistants: binding: Intent { act=android.service.notification.NotificationAssistantService cmp=android.ext.services/.notification.Assistant (has extras) }
01-10 14:30:44.792  1759  1795 W ActivityManager: Slow operation: 340ms so far, now at startProcess: done updating battery stats
01-10 14:30:44.809  1759  1795 W ActivityManager: Slow operation: 357ms so far, now at startProcess: building log message
01-10 14:30:44.809  1759  1795 I ActivityManager: Start proc 2616:android.process.media/u0a10 for broadcast com.android.providers.downloads/.DownloadReceiver
01-10 14:30:44.809  1759  1795 W ActivityManager: Slow operation: 357ms so far, now at startProcess: starting to update pids map
01-10 14:30:44.809  1759  1795 W ActivityManager: Slow operation: 357ms so far, now at startProcess: done updating pids map
01-10 14:30:44.894  1759  1759 W Looper  : Slow dispatch took 440ms main h=android.app.ActivityThread$H c=android.app.-$$Lambda$LoadedApk$ReceiverDispatcher$Args$_BumDX2UKsnxLVrE6UJsJZkotuA@1ea9556 m=0
01-10 14:30:44.895  1759  1759 W Looper  : Slow delivery took 476ms main h=android.app.ActivityThread$H c=android.app.-$$Lambda$LoadedApk$ReceiverDispatcher$Args$_BumDX2UKsnxLVrE6UJsJZkotuA@e5f9d7 m=0
01-10 14:30:44.945  1759  2581 W ActivityManager: Slow operation: 53ms so far, now at attachApplicationLocked: after sendPendingBroadcastsLocked
01-10 14:30:45.011  1759  1794 W Looper  : Slow dispatch took 119ms android.ui h=com.android.server.am.ActivityManagerService$UiHandler c=null m=53
01-10 14:30:45.020  1759  1784 W ActivityManager: Unbind failed: could not find connection for android.os.BinderProxy@478b3e4
01-10 14:30:45.127  1759  2600 I ActivityManager: START u0 {act=android.intent.action.MAIN cat=[android.intent.category.HOME] flg=0x10000100 cmp=com.ldmnq.launcher3/com.android.launcher3.Launcher} from uid 0
01-10 14:30:45.564  1759  1793 W ActivityManager: Slow operation: 55ms so far, now at startProcess: building args
01-10 14:30:45.565  1759  1793 W ActivityManager: Slow operation: 83ms so far, now at startProcess: done starting proc!
01-10 14:30:45.877  2417  2492 W PackageParser: Unknown element under <manifest>: queries at /data/user_de/0/com.google.android.gms/app_chimera/m/00000016/dl-MlkitOcrCommon.optional_254730100800.apk Binary XML file line #11
01-10 14:30:45.897  1759  1795 W ActivityManager: Slow operation: 387ms so far, now at startProcess: asking zygote to start proc
01-10 14:30:45.917  1759  1795 W ActivityManager: Slow operation: 408ms so far, now at startProcess: returned from zygote!
01-10 14:30:45.981  2417  2492 W PackageParser: Unknown element under <manifest>: queries at /data/user_de/0/com.google.android.gms/app_chimera/m/0000001a/dl-Pay.optional_254730100800.apk Binary XML file line #11
01-10 14:30:46.010  1759  1795 W ActivityManager: Slow operation: 500ms so far, now at startProcess: done updating battery stats
01-10 14:30:46.021  2417  2492 W PackageParser: Unknown element under <manifest>: queries at /data/user_de/0/com.google.android.gms/app_chimera/m/0000001c/dl-VisionBarcode.optional_254730100800.apk Binary XML file line #11
01-10 14:30:46.037  1759  1795 W ActivityManager: Slow operation: 528ms so far, now at startProcess: building log message
01-10 14:30:46.038  1759  1795 I ActivityManager: Start proc 2656:com.ldmnq.launcher3/u0a44 for activity com.ldmnq.launcher3/com.android.launcher3.Launcher
01-10 14:30:46.038  1759  1795 W ActivityManager: Slow operation: 528ms so far, now at startProcess: starting to update pids map
01-10 14:30:46.038  1759  1795 W ActivityManager: Slow operation: 528ms so far, now at startProcess: done updating pids map
01-10 14:30:46.055  2417  2492 W PackageParser: Unknown element under <manifest>: queries at /data/user_de/0/com.google.android.gms/app_chimera/m/0000000c/AdsDynamite.uncompressed.apk Binary XML file line #15
01-10 14:30:46.084  2417  2492 W PackageParser: Unknown element under <manifest>: queries at /data/user_de/0/com.google.android.gms/app_chimera/m/00000010/DynamiteModulesC.uncompressed.apk Binary XML file line #15
01-10 14:30:46.106  2417  2492 W PackageParser: Unknown element under <manifest>: queries at /data/user_de/0/com.google.android.gms/app_chimera/m/00000018/dl-AdsFdrDynamite.integ_254380203100000.apk Binary XML file line #15
01-10 14:30:46.278  2121  2121 I TelecomFramework: PstnPhoneCapabilitiesNotifier: handleVideoCapabilitesChanged. Video capability - false
01-10 14:30:46.281  1759  2500 I BackupManagerService: Unlocking system user; mService=com.android.server.backup.BackupManagerService@77b37e7
01-10 14:30:46.289  1759  2500 I BackupManagerService: Backup enabled => true
01-10 14:30:46.298  1759  2500 V BackupManagerConstants: getKeyValueBackupIntervalMilliseconds(...) returns 43200000
01-10 14:30:46.298  1759  2500 V BackupManagerConstants: getKeyValueBackupFuzzMilliseconds(...) returns 600000
01-10 14:30:46.298  1759  2500 V BackupManagerConstants: getKeyValueBackupRequiredNetworkType(...) returns 1
01-10 14:30:46.298  1759  2500 V BackupManagerConstants: getKeyValueBackupRequireCharging(...) returns true
01-10 14:30:46.298  1759  2500 V KeyValueBackupJob: Scheduling k/v pass in 727 minutes
01-10 14:30:46.436  1759  1759 W Looper  : Slow dispatch took 1540ms main h=android.app.ActivityThread$H c=android.app.-$$Lambda$LoadedApk$ReceiverDispatcher$Args$_BumDX2UKsnxLVrE6UJsJZkotuA@51d3cdf m=0
01-10 14:30:46.503  1759  1794 W Looper  : Slow dispatch took 550ms android.ui h=com.android.server.am.ActivityManagerService$UiHandler c=null m=53
01-10 14:30:46.560  1759  2500 V BackupManagerConstants: getFullBackupIntervalMilliseconds(...) returns 86400000
01-10 14:30:46.583  1759  1792 I UsageStatsService: Time changed in UsageStats by -7 seconds
01-10 14:30:46.584  1759  1792 I UsageStatsService: User[0] Flushing usage stats to disk
01-10 14:30:46.612  1759  1759 W Looper  : Drained
01-10 14:30:46.629  1759  1792 I UsageStatsDatabase: Time changed by -7s862ms. files deleted: 0 files moved: 13
01-10 14:30:46.635  1759  1792 I UsageStatsService: User[0] Rollover scheduled @ 2026-01-11 07:33:58(1768113238239)
01-10 14:30:46.927  1759  1792 W ActivityManager: Slow operation: 52ms so far, now at startProcess: done starting proc!
01-10 14:30:46.935  1759  1793 W ActivityManager: Activity pause timeout for ActivityRecord{498914e u0 com.ldmnq.launcher3/com.android.launcher3.Launcher t2}
01-10 14:30:46.951  2417  2676 W PackageParser: Unknown element under <manifest>: queries at /data/user_de/0/com.google.android.gms/app_chimera/m/00000010/DynamiteModulesC.uncompressed.apk Binary XML file line #15
01-10 14:30:46.986  2417  2676 W PackageParser: Unknown element under <manifest>: queries at /data/user_de/0/com.google.android.gms/app_chimera/m/0000000c/AdsDynamite.uncompressed.apk Binary XML file line #15
01-10 14:30:47.011  1759  1795 W ActivityManager: Slow operation: 131ms so far, now at startProcess: asking zygote to start proc
01-10 14:30:47.034  1759  1795 W ActivityManager: Slow operation: 154ms so far, now at startProcess: returned from zygote!
01-10 14:30:47.131  1759  1795 W ActivityManager: Slow operation: 250ms so far, now at startProcess: done updating battery stats
01-10 14:30:47.144  1759  1795 W ActivityManager: Slow operation: 263ms so far, now at startProcess: building log message
01-10 14:30:47.144  1759  1795 I ActivityManager: Start proc 2688:com.android.keychain/1000 for service com.android.keychain/.KeyChainService
01-10 14:30:47.144  1759  1795 W ActivityManager: Slow operation: 263ms so far, now at startProcess: starting to update pids map
01-10 14:30:47.144  1759  1795 W ActivityManager: Slow operation: 263ms so far, now at startProcess: done updating pids map
01-10 14:30:47.282  1759  1792 W LocationProviderProxy-network: Odd, no component found for service com.android.location.service.v3.NetworkLocationProvider
01-10 14:30:47.302  1759  1792 W GeocoderProxy: Odd, no component found for service com.android.location.service.GeocodeProvider
01-10 14:30:47.311  1759  1792 W GeofenceProxy: Odd, no component found for service com.android.location.service.GeofenceProvider
01-10 14:30:47.315  1759  1792 W ActivityRecognitionProxy: Odd, no component found for service com.android.location.service.ActivityRecognitionProvider
01-10 14:30:47.333  2417  2676 W PackageParser: Unknown element under <manifest>: queries at /data/user_de/0/com.google.android.gms/app_chimera/m/0000001a/dl-Pay.optional_254730100800.apk Binary XML file line #11
01-10 14:30:47.380  1759  1793 W BroadcastQueue: Permission Denial: broadcasting Intent { act=android.net.conn.CONNECTIVITY_CHANGE flg=0x4200010 (has extras) } from null (pid=-1, uid=-1) requires com.tencent.bugly.BuglyBroadcastReceiver.permission due to registered receiver BroadcastFilter{d0c821c u0 ReceiverList{c12af8f 2656 com.ldmnq.launcher3/10044/u0 remote:7562eee}}
01-10 14:30:48.332  2417  2676 W PackageParser: Unknown element under <manifest>: queries at /data/user_de/0/com.google.android.gms/app_chimera/m/00000016/dl-MlkitOcrCommon.optional_254730100800.apk Binary XML file line #11
01-10 14:30:49.131  1759  2500 V BackupManagerConstants: getFullBackupRequiredNetworkType(...) returns 2
01-10 14:30:49.131  1759  2500 V BackupManagerConstants: getFullBackupRequireCharging(...) returns true
01-10 14:30:49.247  1759  2535 V FingerprintService: mDaemon was null, reconnect to fingerprint
01-10 14:30:49.573  1759  2535 W FingerprintService: fingerprint HIDL not available
01-10 14:30:50.203  1759  1759 W Looper  : Slow dispatch took 270ms main h=android.app.ActivityThread$H c=null m=114
01-10 14:30:50.203  1759  1759 W Looper  : Slow delivery took 271ms main h=android.app.ActivityThread$H c=null m=121
01-10 14:30:50.208  1759  2641 W ContextImpl: Calling a method in the system process without a qualified user: android.app.ContextImpl.sendBroadcastAsUserMultiplePermissions:1053 com.android.server.TelephonyRegistry.broadcastCallStateChanged:1602 com.android.server.TelephonyRegistry.notifyCallStateForPhoneId:793 com.android.internal.telephony.ITelephonyRegistry$Stub.onTransact:122 android.os.Binder.execTransact:731 
01-10 14:30:50.215  1759  1759 I TransportClient: LocalTransportService#0: Notifying [TransportManager.registerTransport()] transport = IBackupTransport
01-10 14:30:50.216  1759  1759 W Looper  : Drained
01-10 14:30:50.284  1759  2500 D BackupTransportManager: Transport android/com.android.internal.backup.LocalTransportService registered
01-10 14:30:50.288  1759  2500 D BackupManagerService: Transport android/com.android.internal.backup.LocalTransport registered 4032ms after first request (delay = 3000ms)
01-10 14:30:51.077  1759  2496 V FingerprintService: mDaemon was null, reconnect to fingerprint
01-10 14:30:51.084  1759  2496 W FingerprintService: fingerprint HIDL not available
01-10 14:30:51.366  1759  1794 W Looper  : Slow dispatch took 402ms android.ui h=com.android.server.am.ActivityManagerService$UiHandler c=null m=53
01-10 14:30:51.368  1759  1759 W Looper  : Slow dispatch took 305ms main h=com.android.server.job.JobSchedulerService$JobHandler c=null m=6
01-10 14:30:51.370  1759  1759 W Looper  : Slow delivery took 305ms main h=com.android.server.job.JobSchedulerService$JobHandler c=null m=4
01-10 14:30:51.381  1759  1759 W Looper  : Drained
01-10 14:30:51.455  2417  2676 W PackageParser: Unknown element under <manifest>: queries at /data/user_de/0/com.google.android.gms/app_chimera/m/0000001c/dl-VisionBarcode.optional_254730100800.apk Binary XML file line #11
01-10 14:30:51.500  1759  1800 W Looper  : Slow dispatch took 436ms android.fg h=com.android.server.AppStateTracker$MyHandler c=null m=0
01-10 14:30:51.500  1759  1800 W Looper  : Slow delivery took 436ms android.fg h=com.android.server.AppStateTracker$MyHandler c=null m=1
01-10 14:30:51.501  1759  1800 W Looper  : Drained
01-10 14:30:51.683  2417  2676 W PackageParser: Unknown element under <manifest>: queries at /data/user_de/0/com.google.android.gms/app_chimera/m/00000018/dl-AdsFdrDynamite.integ_254380203100000.apk Binary XML file line #15
01-10 14:30:51.769  1759  1759 I TransportClient: D2dTransportService#1: Notifying [TransportManager.registerTransport()] transport = IBackupTransport
01-10 14:30:51.827  1759  2500 D BackupTransportManager: Transport com.google.android.gms/.backup.component.D2dTransportService registered
01-10 14:30:51.827  1759  2500 D BackupManagerService: Transport com.google.android.gms/.backup.migrate.service.D2dTransport registered 5573ms after first request (delay = 3000ms)
01-10 14:30:51.857  1759  1799 V WallpaperManagerService: bindWallpaperComponentLocked: componentName=ComponentInfo{com.android.systemui/com.android.systemui.ImageWallpaper}
01-10 14:30:52.015  1759  1799 W WallpaperManagerService: Cannot get theme colors because WallpaperColors is null.
01-10 14:30:52.370  2121  2121 I TelecomFramework: PstnIncomingCallNotifier: Unregistering: Handler (com.android.internal.telephony.GsmCdmaPhone) {370ba3f}
01-10 14:30:52.436  2417  2676 W PackageParser: Unknown element under <manifest>: queries at /data/user_de/0/com.google.android.gms/app_chimera/m/00000016/dl-MlkitOcrCommon.optional_254730100800.apk Binary XML file line #11
01-10 14:30:52.462  2417  2676 W PackageParser: Unknown element under <manifest>: queries at /data/user_de/0/com.google.android.gms/app_chimera/m/0000001a/dl-Pay.optional_254730100800.apk Binary XML file line #11
01-10 14:30:52.469  2417  2676 W PackageParser: Unknown element under <manifest>: queries at /data/user_de/0/com.google.android.gms/app_chimera/m/0000001c/dl-VisionBarcode.optional_254730100800.apk Binary XML file line #11
01-10 14:30:52.476  2417  2676 W PackageParser: Unknown element under <manifest>: queries at /data/user_de/0/com.google.android.gms/app_chimera/m/0000000c/AdsDynamite.uncompressed.apk Binary XML file line #15
01-10 14:30:52.484  2417  2676 W PackageParser: Unknown element under <manifest>: queries at /data/user_de/0/com.google.android.gms/app_chimera/m/00000010/DynamiteModulesC.uncompressed.apk Binary XML file line #15
01-10 14:30:52.488  2417  2676 W PackageParser: Unknown element under <manifest>: queries at /data/user_de/0/com.google.android.gms/app_chimera/m/00000018/dl-AdsFdrDynamite.integ_254380203100000.apk Binary XML file line #15
01-10 14:30:52.505  1759  1759 I TransportClient: BackupTransportService#2: Notifying [TransportManager.registerTransport()] transport = IBackupTransport
01-10 14:30:52.631  1759  2500 D BackupTransportManager: Transport com.google.android.gms/.backup.BackupTransportService registered
01-10 14:30:52.631  1759  2500 D BackupManagerService: Transport com.google.android.gms/.backup.BackupTransportService registered 6377ms after first request (delay = 3000ms)
01-10 14:30:52.734  1759  2500 I BackupManagerService: Found stale backup journal, scheduling
01-10 14:30:52.839  1759  2500 I chatty  : uid=1000(system) backup identical 797 lines
01-10 14:30:52.839  1759  2500 I BackupManagerService: Found stale backup journal, scheduling
01-10 14:30:52.843  1759  1759 W Looper  : Slow dispatch took 102ms main h=com.android.server.job.JobSchedulerService$JobHandler c=null m=4
01-10 14:30:52.848  1759  1800 W Looper  : Slow dispatch took 108ms android.fg h=com.android.server.AppStateTracker$MyHandler c=null m=1
01-10 14:30:53.149  1759  2596 I Telecom : PhoneAccountRegistrar: Modify account: [ComponentInfo{com.android.phone/com.android.services.telephony.TelephonyConnectionService}, ***, UserHandle{0}]: TSI.rPA@ACM
01-10 14:30:53.305  2121  2121 I TelecomFramework: AccountEntry: Registered phoneAccount: [[ ] PhoneAccount: ComponentInfo{com.android.phone/com.android.services.telephony.TelephonyConnectionService}, ***, UserHandle{0} Capabilities: CallProvider MultiUser PlaceEmerg SimSub  Audio Routes: BESW Schemes: tel voicemail  Extras: Bundle[{android.telecom.extra.SUPPORTS_VIDEO_CALLING_FALLBACK=true}] GroupId: ***] with handle: ComponentInfo{com.android.phone/com.android.services.telephony.TelephonyConnectionService}, ***, UserHandle{0}
01-10 14:30:53.306  2121  2121 I TelecomFramework: PstnIncomingCallNotifier: Registering: Handler (com.android.internal.telephony.GsmCdmaPhone) {370ba3f}
01-10 14:30:53.524  2121  2121 I TelecomFramework: PstnPhoneCapabilitiesNotifier: handleVideoCapabilitesChanged. Video capability - false
01-10 14:30:53.546  2121  2121 I TelecomFramework: PstnIncomingCallNotifier: Unregistering: Handler (com.android.internal.telephony.GsmCdmaPhone) {370ba3f}
01-10 14:30:53.997  1759  2065 I Telecom : PhoneAccountRegistrar: Modify account: [ComponentInfo{com.android.phone/com.android.services.telephony.TelephonyConnectionService}, ***, UserHandle{0}]: TSI.rPA@ACY
