01-10 17:48:43.959  2866  2913 I Finsky  : [114] qls.accept(61): SCH: Scheduling phonesky job Id: 1-1337, CT: 1768055275472, Constraints: [{ L: 43042957, D: 86242957, C: 1, I: 1, N: 1 }]
01-10 17:48:43.959  2866  2913 I Finsky  : [114] qls.accept(61): SCH: Scheduling phonesky job Id: 12-1, CT: 1768063709181, Constraints: [{ L: 15000, D: 86400000, C: 1, I: 1, N: 1 }]
01-10 17:48:43.959  2866  2913 I Finsky  : [114] qls.accept(61): SCH: Scheduling phonesky job Id: 34-36, CT: 1768058900794, Constraints: [{ L: 79195544, D: 1375195544, C: 1, I: 1, N: 1 }]
01-10 17:48:43.959  2866  2913 I Finsky  : [114] qls.accept(61): SCH: Scheduling phonesky job Id: 34-38, CT: 1768058905984, Constraints: [{ L: 604800000, D: 2591995057, C: 1, I: 1, N: 1 }]
01-10 17:48:43.962  2866  2925 I Finsky  : [121] krm.apply(333): SCH: Scheduling 1 system job(s)
01-10 17:48:43.963  2866  2925 I Finsky  : [121] abtz.d(88): SCH: Scheduling system job Id: 9895, L: 0, D: 77794467, C: false, I: false, N: 1
01-10 17:48:43.965  2866  2866 I Finsky  : [2] abvx.onStartJob(128): SCH: job service start with id 9895.
01-10 17:48:43.968  2866  8945 I Finsky  : [404] abvx.a(26): SCH: job service finished with id 9891.
01-10 17:48:43.972  2866  2913 I Finsky  : [114] qls.accept(61): SCH: Scheduling phonesky job Id: 1-1337, CT: 1768055275472, Constraints: [{ L: 43042957, D: 86242957, C: 1, I: 1, N: 1 }]
01-10 17:48:43.972  2866  2913 I Finsky  : [114] qls.accept(61): SCH: Scheduling phonesky job Id: 12-1, CT: 1768063709181, Constraints: [{ L: 15000, D: 86400000, C: 1, I: 1, N: 1 }]
01-10 17:48:43.972  2866  2913 I Finsky  : [114] qls.accept(61): SCH: Scheduling phonesky job Id: 34-36, CT: 1768058900794, Constraints: [{ L: 79195544, D: 1375195544, C: 1, I: 1, N: 1 }]
01-10 17:48:43.972  2866  2913 I Finsky  : [114] qls.accept(61): SCH: Scheduling phonesky job Id: 34-38, CT: 1768058905984, Constraints: [{ L: 604800000, D: 2591995057, C: 1, I: 1, N: 1 }]
01-10 17:48:43.978  2866  2925 I Finsky  : [121] krm.apply(333): SCH: Scheduling 1 system job(s)
01-10 17:48:43.978  2866  2925 I Finsky  : [121] abtz.d(88): SCH: Scheduling system job Id: 9899, L: 0, D: 77794451, C: false, I: false, N: 1
01-10 17:48:43.980  2866  2866 I Finsky  : [2] abvx.onStartJob(128): SCH: job service start with id 9899.
01-10 17:48:43.983  2866  8945 I Finsky  : [404] abvx.a(26): SCH: job service finished with id 9895.
01-10 17:48:43.987  2866  2925 I Finsky  : [121] qls.accept(61): SCH: Scheduling phonesky job Id: 1-1337, CT: 1768055275472, Constraints: [{ L: 43042957, D: 86242957, C: 1, I: 1, N: 1 }]
01-10 17:48:43.987  2866  2925 I Finsky  : [121] qls.accept(61): SCH: Scheduling phonesky job Id: 12-1, CT: 1768063709181, Constraints: [{ L: 15000, D: 86400000, C: 1, I: 1, N: 1 }]
01-10 17:48:43.988  2866  2925 I Finsky  : [121] qls.accept(61): SCH: Scheduling phonesky job Id: 34-36, CT: 1768058900794, Constraints: [{ L: 79195544, D: 1375195544, C: 1, I: 1, N: 1 }]
01-10 17:48:43.988  2866  2925 I Finsky  : [121] qls.accept(61): SCH: Scheduling phonesky job Id: 34-38, CT: 1768058905984, Constraints: [{ L: 604800000, D: 2591995057, C: 1, I: 1, N: 1 }]
01-10 17:48:43.991  2866  2925 I Finsky  : [121] krm.apply(333): SCH: Scheduling 1 system job(s)
01-10 17:48:43.991  2866  2925 I Finsky  : [121] abtz.d(88): SCH: Scheduling system job Id: 9903, L: 0, D: 77794438, C: false, I: false, N: 1
01-10 17:48:43.993  2866  2866 I Finsky  : [2] abvx.onStartJob(128): SCH: job service start with id 9903.
01-10 17:48:43.996  2866  8945 I Finsky  : [404] abvx.a(26): SCH: job service finished with id 9899.
01-10 17:48:43.999  2866  2906 I Finsky  : [107] qls.accept(61): SCH: Scheduling phonesky job Id: 1-1337, CT: 1768055275472, Constraints: [{ L: 43042957, D: 86242957, C: 1, I: 1, N: 1 }]
01-10 17:48:43.999  2866  2906 I Finsky  : [107] qls.accept(61): SCH: Scheduling phonesky job Id: 12-1, CT: 1768063709181, Constraints: [{ L: 15000, D: 86400000, C: 1, I: 1, N: 1 }]
01-10 17:48:43.999  2866  2906 I Finsky  : [107] qls.accept(61): SCH: Scheduling phonesky job Id: 34-36, CT: 1768058900794, Constraints: [{ L: 79195544, D: 1375195544, C: 1, I: 1, N: 1 }]
01-10 17:48:43.999  2866  2906 I Finsky  : [107] qls.accept(61): SCH: Scheduling phonesky job Id: 34-38, CT: 1768058905984, Constraints: [{ L: 604800000, D: 2591995057, C: 1, I: 1, N: 1 }]
01-10 17:48:44.002  2866  2911 I Finsky  : [112] krm.apply(333): SCH: Scheduling 1 system job(s)
01-10 17:48:44.003  2866  2911 I Finsky  : [112] abtz.d(88): SCH: Scheduling system job Id: 9907, L: 0, D: 77794427, C: false, I: false, N: 1
01-10 17:48:44.005  2866  2866 I Finsky  : [2] abvx.onStartJob(128): SCH: job service start with id 9907.
01-10 17:48:44.007  2866  8945 I Finsky  : [404] abvx.a(26): SCH: job service finished with id 9903.
01-10 17:48:44.011  2866  2911 I Finsky  : [112] qls.accept(61): SCH: Scheduling phonesky job Id: 1-1337, CT: 1768055275472, Constraints: [{ L: 43042957, D: 86242957, C: 1, I: 1, N: 1 }]
01-10 17:48:44.011  2866  2911 I Finsky  : [112] qls.accept(61): SCH: Scheduling phonesky job Id: 12-1, CT: 1768063709181, Constraints: [{ L: 15000, D: 86400000, C: 1, I: 1, N: 1 }]
01-10 17:48:44.011  2866  2911 I Finsky  : [112] qls.accept(61): SCH: Scheduling phonesky job Id: 34-36, CT: 1768058900794, Constraints: [{ L: 79195544, D: 1375195544, C: 1, I: 1, N: 1 }]
01-10 17:48:44.011  2866  2911 I Finsky  : [112] qls.accept(61): SCH: Scheduling phonesky job Id: 34-38, CT: 1768058905984, Constraints: [{ L: 604800000, D: 2591995057, C: 1, I: 1, N: 1 }]
01-10 17:48:44.013  2866  2925 I Finsky  : [121] krm.apply(333): SCH: Scheduling 1 system job(s)
01-10 17:48:44.014  2866  2925 I Finsky  : [121] abtz.d(88): SCH: Scheduling system job Id: 9911, L: 0, D: 77794416, C: false, I: false, N: 1
01-10 17:48:44.016  2866  2866 I Finsky  : [2] abvx.onStartJob(128): SCH: job service start with id 9911.
01-10 17:48:44.019  2866  8945 I Finsky  : [404] abvx.a(26): SCH: job service finished with id 9907.
01-10 17:48:44.023  2866  2913 I Finsky  : [114] qls.accept(61): SCH: Scheduling phonesky job Id: 1-1337, CT: 1768055275472, Constraints: [{ L: 43042957, D: 86242957, C: 1, I: 1, N: 1 }]
01-10 17:48:44.023  2866  2913 I Finsky  : [114] qls.accept(61): SCH: Scheduling phonesky job Id: 12-1, CT: 1768063709181, Constraints: [{ L: 15000, D: 86400000, C: 1, I: 1, N: 1 }]
01-10 17:48:44.023  2866  2913 I Finsky  : [114] qls.accept(61): SCH: Scheduling phonesky job Id: 34-36, CT: 1768058900794, Constraints: [{ L: 79195544, D: 1375195544, C: 1, I: 1, N: 1 }]
01-10 17:48:44.023  2866  2913 I Finsky  : [114] qls.accept(61): SCH: Scheduling phonesky job Id: 34-38, CT: 1768058905984, Constraints: [{ L: 604800000, D: 2591995057, C: 1, I: 1, N: 1 }]
01-10 17:48:44.025  2866  2906 I Finsky  : [107] krm.apply(333): SCH: Scheduling 1 system job(s)
01-10 17:48:44.026  2866  2906 I Finsky  : [107] abtz.d(88): SCH: Scheduling system job Id: 9915, L: 0, D: 77794404, C: false, I: false, N: 1
01-10 17:48:44.027  2866  2866 I Finsky  : [2] abvx.onStartJob(128): SCH: job service start with id 9915.
01-10 17:48:44.030  2866  8945 I Finsky  : [404] abvx.a(26): SCH: job service finished with id 9911.
01-10 17:48:44.034  2866  2906 I Finsky  : [107] qls.accept(61): SCH: Scheduling phonesky job Id: 1-1337, CT: 1768055275472, Constraints: [{ L: 43042957, D: 86242957, C: 1, I: 1, N: 1 }]
01-10 17:48:44.034  2866  2906 I Finsky  : [107] qls.accept(61): SCH: Scheduling phonesky job Id: 12-1, CT: 1768063709181, Constraints: [{ L: 15000, D: 86400000, C: 1, I: 1, N: 1 }]
01-10 17:48:44.034  2866  2906 I Finsky  : [107] qls.accept(61): SCH: Scheduling phonesky job Id: 34-36, CT: 1768058900794, Constraints: [{ L: 79195544, D: 1375195544, C: 1, I: 1, N: 1 }]
01-10 17:48:44.034  2866  2906 I Finsky  : [107] qls.accept(61): SCH: Scheduling phonesky job Id: 34-38, CT: 1768058905984, Constraints: [{ L: 604800000, D: 2591995057, C: 1, I: 1, N: 1 }]
01-10 17:48:44.037  2866  2911 I Finsky  : [112] krm.apply(333): SCH: Scheduling 1 system job(s)
01-10 17:48:44.037  2866  2911 I Finsky  : [112] abtz.d(88): SCH: Scheduling system job Id: 9919, L: 0, D: 77794392, C: false, I: false, N: 1
01-10 17:48:44.039  2866  2866 I Finsky  : [2] abvx.onStartJob(128): SCH: job service start with id 9919.
01-10 17:48:44.042  2866  8945 I Finsky  : [404] abvx.a(26): SCH: job service finished with id 9915.
01-10 17:48:44.045  2866  2911 I Finsky  : [112] qls.accept(61): SCH: Scheduling phonesky job Id: 1-1337, CT: 1768055275472, Constraints: [{ L: 43042957, D: 86242957, C: 1, I: 1, N: 1 }]
01-10 17:48:44.045  2866  2911 I Finsky  : [112] qls.accept(61): SCH: Scheduling phonesky job Id: 12-1, CT: 1768063709181, Constraints: [{ L: 15000, D: 86400000, C: 1, I: 1, N: 1 }]
01-10 17:48:44.046  2866  2911 I Finsky  : [112] qls.accept(61): SCH: Scheduling phonesky job Id: 34-36, CT: 1768058900794, Constraints: [{ L: 79195544, D: 1375195544, C: 1, I: 1, N: 1 }]
01-10 17:48:44.046  2866  2911 I Finsky  : [112] qls.accept(61): SCH: Scheduling phonesky job Id: 34-38, CT: 1768058905984, Constraints: [{ L: 604800000, D: 2591995057, C: 1, I: 1, N: 1 }]
01-10 17:48:44.048  2866  2913 I Finsky  : [114] krm.apply(333): SCH: Scheduling 1 system job(s)
01-10 17:48:44.048  2866  2913 I Finsky  : [114] abtz.d(88): SCH: Scheduling system job Id: 9923, L: 0, D: 77794381, C: false, I: false, N: 1
01-10 17:48:44.050  2866  2866 I Finsky  : [2] abvx.onStartJob(128): SCH: job service start with id 9923.
01-10 17:48:44.053  2866  8945 I Finsky  : [404] abvx.a(26): SCH: job service finished with id 9919.
01-10 17:48:44.057  2866  2911 I Finsky  : [112] qls.accept(61): SCH: Scheduling phonesky job Id: 1-1337, CT: 1768055275472, Constraints: [{ L: 43042957, D: 86242957, C: 1, I: 1, N: 1 }]
01-10 17:48:44.057  2866  2911 I Finsky  : [112] qls.accept(61): SCH: Scheduling phonesky job Id: 12-1, CT: 1768063709181, Constraints: [{ L: 15000, D: 86400000, C: 1, I: 1, N: 1 }]
01-10 17:48:44.057  2866  2911 I Finsky  : [112] qls.accept(61): SCH: Scheduling phonesky job Id: 34-36, CT: 1768058900794, Constraints: [{ L: 79195544, D: 1375195544, C: 1, I: 1, N: 1 }]
01-10 17:48:44.057  2866  2911 I Finsky  : [112] qls.accept(61): SCH: Scheduling phonesky job Id: 34-38, CT: 1768058905984, Constraints: [{ L: 604800000, D: 2591995057, C: 1, I: 1, N: 1 }]
01-10 17:48:44.059  2866  2913 I Finsky  : [114] krm.apply(333): SCH: Scheduling 1 system job(s)
01-10 17:48:44.060  2866  2913 I Finsky  : [114] abtz.d(88): SCH: Scheduling system job Id: 9927, L: 0, D: 77794370, C: false, I: false, N: 1
01-10 17:48:44.063  2866  2866 I Finsky  : [2] abvx.onStartJob(128): SCH: job service start with id 9927.
01-10 17:48:44.065  2866  8945 I Finsky  : [404] abvx.a(26): SCH: job service finished with id 9923.
01-10 17:48:44.068  2866  2925 I Finsky  : [121] qls.accept(61): SCH: Scheduling phonesky job Id: 1-1337, CT: 1768055275472, Constraints: [{ L: 43042957, D: 86242957, C: 1, I: 1, N: 1 }]
01-10 17:48:44.068  2866  2925 I Finsky  : [121] qls.accept(61): SCH: Scheduling phonesky job Id: 12-1, CT: 1768063709181, Constraints: [{ L: 15000, D: 86400000, C: 1, I: 1, N: 1 }]
01-10 17:48:44.069  2866  2925 I Finsky  : [121] qls.accept(61): SCH: Scheduling phonesky job Id: 34-36, CT: 1768058900794, Constraints: [{ L: 79195544, D: 1375195544, C: 1, I: 1, N: 1 }]
01-10 17:48:44.071  2866  2925 I Finsky  : [121] qls.accept(61): SCH: Scheduling phonesky job Id: 34-38, CT: 1768058905984, Constraints: [{ L: 604800000, D: 2591995057, C: 1, I: 1, N: 1 }]
01-10 17:48:44.074  2866  2913 I Finsky  : [114] krm.apply(333): SCH: Scheduling 1 system job(s)
01-10 17:48:44.075  2866  2913 I Finsky  : [114] abtz.d(88): SCH: Scheduling system job Id: 9931, L: 0, D: 77794355, C: false, I: false, N: 1
01-10 17:48:44.076  2866  2866 I Finsky  : [2] abvx.onStartJob(128): SCH: job service start with id 9931.
01-10 17:48:44.079  2866  8945 I Finsky  : [404] abvx.a(26): SCH: job service finished with id 9927.
01-10 17:48:44.082  2866  2906 I Finsky  : [107] qls.accept(61): SCH: Scheduling phonesky job Id: 1-1337, CT: 1768055275472, Constraints: [{ L: 43042957, D: 86242957, C: 1, I: 1, N: 1 }]
01-10 17:48:44.082  2866  2906 I Finsky  : [107] qls.accept(61): SCH: Scheduling phonesky job Id: 12-1, CT: 1768063709181, Constraints: [{ L: 15000, D: 86400000, C: 1, I: 1, N: 1 }]
01-10 17:48:44.082  2866  2906 I Finsky  : [107] qls.accept(61): SCH: Scheduling phonesky job Id: 34-36, CT: 1768058900794, Constraints: [{ L: 79195544, D: 1375195544, C: 1, I: 1, N: 1 }]
01-10 17:48:44.082  2866  2906 I Finsky  : [107] qls.accept(61): SCH: Scheduling phonesky job Id: 34-38, CT: 1768058905984, Constraints: [{ L: 604800000, D: 2591995057, C: 1, I: 1, N: 1 }]
01-10 17:48:44.085  2866  2913 I Finsky  : [114] krm.apply(333): SCH: Scheduling 1 system job(s)
01-10 17:48:44.087  2866  2913 I Finsky  : [114] abtz.d(88): SCH: Scheduling system job Id: 9935, L: 0, D: 77794344, C: false, I: false, N: 1
01-10 17:48:44.088  2866  2866 I Finsky  : [2] abvx.onStartJob(128): SCH: job service start with id 9935.
01-10 17:48:44.090  2866  8945 I Finsky  : [404] abvx.a(26): SCH: job service finished with id 9931.
01-10 17:48:44.094  2866  2925 I Finsky  : [121] qls.accept(61): SCH: Scheduling phonesky job Id: 1-1337, CT: 1768055275472, Constraints: [{ L: 43042957, D: 86242957, C: 1, I: 1, N: 1 }]
01-10 17:48:44.094  2866  2925 I Finsky  : [121] qls.accept(61): SCH: Scheduling phonesky job Id: 12-1, CT: 1768063709181, Constraints: [{ L: 15000, D: 86400000, C: 1, I: 1, N: 1 }]
01-10 17:48:44.095  2866  2925 I Finsky  : [121] qls.accept(61): SCH: Scheduling phonesky job Id: 34-36, CT: 1768058900794, Constraints: [{ L: 79195544, D: 1375195544, C: 1, I: 1, N: 1 }]
01-10 17:48:44.096  2866  2925 I Finsky  : [121] qls.accept(61): SCH: Scheduling phonesky job Id: 34-38, CT: 1768058905984, Constraints: [{ L: 604800000, D: 2591995057, C: 1, I: 1, N: 1 }]
01-10 17:48:44.099  2866  2913 I Finsky  : [114] krm.apply(333): SCH: Scheduling 1 system job(s)
01-10 17:48:44.100  2866  2913 I Finsky  : [114] abtz.d(88): SCH: Scheduling system job Id: 9939, L: 0, D: 77794330, C: false, I: false, N: 1
01-10 17:48:44.102  2866  2866 I Finsky  : [2] abvx.onStartJob(128): SCH: job service start with id 9939.
01-10 17:48:44.106  2866  2894 W Finsky  : [101] krm.apply(126): SCH: Scheduled job (key: 4369) doesn't exist in value store
01-10 17:48:44.108  2866  8945 I Finsky  : [404] abvx.a(26): SCH: job service finished with id 9935.
01-10 17:48:44.109  2866  2906 I Finsky  : [107] qls.accept(61): SCH: Scheduling phonesky job Id: 1-1337, CT: 1768055275472, Constraints: [{ L: 43042957, D: 86242957, C: 1, I: 1, N: 1 }]
01-10 17:48:44.109  2866  2906 I Finsky  : [107] qls.accept(61): SCH: Scheduling phonesky job Id: 12-1, CT: 1768063709181, Constraints: [{ L: 15000, D: 86400000, C: 1, I: 1, N: 1 }]
01-10 17:48:44.109  2866  2906 I Finsky  : [107] qls.accept(61): SCH: Scheduling phonesky job Id: 34-36, CT: 1768058900794, Constraints: [{ L: 79195544, D: 1375195544, C: 1, I: 1, N: 1 }]
01-10 17:48:44.109  2866  2906 I Finsky  : [107] qls.accept(61): SCH: Scheduling phonesky job Id: 34-38, CT: 1768058905984, Constraints: [{ L: 604800000, D: 2591995057, C: 1, I: 1, N: 1 }]
01-10 17:48:44.114  2866  2866 I Finsky  : [2] abvx.onStopJob(17): SCH: system job 9939 received onStopJob signal.
01-10 17:48:44.114  2866  2925 I Finsky  : [121] krm.apply(333): SCH: Scheduling 1 system job(s)
01-10 17:48:44.114  2866  2925 I Finsky  : [121] abtz.d(88): SCH: Scheduling system job Id: 9943, L: 0, D: 77794315, C: false, I: false, N: 1
01-10 17:48:44.115  2866  2866 I Finsky  : [2] abvx.onStopJob(143): SCH: system job 9939 stopped.
01-10 17:48:44.120  2866  2866 I Finsky  : [2] abvx.onStartJob(128): SCH: job service start with id 9943.
01-10 17:48:44.124  2866  2913 I Finsky  : [114] abtx.a(15): SCH: no pending jobs to schedule.
01-10 17:48:44.124  2866  8945 I Finsky  : [404] abvx.a(26): SCH: job service finished with id 9939.
01-10 17:48:44.127  2866  2906 I Finsky  : [107] qls.accept(61): SCH: Scheduling phonesky job Id: 1-1337, CT: 1768055275472, Constraints: [{ L: 43042957, D: 86242957, C: 1, I: 1, N: 1 }]
01-10 17:48:44.127  2866  2906 I Finsky  : [107] qls.accept(61): SCH: Scheduling phonesky job Id: 12-1, CT: 1768063709181, Constraints: [{ L: 15000, D: 86400000, C: 1, I: 1, N: 1 }]
01-10 17:48:44.127  2866  2906 I Finsky  : [107] qls.accept(61): SCH: Scheduling phonesky job Id: 34-36, CT: 1768058900794, Constraints: [{ L: 79195544, D: 1375195544, C: 1, I: 1, N: 1 }]
01-10 17:48:44.127  2866  2906 I Finsky  : [107] qls.accept(61): SCH: Scheduling phonesky job Id: 34-38, CT: 1768058905984, Constraints: [{ L: 604800000, D: 2591995057, C: 1, I: 1, N: 1 }]
01-10 17:48:44.130  2866  2925 I Finsky  : [121] krm.apply(333): SCH: Scheduling 1 system job(s)
01-10 17:48:44.131  2866  2925 I Finsky  : [121] abtz.d(88): SCH: Scheduling system job Id: 9947, L: 0, D: 77794299, C: false, I: false, N: 1
01-10 17:48:44.133  2866  2866 I Finsky  : [2] abvx.onStartJob(128): SCH: job service start with id 9947.
01-10 17:48:44.135  2866  8945 I Finsky  : [404] abvx.a(26): SCH: job service finished with id 9943.
01-10 17:48:44.139  2866  2925 I Finsky  : [121] qls.accept(61): SCH: Scheduling phonesky job Id: 1-1337, CT: 1768055275472, Constraints: [{ L: 43042957, D: 86242957, C: 1, I: 1, N: 1 }]
01-10 17:48:44.139  2866  2925 I Finsky  : [121] qls.accept(61): SCH: Scheduling phonesky job Id: 12-1, CT: 1768063709181, Constraints: [{ L: 15000, D: 86400000, C: 1, I: 1, N: 1 }]
01-10 17:48:44.139  2866  2925 I Finsky  : [121] qls.accept(61): SCH: Scheduling phonesky job Id: 34-36, CT: 1768058900794, Constraints: [{ L: 79195544, D: 1375195544, C: 1, I: 1, N: 1 }]
01-10 17:48:44.140  2866  2925 I Finsky  : [121] qls.accept(61): SCH: Scheduling phonesky job Id: 34-38, CT: 1768058905984, Constraints: [{ L: 604800000, D: 2591995057, C: 1, I: 1, N: 1 }]
01-10 17:48:44.143  2866  2906 I Finsky  : [107] krm.apply(333): SCH: Scheduling 1 system job(s)
01-10 17:48:44.143  2866  2906 I Finsky  : [107] abtz.d(88): SCH: Scheduling system job Id: 9951, L: 0, D: 77794286, C: false, I: false, N: 1
01-10 17:48:44.145  2866  2866 I Finsky  : [2] abvx.onStartJob(128): SCH: job service start with id 9951.
01-10 17:48:44.149  2866  8945 I Finsky  : [404] abvx.a(26): SCH: job service finished with id 9947.
01-10 17:48:44.153  2866  2925 I Finsky  : [121] qls.accept(61): SCH: Scheduling phonesky job Id: 1-1337, CT: 1768055275472, Constraints: [{ L: 43042957, D: 86242957, C: 1, I: 1, N: 1 }]
01-10 17:48:44.153  2866  2925 I Finsky  : [121] qls.accept(61): SCH: Scheduling phonesky job Id: 12-1, CT: 1768063709181, Constraints: [{ L: 15000, D: 86400000, C: 1, I: 1, N: 1 }]
01-10 17:48:44.153  2866  2925 I Finsky  : [121] qls.accept(61): SCH: Scheduling phonesky job Id: 34-36, CT: 1768058900794, Constraints: [{ L: 79195544, D: 1375195544, C: 1, I: 1, N: 1 }]
01-10 17:48:44.153  2866  2925 I Finsky  : [121] qls.accept(61): SCH: Scheduling phonesky job Id: 34-38, CT: 1768058905984, Constraints: [{ L: 604800000, D: 2591995057, C: 1, I: 1, N: 1 }]
01-10 17:48:44.160  2866  2906 I Finsky  : [107] krm.apply(333): SCH: Scheduling 1 system job(s)
01-10 17:48:44.160  2866  2906 I Finsky  : [107] abtz.d(88): SCH: Scheduling system job Id: 9955, L: 0, D: 77794269, C: false, I: false, N: 1
01-10 17:48:44.162  2866  2866 I Finsky  : [2] abvx.onStartJob(128): SCH: job service start with id 9955.
01-10 17:48:44.168  2866  8945 I Finsky  : [404] abvx.a(26): SCH: job service finished with id 9951.
01-10 17:48:44.175  2866  2906 I Finsky  : [107] qls.accept(61): SCH: Scheduling phonesky job Id: 1-1337, CT: 1768055275472, Constraints: [{ L: 43042957, D: 86242957, C: 1, I: 1, N: 1 }]
01-10 17:48:44.175  2866  2906 I Finsky  : [107] qls.accept(61): SCH: Scheduling phonesky job Id: 12-1, CT: 1768063709181, Constraints: [{ L: 15000, D: 86400000, C: 1, I: 1, N: 1 }]
01-10 17:48:44.176  2866  2906 I Finsky  : [107] qls.accept(61): SCH: Scheduling phonesky job Id: 34-36, CT: 1768058900794, Constraints: [{ L: 79195544, D: 1375195544, C: 1, I: 1, N: 1 }]
01-10 17:48:44.177  2866  2906 I Finsky  : [107] qls.accept(61): SCH: Scheduling phonesky job Id: 34-38, CT: 1768058905984, Constraints: [{ L: 604800000, D: 2591995057, C: 1, I: 1, N: 1 }]
01-10 17:48:44.181  2866  2913 I Finsky  : [114] krm.apply(333): SCH: Scheduling 1 system job(s)
01-10 17:48:44.182  2866  2913 I Finsky  : [114] abtz.d(88): SCH: Scheduling system job Id: 9959, L: 0, D: 77794248, C: false, I: false, N: 1
01-10 17:48:44.183  2866  2866 I Finsky  : [2] abvx.onStartJob(128): SCH: job service start with id 9959.
01-10 17:48:44.187  2866  8945 I Finsky  : [404] abvx.a(26): SCH: job service finished with id 9955.
01-10 17:48:44.189  8427  8442 W ding:backgroun: Profile data size exceeds 500000 bytes
01-10 17:48:44.192  2866  8854 I Finsky  : [398] aano.a(115): SCH: Satisfied jobs for 9959 are: 12-1
01-10 17:48:44.194  2866  8945 I Finsky  : [404] abuw.accept(574): SCH: Job 12-1 starting
01-10 17:48:44.197  2866  2866 I Finsky  : [2] ContentSyncJob.h(14): [ContentSync] job started
01-10 17:48:44.315  2866  8946 I Finsky  : [405] kyk.f(41): Completed 0 account content syncs with 0 successful.
01-10 17:48:44.315  2866  2866 I Finsky  : [2] ContentSyncJob.a(14): [ContentSync] Installation state replication succeeded.
01-10 17:48:44.315  2866  2866 I Finsky  : [2] abuc.r(83): SCH: jobFinished: 12-1. TimeElapsed: 120ms.
01-10 17:48:44.321  2866  2913 I Finsky  : [114] qls.accept(61): SCH: Scheduling phonesky job Id: 1-1337, CT: 1768055275472, Constraints: [{ L: 43042957, D: 86242957, C: 1, I: 1, N: 1 }]
01-10 17:48:44.321  2866  2913 I Finsky  : [114] qls.accept(61): SCH: Scheduling phonesky job Id: 34-36, CT: 1768058900794, Constraints: [{ L: 79195544, D: 1375195544, C: 1, I: 1, N: 1 }]
01-10 17:48:44.321  2866  2913 I Finsky  : [114] qls.accept(61): SCH: Scheduling phonesky job Id: 34-38, CT: 1768058905984, Constraints: [{ L: 604800000, D: 2591995057, C: 1, I: 1, N: 1 }]
01-10 17:48:44.324  2866  2911 I Finsky  : [112] krm.apply(333): SCH: Scheduling 1 system job(s)
01-10 17:48:44.324  2866  2911 I Finsky  : [112] abtz.d(88): SCH: Scheduling system job Id: 9963, L: 34594105, D: 77794105, C: false, I: false, N: 1
01-10 17:48:44.330  2866  8945 I Finsky  : [404] abvx.a(26): SCH: job service finished with id 9959.
01-10 17:48:45.930  2417  2417 D BoundBrokerSvc: onUnbind: Intent { act=com.google.android.gms.feedback.internal.IFeedbackService dat=chimera-action: cmp=com.google.android.gms/.chimera.GmsBoundBrokerService }
01-10 17:48:57.022  1759  1780 W System  : A resource failed to call close. 
01-10 17:48:57.022  1759  1780 I chatty  : uid=1000(system) FinalizerDaemon identical 31 lines
01-10 17:48:57.022  1759  1780 W System  : A resource failed to call close. 
01-10 17:48:58.048  1759  1792 E memtrack: Couldn't load memtrack module
01-10 17:48:58.048  1759  1792 W android.os.Debug: failed to get memory consumption info: -1
01-10 17:49:00.062  1930  1930 I RenderThread: type=1400 audit(0.0:1621): avc: denied { ioctl } for path="/dev/fastpipe" dev="tmpfs" ino=6206 ioctlcmd=6867 scontext=u:r:platform_app:s0:c512,c768 tcontext=u:object_r:device:s0 tclass=chr_file permissive=1
01-10 17:49:01.159  1543  1605 D EmuHWC2 : sent 603 syncs in 60s
01-10 17:49:08.688  2866  2882 W android.vendin: Profile data size exceeds 500000 bytes
01-10 17:49:18.272  1759  2640 I ActivityManager: Force stopping com.habittracker appid=10061 user=0: from pid 8957
01-10 17:49:18.273  1759  2640 I ActivityManager: Killing 8914:com.habittracker/u0a61 (adj 900): stop com.habittracker
01-10 17:49:18.280  1759  1796 W libprocessgroup: kill(-8914, 9) failed: No such process
01-10 17:49:18.303  1517  1517 I Zygote  : Process 8914 exited due to signal (9)
01-10 17:49:18.311  2533  2533 W ContextImpl: Calling a method in the system process without a qualified user: android.app.ContextImpl.startService:1531 android.content.ContextWrapper.startService:664 android.content.ContextWrapper.startService:664 com.android.coreservice.CoreBroadcastReceiver.onReceive:53 android.app.ActivityThread.handleReceiver:3424 
01-10 17:49:18.316  2121  2121 D CarrierSvcBindHelper: No carrier app for: 0
01-10 17:49:18.325  1759  1796 W libprocessgroup: kill(-8914, 9) failed: No such process
01-10 17:49:18.325  1759  1796 I libprocessgroup: Successfully killed process cgroup uid 10061 pid 8914 in 44ms
01-10 17:49:18.402  1759  4189 I ActivityManager: START u0 {flg=0x10000000 cmp=com.habittracker/.MainActivity} from uid 2000
01-10 17:49:18.429  1759  1759 I Binder:1759_1F: type=1400 audit(0.0:1622): avc: denied { call } for scontext=u:r:system_server:s0 tcontext=u:r:init:s0 tclass=binder permissive=1
01-10 17:49:18.468  2533  2533 W ContextImpl: Calling a method in the system process without a qualified user: android.app.ContextImpl.startService:1531 android.content.ContextWrapper.startService:664 android.content.ContextWrapper.startService:664 com.android.coreservice.CoreBroadcastReceiver.onReceive:44 android.app.ActivityThread.handleReceiver:3424 
01-10 17:49:18.476  2533  2533 I oid.coreservice: type=1400 audit(0.0:1623): avc: denied { ioctl } for path="/dev/fastpipe" dev="tmpfs" ino=6206 ioctlcmd=6867 scontext=u:r:system_app:s0 tcontext=u:object_r:device:s0 tclass=chr_file permissive=1
01-10 17:49:18.476  2533  2533 W oid.coreservice: type=1300 audit(0.0:1623): arch=c000003e syscall=16 success=yes exit=0 a0=1a a1=80046867 a2=7fff6a0f1710 a3=7fff72a27208 items=0 ppid=1517 auid=4294967295 uid=1000 gid=1000 euid=1000 suid=1000 fsuid=1000 egid=1000 sgid=1000 fsgid=1000 tty=(none) ses=4294967295 exe="/system/bin/app_process64" subj=u:r:system_app:s0 key=(null)
01-10 17:49:18.578  1759  2640 W ActivityManager: Slow operation: 89ms so far, now at startProcess: done starting proc!
01-10 17:49:18.601  1759  1795 W ActivityManager: Slow operation: 67ms so far, now at startProcess: asking zygote to start proc
01-10 17:49:18.633  1759  1795 W ActivityManager: Slow operation: 99ms so far, now at startProcess: returned from zygote!
01-10 17:49:18.633  1759  1795 W ActivityManager: Slow operation: 99ms so far, now at startProcess: done updating battery stats
01-10 17:49:18.633  1759  1795 W ActivityManager: Slow operation: 99ms so far, now at startProcess: building log message
01-10 17:49:18.633  1759  1795 I ActivityManager: Start proc 8964:com.habittracker/u0a61 for activity com.habittracker/.MainActivity
01-10 17:49:18.633  1759  1795 W ActivityManager: Slow operation: 99ms so far, now at startProcess: starting to update pids map
01-10 17:49:18.633  1759  1795 W ActivityManager: Slow operation: 99ms so far, now at startProcess: done updating pids map
01-10 17:49:18.680  2417  2417 D BoundBrokerSvc: onBind: Intent { act=com.google.android.gms.measurement.START pkg=com.google.android.gms }
01-10 17:49:18.680  2417  2417 D BoundBrokerSvc: Loading bound service for intent: Intent { act=com.google.android.gms.measurement.START pkg=com.google.android.gms }
01-10 17:49:18.683  8964  8964 I Zygote  : seccomp disabled by setenforce 0
01-10 17:49:18.686  8964  8964 I om.habittracke: Late-enabling -Xcheck:jni
01-10 17:49:18.710  8964  8964 D nativebridge: call UnloadNativeBridge! state=1
01-10 17:49:18.904  2417  8978 D AdvertisingIdClient: AdvertisingIdClient already created.
01-10 17:49:18.904  2417  8978 D AdvertisingIdClient: AdvertisingIdClient is not bounded. Starting to bind it...
01-10 17:49:18.972  2417  8978 D AdvertisingIdClient: AdvertisingIdClient is bounded
01-10 17:49:19.031  1759  1802 W system_server: Long monitor contention with owner android.anim (1833) at void com.android.server.wm.WindowSurfacePlacer.lambda$new$0(com.android.server.wm.WindowSurfacePlacer)(WindowSurfacePlacer.java:117) waiters=0 in void com.android.server.wm.WindowManagerService$H.handleMessage(android.os.Message) for 101ms
01-10 17:49:19.125  2417  8978 I AdvertisingIdClient: shouldSendLog 11369251
01-10 17:49:19.221  2417  8978 I AdvertisingIdClient: GetInfoInternal elapse 220ms
01-10 17:49:19.273  2533  2533 W ContextImpl: Calling a method in the system process without a qualified user: android.app.ContextImpl.startService:1531 android.content.ContextWrapper.startService:664 android.content.ContextWrapper.startService:664 com.android.coreservice.CoreBroadcastReceiver.onReceive:53 android.app.ActivityThread.handleReceiver:3424 
01-10 17:49:19.294  2259  2259 D BoundBrokerSvc: onRebind: Intent { act=com.google.android.gms.presencemanager.service.START dat=chimera-action: cmp=com.google.android.gms/.chimera.PersistentApiService }
01-10 17:49:19.319  2259  2259 D BoundBrokerSvc: onRebind: Intent { act=com.google.android.gms.presencemanager.service.INTERNAL_IDENTITY dat=chimera-action: cmp=com.google.android.gms/.chimera.PersistentApiService }
01-10 17:49:19.432  2259  8661 W NetworkScheduler.ATC: Called cancelTask for already completed task com.google.android.gms/.measurement.PackageMeasurementTaskService{u=0 tag="Measurement.PackageMeasurementTaskService.UPLOAD_TASK_TAG" trigger=window{start=2814s,end=5629s,earliest=-1042s,latest=1772s} requirements=[NET_CONNECTED,PREFERRED_NET_UNMETERED,PREFERRED_CHARGING] attributes=[PERSISTED] scheduled=-3856s last_run=-835s exec_window_multiplier=1.0000 jid=N/A status=ACTIVE retries=0 client_lib=GMS_TASK_SCHEDULER-254730000} :1 [CONTEXT service_id=218 ]
01-10 17:49:19.497  1759  1780 W System  : A resource failed to call close. 
01-10 17:49:19.500  1759  1780 I chatty  : uid=1000(system) FinalizerDaemon identical 44 lines
01-10 17:49:19.500  1759  1780 W System  : A resource failed to call close. 
01-10 17:49:20.506  1526  1526 I healthd : type=1400 audit(0.0:1638): avc: denied { read } for name="present" dev="sysfs" ino=6606 scontext=u:r:healthd:s0 tcontext=u:object_r:sysfs:s0 tclass=file permissive=1
01-10 17:49:20.506  1526  1526 I healthd : type=1400 audit(0.0:1638): avc: denied { open } for path="/sys/devices/LNXSYSTM:00/LNXSYBUS:00/PNP0A03:00/PNP0C0A:00/power_supply/BAT0/present" dev="sysfs" ino=6606 scontext=u:r:healthd:s0 tcontext=u:object_r:sysfs:s0 tclass=file permissive=1
01-10 17:49:20.675  2656  8963 I FA      : Application backgrounded at: timestamp_millis: 1768063758671
01-10 17:49:21.094  8964  8964 W om.habittracke: Accessing hidden field Landroid/os/Trace;->TRACE_TAG_APP:J (light greylist, reflection)
01-10 17:49:21.094  8964  8964 W om.habittracke: Accessing hidden method Landroid/os/Trace;->isTagEnabled(J)Z (light greylist, reflection)
01-10 17:49:21.107  8964  8964 D WM-WrkMgrInitializer: Initializing WorkManager with default configuration.
01-10 17:49:21.331  8964  8964 D OpenGLRenderer: Skia GL Pipeline
01-10 17:49:21.408  8964  8964 I om.habittracke: Rejecting re-init on previously-failed class java.lang.Class<androidx.compose.ui.platform.AndroidComposeView$AndroidComposeViewTranslationCallback>: java.lang.NoClassDefFoundError: Failed resolution of: Landroid/view/translation/ViewTranslationCallback;
01-10 17:49:21.409  8964  8964 I om.habittracke:   at androidx.compose.runtime.Composition androidx.compose.ui.platform.Wrapper_androidKt.setContent(androidx.compose.ui.platform.AbstractComposeView, androidx.compose.runtime.CompositionContext, kotlin.jvm.functions.Function2) (Wrapper.android.kt:77)
01-10 17:49:21.409  8964  8964 I om.habittracke:   at void androidx.compose.ui.platform.AbstractComposeView.ensureCompositionCreated() (ComposeView.android.kt:251)
01-10 17:49:21.409  8964  8964 I om.habittracke:   at void androidx.compose.ui.platform.AbstractComposeView.onAttachedToWindow() (ComposeView.android.kt:283)
01-10 17:49:21.409  8964  8964 I om.habittracke:   at void android.view.View.dispatchAttachedToWindow(android.view.View$AttachInfo, int) (View.java:18361)
01-10 17:49:21.409  8964  8964 I om.habittracke:   at void android.view.ViewGroup.dispatchAttachedToWindow(android.view.View$AttachInfo, int) (ViewGroup.java:3429)
01-10 17:49:21.409  8964  8964 I om.habittracke:   at void android.view.ViewGroup.dispatchAttachedToWindow(android.view.View$AttachInfo, int) (ViewGroup.java:3436)
01-10 17:49:21.409  8964  8964 I chatty  : uid=10061(com.habittracker) identical 1 line
01-10 17:49:21.409  8964  8964 I om.habittracke:   at void android.view.ViewGroup.dispatchAttachedToWindow(android.view.View$AttachInfo, int) (ViewGroup.java:3436)
01-10 17:49:21.409  8964  8964 I om.habittracke:   at void android.view.ViewRootImpl.performTraversals() (ViewRootImpl.java:1764)
01-10 17:49:21.409  8964  8964 I om.habittracke:   at void android.view.ViewRootImpl.doTraversal() (ViewRootImpl.java:1463)
01-10 17:49:21.409  8964  8964 I om.habittracke:   at void android.view.ViewRootImpl$TraversalRunnable.run() (ViewRootImpl.java:7190)
01-10 17:49:21.409  8964  8964 I om.habittracke:   at void android.view.Choreographer$CallbackRecord.run(long) (Choreographer.java:949)
01-10 17:49:21.409  8964  8964 I om.habittracke:   at void android.view.Choreographer.doCallbacks(int, long) (Choreographer.java:761)
01-10 17:49:21.409  8964  8964 I om.habittracke:   at void android.view.Choreographer.doFrame(long, int) (Choreographer.java:696)
01-10 17:49:21.409  8964  8964 I om.habittracke:   at void android.view.Choreographer$FrameDisplayEventReceiver.run() (Choreographer.java:935)
01-10 17:49:21.409  8964  8964 I om.habittracke:   at void android.os.Handler.handleCallback(android.os.Message) (Handler.java:873)
01-10 17:49:21.409  8964  8964 I om.habittracke:   at void android.os.Handler.dispatchMessage(android.os.Message) (Handler.java:99)
01-10 17:49:21.409  8964  8964 I om.habittracke:   at void android.os.Looper.loop() (Looper.java:193)
01-10 17:49:21.409  8964  8964 I om.habittracke:   at void android.app.ActivityThread.main(java.lang.String[]) (ActivityThread.java:6840)
01-10 17:49:21.409  8964  8964 I om.habittracke:   at java.lang.Object java.lang.reflect.Method.invoke(java.lang.Object, java.lang.Object[]) (Method.java:-2)
01-10 17:49:21.409  8964  8964 I om.habittracke:   at void com.android.internal.os.RuntimeInit$MethodAndArgsCaller.run() (RuntimeInit.java:493)
01-10 17:49:21.409  8964  8964 I om.habittracke:   at void com.android.internal.os.ZygoteInit.main(java.lang.String[]) (ZygoteInit.java:860)
01-10 17:49:21.409  8964  8964 I om.habittracke: Caused by: java.lang.ClassNotFoundException: Didn't find class "android.view.translation.ViewTranslationCallback" on path: DexPathList[[zip file "/data/app/com.habittracker-i-4HyoVjfUO8-PblZgtc_Q==/base.apk"],nativeLibraryDirectories=[/data/app/com.habittracker-i-4HyoVjfUO8-PblZgtc_Q==/lib/x86_64, /system/lib64, /system/vendor/lib64]]
01-10 17:49:21.409  8964  8964 I om.habittracke:   at java.lang.Class dalvik.system.BaseDexClassLoader.findClass(java.lang.String) (BaseDexClassLoader.java:134)
01-10 17:49:21.409  8964  8964 I om.habittracke:   at java.lang.Class java.lang.ClassLoader.loadClass(java.lang.String, boolean) (ClassLoader.java:379)
01-10 17:49:21.409  8964  8964 I om.habittracke:   at java.lang.Class java.lang.ClassLoader.loadClass(java.lang.String) (ClassLoader.java:312)
01-10 17:49:21.409  8964  8964 I om.habittracke:   at androidx.compose.runtime.Composition androidx.compose.ui.platform.Wrapper_androidKt.setContent(androidx.compose.ui.platform.AbstractComposeView, androidx.compose.runtime.CompositionContext, kotlin.jvm.functions.Function2) (Wrapper.android.kt:77)
01-10 17:49:21.409  8964  8964 I om.habittracke:   at void androidx.compose.ui.platform.AbstractComposeView.ensureCompositionCreated() (ComposeView.android.kt:251)
01-10 17:49:21.409  8964  8964 I om.habittracke:   at void androidx.compose.ui.platform.AbstractComposeView.onAttachedToWindow() (ComposeView.android.kt:283)
01-10 17:49:21.409  8964  8964 I om.habittracke:   at void android.view.View.dispatchAttachedToWindow(android.view.View$AttachInfo, int) (View.java:18361)
01-10 17:49:21.409  8964  8964 I om.habittracke:   at void android.view.ViewGroup.dispatchAttachedToWindow(android.view.View$AttachInfo, int) (ViewGroup.java:3429)
01-10 17:49:21.409  8964  8964 I om.habittracke:   at void android.view.ViewGroup.dispatchAttachedToWindow(android.view.View$AttachInfo, int) (ViewGroup.java:3436)
01-10 17:49:21.409  8964  8964 I chatty  : uid=10061(com.habittracker) identical 1 line
01-10 17:49:21.409  8964  8964 I om.habittracke:   at void android.view.ViewGroup.dispatchAttachedToWindow(android.view.View$AttachInfo, int) (ViewGroup.java:3436)
01-10 17:49:21.409  8964  8964 I om.habittracke:   at void android.view.ViewRootImpl.performTraversals() (ViewRootImpl.java:1764)
01-10 17:49:21.409  8964  8964 I om.habittracke:   at void android.view.ViewRootImpl.doTraversal() (ViewRootImpl.java:1463)
01-10 17:49:21.409  8964  8964 I om.habittracke:   at void android.view.ViewRootImpl$TraversalRunnable.run() (ViewRootImpl.java:7190)
01-10 17:49:21.409  8964  8964 I om.habittracke:   at void android.view.Choreographer$CallbackRecord.run(long) (Choreographer.java:949)
01-10 17:49:21.409  8964  8964 I om.habittracke:   at void android.view.Choreographer.doCallbacks(int, long) (Choreographer.java:761)
01-10 17:49:21.409  8964  8964 I om.habittracke:   at void android.view.Choreographer.doFrame(long, int) (Choreographer.java:696)
01-10 17:49:21.409  8964  8964 I om.habittracke:   at void android.view.Choreographer$FrameDisplayEventReceiver.run() (Choreographer.java:935)
01-10 17:49:21.409  8964  8964 I om.habittracke:   at void android.os.Handler.handleCallback(android.os.Message) (Handler.java:873)
01-10 17:49:21.409  8964  8964 I om.habittracke:   at void android.os.Handler.dispatchMessage(android.os.Message) (Handler.java:99)
01-10 17:49:21.409  8964  8964 I om.habittracke:   at void android.os.Looper.loop() (Looper.java:193)
01-10 17:49:21.409  8964  8964 I om.habittracke:   at void android.app.ActivityThread.main(java.lang.String[]) (ActivityThread.java:6840)
01-10 17:49:21.409  8964  8964 I om.habittracke:   at java.lang.Object java.lang.reflect.Method.invoke(java.lang.Object, java.lang.Object[]) (Method.java:-2)
01-10 17:49:21.409  8964  8964 I om.habittracke:   at void com.android.internal.os.RuntimeInit$MethodAndArgsCaller.run() (RuntimeInit.java:493)
01-10 17:49:21.409  8964  8964 I om.habittracke:   at void com.android.internal.os.ZygoteInit.main(java.lang.String[]) (ZygoteInit.java:860)
01-10 17:49:21.409  8964  8964 I om.habittracke: 
01-10 17:49:21.409  8964  8964 I om.habittracke: Rejecting re-init on previously-failed class java.lang.Class<androidx.compose.ui.platform.AndroidComposeView$AndroidComposeViewTranslationCallback>: java.lang.NoClassDefFoundError: Failed resolution of: Landroid/view/translation/ViewTranslationCallback;
01-10 17:49:21.409  8964  8964 I om.habittracke:   at androidx.compose.runtime.Composition androidx.compose.ui.platform.Wrapper_androidKt.setContent(androidx.compose.ui.platform.AbstractComposeView, androidx.compose.runtime.CompositionContext, kotlin.jvm.functions.Function2) (Wrapper.android.kt:77)
01-10 17:49:21.409  8964  8964 I om.habittracke:   at void androidx.compose.ui.platform.AbstractComposeView.ensureCompositionCreated() (ComposeView.android.kt:251)
01-10 17:49:21.409  8964  8964 I om.habittracke:   at void androidx.compose.ui.platform.AbstractComposeView.onAttachedToWindow() (ComposeView.android.kt:283)
01-10 17:49:21.409  8964  8964 I om.habittracke:   at void android.view.View.dispatchAttachedToWindow(android.view.View$AttachInfo, int) (View.java:18361)
01-10 17:49:21.409  8964  8964 I om.habittracke:   at void android.view.ViewGroup.dispatchAttachedToWindow(android.view.View$AttachInfo, int) (ViewGroup.java:3429)
01-10 17:49:21.409  8964  8964 I om.habittracke:   at void android.view.ViewGroup.dispatchAttachedToWindow(android.view.View$AttachInfo, int) (ViewGroup.java:3436)
01-10 17:49:21.409  8964  8964 I chatty  : uid=10061(com.habittracker) identical 1 line
01-10 17:49:21.409  8964  8964 I om.habittracke:   at void android.view.ViewGroup.dispatchAttachedToWindow(android.view.View$AttachInfo, int) (ViewGroup.java:3436)
01-10 17:49:21.409  8964  8964 I om.habittracke:   at void android.view.ViewRootImpl.performTraversals() (ViewRootImpl.java:1764)
01-10 17:49:21.409  8964  8964 I om.habittracke:   at void android.view.ViewRootImpl.doTraversal() (ViewRootImpl.java:1463)
01-10 17:49:21.409  8964  8964 I om.habittracke:   at void android.view.ViewRootImpl$TraversalRunnable.run() (ViewRootImpl.java:7190)
01-10 17:49:21.409  8964  8964 I om.habittracke:   at void android.view.Choreographer$CallbackRecord.run(long) (Choreographer.java:949)
01-10 17:49:21.409  8964  8964 I om.habittracke:   at void android.view.Choreographer.doCallbacks(int, long) (Choreographer.java:761)
01-10 17:49:21.409  8964  8964 I om.habittracke:   at void android.view.Choreographer.doFrame(long, int) (Choreographer.java:696)
01-10 17:49:21.409  8964  8964 I om.habittracke:   at void android.view.Choreographer$FrameDisplayEventReceiver.run() (Choreographer.java:935)
01-10 17:49:21.409  8964  8964 I om.habittracke:   at void android.os.Handler.handleCallback(android.os.Message) (Handler.java:873)
01-10 17:49:21.409  8964  8964 I om.habittracke:   at void android.os.Handler.dispatchMessage(android.os.Message) (Handler.java:99)
01-10 17:49:21.409  8964  8964 I om.habittracke:   at void android.os.Looper.loop() (Looper.java:193)
01-10 17:49:21.409  8964  8964 I om.habittracke:   at void android.app.ActivityThread.main(java.lang.String[]) (ActivityThread.java:6840)
01-10 17:49:21.409  8964  8964 I om.habittracke:   at java.lang.Object java.lang.reflect.Method.invoke(java.lang.Object, java.lang.Object[]) (Method.java:-2)
01-10 17:49:21.409  8964  8964 I om.habittracke:   at void com.android.internal.os.RuntimeInit$MethodAndArgsCaller.run() (RuntimeInit.java:493)
01-10 17:49:21.409  8964  8964 I om.habittracke:   at void com.android.internal.os.ZygoteInit.main(java.lang.String[]) (ZygoteInit.java:860)
01-10 17:49:21.409  8964  8964 I om.habittracke: Caused by: java.lang.ClassNotFoundException: Didn't find class "android.view.translation.ViewTranslationCallback" on path: DexPathList[[zip file "/data/app/com.habittracker-i-4HyoVjfUO8-PblZgtc_Q==/base.apk"],nativeLibraryDirectories=[/data/app/com.habittracker-i-4HyoVjfUO8-PblZgtc_Q==/lib/x86_64, /system/lib64, /system/vendor/lib64]]
01-10 17:49:21.409  8964  8964 I om.habittracke:   at java.lang.Class dalvik.system.BaseDexClassLoader.findClass(java.lang.String) (BaseDexClassLoader.java:134)
01-10 17:49:21.409  8964  8964 I om.habittracke:   at java.lang.Class java.lang.ClassLoader.loadClass(java.lang.String, boolean) (ClassLoader.java:379)
01-10 17:49:21.409  8964  8964 I om.habittracke:   at java.lang.Class java.lang.ClassLoader.loadClass(java.lang.String) (ClassLoader.java:312)
01-10 17:49:21.409  8964  8964 I om.habittracke:   at androidx.compose.runtime.Composition androidx.compose.ui.platform.Wrapper_androidKt.setContent(androidx.compose.ui.platform.AbstractComposeView, androidx.compose.runtime.CompositionContext, kotlin.jvm.functions.Function2) (Wrapper.android.kt:77)
01-10 17:49:21.409  8964  8964 I om.habittracke:   at void androidx.compose.ui.platform.AbstractComposeView.ensureCompositionCreated() (ComposeView.android.kt:251)
01-10 17:49:21.409  8964  8964 I om.habittracke:   at void androidx.compose.ui.platform.AbstractComposeView.onAttachedToWindow() (ComposeView.android.kt:283)
01-10 17:49:21.409  8964  8964 I om.habittracke:   at void android.view.View.dispatchAttachedToWindow(android.view.View$AttachInfo, int) (View.java:18361)
01-10 17:49:21.409  8964  8964 I om.habittracke:   at void android.view.ViewGroup.dispatchAttachedToWindow(android.view.View$AttachInfo, int) (ViewGroup.java:3429)
01-10 17:49:21.409  8964  8964 I om.habittracke:   at void android.view.ViewGroup.dispatchAttachedToWindow(android.view.View$AttachInfo, int) (ViewGroup.java:3436)
01-10 17:49:21.409  8964  8964 I chatty  : uid=10061(com.habittracker) identical 1 line
01-10 17:49:21.409  8964  8964 I om.habittracke:   at void android.view.ViewGroup.dispatchAttachedToWindow(android.view.View$AttachInfo, int) (ViewGroup.java:3436)
01-10 17:49:21.409  8964  8964 I om.habittracke:   at void android.view.ViewRootImpl.performTraversals() (ViewRootImpl.java:1764)
01-10 17:49:21.409  8964  8964 I om.habittracke:   at void android.view.ViewRootImpl.doTraversal() (ViewRootImpl.java:1463)
01-10 17:49:21.409  8964  8964 I om.habittracke:   at void android.view.ViewRootImpl$TraversalRunnable.run() (ViewRootImpl.java:7190)
01-10 17:49:21.409  8964  8964 I om.habittracke:   at void android.view.Choreographer$CallbackRecord.run(long) (Choreographer.java:949)
01-10 17:49:21.409  8964  8964 I om.habittracke:   at void android.view.Choreographer.doCallbacks(int, long) (Choreographer.java:761)
01-10 17:49:21.409  8964  8964 I om.habittracke:   at void android.view.Choreographer.doFrame(long, int) (Choreographer.java:696)
01-10 17:49:21.409  8964  8964 I om.habittracke:   at void android.view.Choreographer$FrameDisplayEventReceiver.run() (Choreographer.java:935)
01-10 17:49:21.409  8964  8964 I om.habittracke:   at void android.os.Handler.handleCallback(android.os.Message) (Handler.java:873)
01-10 17:49:21.409  8964  8964 I om.habittracke:   at void android.os.Handler.dispatchMessage(android.os.Message) (Handler.java:99)
01-10 17:49:21.409  8964  8964 I om.habittracke:   at void android.os.Looper.loop() (Looper.java:193)
01-10 17:49:21.409  8964  8964 I om.habittracke:   at void android.app.ActivityThread.main(java.lang.String[]) (ActivityThread.java:6840)
01-10 17:49:21.409  8964  8964 I om.habittracke:   at java.lang.Object java.lang.reflect.Method.invoke(java.lang.Object, java.lang.Object[]) (Method.java:-2)
01-10 17:49:21.409  8964  8964 I om.habittracke:   at void com.android.internal.os.RuntimeInit$MethodAndArgsCaller.run() (RuntimeInit.java:493)
01-10 17:49:21.409  8964  8964 I om.habittracke:   at void com.android.internal.os.ZygoteInit.main(java.lang.String[]) (ZygoteInit.java:860)
01-10 17:49:21.409  8964  8964 I om.habittracke: 
01-10 17:49:21.409  8964  8964 I om.habittracke: Rejecting re-init on previously-failed class java.lang.Class<androidx.compose.ui.platform.AndroidComposeView$AndroidComposeViewTranslationCallback>: java.lang.NoClassDefFoundError: Failed resolution of: Landroid/view/translation/ViewTranslationCallback;
01-10 17:49:21.409  8964  8964 I om.habittracke:   at androidx.compose.runtime.Composition androidx.compose.ui.platform.Wrapper_androidKt.setContent(androidx.compose.ui.platform.AbstractComposeView, androidx.compose.runtime.CompositionContext, kotlin.jvm.functions.Function2) (Wrapper.android.kt:77)
01-10 17:49:21.409  8964  8964 I om.habittracke:   at void androidx.compose.ui.platform.AbstractComposeView.ensureCompositionCreated() (ComposeView.android.kt:251)
01-10 17:49:21.409  8964  8964 I om.habittracke:   at void androidx.compose.ui.platform.AbstractComposeView.onAttachedToWindow() (ComposeView.android.kt:283)
01-10 17:49:21.409  8964  8964 I om.habittracke:   at void android.view.View.dispatchAttachedToWindow(android.view.View$AttachInfo, int) (View.java:18361)
01-10 17:49:21.409  8964  8964 I om.habittracke:   at void android.view.ViewGroup.dispatchAttachedToWindow(android.view.View$AttachInfo, int) (ViewGroup.java:3429)
01-10 17:49:21.409  8964  8964 I om.habittracke:   at void android.view.ViewGroup.dispatchAttachedToWindow(android.view.View$AttachInfo, int) (ViewGroup.java:3436)
01-10 17:49:21.409  8964  8964 I chatty  : uid=10061(com.habittracker) identical 1 line
01-10 17:49:21.409  8964  8964 I om.habittracke:   at void android.view.ViewGroup.dispatchAttachedToWindow(android.view.View$AttachInfo, int) (ViewGroup.java:3436)
01-10 17:49:21.409  8964  8964 I om.habittracke:   at void android.view.ViewRootImpl.performTraversals() (ViewRootImpl.java:1764)
01-10 17:49:21.409  8964  8964 I om.habittracke:   at void android.view.ViewRootImpl.doTraversal() (ViewRootImpl.java:1463)
01-10 17:49:21.409  8964  8964 I om.habittracke:   at void android.view.ViewRootImpl$TraversalRunnable.run() (ViewRootImpl.java:7190)
01-10 17:49:21.409  8964  8964 I om.habittracke:   at void android.view.Choreographer$CallbackRecord.run(long) (Choreographer.java:949)
01-10 17:49:21.409  8964  8964 I om.habittracke:   at void android.view.Choreographer.doCallbacks(int, long) (Choreographer.java:761)
01-10 17:49:21.409  8964  8964 I om.habittracke:   at void android.view.Choreographer.doFrame(long, int) (Choreographer.java:696)
01-10 17:49:21.409  8964  8964 I om.habittracke:   at void android.view.Choreographer$FrameDisplayEventReceiver.run() (Choreographer.java:935)
01-10 17:49:21.409  8964  8964 I om.habittracke:   at void android.os.Handler.handleCallback(android.os.Message) (Handler.java:873)
01-10 17:49:21.409  8964  8964 I om.habittracke:   at void android.os.Handler.dispatchMessage(android.os.Message) (Handler.java:99)
01-10 17:49:21.409  8964  8964 I om.habittracke:   at void android.os.Looper.loop() (Looper.java:193)
01-10 17:49:21.409  8964  8964 I om.habittracke:   at void android.app.ActivityThread.main(java.lang.String[]) (ActivityThread.java:6840)
01-10 17:49:21.409  8964  8964 I om.habittracke:   at java.lang.Object java.lang.reflect.Method.invoke(java.lang.Object, java.lang.Object[]) (Method.java:-2)
01-10 17:49:21.409  8964  8964 I om.habittracke:   at void com.android.internal.os.RuntimeInit$MethodAndArgsCaller.run() (RuntimeInit.java:493)
01-10 17:49:21.409  8964  8964 I om.habittracke:   at void com.android.internal.os.ZygoteInit.main(java.lang.String[]) (ZygoteInit.java:860)
01-10 17:49:21.409  8964  8964 I om.habittracke: Caused by: java.lang.ClassNotFoundException: Didn't find class "android.view.translation.ViewTranslationCallback" on path: DexPathList[[zip file "/data/app/com.habittracker-i-4HyoVjfUO8-PblZgtc_Q==/base.apk"],nativeLibraryDirectories=[/data/app/com.habittracker-i-4HyoVjfUO8-PblZgtc_Q==/lib/x86_64, /system/lib64, /system/vendor/lib64]]
