01-10 15:19:10.471  1759  1759 I Telecom : DefaultDialerCache: Refreshing default dialer for user 0: now null: DDC.oR@AGY
01-10 15:19:10.541  1759  1759 V BackupManagerConstants: getFullBackupIntervalMilliseconds(...) returns 86400000
01-10 15:19:10.978  1759  1759 W Looper  : Slow dispatch took 436ms main h=android.app.ActivityThread$H c=null m=133
01-10 15:19:11.377  1759  1792 W FieldClassificationStrategy: No valid components found.
01-10 15:19:11.402  1759  1792 W VoiceInteractionManagerService: no available voice recognition services found for user 0
01-10 15:19:11.414  1759  1792 W LocationProviderProxy-network: Odd, no component found for service com.android.location.service.v3.NetworkLocationProvider
01-10 15:19:11.421  1759  1792 W GeocoderProxy: Odd, no component found for service com.android.location.service.GeocodeProvider
01-10 15:19:11.422  1759  1792 W GeofenceProxy: Odd, no component found for service com.android.location.service.GeofenceProvider
01-10 15:19:11.423  1759  1792 W ActivityRecognitionProxy: Odd, no component found for service com.android.location.service.ActivityRecognitionProvider
01-10 15:19:11.429  1759  1759 W Looper  : Drained
01-10 15:19:12.790  1759  2496 W BroadcastQueue: Background execution not allowed: receiving Intent { act=android.intent.action.PACKAGE_REPLACED dat=package:com.habittracker flg=0x4000010 (has extras) } to com.habittracker/.reminders.BootReceiver
01-10 15:19:12.797  1759  1793 W BroadcastQueue: Background execution not allowed: receiving Intent { act=android.intent.action.PACKAGE_REPLACED dat=package:com.habittracker flg=0x4000010 (has extras) } to com.android.ld.appstore/.app.service.ApkReceiver
01-10 15:19:12.797  1759  1793 W BroadcastQueue: Background execution not allowed: receiving Intent { act=android.intent.action.PACKAGE_REPLACED dat=package:com.habittracker flg=0x4000010 (has extras) } to com.google.android.gms/.chimera.GmsIntentOperationService$PersistentTrustedReceiver
01-10 15:19:12.798  1759  1793 W BroadcastQueue: Background execution not allowed: receiving Intent { act=android.intent.action.PACKAGE_REPLACED dat=package:com.habittracker flg=0x4000010 (has extras) } to com.google.android.gms/.gass.chimera.PackageChangeBroadcastReceiver
01-10 15:19:12.798  1759  1793 W BroadcastQueue: Background execution not allowed: receiving Intent { act=android.intent.action.PACKAGE_REPLACED dat=package:com.habittracker flg=0x4000010 (has extras) } to com.ldmnq.launcher3/com.android.launcher3.PackageChangedReceiver
01-10 15:19:12.798  1759  1793 W BroadcastQueue: Background execution not allowed: receiving Intent { act=android.intent.action.PACKAGE_REPLACED dat=package:com.habittracker flg=0x4000010 (has extras) } to com.ldmnq.launcher3/com.ldplayer.ad.core.PackageReceiver
01-10 15:19:12.798  1759  1793 W BroadcastQueue: Background execution not allowed: receiving Intent { act=android.intent.action.PACKAGE_REPLACED dat=package:com.habittracker flg=0x4000010 (has extras) } to com.slmpaqjl.wumdnvl.f/p8q.lIK.M5
01-10 15:19:12.798  1759  1793 W BroadcastQueue: Background execution not allowed: receiving Intent { act=android.intent.action.PACKAGE_REPLACED dat=package:com.habittracker flg=0x4000010 (has extras) } to ru.hqgocnyr.yzvnudqdq/.PackageChangeReceiver
01-10 15:19:12.856  1759  1795 I ActivityManager: Start proc 5624:com.habittracker/u0a61 for broadcast com.habittracker/androidx.glance.appwidget.MyPackageReplacedReceiver
01-10 15:19:12.886  1759  1793 W BroadcastQueue: Skipping deliver [background] BroadcastRecord{a537c93 u-1 android.net.conn.CONNECTIVITY_CHANGE} to ReceiverList{23304d0 5548 (unknown name)/2000/u-1 remote:f6be664}: process gone or crashing
01-10 15:19:12.911  1759  2596 I ActivityManager: START u0 {act=android.intent.action.MAIN cat=[android.intent.category.LAUNCHER] flg=0x10200000 cmp=com.habittracker/.MainActivity} from uid 2000
01-10 15:19:12.976  1759  2496 W BackupManagerService: dataChanged but no participant pkg='com.ldmnq.launcher3' uid=10044
01-10 15:19:13.067  1759  2500 V BackupManagerConstants: getFullBackupRequiredNetworkType(...) returns 2
01-10 15:19:13.067  1759  2500 V BackupManagerConstants: getFullBackupRequireCharging(...) returns true
01-10 15:19:13.283  1759  1759 V SettingsProvider: Notifying for 0: content://settings/system/accelerometer_rotation
01-10 15:19:13.286  1759  1759 W Looper  : Slow dispatch took 122ms main h=com.android.providers.settings.SettingsProvider$SettingsRegistry$MyHandler c=null m=1
01-10 15:19:13.332  1759  1759 V SettingsProvider: Notifying for 0: content://settings/system/accelerometer_rotation
01-10 15:19:16.567  2533  2533 W ContextImpl: Calling a method in the system process without a qualified user: android.app.ContextImpl.startService:1531 android.content.ContextWrapper.startService:664 android.content.ContextWrapper.startService:664 com.android.coreservice.CoreBroadcastReceiver.onReceive:44 android.app.ActivityThread.handleReceiver:3424 
01-10 15:19:16.575  2533  2533 W ContextImpl: Calling a method in the system process without a qualified user: android.app.ContextImpl.startService:1531 android.content.ContextWrapper.startService:664 android.content.ContextWrapper.startService:664 com.android.coreservice.CoreBroadcastReceiver.onReceive:53 android.app.ActivityThread.handleReceiver:3424 
01-10 15:19:16.598  2533  2533 W ContextImpl: Calling a method in the system process without a qualified user: android.app.ContextImpl.startService:1531 android.content.ContextWrapper.startService:664 android.content.ContextWrapper.startService:664 com.android.coreservice.CoreBroadcastReceiver.onReceive:53 android.app.ActivityThread.handleReceiver:3424 
01-10 15:19:17.510  2533  2533 W ContextImpl: Calling a method in the system process without a qualified user: android.app.ContextImpl.startService:1531 android.content.ContextWrapper.startService:664 android.content.ContextWrapper.startService:664 com.android.coreservice.CoreBroadcastReceiver.onReceive:69 android.app.ActivityThread.handleReceiver:3424 
01-10 15:19:17.518  2533  2533 W ContextImpl: Calling a method in the system process without a qualified user: android.app.ContextImpl.startService:1531 android.content.ContextWrapper.startService:664 android.content.ContextWrapper.startService:664 com.android.coreservice.CoreBroadcastReceiver.onReceive:69 android.app.ActivityThread.handleReceiver:3424 
01-10 15:19:25.955  1759  1759 V SettingsProvider: Notifying for 0: content://settings/secure/accessibility_enabled
01-10 15:19:26.398  1592  1592 W wificond: Scan already started
01-10 15:19:27.100  1759  2960 W WindowManager: removeWindowToken: Attempted to remove non-existing token: android.os.Binder@6bb3214
01-10 15:19:27.101  1759  1759 V SettingsProvider: Notifying for 0: content://settings/secure/accessibility_enabled
01-10 15:19:29.913  1591  1651 E storaged: getDiskStats failed with result NOT_SUPPORTED and size 0
01-10 15:19:37.200  5624  5624 E AndroidRuntime: FATAL EXCEPTION: main
01-10 15:19:37.200  5624  5624 E AndroidRuntime: Process: com.habittracker, PID: 5624
01-10 15:19:37.200  5624  5624 E AndroidRuntime: java.lang.ArrayIndexOutOfBoundsException: length=0; index=-5
01-10 15:19:37.200  5624  5624 E AndroidRuntime: 	at androidx.compose.runtime.SlotTableKt.key(SlotTable.kt:3522)
01-10 15:19:37.200  5624  5624 E AndroidRuntime: 	at androidx.compose.runtime.SlotTableKt.access$key(SlotTable.kt:1)
01-10 15:19:37.200  5624  5624 E AndroidRuntime: 	at androidx.compose.runtime.SlotReader.groupKey(SlotTable.kt:957)
01-10 15:19:37.200  5624  5624 E AndroidRuntime: 	at androidx.compose.runtime.ComposerImpl.end(Composer.kt:2357)
01-10 15:19:37.200  5624  5624 E AndroidRuntime: 	at androidx.compose.runtime.ComposerImpl.endGroup(Composer.kt:1607)
01-10 15:19:37.200  5624  5624 E AndroidRuntime: 	at androidx.compose.runtime.ComposerImpl.endRoot(Composer.kt:1483)
01-10 15:19:37.200  5624  5624 E AndroidRuntime: 	at androidx.compose.runtime.ComposerImpl.doCompose(Composer.kt:3317)
01-10 15:19:37.200  5624  5624 E AndroidRuntime: 	at androidx.compose.runtime.ComposerImpl.composeContent$runtime_release(Composer.kt:3235)
01-10 15:19:37.200  5624  5624 E AndroidRuntime: 	at androidx.compose.runtime.CompositionImpl.composeContent(Composition.kt:725)
01-10 15:19:37.200  5624  5624 E AndroidRuntime: 	at androidx.compose.runtime.Recomposer.composeInitial$runtime_release(Recomposer.kt:1071)
01-10 15:19:37.200  5624  5624 E AndroidRuntime: 	at androidx.compose.runtime.ComposerImpl$CompositionContextImpl.composeInitial$runtime_release(Composer.kt:3599)
01-10 15:19:37.200  5624  5624 E AndroidRuntime: 	at androidx.compose.runtime.ComposerImpl$CompositionContextImpl.composeInitial$runtime_release(Composer.kt:3599)
01-10 15:19:37.200  5624  5624 E AndroidRuntime: 	at androidx.compose.runtime.CompositionImpl.composeInitial(Composition.kt:633)
01-10 15:19:37.200  5624  5624 E AndroidRuntime: 	at androidx.compose.runtime.CompositionImpl.setContent(Composition.kt:619)
01-10 15:19:37.200  5624  5624 E AndroidRuntime: 	at androidx.compose.ui.layout.LayoutNodeSubcompositionsState.subcomposeInto(SubcomposeLayout.kt:500)
01-10 15:19:37.200  5624  5624 E AndroidRuntime: 	at androidx.compose.ui.layout.LayoutNodeSubcompositionsState.subcompose(SubcomposeLayout.kt:472)
01-10 15:19:37.200  5624  5624 E AndroidRuntime: 	at androidx.compose.ui.layout.LayoutNodeSubcompositionsState.subcompose(SubcomposeLayout.kt:463)
01-10 15:19:37.200  5624  5624 E AndroidRuntime: 	at androidx.compose.ui.layout.LayoutNodeSubcompositionsState.subcompose(SubcomposeLayout.kt:447)
01-10 15:19:37.200  5624  5624 E AndroidRuntime: 	at androidx.compose.ui.layout.LayoutNodeSubcompositionsState$Scope.subcompose(SubcomposeLayout.kt:872)
01-10 15:19:37.200  5624  5624 E AndroidRuntime: 	at androidx.compose.foundation.lazy.layout.LazyLayoutMeasureScopeImpl.measure-0kLqBqw(LazyLayoutMeasureScope.kt:125)
01-10 15:19:37.200  5624  5624 E AndroidRuntime: 	at androidx.compose.foundation.lazy.LazyListMeasuredItemProvider.getAndMeasure(LazyListMeasuredItemProvider.kt:48)
01-10 15:19:37.200  5624  5624 E AndroidRuntime: 	at androidx.compose.foundation.lazy.LazyListMeasureKt.measureLazyList-5IMabDg(LazyListMeasure.kt:195)
01-10 15:19:37.200  5624  5624 E AndroidRuntime: 	at androidx.compose.foundation.lazy.LazyListKt$rememberLazyListMeasurePolicy$1$1.invoke-0kLqBqw(LazyList.kt:313)
01-10 15:19:37.200  5624  5624 E AndroidRuntime: 	at androidx.compose.foundation.lazy.LazyListKt$rememberLazyListMeasurePolicy$1$1.invoke(LazyList.kt:178)
01-10 15:19:37.200  5624  5624 E AndroidRuntime: 	at androidx.compose.foundation.lazy.layout.LazyLayoutKt$LazyLayout$3$2$1.invoke-0kLqBqw(LazyLayout.kt:107)
01-10 15:19:37.200  5624  5624 E AndroidRuntime: 	at androidx.compose.foundation.lazy.layout.LazyLayoutKt$LazyLayout$3$2$1.invoke(LazyLayout.kt:100)
01-10 15:19:37.200  5624  5624 E AndroidRuntime: 	at androidx.compose.ui.layout.LayoutNodeSubcompositionsState$createMeasurePolicy$1.measure-3p2s80s(SubcomposeLayout.kt:709)
01-10 15:19:37.200  5624  5624 E AndroidRuntime: 	at androidx.compose.ui.node.InnerNodeCoordinator.measure-BRTryo0(InnerNodeCoordinator.kt:126)
01-10 15:19:37.200  5624  5624 E AndroidRuntime: 	at androidx.compose.ui.graphics.SimpleGraphicsLayerModifier.measure-3p2s80s(GraphicsLayerModifier.kt:646)
01-10 15:19:37.200  5624  5624 E AndroidRuntime: 	at androidx.compose.ui.node.LayoutModifierNodeCoordinator.measure-BRTryo0(LayoutModifierNodeCoordinator.kt:116)
01-10 15:19:37.200  5624  5624 E AndroidRuntime: 	at androidx.compose.foundation.layout.FillNode.measure-3p2s80s(Size.kt:699)
01-10 15:19:37.200  5624  5624 E AndroidRuntime: 	at androidx.compose.ui.node.LayoutModifierNodeCoordinator.measure-BRTryo0(LayoutModifierNodeCoordinator.kt:116)
01-10 15:19:37.200  5624  5624 E AndroidRuntime: 	at androidx.compose.ui.node.LayoutNodeLayoutDelegate$performMeasureBlock$1.invoke(LayoutNodeLayoutDelegate.kt:252)
01-10 15:19:37.200  5624  5624 E AndroidRuntime: 	at androidx.compose.ui.node.LayoutNodeLayoutDelegate$performMeasureBlock$1.invoke(LayoutNodeLayoutDelegate.kt:251)
01-10 15:19:37.200  5624  5624 E AndroidRuntime: 	at androidx.compose.runtime.snapshots.Snapshot$Companion.observe(Snapshot.kt:2303)
01-10 15:19:37.200  5624  5624 E AndroidRuntime: 	at androidx.compose.runtime.snapshots.SnapshotStateObserver$ObservedScopeMap.observe(SnapshotStateObserver.kt:500)
01-10 15:19:37.200  5624  5624 E AndroidRuntime: 	at androidx.compose.runtime.snapshots.SnapshotStateObserver.observeReads(SnapshotStateObserver.kt:256)
01-10 15:19:37.200  5624  5624 E AndroidRuntime: 	at androidx.compose.ui.node.OwnerSnapshotObserver.observeReads$ui_release(OwnerSnapshotObserver.kt:133)
01-10 15:19:37.200  5624  5624 E AndroidRuntime: 	at androidx.compose.ui.node.OwnerSnapshotObserver.observeMeasureSnapshotReads$ui_release(OwnerSnapshotObserver.kt:113)
01-10 15:19:37.200  5624  5624 E AndroidRuntime: 	at androidx.compose.ui.node.LayoutNodeLayoutDelegate.performMeasure-BRTryo0(LayoutNodeLayoutDelegate.kt:1617)
01-10 15:19:37.202  5624  5624 E AndroidRuntime: 	at androidx.compose.ui.node.LayoutNodeLayoutDelegate.access$performMeasure-BRTryo0(LayoutNodeLayoutDelegate.kt:36)
01-10 15:19:37.202  5624  5624 E AndroidRuntime: 	at androidx.compose.ui.node.LayoutNodeLayoutDelegate$MeasurePassDelegate.remeasure-BRTryo0(LayoutNodeLayoutDelegate.kt:620)
01-10 15:19:37.202  5624  5624 E AndroidRuntime: 	at androidx.compose.ui.node.LayoutNodeLayoutDelegate$MeasurePassDelegate.measure-BRTryo0(LayoutNodeLayoutDelegate.kt:596)
01-10 15:19:37.202  5624  5624 E AndroidRuntime: 	at androidx.compose.foundation.layout.BoxMeasurePolicy.measure-3p2s80s(Box.kt:122)
01-10 15:19:37.202  5624  5624 E AndroidRuntime: 	at androidx.compose.ui.node.InnerNodeCoordinator.measure-BRTryo0(InnerNodeCoordinator.kt:126)
01-10 15:19:37.202  5624  5624 E AndroidRuntime: 	at androidx.compose.foundation.layout.PaddingValuesModifier.measure-3p2s80s(Padding.kt:455)
01-10 15:19:37.202  5624  5624 E AndroidRuntime: 	at androidx.compose.ui.node.LayoutModifierNodeCoordinator.measure-BRTryo0(LayoutModifierNodeCoordinator.kt:116)
01-10 15:19:37.202  5624  5624 E AndroidRuntime: 	at androidx.compose.foundation.layout.FillNode.measure-3p2s80s(Size.kt:699)
01-10 15:19:37.202  5624  5624 E AndroidRuntime: 	at androidx.compose.ui.node.LayoutModifierNodeCoordinator.measure-BRTryo0(LayoutModifierNodeCoordinator.kt:116)
01-10 15:19:37.202  5624  5624 E AndroidRuntime: 	at androidx.compose.ui.node.LayoutNodeLayoutDelegate$performMeasureBlock$1.invoke(LayoutNodeLayoutDelegate.kt:252)
01-10 15:19:37.202  5624  5624 E AndroidRuntime: 	at androidx.compose.ui.node.LayoutNodeLayoutDelegate$performMeasureBlock$1.invoke(LayoutNodeLayoutDelegate.kt:251)
01-10 15:19:37.202  5624  5624 E AndroidRuntime: 	at androidx.compose.runtime.snapshots.Snapshot$Companion.observe(Snapshot.kt:2303)
01-10 15:19:37.202  5624  5624 E AndroidRuntime: 	at androidx.compose.runtime.snapshots.SnapshotStateObserver$ObservedScopeMap.observe(SnapshotStateObserver.kt:500)
01-10 15:19:37.202  5624  5624 E AndroidRuntime: 	at androidx.compose.runtime.snapshots.SnapshotStateObserver.observeReads(SnapshotStateObserver.kt:256)
01-10 15:19:37.202  5624  5624 E AndroidRuntime: 	at androidx.compose.ui.node.OwnerSnapshotObserver.observeReads$ui_release(OwnerSnapshotObserver.kt:133)
01-10 15:19:37.202  5624  5624 E AndroidRuntime: 	at androidx.compose.ui.node.OwnerSnapshotObserver.observeMeasureSnapshotReads$ui_release(OwnerSnapshotObserver.kt:113)
01-10 15:19:37.202  5624  5624 E AndroidRuntime: 	at androidx.compose.ui.node.LayoutNodeLayoutDelegate.performMeasure-BRTryo0(LayoutNodeLayoutDelegate.kt:1617)
01-10 15:19:37.202  5624  5624 E AndroidRuntime: 	at androidx.compose.ui.node.LayoutNodeLayoutDelegate.access$performMeasure-BRTryo0(LayoutNodeLayoutDelegate.kt:36)
01-10 15:19:37.202  5624  5624 E AndroidRuntime: 	at androidx.compose.ui.node.LayoutNodeLayoutDelegate$MeasurePassDelegate.remeasure-BRTryo0(LayoutNodeLayoutDelegate.kt:620)
01-10 15:19:37.202  5624  5624 E AndroidRuntime: 	at androidx.compose.ui.node.LayoutNodeLayoutDelegate$MeasurePassDelegate.measure-BRTryo0(LayoutNodeLayoutDelegate.kt:596)
01-10 15:19:37.202  5624  5624 E AndroidRuntime: 	at androidx.compose.material3.ScaffoldKt$ScaffoldLayoutWithMeasureFix$1$1.invoke-0kLqBqw(Scaffold.kt:304)
01-10 15:19:37.202  5624  5624 E AndroidRuntime: 	at androidx.compose.material3.ScaffoldKt$ScaffoldLayoutWithMeasureFix$1$1.invoke(Scaffold.kt:179)
01-10 15:19:37.202  5624  5624 E AndroidRuntime: 	at androidx.compose.ui.layout.LayoutNodeSubcompositionsState$createMeasurePolicy$1.measure-3p2s80s(SubcomposeLayout.kt:709)
01-10 15:19:37.202  5624  5624 E AndroidRuntime: 	at androidx.compose.ui.node.InnerNodeCoordinator.measure-BRTryo0(InnerNodeCoordinator.kt:126)
01-10 15:19:37.202  5624  5624 E AndroidRuntime: 	at androidx.compose.ui.node.LayoutNodeLayoutDelegate$performMeasureBlock$1.invoke(LayoutNodeLayoutDelegate.kt:252)
01-10 15:19:37.202  5624  5624 E AndroidRuntime: 	at androidx.compose.ui.node.LayoutNodeLayoutDelegate$performMeasureBlock$1.invoke(LayoutNodeLayoutDelegate.kt:251)
01-10 15:19:37.202  5624  5624 E AndroidRuntime: 	at androidx.compose.runtime.snapshots.Snapshot$Companion.observe(Snapshot.kt:2303)
01-10 15:19:37.202  5624  5624 E AndroidRuntime: 	at androidx.compose.runtime.snapshots.SnapshotStateObserver$ObservedScopeMap.observe(SnapshotStateObserver.kt:500)
01-10 15:19:37.202  5624  5624 E AndroidRuntime: 	at androidx.compose.runtime.snapshots.SnapshotStateObserver.observeReads(SnapshotStateObserver.kt:256)
01-10 15:19:37.202  5624  5624 E AndroidRuntime: 	at androidx.compose.ui.node.OwnerSnapshotObserver.observeReads$ui_release(OwnerSnapshotObserver.kt:133)
01-10 15:19:37.202  5624  5624 E AndroidRuntime: 	at androidx.compose.ui.node.OwnerSnapshotObserver.observeMeasureSnapshotReads$ui_release(OwnerSnapshotObserver.kt:113)
01-10 15:19:37.202  5624  5624 E AndroidRuntime: 	at androidx.compose.ui.node.LayoutNodeLayoutDelegate.performMeasure-BRTryo0(LayoutNodeLayoutDelegate.kt:1617)
01-10 15:19:37.202  5624  5624 E AndroidRuntime: 	at androidx.compose.ui.node.LayoutNodeLayoutDelegate.access$performMeasure-BRTryo0(LayoutNodeLayoutDelegate.kt:36)
01-10 15:19:37.202  5624  5624 E AndroidRuntime: 	at androidx.compose.ui.node.LayoutNodeLayoutDelegate$MeasurePassDelegate.remeasure-BRTryo0(LayoutNodeLayoutDelegate.kt:620)
01-10 15:19:37.202  5624  5624 E AndroidRuntime: 	at androidx.compose.ui.node.LayoutNode.remeasure-_Sx5XlM$ui_release(LayoutNode.kt:1145)
01-10 15:19:37.202  5624  5624 E AndroidRuntime: 	at androidx.compose.ui.node.LayoutNode.remeasure-_Sx5XlM$ui_release$default(LayoutNode.kt:1136)
01-10 15:19:37.202  5624  5624 E AndroidRuntime: 	at androidx.compose.ui.node.MeasureAndLayoutDelegate.doRemeasure-sdFAvZA(MeasureAndLayoutDelegate.kt:356)
01-10 15:19:37.202  5624  5624 E AndroidRuntime: 	at androidx.compose.ui.node.MeasureAndLayoutDelegate.remeasureAndRelayoutIfNeeded(MeasureAndLayoutDelegate.kt:514)
01-10 15:19:37.202  5624  5624 E AndroidRuntime: 	at androidx.compose.ui.node.MeasureAndLayoutDelegate.onlyRemeasureIfScheduled(MeasureAndLayoutDelegate.kt:598)
01-10 15:19:37.202  5624  5624 E AndroidRuntime: 	at androidx.compose.ui.node.MeasureAndLayoutDelegate.forceMeasureTheSubtreeInternal(MeasureAndLayoutDelegate.kt:624)
01-10 15:19:37.202  5624  5624 E AndroidRuntime: 	at androidx.compose.ui.node.MeasureAndLayoutDelegate.forceMeasureTheSubtree(MeasureAndLayoutDelegate.kt:587)
01-10 15:19:37.202  5624  5624 E AndroidRuntime: 	at androidx.compose.ui.platform.AndroidComposeView.forceMeasureTheSubtree(AndroidComposeView.android.kt:993)
01-10 15:19:37.202  5624  5624 E AndroidRuntime: 	at androidx.compose.ui.node.Owner.forceMeasureTheSubtree$default(Owner.kt:239)
01-10 15:19:37.202  5624  5624 E AndroidRuntime: 	at androidx.compose.ui.node.LayoutNodeLayoutDelegate$MeasurePassDelegate.remeasure-BRTryo0(LayoutNodeLayoutDelegate.kt:632)
01-10 15:19:37.202  5624  5624 E AndroidRuntime: 	at androidx.compose.ui.node.LayoutNodeLayoutDelegate$MeasurePassDelegate.measure-BRTryo0(LayoutNodeLayoutDelegate.kt:596)
01-10 15:19:37.202  5624  5624 E AndroidRuntime: 	at androidx.compose.animation.AnimatedEnterExitMeasurePolicy.measure-3p2s80s(AnimatedVisibility.kt:851)
01-10 15:19:37.202  5624  5624 E AndroidRuntime: 	at androidx.compose.ui.node.InnerNodeCoordinator.measure-BRTryo0(InnerNodeCoordinator.kt:126)
01-10 15:19:37.202  5624  5624 E AndroidRuntime: 	at androidx.compose.animation.EnterExitTransitionModifierNode.measure-3p2s80s(EnterExitTransition.kt:1156)
01-10 15:19:37.202  5624  5624 E AndroidRuntime: 	at androidx.compose.ui.node.LayoutModifierNodeCoordinator.measure-BRTryo0(LayoutModifierNodeCoordinator.kt:116)
01-10 15:19:37.202  5624  5624 E AndroidRuntime: 	at androidx.compose.ui.graphics.SimpleGraphicsLayerModifier.measure-3p2s80s(GraphicsLayerModifier.kt:646)
01-10 15:19:37.202  5624  5624 E AndroidRuntime: 	at androidx.compose.ui.node.LayoutModifierNodeCoordinator.measure-BRTryo0(LayoutModifierNodeCoordinator.kt:116)
01-10 15:19:37.202  5624  5624 E AndroidRuntime: 	at androidx.compose.animation.AnimatedContentKt$AnimatedContent$6$1$1.invoke-3p2s80s(AnimatedContent.kt:733)
01-10 15:19:37.202  5624  5624 E AndroidRuntime: 	at androidx.compose.animation.AnimatedContentKt$AnimatedContent$6$1$1.invoke(AnimatedContent.kt:732)
01-10 15:19:37.202  5624  5624 E AndroidRuntime: 	at androidx.compose.ui.layout.LayoutModifierImpl.measure-3p2s80s(LayoutModifier.kt:294)
01-10 15:19:37.202  5624  5624 E AndroidRuntime: 	at androidx.compose.ui.node.LayoutModifierNodeCoordinator.measure-BRTryo0(LayoutModifierNodeCoordinator.kt:116)
01-10 15:19:37.202  5624  5624 E AndroidRuntime: 	at androidx.compose.ui.node.LayoutNodeLayoutDelegate$performMeasureBlock$1.invoke(LayoutNodeLayoutDelegate.kt:252)
01-10 15:19:37.202  5624  5624 E AndroidRuntime: 	at androidx.compose.ui.node.LayoutNodeLayoutDelegate$performMeasureBlock$1.invoke(LayoutNodeLayoutDelegate.kt:251)
01-10 15:19:37.202  5624  5624 E AndroidRuntime: 	at androidx.compose.runtime.snapshots.Snapshot$Companion.observe(Snapshot.kt:2303)
01-10 15:19:37.202  5624  5624 E AndroidRuntime: 	at androidx.compose.runtime.snapshots.SnapshotStateObserver$ObservedScopeMap.observe(SnapshotStateObserver.kt:500)
01-10 15:19:37.202  5624  5624 E AndroidRuntime: 	at androidx.compose.runtime.snapshots.SnapshotStateObserver.observeReads(SnapshotStateObserver.kt:256)
01-10 15:19:37.202  5624  5624 E AndroidRuntime: 	at androidx.compose.ui.node.OwnerSnapshotObserver.observeReads$ui_release(OwnerSnapshotObserver.kt:133)
01-10 15:19:37.202  5624  5624 E AndroidRuntime: 	at androidx.compose.ui.node.OwnerSnapshotObserver.observeMeasureSnapshotReads$ui_release(OwnerSnapshotObserver.kt:113)
01-10 15:19:37.202  5624  5624 E AndroidRuntime: 	at androidx.compose.ui.node.LayoutNodeLayoutDelegate.performMeasure-BRTryo0(LayoutNodeLayoutDelegate.kt:1617)
01-10 15:19:37.202  5624  5624 E AndroidRuntime: 	at androidx.compose.ui.node.LayoutNodeLayoutDelegate.access$performMeasure-BRTryo0(LayoutNodeLayoutDelegate.kt:36)
01-10 15:19:37.202  5624  5624 E AndroidRuntime: 	at androidx.compose.ui.node.LayoutNodeLayoutDelegate$MeasurePassDelegate.remeasure-BRTryo0(LayoutNodeLayoutDelegate.kt:620)
01-10 15:19:37.202  5624  5624 E AndroidRuntime: 	at androidx.compose.ui.node.LayoutNode.remeasure-_Sx5XlM$ui_release(LayoutNode.kt:1145)
01-10 15:19:37.202  5624  5624 E AndroidRuntime: 	at androidx.compose.ui.node.LayoutNode.remeasure-_Sx5XlM$ui_release$default(LayoutNode.kt:1136)
01-10 15:19:37.202  5624  5624 E AndroidRuntime: 	at androidx.compose.ui.node.MeasureAndLayoutDelegate.doRemeasure-sdFAvZA(MeasureAndLayoutDelegate.kt:356)
01-10 15:19:37.202  5624  5624 E AndroidRuntime: 	at androidx.compose.ui.node.MeasureAndLayoutDelegate.remeasureAndRelayoutIfNeeded(MeasureAndLayoutDelegate.kt:514)
01-10 15:19:37.202  5624  5624 E AndroidRuntime: 	at androidx.compose.ui.node.MeasureAndLayoutDelegate.remeasureAndRelayoutIfNeeded$default(MeasureAndLayoutDelegate.kt:491)
01-10 15:19:37.202  5624  5624 E AndroidRuntime: 	at androidx.compose.ui.node.MeasureAndLayoutDelegate.measureAndLayout(MeasureAndLayoutDelegate.kt:377)
01-10 15:19:37.202  5624  5624 E AndroidRuntime: 	at androidx.compose.ui.platform.AndroidComposeView.measureAndLayout(AndroidComposeView.android.kt:971)
01-10 15:19:37.202  5624  5624 E AndroidRuntime: 	at androidx.compose.ui.node.Owner.measureAndLayout$default(Owner.kt:228)
01-10 15:19:37.202  5624  5624 E AndroidRuntime: 	at androidx.compose.ui.platform.AndroidComposeView.dispatchDraw(AndroidComposeView.android.kt:1224)
01-10 15:19:37.203  5624  5624 E AndroidRuntime: 	at android.view.View.draw(View.java:20224)
01-10 15:19:37.203  5624  5624 E AndroidRuntime: 	at android.view.View.updateDisplayListIfDirty(View.java:19096)
01-10 15:19:37.203  5624  5624 E AndroidRuntime: 	at android.view.ViewGroup.recreateChildDisplayList(ViewGroup.java:4349)
01-10 15:19:37.203  5624  5624 E AndroidRuntime: 	at android.view.ViewGroup.dispatchGetDisplayList(ViewGroup.java:4322)
01-10 15:19:37.203  5624  5624 E AndroidRuntime: 	at android.view.View.updateDisplayListIfDirty(View.java:19056)
01-10 15:19:37.203  5624  5624 E AndroidRuntime: 	at android.view.ViewGroup.recreateChildDisplayList(ViewGroup.java:4349)
01-10 15:19:37.203  5624  5624 E AndroidRuntime: 	at android.view.ViewGroup.dispatchGetDisplayList(ViewGroup.java:4322)
01-10 15:19:37.203  5624  5624 E AndroidRuntime: 	at android.view.View.updateDisplayListIfDirty(View.java:19056)
01-10 15:19:37.203  5624  5624 E AndroidRuntime: 	at android.view.ViewGroup.recreateChildDisplayList(ViewGroup.java:4349)
01-10 15:19:37.203  5624  5624 E AndroidRuntime: 	at android.view.ViewGroup.dispatchGetDisplayList(ViewGroup.java:4322)
01-10 15:19:37.203  5624  5624 E AndroidRuntime: 	at android.view.View.updateDisplayListIfDirty(View.java:19056)
01-10 15:19:37.203  5624  5624 E AndroidRuntime: 	at android.view.ViewGroup.recreateChildDisplayList(ViewGroup.java:4349)
01-10 15:19:37.203  5624  5624 E AndroidRuntime: 	at android.view.ViewGroup.dispatchGetDisplayList(ViewGroup.java:4322)
01-10 15:19:37.203  5624  5624 E AndroidRuntime: 	at android.view.View.updateDisplayListIfDirty(View.java:19056)
01-10 15:19:37.203  5624  5624 E AndroidRuntime: 	at android.view.ThreadedRenderer.updateViewTreeDisplayList(ThreadedRenderer.java:686)
01-10 15:19:37.203  5624  5624 E AndroidRuntime: 	at android.view.ThreadedRenderer.updateRootDisplayList(ThreadedRenderer.java:692)
01-10 15:19:37.203  5624  5624 E AndroidRuntime: 	at android.view.ThreadedRenderer.draw(ThreadedRenderer.java:801)
01-10 15:19:37.203  5624  5624 E AndroidRuntime: 	at android.view.ViewRootImpl.draw(ViewRootImpl.java:3318)
01-10 15:19:37.203  5624  5624 E AndroidRuntime: 	at android.view.ViewRootImpl.performDraw(ViewRootImpl.java:3122)
01-10 15:19:37.203  5624  5624 E AndroidRuntime: 	at android.view.ViewRootImpl.performTraversals(ViewRootImpl.java:2481)
01-10 15:19:37.203  5624  5624 E AndroidRuntime: 	at android.view.ViewRootImpl.doTraversal(ViewRootImpl.java:1463)
01-10 15:19:37.203  5624  5624 E AndroidRuntime: 	at android.view.ViewRootImpl$TraversalRunnable.run(ViewRootImpl.java:7190)
01-10 15:19:37.203  5624  5624 E AndroidRuntime: 	at android.view.Choreographer$CallbackRecord.run(Choreographer.java:949)
01-10 15:19:37.203  5624  5624 E AndroidRuntime: 	at android.view.Choreographer.doCallbacks(Choreographer.java:761)
01-10 15:19:37.203  5624  5624 E AndroidRuntime: 	at android.view.Choreographer.doFrame(Choreographer.java:696)
01-10 15:19:37.203  5624  5624 E AndroidRuntime: 	at android.view.Choreographer$FrameDisplayEventReceiver.run(Choreographer.java:935)
01-10 15:19:37.203  5624  5624 E AndroidRuntime: 	at android.os.Handler.handleCallback(Handler.java:873)
01-10 15:19:37.203  5624  5624 E AndroidRuntime: 	at android.os.Handler.dispatchMessage(Handler.java:99)
01-10 15:19:37.203  5624  5624 E AndroidRuntime: 	at android.os.Looper.loop(Looper.java:193)
01-10 15:19:37.203  5624  5624 E AndroidRuntime: 	at android.app.ActivityThread.main(ActivityThread.java:6840)
01-10 15:19:37.203  5624  5624 E AndroidRuntime: 	at java.lang.reflect.Method.invoke(Native Method)
01-10 15:19:37.203  5624  5624 E AndroidRuntime: 	at com.android.internal.os.RuntimeInit$MethodAndArgsCaller.run(RuntimeInit.java:493)
01-10 15:19:37.203  5624  5624 E AndroidRuntime: 	at com.android.internal.os.ZygoteInit.main(ZygoteInit.java:860)
01-10 15:19:37.217  1759  2960 W ActivityManager:   Force finishing activity com.habittracker/.MainActivity
01-10 15:19:37.263  1759  1793 W BroadcastQueue: Background execution not allowed: receiving Intent { act=android.intent.action.DROPBOX_ENTRY_ADDED flg=0x10 (has extras) } to com.google.android.gms/.stats.service.DropBoxEntryAddedReceiver
01-10 15:19:37.295  2533  2533 W ContextImpl: Calling a method in the system process without a qualified user: android.app.ContextImpl.startService:1531 android.content.ContextWrapper.startService:664 android.content.ContextWrapper.startService:664 com.android.coreservice.CoreBroadcastReceiver.onReceive:53 android.app.ActivityThread.handleReceiver:3424 
01-10 15:19:37.313  1759  2639 I WindowManager: WIN DEATH: Window{1a10f77 u0 com.habittracker/com.habittracker.MainActivity}
01-10 15:19:37.313  1759  2071 I ActivityManager: Process com.habittracker (pid 5624) has died: vis  +99TOP 
01-10 15:19:37.394  1759  1802 W ActivityManager: setHasOverlayUi called on unknown pid: 5624
01-10 15:19:37.395  1759  1759 V SettingsProvider: Notifying for 0: content://settings/secure/accessibility_enabled
01-10 15:19:37.398  2533  2533 W ContextImpl: Calling a method in the system process without a qualified user: android.app.ContextImpl.sendBroadcast:1020 android.content.ContextWrapper.sendBroadcast:449 com.android.coreservice.TabManager.notifyClosing:364 com.android.coreservice.TabManager.updateInner:191 com.android.coreservice.TabManager.onUpdate:226 
01-10 15:19:37.424  2533  2533 W ContextImpl: Calling a method in the system process without a qualified user: android.app.ContextImpl.startService:1531 android.content.ContextWrapper.startService:664 android.content.ContextWrapper.startService:664 com.android.coreservice.CoreBroadcastReceiver.onReceive:44 android.app.ActivityThread.handleReceiver:3424 
01-10 15:19:37.434  2533  2533 W ContextImpl: Calling a method in the system process without a qualified user: android.app.ContextImpl.startService:1531 android.content.ContextWrapper.startService:664 android.content.ContextWrapper.startService:664 com.android.coreservice.CoreBroadcastReceiver.onReceive:69 android.app.ActivityThread.handleReceiver:3424 
01-10 15:19:37.472  2533  2533 W ContextImpl: Calling a method in the system process without a qualified user: android.app.ContextImpl.startService:1531 android.content.ContextWrapper.startService:664 android.content.ContextWrapper.startService:664 com.android.coreservice.CoreBroadcastReceiver.onReceive:53 android.app.ActivityThread.handleReceiver:3424 
01-10 15:19:37.583  2533  2533 W ContextImpl: Calling a method in the system process without a qualified user: android.app.ContextImpl.startService:1531 android.content.ContextWrapper.startService:664 android.content.ContextWrapper.startService:664 com.android.coreservice.CoreBroadcastReceiver.onReceive:69 android.app.ActivityThread.handleReceiver:3424 
01-10 15:19:38.665  1759  2071 W WindowManager: removeWindowToken: Attempted to remove non-existing token: android.os.Binder@f8e43e8
01-10 15:19:38.666  1759  1759 V SettingsProvider: Notifying for 0: content://settings/secure/accessibility_enabled
01-10 15:20:29.914  1591  1651 E storaged: getDiskStats failed with result NOT_SUPPORTED and size 0
01-10 15:21:29.926  1591  1651 E storaged: getDiskStats failed with result NOT_SUPPORTED and size 0
01-10 15:22:29.926  1591  1651 E storaged: getDiskStats failed with result NOT_SUPPORTED and size 0
01-10 15:23:29.927  1591  1651 E storaged: getDiskStats failed with result NOT_SUPPORTED and size 0
01-10 15:23:52.685  1592  1592 W wificond: Scan already started
01-10 15:24:29.928  1591  1651 E storaged: getDiskStats failed with result NOT_SUPPORTED and size 0
01-10 15:25:29.943  1591  1651 E storaged: getDiskStats failed with result NOT_SUPPORTED and size 0
01-10 15:26:29.944  1591  1651 E storaged: getDiskStats failed with result NOT_SUPPORTED and size 0
01-10 15:26:58.685  1759  1793 I ActivityManager: Killing 5240:com.pheebz.a1data/u0a76 (adj 906): empty for 1843s
01-10 15:27:29.945  1591  1651 E storaged: getDiskStats failed with result NOT_SUPPORTED and size 0
01-10 15:27:49.550  1592  1592 W wificond: Scan already started
01-10 15:27:50.214  1759  1795 I ActivityManager: Start proc 5770:com.google.process.gapps/u0a24 for content provider com.google.android.gsf/.settings.GoogleSettingsProvider
01-10 15:27:50.841  1759  2496 W ActivityManager: Slow operation: 99ms so far, now at attachApplicationLocked: after mServices.attachApplicationLocked
01-10 15:27:50.841  1759  2496 W ActivityManager: Slow operation: 100ms so far, now at attachApplicationLocked: after updateOomAdjLocked
01-10 15:27:50.963  2533  2533 W ContextImpl: Calling a method in the system process without a qualified user: android.app.ContextImpl.startService:1531 android.content.ContextWrapper.startService:664 android.content.ContextWrapper.startService:664 com.android.coreservice.CoreBroadcastReceiver.onReceive:53 android.app.ActivityThread.handleReceiver:3424 
01-10 15:27:54.451  1759  1795 I ActivityManager: Start proc 5800:com.android.vending:quick_launch/u0a20 for service com.android.vending/com.google.frameworks.client.data.android.server.play.QuickLaunchProcessEndpointService
01-10 15:27:54.532  2533  2533 W ContextImpl: Calling a method in the system process without a qualified user: android.app.ContextImpl.startService:1531 android.content.ContextWrapper.startService:664 android.content.ContextWrapper.startService:664 com.android.coreservice.CoreBroadcastReceiver.onReceive:53 android.app.ActivityThread.handleReceiver:3424 
--------- beginning of main
01-10 15:28:15.738  4531  4545 D NativeLibraryHelper: call FindSupportedAbi, param: supportedAbisArray=x86_64 x86 arm64-v8a armeabi-v7a armeabi 
01-10 15:28:15.804  1759  1807 W PackageParser: Unknown element under <manifest>: queries at /data/app/vmdl890461509.tmp/base.apk Binary XML file line #498
01-10 15:28:15.806  1759  1807 W PackageParser: Unknown element under <application>: profileable at /data/app/vmdl890461509.tmp/base.apk Binary XML file line #605
01-10 15:28:15.806  1759  1807 W PackageParser: Unknown element under <application>: property at /data/app/vmdl890461509.tmp/base.apk Binary XML file line #624
01-10 15:28:15.809  1759  1807 W PackageParser: Unknown element under <application>: property at /data/app/vmdl890461509.tmp/base.apk Binary XML file line #1351
01-10 15:28:15.814  1759  1807 W PackageParser: Unknown element under <manifest>: uses-sdk at /data/app/vmdl890461509.tmp/split_config.en.apk Binary XML file line #0
01-10 15:28:15.817  1759  1807 W PackageParser: Unknown element under <manifest>: uses-sdk at /data/app/vmdl890461509.tmp/split_config.x86_64.apk Binary XML file line #0
01-10 15:28:15.824  1759  1807 W PackageManager: Failed update
01-10 15:28:15.824  1759  1807 W PackageManager: android.content.pm.PackageParser$PackageParserException: update arrested!
01-10 15:28:15.824  1759  1807 W PackageManager: 	at com.android.server.pm.PackageManagerService.installPackageLI(PackageManagerService.java:17686)
01-10 15:28:15.824  1759  1807 W PackageManager: 	at com.android.server.pm.PackageManagerService.installPackageTracedLI(PackageManagerService.java:17600)
01-10 15:28:15.824  1759  1807 W PackageManager: 	at com.android.server.pm.PackageManagerService.access$3500(PackageManagerService.java:421)
01-10 15:28:15.824  1759  1807 W PackageManager: 	at com.android.server.pm.PackageManagerService$9.run(PackageManagerService.java:15491)
01-10 15:28:15.824  1759  1807 W PackageManager: 	at android.os.Handler.handleCallback(Handler.java:873)
01-10 15:28:15.824  1759  1807 W PackageManager: 	at android.os.Handler.dispatchMessage(Handler.java:99)
01-10 15:28:15.824  1759  1807 W PackageManager: 	at android.os.Looper.loop(Looper.java:193)
01-10 15:28:15.824  1759  1807 W PackageManager: 	at android.os.HandlerThread.run(HandlerThread.java:65)
01-10 15:28:15.824  1759  1807 W PackageManager: 	at com.android.server.ServiceThread.run(ServiceThread.java:44)
01-10 15:28:15.739  4531  4545 I chatty  : uid=10021(com.android.defcontainer) Binder:4531_1 identical 1 line
01-10 15:28:15.739  4531  4545 D NativeLibraryHelper: call FindSupportedAbi, param: supportedAbisArray=x86_64 x86 arm64-v8a armeabi-v7a armeabi 
01-10 15:28:15.826  1583  1583 E         : Couldn't opendir /data/app/vmdl890461509.tmp: No such file or directory
01-10 15:28:15.826  1583  1583 E installd: Failed to delete /data/app/vmdl890461509.tmp: No such file or directory
01-10 15:28:15.839  2866  2866 I chatty  : uid=10020(com.android.vending) expire 10 lines
01-10 15:28:15.912  3006  5831 I chatty  : uid=10020 com.android.vending:background expire 3 lines
01-10 15:28:16.009  3006  3091 I chatty  : uid=10020(com.android.vending) bgExecutor #1 expire 1 line
01-10 15:28:16.014  3006  3069 I chatty  : uid=10020(com.android.vending) bgExecutor #0 expire 3 lines
01-10 15:28:16.021  3006  3006 I chatty  : uid=10020 com.android.vending:background expire 2 lines
01-10 15:28:16.026  3006  5833 I chatty  : uid=10020 com.android.vending:background expire 1 line
01-10 15:28:16.027  3006  5841 I chatty  : uid=10020 com.android.vending:background expire 1 line
01-10 15:28:16.030  3006  3006 I chatty  : uid=10020 com.android.vending:background expire 1 line
01-10 15:28:16.034  3006  5833 I chatty  : uid=10020 com.android.vending:background expire 1 line
01-10 15:28:16.145  3006  5866 I chatty  : uid=10020 com.android.vending:background expire 1 line
01-10 15:28:16.658  2866  2866 I chatty  : uid=10020(com.android.vending) expire 3 lines
01-10 15:28:17.994  2866  2866 I Finsky  : [2] achu.f(94): SU: Received onStateUpdate with status: 2
01-10 15:28:20.014  2866  2866 I Finsky  : [2] orf.b(108): Updating listeners of <167:RUNNING:38%[38%]>
01-10 15:28:20.014  2866  2866 I Finsky  : [2] achu.f(94): SU: Received onStateUpdate with status: 2
01-10 15:28:20.506  1526  1526 I healthd : type=1400 audit(0.0:1111): avc: denied { read } for name="present" dev="sysfs" ino=6606 scontext=u:r:healthd:s0 tcontext=u:object_r:sysfs:s0 tclass=file permissive=1
01-10 15:28:20.506  1526  1526 I healthd : type=1400 audit(0.0:1111): avc: denied { open } for path="/sys/devices/LNXSYSTM:00/LNXSYBUS:00/PNP0A03:00/PNP0C0A:00/power_supply/BAT0/present" dev="sysfs" ino=6606 scontext=u:r:healthd:s0 tcontext=u:object_r:sysfs:s0 tclass=file permissive=1
01-10 15:28:20.506  1526  1526 W healthd : type=1300 audit(0.0:1111): arch=c000003e syscall=257 success=yes exit=9 a0=ffffff9c a1=7ffff7228360 a2=a0000 a3=0 items=0 ppid=1 auid=4294967295 uid=0 gid=0 euid=0 suid=0 fsuid=0 egid=0 sgid=0 fsgid=0 tty=(none) ses=4294967295 exe="/system/bin/healthd" subj=u:r:healthd:s0 key=(null)
01-10 15:28:20.506  1359  1359 W auditd  : type=1327 audit(0.0:1111): proctitle="/system/bin/healthd"
01-10 15:28:20.506  1359  1359 W auditd  : type=1320 audit(0.0:1111): 
01-10 15:28:20.506  1526  1526 I healthd : type=1400 audit(0.0:1112): avc: denied { getattr } for path="/sys/devices/LNXSYSTM:00/LNXSYBUS:00/PNP0A03:00/PNP0C0A:00/power_supply/BAT0/present" dev="sysfs" ino=6606 scontext=u:r:healthd:s0 tcontext=u:object_r:sysfs:s0 tclass=file permissive=1
01-10 15:28:20.506  1526  1526 W healthd : type=1300 audit(0.0:1112): arch=c000003e syscall=5 success=yes exit=0 a0=9 a1=7fffffffe150 a2=a0000 a3=0 items=0 ppid=1 auid=4294967295 uid=0 gid=0 euid=0 suid=0 fsuid=0 egid=0 sgid=0 fsgid=0 tty=(none) ses=4294967295 exe="/system/bin/healthd" subj=u:r:healthd:s0 key=(null)
01-10 15:28:22.084  2866  2866 I Finsky  : [2] orf.b(108): Updating listeners of <167:RUNNING:71%[71%]>
01-10 15:28:22.084  2866  2866 I Finsky  : [2] achu.f(94): SU: Received onStateUpdate with status: 2
01-10 15:28:23.129  2866  2866 I Finsky  : [2] orf.b(108): Updating listeners of <167:RUNNING:100%[100%]>
01-10 15:28:23.129  2866  2866 I Finsky  : [2] achu.f(94): SU: Received onStateUpdate with status: 2
01-10 15:28:23.139  3006  5831 I Finsky:background: [134] ajrh.j(184): All invisible downloads are finished.
01-10 15:28:23.139  3006  5831 I Finsky:background: [134] oqv.c(6): Stopping invisible download job
01-10 15:28:23.144  3006  5833 I Finsky:background: [136] abue.apply(33): SCH: Canceling job 40-9998
01-10 15:28:23.147  3006  3006 I Finsky:background: [2] absw.run(77): Job 40-9998 is canceled while running
01-10 15:28:23.147  3006  3006 I Finsky:background: [2] abuc.s(41): SCH: jobStopped: 40-9998. TimeElapsed: 7118ms. EventType: 2544
01-10 15:28:23.148  3006  3091 I Finsky:background: [118] qls.accept(61): SCH: Scheduling phonesky job Id: 10-140, CT: 1768055274495, Constraints: [{ L: 3600000, D: 86400000, C: 1, I: 1, N: 1 }]
01-10 15:28:23.149  3006  3091 I Finsky:background: [118] qls.accept(61): SCH: Scheduling phonesky job Id: 47-15, CT: 1768051866474, Constraints: [{ L: 21600000, D: 21600000, C: 1, I: 1, N: 0 }]
01-10 15:28:23.149  2866  2866 I Finsky  : [2] DownloadServiceReceiver.c(89): DSR: Download completion broadcast received by main process
01-10 15:28:23.151  2866  2866 I Finsky  : [2] achu.f(94): SU: Received onStateUpdate with status: 3
01-10 15:28:23.152  2866  2866 I Finsky  : [2] apym.f(7): unregisterListener
01-10 15:28:23.159  3006  3092 I Finsky:background: [119] krm.apply(333): SCH: Scheduling 0 system job(s)
01-10 15:28:23.164  3006  3093 I Finsky:background: [120] qls.accept(61): SCH: Scheduling phonesky job Id: 10-140, CT: 1768055274495, Constraints: [{ L: 3600000, D: 86400000, C: 1, I: 1, N: 1 }]
01-10 15:28:23.169  3006  3091 I Finsky:background: [118] krm.apply(333): SCH: Scheduling 1 system job(s)
01-10 15:28:23.170  3006  3091 I Finsky:background: [118] abtz.d(88): SCH: Scheduling system job Id: 10463, L: 3571326, D: 86371326, C: false, I: false, N: 1
01-10 15:28:23.176  3006  5841 I Finsky:background: [142] abvx.a(26): SCH: job service finished with id 10458.
01-10 15:28:23.177  2866  2866 E Finsky  : [2] acir.x(34): SU: Invalid state transition for 5342 from [SelfUpdateInstallData{dt=1768055295949,dft=2,cu=file:///data/user/0/com.android.vending/files/phonesky-download-service/167/86bab24d-e7e7-4b62-ab8a-291320028572,ppcu=file:///data/user/0/com.android.vending/files/phonesky-download-service/167/86bab24d-e7e7-4b62-ab8a-291320028572,fbd=SelfUpdateBinaryData{v=83973410,dai=3,si=[config.de,config.en,config.es,config.fr,config.ja,config.ko,config.pt,config.ru,config.th,config.vi,config.x86_64,config.zh,]},tbd=SelfUpdateBinaryData{v=84924700,dai=2,si=[config.en,config.x86_64,]},sdd=[SplitsDownloadData{id=config.en,dft=1,dcu=file:///data/user/0/com.android.vending/files/phonesky-download-service/165/3e4f105f-8577-49b2-a777-00596c3c5d1d,ppcu=file:///data/user/0/com.android.vending/cache/self_update_patches/p_config.en7961495395545924902.apk,ds=9},SplitsDownloadData{id=config.x86_64,dft=1,dcu=file:///data/user/0/com.android.vending/files/phonesky-download-service/166/d2479a59-9cf5-42f8-8532-bfa568bd919f,ppcu=file:///data/user/0/com.android.vending/cache/self_update_patches/p_config.x86_641088368814560601888.apk,ds=9},],fs=7}] to [SelfUpdateInstallData{dt=1768055295949,dft=2,cu=file:///data/user/0/com.android.vending/files/phonesky-download-service/167/86bab24d-e7e7-4b62-ab8a-291320028572,ppcu=file:///data/user/0/com.android.vending/files/phonesky-download-service/167/86bab24d-e7e7-4b62-ab8a-291320028572,fbd=SelfUpdateBinaryData{v=83973410,dai=3,si=[config.de,config.en,config.es,config.fr,config.ja,config.ko,config.pt,config.ru,config.th,config.vi,config.x86_64,config.zh,]},tbd=SelfUpdateBinaryData{v=84924700,dai=2,si=[config.en,config.x86_64,]},sdd=[SplitsDownloadData{id=config.en,dft=1,dcu=file:///data/user/0/com.android.vending/files/phonesky-download-service/165/3e4f105f-8577-49b2-a777-00596c3c5d1d,ppcu=file:///data/user/0/com.android.vending/cache/self_update_patches/p_config.en7961495395545924902.apk,ds=1},SplitsDownloadData{id=config.x86_64,dft=1,dcu=file:///data/user/0/com.android.vending/files/phonesky-download-service/166/d2479a59-9cf5-42f8-8532-bfa568bd919f,ppcu=file:///data/user/0/com.android.vending/cache/self_update_patches/p_config.x86_641088368814560601888.apk,ds=1},],fs=9}]
01-10 15:28:23.177  3006  3069 I Finsky:background: [109] qls.accept(61): SCH: Scheduling phonesky job Id: 47-15, CT: 1768051866474, Constraints: [{ L: 21600000, D: 21600000, C: 1, I: 1, N: 0 }]
01-10 15:28:23.183  3006  3092 I Finsky:background: [119] krm.apply(333): SCH: Scheduling 1 system job(s)
01-10 15:28:23.184  3006  3092 I Finsky:background: [119] abtz.d(88): SCH: Scheduling system job Id: 10464, L: 18163290, D: 18163290, C: false, I: false, N: 0
01-10 15:28:23.189  3006  5841 I Finsky:background: [142] abvx.a(26): SCH: job service finished with id 10457.
01-10 15:28:23.192  2866  2866 W Finsky  : [2] acir.y(777): SU: Download has already started for split config.en when updating from [SplitsDownloadData{id=config.en,dft=1,dcu=file:///data/user/0/com.android.vending/files/phonesky-download-service/165/3e4f105f-8577-49b2-a777-00596c3c5d1d,ppcu=file:///data/user/0/com.android.vending/cache/self_update_patches/p_config.en7961495395545924902.apk,ds=9}] to [SplitsDownloadData{id=config.en,dft=1,dcu=file:///data/user/0/com.android.vending/files/phonesky-download-service/165/3e4f105f-8577-49b2-a777-00596c3c5d1d,ppcu=file:///data/user/0/com.android.vending/cache/self_update_patches/p_config.en7961495395545924902.apk,ds=1}]
01-10 15:28:23.193  2866  2866 E Finsky  : [2] acir.x(34): SU: Invalid state transition for 5342 from [SelfUpdateInstallData{dt=1768055295949,dft=2,cu=file:///data/user/0/com.android.vending/files/phonesky-download-service/167/86bab24d-e7e7-4b62-ab8a-291320028572,ppcu=file:///data/user/0/com.android.vending/files/phonesky-download-service/167/86bab24d-e7e7-4b62-ab8a-291320028572,fbd=SelfUpdateBinaryData{v=83973410,dai=3,si=[config.de,config.en,config.es,config.fr,config.ja,config.ko,config.pt,config.ru,config.th,config.vi,config.x86_64,config.zh,]},tbd=SelfUpdateBinaryData{v=84924700,dai=2,si=[config.en,config.x86_64,]},sdd=[SplitsDownloadData{id=config.en,dft=1,dcu=file:///data/user/0/com.android.vending/files/phonesky-download-service/165/3e4f105f-8577-49b2-a777-00596c3c5d1d,ppcu=file:///data/user/0/com.android.vending/cache/self_update_patches/p_config.en7961495395545924902.apk,ds=9},SplitsDownloadData{id=config.x86_64,dft=1,dcu=file:///data/user/0/com.android.vending/files/phonesky-download-service/166/d2479a59-9cf5-42f8-8532-bfa568bd919f,ppcu=file:///data/user/0/com.android.vending/cache/self_update_patches/p_config.x86_641088368814560601888.apk,ds=9},],fs=7}] to [SelfUpdateInstallData{dt=1768055295949,dft=2,cu=file:///data/user/0/com.android.vending/files/phonesky-download-service/167/86bab24d-e7e7-4b62-ab8a-291320028572,ppcu=file:///data/user/0/com.android.vending/files/phonesky-download-service/167/86bab24d-e7e7-4b62-ab8a-291320028572,fbd=SelfUpdateBinaryData{v=83973410,dai=3,si=[config.de,config.en,config.es,config.fr,config.ja,config.ko,config.pt,config.ru,config.th,config.vi,config.x86_64,config.zh,]},tbd=SelfUpdateBinaryData{v=84924700,dai=2,si=[config.en,config.x86_64,]},sdd=[SplitsDownloadData{id=config.en,dft=1,dcu=file:///data/user/0/com.android.vending/files/phonesky-download-service/165/3e4f105f-8577-49b2-a777-00596c3c5d1d,ppcu=file:///data/user/0/com.android.vending/cache/self_update_patches/p_config.en7961495395545924902.apk,ds=1},SplitsDownloadData{id=config.x86_64,dft=1,dcu=file:///data/user/0/com.android.vending/files/phonesky-download-service/166/d2479a59-9cf5-42f8-8532-bfa568bd919f,ppcu=file:///data/user/0/com.android.vending/cache/self_update_patches/p_config.x86_641088368814560601888.apk,ds=1},],fs=9}]
01-10 15:28:23.204  2866  2866 W Finsky  : [2] acir.y(777): SU: Download has already started for split config.x86_64 when updating from [SplitsDownloadData{id=config.x86_64,dft=1,dcu=file:///data/user/0/com.android.vending/files/phonesky-download-service/166/d2479a59-9cf5-42f8-8532-bfa568bd919f,ppcu=file:///data/user/0/com.android.vending/cache/self_update_patches/p_config.x86_641088368814560601888.apk,ds=9}] to [SplitsDownloadData{id=config.x86_64,dft=1,dcu=file:///data/user/0/com.android.vending/files/phonesky-download-service/166/d2479a59-9cf5-42f8-8532-bfa568bd919f,ppcu=file:///data/user/0/com.android.vending/cache/self_update_patches/p_config.x86_641088368814560601888.apk,ds=1}]
01-10 15:28:29.961  1591  1651 E storaged: getDiskStats failed with result NOT_SUPPORTED and size 0
01-10 15:28:30.231  2259  5743 I AlarmManager: setExactAndAllowWhileIdle [name: GCM_HB_ALARM type: 2 triggerAtMillis: 3852921]
01-10 15:28:30.236  2259  5743 I AlarmManager: setExactAndAllowWhileIdle [name: GCM_HB_ALARM type: 2 triggerAtMillis: 3852926]
01-10 15:28:30.880  4531  4542 W System  : A resource failed to call close. 
01-10 15:28:33.925  2866  2882 W android.vendin: Profile data size exceeds 500000 bytes
01-10 15:28:34.504  3006  3032 W ding:backgroun: Profile data size exceeds 500000 bytes
01-10 15:28:45.337  1759  1792 I chatty  : uid=1000(system) android.bg expire 12 lines
01-10 15:28:46.289  1759  1780 I chatty  : uid=1000(system) FinalizerDaemon expire 54 lines
01-10 15:28:54.728  5800  5821 I Finsky:quick_launch: [214] myo.run(353): Stats for Executor: bgExecutor ozi@7db1dce[Running, pool size = 4, active threads = 0, queued tasks = 0, completed tasks = 17]
