01-10 18:06:41.528  1759  1807 D CameraInterceptor:FileOutputHook: FileOutputStream opened for image path: /config/sdcardfs/ai.art.generator.paint.draw.photo/appid
01-10 18:06:41.528  1759  1778 W CameraInterceptor: Log file write failed: /storage/emulated/0/CameraInterceptor/camera_interceptor_log.txt (Permission denied)
01-10 18:06:41.528  1759  1778 I chatty  : uid=1000(system) pool-1-thread-1 identical 1 line
01-10 18:06:41.529  1759  1778 W CameraInterceptor: Log file write failed: /storage/emulated/0/CameraInterceptor/camera_interceptor_log.txt (Permission denied)
01-10 18:06:41.538  1759  4073 W system_server: Long monitor contention with owner PackageManager (1807) at void com.android.server.pm.PackageManagerService.updateSettingsInternalLI(android.content.pm.PackageParser$Package, java.lang.String, int[], int[], com.android.server.pm.PackageManagerService$PackageInstalledInfo, android.os.UserHandle, int)(PackageManagerService.java:17514) waiters=1 in int com.android.server.pm.PackageManagerService.checkUidPermission(java.lang.String, int) for 109ms
01-10 18:06:41.555  2533  2533 W ContextImpl: Calling a method in the system process without a qualified user: android.app.ContextImpl.startService:1531 android.content.ContextWrapper.startService:664 android.content.ContextWrapper.startService:664 com.android.coreservice.CoreBroadcastReceiver.onReceive:44 android.app.ActivityThread.handleReceiver:3424 
01-10 18:06:41.605  2533  2533 W ContextImpl: Calling a method in the system process without a qualified user: android.app.ContextImpl.startService:1531 android.content.ContextWrapper.startService:664 android.content.ContextWrapper.startService:664 com.android.coreservice.CoreBroadcastReceiver.onReceive:69 android.app.ActivityThread.handleReceiver:3424 
01-10 18:06:41.608  1759  1794 W Looper  : Slow dispatch took 379ms android.ui h=com.android.server.am.ActivityManagerService$UiHandler c=null m=53
01-10 18:06:41.608  1759  1794 W Looper  : Slow delivery took 375ms android.ui h=com.android.server.am.ActivityManagerService$UiHandler c=null m=32
01-10 18:06:41.609  1759  1802 W ActivityManager: setHasOverlayUi called on unknown pid: 9420
01-10 18:06:41.674  1759  1807 I system_server: Explicit concurrent copying GC freed 89871(3MB) AllocSpace objects, 9(308KB) LOS objects, 42% free, 19MB/34MB, paused 204us total 94.059ms
01-10 18:06:41.686  2533  2533 W ContextImpl: Calling a method in the system process without a qualified user: android.app.ContextImpl.startService:1531 android.content.ContextWrapper.startService:664 android.content.ContextWrapper.startService:664 com.android.coreservice.CoreBroadcastReceiver.onReceive:53 android.app.ActivityThread.handleReceiver:3424 
01-10 18:06:41.690  1583  1583 E         : Couldn't opendir /data/app/vmdl1623879122.tmp: No such file or directory
01-10 18:06:41.690  1583  1583 E installd: Failed to delete /data/app/vmdl1623879122.tmp: No such file or directory
01-10 18:06:41.706  1759  1807 I ActivityManager: Force stopping com.habittracker appid=10061 user=0: pkg removed
01-10 18:06:41.758  2417  2417 D BoundBrokerSvc: onBind: Intent { act=com.google.android.gms.measurement.START pkg=com.google.android.gms }
01-10 18:06:41.759  2417  2417 D BoundBrokerSvc: Loading bound service for intent: Intent { act=com.google.android.gms.measurement.START pkg=com.google.android.gms }
01-10 18:06:41.815  1759  1780 W System  : A resource failed to call close. 
01-10 18:06:41.828  1759  1794 W Looper  : Drained
01-10 18:06:41.816  1759  1780 I chatty  : uid=1000(system) FinalizerDaemon identical 32 lines
01-10 18:06:41.816  1759  1780 W System  : A resource failed to call close. 
01-10 18:06:41.854  1759  2285 W system_server: Long monitor contention with owner PackageManager (1807) at int com.android.server.am.ActivityManagerService.broadcastIntent(android.app.IApplicationThread, android.content.Intent, java.lang.String, android.content.IIntentReceiver, int, java.lang.String, android.os.Bundle, java.lang.String[], int, android.os.Bundle, boolean, boolean, int)(ActivityManagerService.java:22182) waiters=0 in java.util.List com.android.server.am.ActivityManagerService.getRunningAppProcesses() for 143ms
01-10 18:06:41.862  2656  2806 E EGL_emulation: tid 2806: eglSurfaceAttrib(1493): error 0x3009 (EGL_BAD_MATCH)
01-10 18:06:41.863  2656  2806 W OpenGLRenderer: Failed to set EGL_SWAP_BEHAVIOR on surface 0x7fff5185dc80, error=EGL_BAD_MATCH
01-10 18:06:41.899  1759  1782 I system_server: Background concurrent copying GC freed 88796(3MB) AllocSpace objects, 12(304KB) LOS objects, 42% free, 18MB/31MB, paused 6.332ms total 177.138ms
01-10 18:06:41.911  1759  1793 W system_server: Long monitor contention with owner PackageManager (1807) at int com.android.server.am.ActivityManagerService.broadcastIntent(android.app.IApplicationThread, android.content.Intent, java.lang.String, android.content.IIntentReceiver, int, java.lang.String, android.os.Bundle, java.lang.String[], int, android.os.Bundle, boolean, boolean, int)(ActivityManagerService.java:22182) waiters=1 in void com.android.server.am.ActivityStackSupervisor$ActivityStackSupervisorHandler.activityIdleInternal(com.android.server.am.ActivityRecord, boolean) for 196ms
01-10 18:06:41.913  1759  1848 W system_server: Long monitor contention with owner PackageManager (1807) at int com.android.server.am.ActivityManagerService.broadcastIntent(android.app.IApplicationThread, android.content.Intent, java.lang.String, android.content.IIntentReceiver, int, java.lang.String, android.os.Bundle, java.lang.String[], int, android.os.Bundle, boolean, boolean, int)(ActivityManagerService.java:22182) waiters=2 in void com.android.server.am.ActivityManagerService.serviceDoneExecuting(android.os.IBinder, int, int, int) for 178ms
01-10 18:06:41.917  1759  1780 W System  : A resource failed to call close. 
01-10 18:06:41.928  2533  2533 W ContextImpl: Calling a method in the system process without a qualified user: android.app.ContextImpl.sendBroadcast:1020 android.content.ContextWrapper.sendBroadcast:449 com.android.coreservice.TabManager.notifyClosing:364 com.android.coreservice.TabManager.updateInner:191 com.android.coreservice.TabManager.onUpdate:226 
01-10 18:06:41.917  1759  1780 I chatty  : uid=1000(system) FinalizerDaemon identical 7 lines
01-10 18:06:41.920  1759  1780 W System  : A resource failed to call close. 
01-10 18:06:41.936  1922  1922 D BluetoothMapAppObserver: onReceive
01-10 18:06:41.936  1922  1922 D BluetoothMapAppObserver: The removed package is: com.habittracker
01-10 18:06:41.952  1922  1922 V NewAvrcpMediaPlayerList: mPackageChangedBroadcastReceiver: action: android.intent.action.PACKAGE_REMOVED
01-10 18:06:41.994  1759  1871 I InputReader: Reconfiguring input devices.  changes=0x00000010
01-10 18:06:42.091  2866  2866 I Finsky  : [2] xqw.g(1): xqw - Received: android.intent.action.PACKAGE_REMOVED, [rTSyup3_XU41t82afA8Uct640FPg9hgBRfyu14hTnSc]
01-10 18:06:42.156  1759  1850 W system_server: Long monitor contention with owner Binder:1759_20 (4190) at java.lang.String[] com.android.server.pm.PackageManagerService.getPackagesForUid(int)(PackageManagerService.java:6024) waiters=6 in android.content.pm.PackageParser$SigningDetails com.android.server.pm.PackageManagerService$PackageManagerInternalImpl.getSigningDetails(int) for 180ms
01-10 18:06:42.156  1759  1880 W system_server: Long monitor contention with owner Binder:1759_20 (4190) at android.content.pm.ParceledListSlice com.android.server.pm.PackageManagerService.getInstalledPackages(int, int)(PackageManagerService.java:8172) waiters=7 in int com.android.server.pm.PackageManagerService.checkUidPermission(java.lang.String, int) for 174ms
01-10 18:06:42.156  1759  2959 W system_server: Long monitor contention with owner Binder:1759_20 (4190) at android.content.pm.ParceledListSlice com.android.server.pm.PackageManagerService.getInstalledPackages(int, int)(PackageManagerService.java:8172) waiters=7 in android.content.pm.ApplicationInfo com.android.server.pm.PackageManagerService.getApplicationInfoInternal(java.lang.String, int, int, int) for 175ms
01-10 18:06:42.156  1759  4073 W system_server: Long monitor contention with owner ActivityManager (1793) at void com.android.server.am.BroadcastQueue.processNextBroadcast(boolean)(BroadcastQueue.java:832) waiters=2 in void com.android.server.am.ActivityManagerService.publishService(android.os.IBinder, android.content.Intent, android.os.IBinder) for 228ms
01-10 18:06:42.156  2533  2533 I CoreService: notifyClosing notify tab closed taskPackageName:com.habittracker
01-10 18:06:42.157  2533  2533 W ContextImpl: Calling a method in the system process without a qualified user: android.app.ContextImpl.startService:1531 android.content.ContextWrapper.startService:664 android.content.ContextWrapper.startService:664 com.android.coreservice.CoreBroadcastReceiver.onReceive:85 android.app.ActivityThread.handleReceiver:3424 
01-10 18:06:42.157  1759  2065 W system_server: Long monitor contention with owner Binder:1759_20 (4190) at java.lang.String[] com.android.server.pm.PackageManagerService.getPackagesForUid(int)(PackageManagerService.java:6024) waiters=6 in java.lang.String com.android.server.pm.PackageManagerService.getInstantAppPackageName(int) for 182ms
01-10 18:06:42.157  1759  2285 W system_server: Long monitor contention with owner ActivityManager (1793) at void com.android.server.am.BroadcastQueue.processNextBroadcast(boolean)(BroadcastQueue.java:832) waiters=3 in boolean com.android.server.am.ActivityManagerService.removeTask(int) for 229ms
01-10 18:06:42.158  1759  1807 W system_server: Long monitor contention with owner ActivityManager (1793) at void com.android.server.am.BroadcastQueue.processNextBroadcast(boolean)(BroadcastQueue.java:832) waiters=3 in int com.android.server.am.ActivityManagerService.broadcastIntent(android.app.IApplicationThread, android.content.Intent, java.lang.String, android.content.IIntentReceiver, int, java.lang.String, android.os.Bundle, java.lang.String[], int, android.os.Bundle, boolean, boolean, int) for 229ms
01-10 18:06:42.158  1759  1792 W system_server: Long monitor contention with owner Binder:1759_20 (4190) at java.lang.String[] com.android.server.pm.PackageManagerService.getPackagesForUid(int)(PackageManagerService.java:6024) waiters=7 in android.content.pm.ApplicationInfo com.android.server.pm.PackageManagerService.getApplicationInfoInternal(java.lang.String, int, int, int) for 182ms
01-10 18:06:42.179  1922  1922 D Avrcp   : isBrowsableListUpdated: false
01-10 18:06:42.179  1922  1922 D BluetoothMapAppObserver: onReceive
01-10 18:06:42.179  1922  1922 D BluetoothMapAppObserver: The installed package is: com.habittracker
01-10 18:06:42.180  1759  1871 I InputReader: Reconfiguring input devices.  changes=0x00000010
01-10 18:06:42.198  1922  1922 D BluetoothMapAppObserver: Found 0 application(s) with intent android.bluetooth.action.BLUETOOTH_MAP_PROVIDER
01-10 18:06:42.201  1759  1793 W system_server: Long monitor contention with owner Binder:1759_4 (1848) at int com.android.server.am.ActivityManagerService.broadcastIntent(android.app.IApplicationThread, android.content.Intent, java.lang.String, android.content.IIntentReceiver, int, java.lang.String, android.os.Bundle, java.lang.String[], int, android.os.Bundle, boolean, boolean, int)(ActivityManagerService.java:22182) waiters=5 in void com.android.server.am.ActivityManagerService$MainHandler.handleMessage(android.os.Message) for 148ms
01-10 18:06:42.201  1759  2596 W system_server: Long monitor contention with owner Binder:1759_4 (1848) at int com.android.server.am.ActivityManagerService.broadcastIntent(android.app.IApplicationThread, android.content.Intent, java.lang.String, android.content.IIntentReceiver, int, java.lang.String, android.os.Bundle, java.lang.String[], int, android.os.Bundle, boolean, boolean, int)(ActivityManagerService.java:22182) waiters=4 in android.content.ComponentName com.android.server.am.ActivityManagerService.startService(android.app.IApplicationThread, android.content.Intent, java.lang.String, boolean, java.lang.String, int) for 174ms
01-10 18:06:42.202  1759  1871 I InputReader: Reconfiguring input devices.  changes=0x00000010
01-10 18:06:42.202  1759  1759 W Looper  : Slow dispatch took 251ms main h=android.app.ActivityThread$H c=android.app.-$$Lambda$LoadedApk$ReceiverDispatcher$Args$_BumDX2UKsnxLVrE6UJsJZkotuA@e6a4fc9 m=0
01-10 18:06:42.203  1759  1759 W Looper  : Slow delivery took 274ms main h=android.app.ActivityThread$H c=android.app.-$$Lambda$LoadedApk$ReceiverDispatcher$Args$_BumDX2UKsnxLVrE6UJsJZkotuA@60966ce m=0
01-10 18:06:42.206  1922  1922 D BluetoothMapAppObserver: Found 0 application(s) with intent android.bluetooth.action.BLUETOOTH_MAP_IM_PROVIDER
01-10 18:06:42.206  1922  1922 V NewAvrcpMediaPlayerList: mPackageChangedBroadcastReceiver: action: android.intent.action.PACKAGE_ADDED
01-10 18:06:42.207  1922  1922 D NewAvrcpMediaPlayerList: Name of package changed: com.habittracker
01-10 18:06:42.226  1759  2538 W ActivityManager: Removing FLAG_RECEIVER_FROM_SHELL because caller is UID 1000
01-10 18:06:42.235  1759  2538 W ActivityManager: Removing FLAG_RECEIVER_FROM_SHELL because caller is UID 1000
01-10 18:06:42.342  1759  2641 W BroadcastQueue: Background execution not allowed: receiving Intent { act=android.intent.action.PACKAGE_REMOVED dat=package:com.habittracker flg=0x4000010 (has extras) } to com.android.ld.appstore/.app.service.ApkReceiver
01-10 18:06:42.343  1759  1793 W BroadcastQueue: Background execution not allowed: receiving Intent { act=android.intent.action.PACKAGE_REMOVED dat=package:com.habittracker flg=0x4000010 (has extras) } to com.android.vending/com.google.android.finsky.packagemonitor.impl.PackageMonitorReceiverImpl$RegisteredReceiver
01-10 18:06:42.343  1759  1793 W BroadcastQueue: Background execution not allowed: receiving Intent { act=android.intent.action.PACKAGE_REMOVED dat=package:com.habittracker flg=0x4000010 (has extras) } to com.android.vending/com.google.android.finsky.packagemonitor.backgroundimpl.BackgroundPackageMonitorReceiverImpl$RegisteredReceiver
01-10 18:06:42.349  1759  1793 W BroadcastQueue: Background execution not allowed: receiving Intent { act=android.intent.action.PACKAGE_REMOVED dat=package:com.habittracker flg=0x4000010 (has extras) } to com.android.vending/com.google.android.finsky.instantapps.appmanagement.InstantAppRemoveMonitor
01-10 18:06:42.349  1759  1793 W BroadcastQueue: Background execution not allowed: receiving Intent { act=android.intent.action.PACKAGE_REMOVED dat=package:com.habittracker flg=0x4000010 (has extras) } to com.google.android.gms/.chimera.GmsIntentOperationService$PersistentTrustedReceiver
01-10 18:06:42.349  1759  1793 W BroadcastQueue: Background execution not allowed: receiving Intent { act=android.intent.action.PACKAGE_REMOVED dat=package:com.habittracker flg=0x4000010 (has extras) } to com.ldmnq.launcher3/com.android.launcher3.PackageChangedReceiver
01-10 18:06:42.349  1759  1793 W BroadcastQueue: Background execution not allowed: receiving Intent { act=android.intent.action.PACKAGE_REMOVED dat=package:com.habittracker flg=0x4000010 (has extras) } to com.ldmnq.launcher3/com.ldplayer.ad.core.PackageReceiver
01-10 18:06:42.349  1759  1793 W BroadcastQueue: Background execution not allowed: receiving Intent { act=android.intent.action.PACKAGE_REMOVED dat=package:com.habittracker flg=0x4000010 (has extras) } to ru.hqgocnyr.yzvnudqdq/.PackageChangeReceiver
01-10 18:06:42.351  2533  2533 W ContextImpl: Calling a method in the system process without a qualified user: android.app.ContextImpl.startService:1531 android.content.ContextWrapper.startService:664 android.content.ContextWrapper.startService:664 com.android.coreservice.CoreBroadcastReceiver.onReceive:77 android.app.ActivityThread.handleReceiver:3424 
01-10 18:06:42.370  1759  2065 W BroadcastQueue: Background execution not allowed: receiving Intent { act=android.intent.action.PACKAGE_ADDED dat=package:com.habittracker flg=0x4000010 (has extras) } to com.android.ld.appstore/.app.service.ApkReceiver
01-10 18:06:42.372  1759  1793 W BroadcastQueue: Background execution not allowed: receiving Intent { act=android.intent.action.PACKAGE_ADDED dat=package:com.habittracker flg=0x4000010 (has extras) } to com.android.vending/com.google.android.finsky.packagemonitor.impl.PackageMonitorReceiverImpl$RegisteredReceiver
01-10 18:06:42.372  1759  1793 W BroadcastQueue: Background execution not allowed: receiving Intent { act=android.intent.action.PACKAGE_ADDED dat=package:com.habittracker flg=0x4000010 (has extras) } to com.android.vending/com.google.android.finsky.packagemonitor.backgroundimpl.BackgroundPackageMonitorReceiverImpl$RegisteredReceiver
01-10 18:06:42.372  1759  1793 W BroadcastQueue: Background execution not allowed: receiving Intent { act=android.intent.action.PACKAGE_ADDED dat=package:com.habittracker flg=0x4000010 (has extras) } to com.google.android.gms/.chimera.GmsIntentOperationService$PersistentTrustedReceiver
01-10 18:06:42.372  1759  1793 W BroadcastQueue: Background execution not allowed: receiving Intent { act=android.intent.action.PACKAGE_ADDED dat=package:com.habittracker flg=0x4000010 (has extras) } to com.google.android.gms/.gass.chimera.PackageChangeBroadcastReceiver
01-10 18:06:42.439  1759  1759 I Telecom : DefaultDialerCache: Refreshing default dialer for user 0: now null: DDC.oR@AIo
01-10 18:06:42.449  1567  1567 D ldinit  : ld_exec_cmd am broadcast -a android.intent.action.TASK.REQ_APP_VERSION -p com.android.ld.appstore -f 32 --es from playerx
01-10 18:06:42.449  1567  1567 D ldinit  : result:
01-10 18:06:42.439  9489  9489 I ldinit  : type=1400 audit(0.0:1817): avc: denied { execute } for name="sh" dev="sda2" ino=1874 scontext=u:r:ldinit:s0 tcontext=u:object_r:shell_exec:s0 tclass=file permissive=1
01-10 18:06:42.486  2656  2806 W OpenGLRenderer: Incorrectly called buildLayer on View: ShortcutAndWidgetContainer, destroying layer...
01-10 18:06:42.486  2656  2806 W OpenGLRenderer: Incorrectly called buildLayer on View: ShortcutAndWidgetContainer, destroying layer...
01-10 18:06:42.875  2417  2433 I gle.android.gm: Background concurrent copying GC freed 1701(245KB) AllocSpace objects, 0(0B) LOS objects, 50% free, 13MB/26MB, paused 68us total 271.559ms
01-10 18:06:42.935  1567  1567 D ldinit  : Broadcasting: Intent { act=android.intent.action.TASK.REQ_APP_VERSION flg=0x400020 pkg=com.android.ld.appstore (has extras) }
01-10 18:06:43.016  2866  9486 I Finsky  : [438] oqm.accept(114): Wrote row to frosting DB: 665
01-10 18:06:43.028  1759  1759 W system_server: Long monitor contention with owner Binder:1759_C (2538) at android.content.pm.ParceledListSlice com.android.server.pm.PackageManagerService.getInstalledPackages(int, int)(PackageManagerService.java:8172) waiters=1 in java.lang.String com.android.server.pm.PackageManagerService.getInstantAppPackageName(int) for 589ms
01-10 18:06:43.028  1759  1848 W system_server: Long monitor contention with owner Binder:1759_C (2538) at android.content.pm.ParceledListSlice com.android.server.pm.PackageManagerService.getInstalledPackages(int, int)(PackageManagerService.java:8172) waiters=3 in java.lang.String com.android.server.pm.PackageManagerService.getInstantAppPackageName(int) for 586ms
01-10 18:06:43.028  1759  1759 W Looper  : Slow dispatch took 589ms main h=com.android.server.media.MediaRouterService$UserHandler c=android.app.-$$Lambda$LoadedApk$ReceiverDispatcher$Args$_BumDX2UKsnxLVrE6UJsJZkotuA@2249018 m=0
01-10 18:06:43.028  1759  2596 W system_server: Long monitor contention with owner Binder:1759_C (2538) at android.content.pm.ParceledListSlice com.android.server.pm.PackageManagerService.getInstalledPackages(int, int)(PackageManagerService.java:8172) waiters=2 in void com.android.server.pm.PackageManagerService.replacePreferredActivity(android.content.IntentFilter, int, android.content.ComponentName[], android.content.ComponentName, int) for 587ms
01-10 18:06:43.028  1759  2959 W system_server: Long monitor contention with owner Binder:1759_C (2538) at android.content.pm.ParceledListSlice com.android.server.pm.PackageManagerService.getInstalledPackages(int, int)(PackageManagerService.java:8172) waiters=5 in java.lang.String com.android.server.pm.PackageManagerService.getInstantAppPackageName(int) for 561ms
01-10 18:06:43.029  1759  2600 W system_server: Long monitor contention with owner Binder:1759_C (2538) at android.content.pm.ParceledListSlice com.android.server.pm.PackageManagerService.getInstalledPackages(int, int)(PackageManagerService.java:8172) waiters=6 in android.content.pm.PackageParser$SigningDetails com.android.server.pm.PackageManagerService$PackageManagerInternalImpl.getSigningDetails(int) for 359ms
01-10 18:06:43.033  1759  2641 W system_server: Long monitor contention with owner Binder:1759_C (2538) at android.content.pm.ParceledListSlice com.android.server.pm.PackageManagerService.getInstalledPackages(int, int)(PackageManagerService.java:8172) waiters=4 in boolean com.android.server.pm.PackageManagerService.isPackageAvailable(java.lang.String, int) for 587ms
01-10 18:06:43.034  1759  2962 W system_server: Long monitor contention with owner Binder:1759_C (2538) at android.content.pm.ParceledListSlice com.android.server.pm.PackageManagerService.getInstalledPackages(int, int)(PackageManagerService.java:8172) waiters=1 in java.util.List com.android.server.pm.PackageManagerService.queryIntentActivitiesInternal(android.content.Intent, java.lang.String, int, int, int, boolean, boolean) for 593ms
01-10 18:06:43.062  1759  2641 W BroadcastQueue: Background execution not allowed: receiving Intent { act=android.intent.action.PACKAGE_ADDED dat=package:com.habittracker flg=0x4000010 (has extras) } to com.ldmnq.launcher3/com.ldplayer.ad.core.PackageReceiver
01-10 18:06:43.065  1759  1792 W system_server: Unknown chunk type '200'.
01-10 18:06:43.065  1759  1792 W system_server: Unknown chunk type '200'.
01-10 18:06:43.068  1759  4190 W system_server: Long monitor contention with owner Binder:1759_14 (2641) at void com.android.server.am.ActivityManagerService.finishReceiver(android.os.IBinder, int, java.lang.String, android.os.Bundle, boolean, int)(ActivityManagerService.java:22282) waiters=0 in int com.android.server.am.ActivityManagerService.broadcastIntent(android.app.IApplicationThread, android.content.Intent, java.lang.String, android.content.IIntentReceiver, int, java.lang.String, android.os.Bundle, java.lang.String[], int, android.os.Bundle, boolean, boolean, int) for 133ms
01-10 18:06:43.088  1759  1792 W system_server: Unknown chunk type '200'.
01-10 18:06:43.098  1759  1793 W BroadcastQueue: Background execution not allowed: receiving Intent { act=android.intent.action.PACKAGE_ADDED dat=package:com.habittracker flg=0x4000010 (has extras) } to com.facebook.katana/com.facebook.feed.platformads.AppInstallReceiver
01-10 18:06:43.099  1759  1793 W BroadcastQueue: Background execution not allowed: receiving Intent { act=android.intent.action.PACKAGE_ADDED dat=package:com.habittracker flg=0x4000010 (has extras) } to ru.hqgocnyr.yzvnudqdq/.PackageChangeReceiver
01-10 18:06:43.215  1759  1759 V BackupManagerConstants: getFullBackupIntervalMilliseconds(...) returns 86400000
01-10 18:06:43.268  1759  1759 W Looper  : Slow dispatch took 240ms main h=android.app.ActivityThread$H c=android.app.-$$Lambda$LoadedApk$ReceiverDispatcher$Args$_BumDX2UKsnxLVrE6UJsJZkotuA@e66953a m=0
01-10 18:06:43.235  1759  1792 W system_server: Unknown chunk type '200'.
01-10 18:06:43.326  2866  9486 I Finsky  : [438] oqm.accept(114): Wrote row to frosting DB: 666
01-10 18:06:43.460  1759  2962 W system_server: Long monitor contention with owner Binder:1759_6 (2065) at int com.android.server.pm.PackageManagerService.checkUidPermission(java.lang.String, int)(PackageManagerService.java:5551) waiters=3 in java.lang.String com.android.server.pm.PackageManagerService.getInstantAppPackageName(int) for 104ms
01-10 18:06:43.471  1759  1759 W Looper  : Slow dispatch took 134ms main h=com.android.server.job.JobSchedulerService$JobHandler c=null m=4
01-10 18:06:43.525  1759  1782 I system_server: Background concurrent copying GC freed 395996(13MB) AllocSpace objects, 39(780KB) LOS objects, 42% free, 18MB/32MB, paused 4.282ms total 196.619ms
01-10 18:06:43.596  1759  1780 W System  : A resource failed to call close. 
01-10 18:06:43.599  1759  1780 I chatty  : uid=1000(system) FinalizerDaemon identical 32 lines
01-10 18:06:43.599  1759  1780 W System  : A resource failed to call close. 
01-10 18:06:43.608  2866  2882 W android.vendin: Profile data size exceeds 500000 bytes
01-10 18:06:43.615  2866  2866 I Finsky  : [2] knc.f(9): AIM: AppInfoCacheUpdater -> invalidating apps: [com.habittracker]
01-10 18:06:43.616  2866  2866 I Finsky  : [2] kns.g(21): AIM: AppInfoManager-Perf > getApps > called for 1 apps
01-10 18:06:43.638  2866  2911 I Finsky  : [112] kov.a(55): AIM: AppInfoManager-Perf > OnDeviceAppInfo > cacheHitCount=0, cacheMissCount=1. Missed  in cache (limit 10) : [com.habittracker]
01-10 18:06:43.663  2866  2911 I Finsky  : [112] kmv.apply(1129): AIM: Got app ownership map. App counts: . Unique apps: 0
01-10 18:06:43.669  2866  2866 I Finsky  : [2] seo.ahV(67): IQ: onPackageRemoved com.habittracker, replacing=true, uninstallingFromPlay=false
01-10 18:06:43.674  2866  9502 I Finsky  : [441] rax.accept(38): IQ: handled package removed
01-10 18:06:43.687  2866  2906 I Finsky  : [107] kos.a(206): AIM: AppInfoManager-Perf > ItemModel > CacheSize=24, cacheHitCount=0, cacheMissCount=0, total appsWithNoServerDataCount=0. Missed  in cache (limit 10) : []
01-10 18:06:43.706  1759  2065 W system_server: Long monitor contention with owner Binder:1759_9 (2285) at android.content.pm.ParceledListSlice com.android.server.pm.PackageManagerService.getInstalledPackages(int, int)(PackageManagerService.java:8172) waiters=4 in java.lang.String com.android.server.pm.PackageManagerService.getInstantAppPackageName(int) for 115ms
01-10 18:06:43.707  1759  2600 W system_server: Long monitor contention with owner Binder:1759_18 (2962) at void com.android.server.am.ActivityManagerService.cancelIntentSender(android.content.IIntentSender)(ActivityManagerService.java:8598) waiters=2 in android.content.IIntentSender com.android.server.am.ActivityManagerService.getIntentSender(int, java.lang.String, android.os.IBinder, java.lang.String, int, android.content.Intent[], java.lang.String[], int, android.os.Bundle, int) for 132ms
01-10 18:06:43.720  1759  1759 W Looper  : Drained
01-10 18:06:43.723  2866  2906 I Finsky  : [107] kov.a(55): AIM: AppInfoManager-Perf > OnDeviceAppInfo > cacheHitCount=1, cacheMissCount=0. Missed  in cache (limit 10) : []
01-10 18:06:43.724  2866  2906 I Finsky  : [107] kmv.apply(1129): AIM: Got app ownership map. App counts: . Unique apps: 0
01-10 18:06:43.724  1759  1792 W Searchables: No global search activity found
01-10 18:06:43.712  2866  2866 I com.android.vending: type=1400 audit(0.0:1825): avc: denied { read } for comm=62674578656375746F72202331 name="Pictures" dev="sdcardfs" ino=1966083 scontext=u:r:priv_app:s0:c512,c768 tcontext=u:object_r:sdcardfs:s0 tclass=lnk_file permissive=1
01-10 18:06:43.743  2866  2913 I Finsky  : [114] kos.a(206): AIM: AppInfoManager-Perf > ItemModel > CacheSize=24, cacheHitCount=0, cacheMissCount=0, total appsWithNoServerDataCount=0. Missed  in cache (limit 10) : []
01-10 18:06:43.712  2866  2866 W com.android.vending: type=1300 audit(0.0:1825): arch=c000003e syscall=269 success=no exit=-2 a0=ffffff9c a1=7fff72b3c000 a2=0 a3=7fff6a193a88 items=0 ppid=1517 auid=4294967295 uid=10020 gid=10020 euid=10020 suid=10020 fsuid=10020 egid=10020 sgid=10020 fsgid=10020 tty=(none) ses=4294967295 comm=62674578656375746F72202331 exe="/system/bin/app_process64" subj=u:r:priv_app:s0:c512,c768 key=(null)
01-10 18:06:43.749  2866  2866 I Finsky  : [2] xqw.g(1): xqw - Received: android.intent.action.PACKAGE_ADDED, [rTSyup3_XU41t82afA8Uct640FPg9hgBRfyu14hTnSc]
01-10 18:06:43.712  1359  1359 W auditd  : type=1327 audit(0.0:1825): proctitle="com.android.vending"
01-10 18:06:43.712  1359  1359 W auditd  : type=1320 audit(0.0:1825): 
01-10 18:06:43.778  2656  2656 W ldmnq.launcher: Unknown chunk type '200'.
01-10 18:06:43.793  2866  9486 I Finsky  : [438] oqm.accept(114): Wrote row to frosting DB: 667
01-10 18:06:44.088  1759  2596 W system_server: Long monitor contention with owner Binder:1759_18 (2962) at android.content.ComponentName com.android.server.am.ActivityManagerService.startService(android.app.IApplicationThread, android.content.Intent, java.lang.String, boolean, java.lang.String, int)(ActivityManagerService.java:20604) waiters=1 in android.content.IIntentSender com.android.server.am.ActivityManagerService.getIntentSender(int, java.lang.String, android.os.IBinder, java.lang.String, int, android.content.Intent[], java.lang.String[], int, android.os.Bundle, int) for 170ms
01-10 18:06:44.091  1759  2065 W system_server: Long monitor contention with owner Binder:1759_18 (2962) at android.content.ComponentName com.android.server.am.ActivityManagerService.startService(android.app.IApplicationThread, android.content.Intent, java.lang.String, boolean, java.lang.String, int)(ActivityManagerService.java:20604) waiters=4 in android.content.ComponentName com.android.server.am.ActivityManagerService.startService(android.app.IApplicationThread, android.content.Intent, java.lang.String, boolean, java.lang.String, int) for 171ms
01-10 18:06:44.099  8477  9507 W oid.ld.appstor: Long monitor contention with owner OkHttp https://events.ldplayer.net/... (9508) at java.lang.String com.ld.base.net.utils.f.e()(StringUtils.java:9) waiters=0 in java.lang.String com.ld.base.net.utils.f.e() for 158ms
01-10 18:06:44.102  1759  1792 W system_server: Long monitor contention with owner Binder:1759_1E (4073) at android.content.pm.ParceledListSlice com.android.server.pm.PackageManagerService.getInstalledPackages(int, int)(PackageManagerService.java:8172) waiters=2 in android.content.pm.ProviderInfo com.android.server.pm.PackageManagerService.resolveContentProviderInternal(java.lang.String, int, int) for 152ms
01-10 18:06:44.115  1759  1792 W Searchables: No global search activity found
01-10 18:06:44.220  1759  1792 W FieldClassificationStrategy: No valid components found.
01-10 18:06:44.251  2259  9505 I Fitness : (REDACTED) FitCleanupIntentOperation received Intent %s
01-10 18:06:44.251  2259  9496 I FontLog : (REDACTED) Package %s has no metadata
01-10 18:06:44.297  2866  9486 I Finsky  : [438] oqm.accept(114): Wrote row to frosting DB: 668
01-10 18:06:44.325  1759  1792 W VoiceInteractionManagerService: no available voice recognition services found for user 0
01-10 18:06:44.338  1759  1792 W LocationProviderProxy-network: com.google.android.gms resolves service com.android.location.service.v3.NetworkLocationProvider, but has wrong signature, ignoring
01-10 18:06:44.338  1759  1792 W LocationProviderProxy-network: Odd, no component found for service com.android.location.service.v3.NetworkLocationProvider
01-10 18:06:44.341  1759  1792 W LocationProviderProxy-fused: com.google.android.gms resolves service com.android.location.service.FusedLocationProvider, but has wrong signature, ignoring
01-10 18:06:44.342  1759  1792 W GeocoderProxy: com.google.android.gms resolves service com.android.location.service.GeocodeProvider, but has wrong signature, ignoring
01-10 18:06:44.342  1759  1792 W GeocoderProxy: Odd, no component found for service com.android.location.service.GeocodeProvider
01-10 18:06:44.371  1759  1792 W GeofenceProxy: com.google.android.gms resolves service com.android.location.service.GeofenceProvider, but has wrong signature, ignoring
01-10 18:06:44.371  1759  1792 W GeofenceProxy: Odd, no component found for service com.android.location.service.GeofenceProvider
01-10 18:06:44.389  2866  2866 I Finsky  : [2] sid.ajH(13): DTU: Received onPackageAdded, replacing: true
01-10 18:06:44.422  1759  1792 W ActivityRecognitionProxy: com.google.android.gms resolves service com.android.location.service.ActivityRecognitionProvider, but has wrong signature, ignoring
01-10 18:06:44.422  1759  1792 W ActivityRecognitionProxy: Odd, no component found for service com.android.location.service.ActivityRecognitionProvider
01-10 18:06:44.467  2417  9494 I Auth    : (REDACTED) [SupervisedAccountIntentOperation] onHandleIntent: %s
01-10 18:06:44.467  2417  2417 D BoundBrokerSvc: onBind: Intent { act=com.google.android.gms.common.BIND_SHARED_PREFS pkg=com.google.android.gms }
01-10 18:06:44.467  2417  2417 D BoundBrokerSvc: Loading bound service for intent: Intent { act=com.google.android.gms.common.BIND_SHARED_PREFS pkg=com.google.android.gms }
01-10 18:06:44.489  2866  2866 I Finsky  : [2] knc.f(9): AIM: AppInfoCacheUpdater -> invalidating apps: [com.habittracker]
01-10 18:06:44.489  2866  2866 I Finsky  : [2] kns.g(21): AIM: AppInfoManager-Perf > getApps > called for 1 apps
01-10 18:06:44.500  2866  2925 I Finsky  : [121] kov.a(55): AIM: AppInfoManager-Perf > OnDeviceAppInfo > cacheHitCount=0, cacheMissCount=1. Missed  in cache (limit 10) : [com.habittracker]
01-10 18:06:44.526  2417  9512 I NearbyDiscovery: (REDACTED) processGrantSlicePermission: %s
01-10 18:06:44.549  2866  2906 I Finsky  : [107] kmv.apply(1129): AIM: Got app ownership map. App counts: . Unique apps: 0
01-10 18:06:44.604  2866  2913 I Finsky  : [114] kos.a(206): AIM: AppInfoManager-Perf > ItemModel > CacheSize=24, cacheHitCount=0, cacheMissCount=0, total appsWithNoServerDataCount=0. Missed  in cache (limit 10) : []
01-10 18:06:44.644  1759  1782 I system_server: Background concurrent copying GC freed 387256(13MB) AllocSpace objects, 44(944KB) LOS objects, 42% free, 22MB/38MB, paused 172us total 266.128ms
01-10 18:06:44.700  1759  1780 W System  : A resource failed to call close. 
01-10 18:06:44.700  1759  1780 I chatty  : uid=1000(system) FinalizerDaemon identical 40 lines
01-10 18:06:44.700  1759  1780 W System  : A resource failed to call close. 
01-10 18:06:44.743  1759  1848 W system_server: Long monitor contention with owner Binder:1759_E (2596) at android.content.pm.ParceledListSlice com.android.server.pm.PackageManagerService.getInstalledPackages(int, int)(PackageManagerService.java:8172) waiters=6 in java.lang.String com.android.server.pm.PackageManagerService.getInstantAppPackageName(int) for 110ms
01-10 18:06:44.743  1759  2600 W system_server: Long monitor contention with owner Binder:1759_E (2596) at android.content.pm.ParceledListSlice com.android.server.pm.PackageManagerService.getInstalledPackages(int, int)(PackageManagerService.java:8172) waiters=4 in java.lang.String com.android.server.pm.PackageManagerService.getInstantAppPackageName(int) for 149ms
01-10 18:06:44.783  2866  2913 I Finsky  : [114] kov.a(55): AIM: AppInfoManager-Perf > OnDeviceAppInfo > cacheHitCount=1, cacheMissCount=0. Missed  in cache (limit 10) : []
01-10 18:06:44.784  2866  2913 I Finsky  : [114] kmv.apply(1129): AIM: Got app ownership map. App counts: . Unique apps: 0
01-10 18:06:44.790  2866  2906 I Finsky  : [107] kos.a(206): AIM: AppInfoManager-Perf > ItemModel > CacheSize=24, cacheHitCount=0, cacheMissCount=0, total appsWithNoServerDataCount=0. Missed  in cache (limit 10) : []
01-10 18:06:44.794  2866  2866 I Finsky  : [2] xqw.g(1): xqw - Received: android.intent.action.PACKAGE_ADDED, [rTSyup3_XU41t82afA8Uct640FPg9hgBRfyu14hTnSc]
01-10 18:06:44.828  2121  2121 D CarrierSvcBindHelper: No carrier app for: 0
01-10 18:06:44.849  2417  2417 I lowpool[18]: type=1400 audit(0.0:1827): avc: denied { search } for name="/" dev="vboxsf" ino=1 scontext=u:r:priv_app:s0:c512,c768 tcontext=u:object_r:unlabeled:s0 tclass=dir permissive=1
01-10 18:06:44.884  2866  9486 I Finsky  : [438] oqm.accept(114): Wrote row to frosting DB: 669
01-10 18:06:44.909  2121  2121 D CarrierSvcBindHelper: No carrier app for: 0
01-10 18:06:44.970  2866  2866 I Finsky  : [2] xqw.g(1): xqw - Deduping intent android.intent.action.PACKAGE_ADDED
01-10 18:06:44.979  2866  2866 I Finsky  : [2] xqw.g(1): xqw - Received: android.intent.action.PACKAGE_ADDED, [rTSyup3_XU41t82afA8Uct640FPg9hgBRfyu14hTnSc]
01-10 18:06:44.990  8477  8491 I oid.ld.appstor: Waiting for a blocking GC ProfileSaver
01-10 18:06:45.025  2866  9486 I Finsky  : [438] oqm.accept(114): Wrote row to frosting DB: 670
01-10 18:06:45.047  2121  2121 D CarrierConfigLoader: mHandler: 9 phoneId: 0
01-10 18:06:45.052  8477  8491 I oid.ld.appstor: WaitForGcToComplete blocked ProfileSaver on ProfileSaver for 62.200ms
01-10 18:06:45.155  2417  2845 I Icing   : IndexChimeraService.getServiceInterface callingPackage=com.google.android.gms componentName=AppsCorpus serviceId=36
01-10 18:06:45.173  2866  2866 I Finsky  : [2] xqw.g(1): xqw - Deduping intent android.intent.action.PACKAGE_ADDED
01-10 18:06:45.192  2866  2906 I Finsky  : [107] jqt.accept(156): AIM: AppInfoManager-Perf > getApps > data collection finished
01-10 18:06:45.204  2866  2913 I Finsky  : [114] jqt.accept(156): AIM: AppInfoManager-Perf > getApps > data collection finished
01-10 18:06:45.214  2866  2906 I Finsky  : [107] knp.run(641): AIM: AppInfoManager-Perf > maybeDestroyAppInfoManager is called. actives = 2
01-10 18:06:45.217  2866  2913 I Finsky  : [114] knp.run(641): AIM: AppInfoManager-Perf > maybeDestroyAppInfoManager is called. actives = 1
01-10 18:06:45.265  1759  2641 W BroadcastQueue: Background execution not allowed: receiving Intent { act=android.intent.action.PACKAGE_REPLACED dat=package:com.habittracker flg=0x4000010 (has extras) } to com.habittracker/.reminders.BootReceiver
01-10 18:06:45.270  1759  1793 W BroadcastQueue: Background execution not allowed: receiving Intent { act=android.intent.action.PACKAGE_REPLACED dat=package:com.habittracker flg=0x4000010 (has extras) } to com.android.ld.appstore/.app.service.ApkReceiver
01-10 18:06:45.270  1759  1793 W BroadcastQueue: Background execution not allowed: receiving Intent { act=android.intent.action.PACKAGE_REPLACED dat=package:com.habittracker flg=0x4000010 (has extras) } to com.google.android.gms/.chimera.GmsIntentOperationService$PersistentTrustedReceiver
01-10 18:06:45.270  1759  1793 W BroadcastQueue: Background execution not allowed: receiving Intent { act=android.intent.action.PACKAGE_REPLACED dat=package:com.habittracker flg=0x4000010 (has extras) } to com.google.android.gms/.gass.chimera.PackageChangeBroadcastReceiver
01-10 18:06:45.270  1759  1793 W BroadcastQueue: Background execution not allowed: receiving Intent { act=android.intent.action.PACKAGE_REPLACED dat=package:com.habittracker flg=0x4000010 (has extras) } to com.ldmnq.launcher3/com.android.launcher3.PackageChangedReceiver
01-10 18:06:45.273  2417  2417 D BoundBrokerSvc: onBind: Intent { act=com.google.android.gms.feedback.internal.IFeedbackService dat=chimera-action: cmp=com.google.android.gms/.chimera.GmsBoundBrokerService }
01-10 18:06:45.273  2417  2417 D BoundBrokerSvc: Loading bound service for intent: Intent { act=com.google.android.gms.feedback.internal.IFeedbackService dat=chimera-action: cmp=com.google.android.gms/.chimera.GmsBoundBrokerService }
01-10 18:06:45.275  1759  1793 W BroadcastQueue: Background execution not allowed: receiving Intent { act=android.intent.action.PACKAGE_REPLACED dat=package:com.habittracker flg=0x4000010 (has extras) } to com.ldmnq.launcher3/com.ldplayer.ad.core.PackageReceiver
01-10 18:06:45.276  1759  1793 W BroadcastQueue: Background execution not allowed: receiving Intent { act=android.intent.action.PACKAGE_REPLACED dat=package:com.habittracker flg=0x4000010 (has extras) } to com.slmpaqjl.wumdnvl.f/p8q.lIK.M5
01-10 18:06:45.282  1759  1793 W BroadcastQueue: Background execution not allowed: receiving Intent { act=android.intent.action.PACKAGE_REPLACED dat=package:com.habittracker flg=0x4000010 (has extras) } to ru.hqgocnyr.yzvnudqdq/.PackageChangeReceiver
01-10 18:06:45.299  2533  2533 W ContextImpl: Calling a method in the system process without a qualified user: android.app.ContextImpl.startService:1531 android.content.ContextWrapper.startService:664 android.content.ContextWrapper.startService:664 com.android.coreservice.CoreBroadcastReceiver.onReceive:69 android.app.ActivityThread.handleReceiver:3424 
01-10 18:06:45.309  2533  2533 I oid.coreservice: type=1400 audit(0.0:1828): avc: denied { ioctl } for path="/dev/fastpipe" dev="tmpfs" ino=6206 ioctlcmd=6867 scontext=u:r:system_app:s0 tcontext=u:object_r:device:s0 tclass=chr_file permissive=1
01-10 18:06:45.379  2417  3895 I Icing   : IndexChimeraService.getServiceInterface callingPackage=com.google.android.gms componentName=null serviceId=30
01-10 18:06:45.402  2417  9498 I gle.android.gm: Explicit concurrent copying GC freed 53857(3MB) AllocSpace objects, 11(412KB) LOS objects, 49% free, 13MB/27MB, paused 52us total 173.188ms
01-10 18:06:45.413  1759  1795 W ActivityManager: Slow operation: 76ms so far, now at startProcess: returned from zygote!
01-10 18:06:45.417  1759  1795 W ActivityManager: Slow operation: 80ms so far, now at startProcess: done updating battery stats
01-10 18:06:45.433  1759  1795 W ActivityManager: Slow operation: 96ms so far, now at startProcess: building log message
01-10 18:06:45.433  1759  1795 I ActivityManager: Start proc 9545:com.habittracker/u0a61 for broadcast com.habittracker/androidx.glance.appwidget.MyPackageReplacedReceiver
01-10 18:06:45.433  1759  1795 W ActivityManager: Slow operation: 96ms so far, now at startProcess: starting to update pids map
01-10 18:06:45.433  1759  1795 W ActivityManager: Slow operation: 96ms so far, now at startProcess: done updating pids map
01-10 18:06:45.474  2417  9043 I Icing   : Usage reports ok 1, Failed Usage reports 0, indexed 0, rejected 0
01-10 18:06:45.497  1759  2581 W BackupManagerService: dataChanged but no participant pkg='com.ldmnq.launcher3' uid=10044
01-10 18:06:45.519  9545  9545 I Zygote  : seccomp disabled by setenforce 0
01-10 18:06:45.532  9545  9545 I om.habittracke: Late-enabling -Xcheck:jni
01-10 18:06:45.581  9545  9545 D nativebridge: call UnloadNativeBridge! state=1
01-10 18:06:45.592  2417  9043 I Icing   : Usage reports ok 0, Failed Usage reports 0, indexed 0, rejected 0
01-10 18:06:45.641  2417  9043 I Icing   : Indexing com.google.android.gms-apps from com.google.android.gms
01-10 18:06:45.674  2417  9043 I Icing   : Indexing done com.google.android.gms-apps
01-10 18:06:45.726  1759  2500 V BackupManagerConstants: getFullBackupRequiredNetworkType(...) returns 2
01-10 18:06:45.726  1759  2500 V BackupManagerConstants: getFullBackupRequireCharging(...) returns true
01-10 18:06:45.937  2866  2925 I Finsky  : [121] qls.accept(61): SCH: Scheduling phonesky job Id: 12-1, CT: 1768064803688, Constraints: [{ L: 15000, D: 86400000, C: 1, I: 1, N: 1 }]
01-10 18:06:45.954  2866  2913 I Finsky  : [114] krm.apply(333): SCH: Scheduling 1 system job(s)
01-10 18:06:45.957  2866  2913 I Finsky  : [114] abtz.d(88): SCH: Scheduling system job Id: 9973, L: 12734, D: 76712475, C: false, I: false, N: 1
01-10 18:06:45.997  2866  2899 I Finsky  : [105] mmz.aiE(263): [ContentSync] finished, scheduled=true
01-10 18:06:46.015  2866  2911 I Finsky  : [112] qls.accept(61): SCH: Scheduling phonesky job Id: 12-1, CT: 1768064804585, Constraints: [{ L: 15000, D: 86400000, C: 1, I: 1, N: 1 }]
01-10 18:06:46.021  2866  2913 I Finsky  : [114] krm.apply(333): SCH: Scheduling 0 system job(s)
01-10 18:06:46.024  2866  2913 I Finsky  : [114] mmz.aiE(263): [ContentSync] finished, scheduled=true
01-10 18:06:47.526  9545  9545 I om.habittracker: type=1400 audit(0.0:1833): avc: denied { read } for name="Pictures" dev="sdcardfs" ino=1966083 scontext=u:r:untrusted_app:s0:c61,c256,c512,c768 tcontext=u:object_r:sdcardfs:s0 tclass=lnk_file permissive=1
01-10 18:06:47.567  9545  9545 W om.habittracke: Accessing hidden field Landroid/os/Trace;->TRACE_TAG_APP:J (light greylist, reflection)
01-10 18:06:47.569  9545  9545 W om.habittracke: Accessing hidden method Landroid/os/Trace;->isTagEnabled(J)Z (light greylist, reflection)
01-10 18:06:47.590  9545  9545 D WM-WrkMgrInitializer: Initializing WorkManager with default configuration.
01-10 18:06:47.817  8477  9270 D LDSpaceReceiver: onReceive, action = android.intent.action.TASK.REQ_APP_VERSION, extras = {"from":"playerx"}
01-10 18:06:48.103  1759  1780 W System  : A resource failed to call close. 
01-10 18:06:48.113  1759  1780 I chatty  : uid=1000(system) FinalizerDaemon identical 46 lines
01-10 18:06:48.113  1759  1780 W System  : A resource failed to call close. 
01-10 18:06:48.886  8477  8477 I DefaultDispatch: type=1400 audit(0.0:1834): avc: denied { write } for name="appInfo.txt" dev="vboxsf" ino=105 scontext=u:r:priv_app:s0:c512,c768 tcontext=u:object_r:unlabeled:s0 tclass=file permissive=1
01-10 18:06:48.918  2533  2533 W ContextImpl: Calling a method in the system process without a qualified user: android.app.ContextImpl.startService:1531 android.content.ContextWrapper.startService:664 android.content.ContextWrapper.startService:664 com.android.coreservice.CoreBroadcastReceiver.onReceive:53 android.app.ActivityThread.handleReceiver:3424 
01-10 18:06:50.096  8477  8565 D LdAnalyticsSDK: responseCode = 200
01-10 18:06:50.919  1567  1567 I ldinit  : type=1400 audit(0.0:1840): avc: denied { read } for name="partitions" dev="proc" ino=4026532050 scontext=u:r:ldinit:s0 tcontext=u:object_r:proc:s0 tclass=file permissive=1
01-10 18:06:50.919  1567  1567 I ldinit  : type=1400 audit(0.0:1840): avc: denied { open } for path="/proc/partitions" dev="proc" ino=4026532050 scontext=u:r:ldinit:s0 tcontext=u:object_r:proc:s0 tclass=file permissive=1
01-10 18:06:50.919  1567  1567 W ldinit  : type=1300 audit(0.0:1840): arch=c000003e syscall=257 success=yes exit=6 a0=ffffff9c a1=7ffff7728278 a2=0 a3=0 items=0 ppid=1 auid=4294967295 uid=0 gid=0 euid=0 suid=0 fsuid=0 egid=0 sgid=0 fsgid=0 tty=(none) ses=4294967295 exe="/system/bin/ldinit" subj=u:r:ldinit:s0 key=(null)
01-10 18:06:50.919  1359  1359 W auditd  : type=1327 audit(0.0:1840): proctitle="/system/bin/ldinit"
01-10 18:06:50.919  1359  1359 W auditd  : type=1320 audit(0.0:1840): 
01-10 18:06:52.642  2417  2417 D BoundBrokerSvc: onUnbind: Intent { act=com.google.android.gms.measurement.START pkg=com.google.android.gms }
01-10 18:06:53.613  9545  9576 D ProfileInstaller: Installing profile for com.habittracker
01-10 18:06:56.273  7422  7430 W System  : A resource failed to call close. 
01-10 18:06:58.752  1592  1592 W wificond: Scan already started
01-10 18:06:58.773  2866  2866 I Finsky  : [2] abvx.onStartJob(128): SCH: job service start with id 9973.
01-10 18:06:58.796  2866  2913 I Finsky  : [114] qls.accept(61): SCH: Scheduling phonesky job Id: 1-1337, CT: 1768055275472, Constraints: [{ L: 43042957, D: 86242957, C: 1, I: 1, N: 1 }]
01-10 18:06:58.797  2866  2913 I Finsky  : [114] qls.accept(61): SCH: Scheduling phonesky job Id: 12-1, CT: 1768064804585, Constraints: [{ L: 15000, D: 86400000, C: 1, I: 1, N: 1 }]
01-10 18:06:58.797  2866  2913 I Finsky  : [114] qls.accept(61): SCH: Scheduling phonesky job Id: 34-36, CT: 1768058900794, Constraints: [{ L: 79195544, D: 1375195544, C: 1, I: 1, N: 1 }]
01-10 18:06:58.797  2866  2913 I Finsky  : [114] qls.accept(61): SCH: Scheduling phonesky job Id: 34-38, CT: 1768058905984, Constraints: [{ L: 604800000, D: 2591995057, C: 1, I: 1, N: 1 }]
01-10 18:06:58.809  2866  2911 I Finsky  : [112] krm.apply(333): SCH: Scheduling 1 system job(s)
01-10 18:06:58.812  2866  2911 I Finsky  : [112] abtz.d(88): SCH: Scheduling system job Id: 9978, L: 0, D: 76699620, C: false, I: false, N: 1
01-10 18:06:58.816  2866  2866 I Finsky  : [2] abvx.onStartJob(128): SCH: job service start with id 9978.
01-10 18:06:58.822  2866  9577 I Finsky  : [448] abvx.a(26): SCH: job service finished with id 9973.
01-10 18:06:58.827  2866  2913 I Finsky  : [114] qls.accept(61): SCH: Scheduling phonesky job Id: 1-1337, CT: 1768055275472, Constraints: [{ L: 43042957, D: 86242957, C: 1, I: 1, N: 1 }]
01-10 18:06:58.827  2866  2913 I Finsky  : [114] qls.accept(61): SCH: Scheduling phonesky job Id: 12-1, CT: 1768064804585, Constraints: [{ L: 15000, D: 86400000, C: 1, I: 1, N: 1 }]
01-10 18:06:58.827  2866  2913 I Finsky  : [114] qls.accept(61): SCH: Scheduling phonesky job Id: 34-36, CT: 1768058900794, Constraints: [{ L: 79195544, D: 1375195544, C: 1, I: 1, N: 1 }]
01-10 18:06:58.828  2866  2913 I Finsky  : [114] qls.accept(61): SCH: Scheduling phonesky job Id: 34-38, CT: 1768058905984, Constraints: [{ L: 604800000, D: 2591995057, C: 1, I: 1, N: 1 }]
01-10 18:06:58.831  2866  2911 I Finsky  : [112] krm.apply(333): SCH: Scheduling 1 system job(s)
01-10 18:06:58.832  2866  2911 I Finsky  : [112] abtz.d(88): SCH: Scheduling system job Id: 9982, L: 0, D: 76699598, C: false, I: false, N: 1
01-10 18:06:58.834  2866  2866 I Finsky  : [2] abvx.onStartJob(128): SCH: job service start with id 9982.
01-10 18:06:58.838  2866  9577 I Finsky  : [448] abvx.a(26): SCH: job service finished with id 9978.
01-10 18:06:58.845  2866  2913 I Finsky  : [114] qls.accept(61): SCH: Scheduling phonesky job Id: 1-1337, CT: 1768055275472, Constraints: [{ L: 43042957, D: 86242957, C: 1, I: 1, N: 1 }]
01-10 18:06:58.845  2866  2913 I Finsky  : [114] qls.accept(61): SCH: Scheduling phonesky job Id: 12-1, CT: 1768064804585, Constraints: [{ L: 15000, D: 86400000, C: 1, I: 1, N: 1 }]
01-10 18:06:58.846  2866  2913 I Finsky  : [114] qls.accept(61): SCH: Scheduling phonesky job Id: 34-36, CT: 1768058900794, Constraints: [{ L: 79195544, D: 1375195544, C: 1, I: 1, N: 1 }]
01-10 18:06:58.846  2866  2913 I Finsky  : [114] qls.accept(61): SCH: Scheduling phonesky job Id: 34-38, CT: 1768058905984, Constraints: [{ L: 604800000, D: 2591995057, C: 1, I: 1, N: 1 }]
01-10 18:06:58.848  2866  2925 I Finsky  : [121] krm.apply(333): SCH: Scheduling 1 system job(s)
