01-10 14:56:15.469  1542  1542 I HwBinder:1542_2: type=1400 audit(0.0:1004): avc: denied { open } for path="/dev/fastpipe" dev="tmpfs" ino=6206 scontext=u:r:hal_graphics_allocator_default:s0 tcontext=u:object_r:device:s0 tclass=chr_file permissive=1
01-10 14:56:15.469  1542  1542 W HwBinder:1542_2: type=1300 audit(0.0:1004): arch=c000003e syscall=257 success=yes exit=9 a0=ffffff9c a1=7ffff68e84a3 a2=2 a3=0 items=0 ppid=1 auid=4294967295 uid=1000 gid=1003 euid=1000 suid=1000 fsuid=1000 egid=1003 sgid=1003 fsgid=1003 tty=(none) ses=4294967295 exe="/system/vendor/bin/hw/android.hardware.graphics.allocator@2.0-service" subj=u:r:hal_graphics_allocator_default:s0 key=(null)
01-10 14:56:15.469  1359  1359 W auditd  : type=1327 audit(0.0:1004): proctitle="/vendor/bin/hw/android.hardware.graphics.allocator@2.0-service"
01-10 14:56:15.469  1359  1359 W auditd  : type=1320 audit(0.0:1004): 
01-10 14:56:15.507  1930  2242 E EGL_emulation: tid 2242: eglSurfaceAttrib(1493): error 0x3009 (EGL_BAD_MATCH)
01-10 14:56:15.507  1930  2242 W OpenGLRenderer: Failed to set EGL_SWAP_BEHAVIOR on surface 0x7fff6baed800, error=EGL_BAD_MATCH
01-10 14:56:15.511  1542  1715 D gralloc_default: gralloc_alloc: Creating ashmem region of size 5763072, ignore more log...
01-10 14:56:15.551  2417  5290 D AdvertisingIdClient: AdvertisingIdClient already created.
01-10 14:56:15.551  2417  5290 D AdvertisingIdClient: AdvertisingIdClient is not bounded. Starting to bind it...
01-10 14:56:15.556  2259  2259 D BoundBrokerSvc: onRebind: Intent { act=com.google.android.gms.common.telemetry.service.START dat=chimera-action: cmp=com.google.android.gms/.chimera.PersistentApiService }
01-10 14:56:15.558  2417  5290 D AdvertisingIdClient: AdvertisingIdClient is bounded
01-10 14:56:15.575  1542  1715 D gralloc_default: gralloc_alloc: Creating ashmem region of size 5763072, ignore more log...
01-10 14:56:15.587  2417  5290 I AdvertisingIdClient: shouldSendLog 37500
01-10 14:56:15.588  2417  5290 I AdvertisingIdClient: GetInfoInternal elapse 36ms
01-10 14:56:15.621  1562  1562 I VibratorService: turn vibrator off
01-10 14:56:15.626  1562  1562 I VibratorService: turn vibrator on timeout_ms=350
01-10 14:56:15.628  1562  1562 I VibratorService: Setting amplitude  to: 3596
01-10 14:56:15.634  2259  2259 D BoundBrokerSvc: onRebind: Intent { act=com.google.android.gms.presencemanager.service.START dat=chimera-action: cmp=com.google.android.gms/.chimera.PersistentApiService }
01-10 14:56:15.636  2259  2259 D BoundBrokerSvc: onRebind: Intent { act=com.google.android.gms.presencemanager.service.INTERNAL_IDENTITY dat=chimera-action: cmp=com.google.android.gms/.chimera.PersistentApiService }
01-10 14:56:15.644  2417  2440 W gle.android.gm: Profile data size exceeds 500000 bytes
01-10 14:56:16.231  1562  1562 I VibratorService: turn vibrator on timeout_ms=350
01-10 14:56:16.231  1562  1562 I VibratorService: Setting amplitude  to: 3596
01-10 14:56:16.505  2259  5139 I AlarmManager: setExactAndAllowWhileIdle [name: GCM_HB_ALARM type: 2 triggerAtMillis: 1919196]
01-10 14:56:16.581  1562  1562 I VibratorService: turn vibrator off
01-10 14:56:16.651  2259  4938 W ChimeraUtils: Module com.google.android.gms.gcm missing resource null(0)
01-10 14:56:16.693  2259  4938 I AlarmManager: setExactAndAllowWhileIdle [name: FcmRetry type: 2 triggerAtMillis: 1679381]
01-10 14:56:16.764  3272  3272 W fb4a.AppComponentFactory: Instantiating BroadcastReceiver
01-10 14:56:16.887  1759  1794 W Looper  : Slow dispatch took 144ms android.ui h=com.android.server.am.ActivityManagerService$UiHandler c=null m=68
01-10 14:56:17.044  3272  3272 W fb4a.AppComponentFactory: Instantiating Service
01-10 14:56:17.103  3272  3272 E fb4a.SlowAppComponent: 0ms: FirebaseInstanceIdReceiver instantiating
01-10 14:56:17.103  3272  3272 E fb4a.SlowAppComponent: 313ms: FcmListenerService instantiating
01-10 14:56:17.103  3272  3272 E fb4a.SlowAppComponent: Main thread was blocked for 373ms in the background starting with FirebaseInstanceIdReceiver
01-10 14:56:17.363  3272  5293 E fb4a.OpenMessagingPushPathLogger: Flow is inactive when adding debug checkpoint for instance key 163638993
01-10 14:56:17.476  3272  5293 I chatty  : uid=10084(com.facebook.katana) identical 1 line
01-10 14:56:17.491  3272  5293 E fb4a.OpenMessagingPushPathLogger: Flow is inactive when adding debug checkpoint for instance key 163638993
01-10 14:56:17.493  3272  5293 E fb4a.OpenMessagingPushPathLogger: Flow is inactive while trying to log push property annotations for instance key 163638993
01-10 14:56:17.493  3272  5293 E fb4a.OpenMessagingPushPathLogger: Flow is inactive while trying to log for message id: null, instance key: 163638993, mi trace id: 8253349198815371875
01-10 14:56:17.737  3272  5293 E fb4a.OpenMessagingPushPathLogger: Flow is inactive when adding debug checkpoint for instance key 163638993
01-10 14:56:17.940  3272  3618 W fb4a.AppInfoCore: [AI] Package not found when getting package info
01-10 14:56:19.352  2259  4938 I AlarmManager: setExactAndAllowWhileIdle [name: GCM_HB_ALARM type: 2 triggerAtMillis: 1922043]
01-10 14:56:19.476  2259  5139 I AlarmManager: setExactAndAllowWhileIdle [name: FcmRetry type: 2 triggerAtMillis: 1682160]
01-10 14:56:19.502  2259  4938 I AlarmManager: setExactAndAllowWhileIdle [name: GCM_HB_ALARM type: 2 triggerAtMillis: 1922193]
01-10 14:56:19.518  3272  3272 W fb4a.AppComponentFactory: Instantiating BroadcastReceiver
01-10 14:56:19.529  3272  3272 W fb4a.AppComponentFactory: Instantiating Service
01-10 14:56:19.534  3272  5301 E fb4a.OpenMessagingPushPathLogger: Flow is inactive when adding debug checkpoint for instance key 163755416
01-10 14:56:19.563  3272  5301 I chatty  : uid=10084(com.facebook.katana) identical 2 lines
01-10 14:56:19.565  3272  5301 E fb4a.OpenMessagingPushPathLogger: Flow is inactive when adding debug checkpoint for instance key 163755416
01-10 14:56:19.565  3272  5301 E fb4a.OpenMessagingPushPathLogger: Flow is inactive while trying to log push property annotations for instance key 163755416
01-10 14:56:19.565  3272  5301 E fb4a.OpenMessagingPushPathLogger: Flow is inactive while trying to log for message id: null, instance key: 163755416, mi trace id: 8253349198815371875
01-10 14:56:19.578  3272  5301 E fb4a.OpenMessagingPushPathLogger: Flow is inactive when adding debug checkpoint for instance key 163755416
01-10 14:56:20.425  5240  5304 D ProfileInstaller: Skipping profile installation for com.pheebz.a1data
01-10 14:56:20.466  3272  5306 W fb4a.AppInfoCore: [AI] Package not found when getting package info
01-10 14:56:20.503  1526  1526 I healthd : type=1400 audit(0.0:1010): avc: denied { read } for name="present" dev="sysfs" ino=6606 scontext=u:r:healthd:s0 tcontext=u:object_r:sysfs:s0 tclass=file permissive=1
01-10 14:56:20.503  1526  1526 I healthd : type=1400 audit(0.0:1010): avc: denied { open } for path="/sys/devices/LNXSYSTM:00/LNXSYBUS:00/PNP0A03:00/PNP0C0A:00/power_supply/BAT0/present" dev="sysfs" ino=6606 scontext=u:r:healthd:s0 tcontext=u:object_r:sysfs:s0 tclass=file permissive=1
01-10 14:56:20.503  1526  1526 W healthd : type=1300 audit(0.0:1010): arch=c000003e syscall=257 success=yes exit=9 a0=ffffff9c a1=7ffff7228360 a2=a0000 a3=0 items=0 ppid=1 auid=4294967295 uid=0 gid=0 euid=0 suid=0 fsuid=0 egid=0 sgid=0 fsgid=0 tty=(none) ses=4294967295 exe="/system/bin/healthd" subj=u:r:healthd:s0 key=(null)
01-10 14:56:20.503  1359  1359 W auditd  : type=1327 audit(0.0:1010): proctitle="/system/bin/healthd"
01-10 14:56:20.503  1359  1359 W auditd  : type=1320 audit(0.0:1010): 
01-10 14:56:20.586  3272  3873 W fb4a.FeedDbMutationService: DedupKey not found for cache ID: 3877762827613859122
01-10 14:56:20.590  3272  3873 W fb4a.FeedDbMutationService: DedupKey not found for cache ID: 3877762827613859122
01-10 14:56:20.596  3272  3420 W fb4a.msys: Proxies already configured: null
01-10 14:56:20.598  3272  3873 W fb4a.FeedDbMutationService: DedupKey not found for cache ID: 6546766492661780432
01-10 14:56:20.600  3272  3272 W fb4a.InitStatus: Not blocking Service (51355799)
01-10 14:56:20.634  2259  2259 D BoundBrokerSvc: onUnbind: Intent { act=com.google.android.gms.common.telemetry.service.START dat=chimera-action: cmp=com.google.android.gms/.chimera.PersistentApiService }
01-10 14:56:20.645  3272  5305 W fb4a.FeedDbMutationService: DedupKey not found for cache ID: 357920399467754944
01-10 14:56:20.646  3272  5308 W fb4a.FeedDbMutationService: DedupKey not found for cache ID: 357920399467754944
01-10 14:56:20.646  3272  3420 W SoLoader[NativeDeps]: Falling back to custom ELF parsing when loading libnetworkMCFBridgejni.so, this can be slow
01-10 14:56:20.646  3272  5308 W fb4a.FeedDbMutationService: DedupKey not found for cache ID: 357920399467754944
01-10 14:56:20.647  3272  3528 W fb4a.HeroManager: mediaPreload.prefetchInternal : source: Type: DASH_VOD
01-10 14:56:20.647  3272  3528 W fb4a.HeroManager: 	Id: 4273850496167388
01-10 14:56:20.647  3272  3528 W fb4a.HeroManager: 	Uri: https://scontent.fiba1-1.fna.fbcdn.net/o1/v/t2/f2/m412/AQPDCZj2BEN6Z_iks__wsRdn5GfXHATJWM4HjW6FK1Hq0wh1h9cmYlS-dSTarJqkL9aHPYMTRupjJ9PojA47kv0kulp20FYzt9O_1Vjt9g.mp4?_nc_cat=101&_nc_oc=AdlkkQnKjphQ59iuXk6kDsFHI8tmNMei35Wv9_Mmsg67oZSnCCG3N22PXqPYIWIMkso&_nc_sid=8bf8fe&_nc_ht=scontent.fiba1-1.fna.fbcdn.net&_nc_ohc=y5iAbpKKIxgQ7kNvwGgxPl7&efg=eyJ2ZW5jb2RlX3RhZyI6Inhwdl9wcm9ncmVzc2l2ZS5GQUNFQk9PSy4uQzMuMzYwLnN2ZV9zZCIsInhwdl9hc3NldF9pZCI6MTU1NDA2MjE0NTc0Mzc1MiwiYXNzZXRfYWdlX2RheXMiOjAsInZpX3VzZWNhc2VfaWQiOjEwMTIzLCJkdXJhdGlvbl9zIjo2MiwidXJsZ2VuX3NvdXJjZSI6Ind3dyJ9&ccb=17-1&_nc_zt=28&oh=00_AfqWioELz_qWUYdmE-Cc5M4PsG7yDpYUU5jCT94vUmORbw&oe=69683621&bitrate=186505&tag=sve_sd
01-10 14:56:20.647  3272  3528 W fb4a.HeroManager: 	Origin: NOTIFICATION
01-10 14:56:20.647  3272  3528 W fb4a.HeroManager: 	PrefetchOrigin: NOTIFICATION
01-10 14:56:20.647  3272  3528 W fb4a.HeroManager: 	DashMPD: 14126
01-10 14:56:20.647  3272  3528 W fb4a.HeroManager: 	liveLatency: -1
01-10 14:56:20.647  3272  3528 W fb4a.HeroManager: 	liveLatencyTolerance: -1
01-10 14:56:20.647  3272  3528 W fb4a.HeroManager: 	isSpherical: false
01-10 14:56:20.647  3272  3528 W fb4a.HeroManager: 	isSponsored: false
01-10 14:56:20.647  3272  3528 W fb4a.HeroManager: 	isAdBreak: false
01-10 14:56:20.647  3272  3528 W fb4a.HeroManager: 	isLiveTraceEnabled: false
01-10 14:56:20.647  3272  3528 W fb4a.HeroManager: 	renderMode: AUDIO_VIDEO
01-10 14:56:20.647  3272  3528 W fb4a.HeroManager: 	isBroadcast: false
01-10 14:56:20.647  3272  3528 W fb4a.HeroManager: 	contentType: GENERAL
01-10 14:56:20.647  3272  3528 W fb4a.HeroManager: 	isAudioDataListenerEnabled: false
01-10 14:56:20.647  3272  3528 W fb4a.HeroManager: 	liveViewerCount: -1, type: DASH_VOD
01-10 14:56:20.648  3272  5308 W fb4a.FeedDbMutationService: DedupKey not found for cache ID: 7090500764112354432
01-10 14:56:20.664  3272  3528 W fb4a.HeroManager: mediaPreload.prefetchInternal : source: Type: DASH_VOD
01-10 14:56:20.664  3272  3528 W fb4a.HeroManager: 	Id: 4273850496167388
01-10 14:56:20.664  3272  3528 W fb4a.HeroManager: 	Uri: https://scontent.fiba1-1.fna.fbcdn.net/o1/v/t2/f2/m412/AQPDCZj2BEN6Z_iks__wsRdn5GfXHATJWM4HjW6FK1Hq0wh1h9cmYlS-dSTarJqkL9aHPYMTRupjJ9PojA47kv0kulp20FYzt9O_1Vjt9g.mp4?_nc_cat=101&_nc_oc=AdlkkQnKjphQ59iuXk6kDsFHI8tmNMei35Wv9_Mmsg67oZSnCCG3N22PXqPYIWIMkso&_nc_sid=8bf8fe&_nc_ht=scontent.fiba1-1.fna.fbcdn.net&_nc_ohc=y5iAbpKKIxgQ7kNvwGgxPl7&efg=eyJ2ZW5jb2RlX3RhZyI6Inhwdl9wcm9ncmVzc2l2ZS5GQUNFQk9PSy4uQzMuMzYwLnN2ZV9zZCIsInhwdl9hc3NldF9pZCI6MTU1NDA2MjE0NTc0Mzc1MiwiYXNzZXRfYWdlX2RheXMiOjAsInZpX3VzZWNhc2VfaWQiOjEwMTIzLCJkdXJhdGlvbl9zIjo2MiwidXJsZ2VuX3NvdXJjZSI6Ind3dyJ9&ccb=17-1&_nc_zt=28&oh=00_AfqWioELz_qWUYdmE-Cc5M4PsG7yDpYUU5jCT94vUmORbw&oe=69683621&bitrate=186505&tag=sve_sd
01-10 14:56:20.664  3272  3528 W fb4a.HeroManager: 	Origin: FEED
01-10 14:56:20.664  3272  3528 W fb4a.HeroManager: 	PrefetchOrigin: FEED
01-10 14:56:20.664  3272  3528 W fb4a.HeroManager: 	DashMPD: 14126
01-10 14:56:20.664  3272  3528 W fb4a.HeroManager: 	liveLatency: -1
01-10 14:56:20.664  3272  3528 W fb4a.HeroManager: 	liveLatencyTolerance: -1
01-10 14:56:20.664  3272  3528 W fb4a.HeroManager: 	isSpherical: false
01-10 14:56:20.664  3272  3528 W fb4a.HeroManager: 	isSponsored: false
01-10 14:56:20.664  3272  3528 W fb4a.HeroManager: 	isAdBreak: false
01-10 14:56:20.664  3272  3528 W fb4a.HeroManager: 	isLiveTraceEnabled: false
01-10 14:56:20.664  3272  3528 W fb4a.HeroManager: 	renderMode: AUDIO_VIDEO
01-10 14:56:20.664  3272  3528 W fb4a.HeroManager: 	isBroadcast: false
01-10 14:56:20.664  3272  3528 W fb4a.HeroManager: 	contentType: GENERAL
01-10 14:56:20.664  3272  3528 W fb4a.HeroManager: 	isAudioDataListenerEnabled: false
01-10 14:56:20.664  3272  3528 W fb4a.HeroManager: 	liveViewerCount: -1, type: DASH_VOD
01-10 14:56:20.692  3272  3420 E fb4a.FBMsysInfraNoSqliteConfig: None Exist. New Instance X.7CG@cb84b2e
01-10 14:56:20.765  3272  3420 W fb4a.LazyMailboxPhases: Phase transition: PRE_INIT -> START_INIT
01-10 14:56:20.778  3272  5319 W facebook.katan: JNI RegisterNativeMethods: attempt to register 0 native methods for com.facebook.msys.mci.AuthDataContext
01-10 14:56:20.785  3272  5319 W SoLoader[NativeDeps]: Falling back to custom ELF parsing when loading libbreakpad-fatal-java-exception-description-handler-jni.so, this can be slow
01-10 14:56:20.818  3272  3420 W fb4a.LazyMailboxPhases: Phase transition: START_INIT -> INITIALIZING
01-10 14:56:20.834  3272  5319 W fb4a.AppInfoCore: [AI] Package not found when getting package info
01-10 14:56:20.850  3272  3609 W fb4a.FrscLanguagePack: FRSC English string not found for ID #0x7f1400c1
01-10 14:56:20.944  1543  1605 D EmuHWC2 : sent 18 syncs in 60s
01-10 14:56:21.014  3272  5306 W fb4a.AppInfoCore: [AI] Package not found when getting package info
01-10 14:56:21.015  3272  5306 E fb4a.FbMsysSyncStateTracker: FbMsysSyncStateTracker is not enabled
01-10 14:56:21.016  3272  5306 W fb4a.AppInfoCore: [AI] Package not found when getting package info
01-10 14:56:21.023  3272  5306 E fb4a.FbMsysSyncStateTracker: FbMsysSyncStateTracker is not enabled
01-10 14:56:21.024  3272  5319 E fb4a.msys: E[D [not an error] MemMciAuxDbManagement]_SaveDatabasesThatRequireTransfer(1777)=>Not saving db type 2 as requiring transfer
01-10 14:56:21.025  3272  5319 E fb4a.msys: E[D [not an error] MemMciAuxDbManagement]_SaveDatabasesThatRequireTransfer(1777)=>Not saving db type 5 as requiring transfer
01-10 14:56:21.025  3272  5319 E fb4a.msys: E[D [not an error] MemMciAuxDbManagement]_SaveDatabasesThatRequireTransfer(1777)=>Not saving db type 1 as requiring transfer
01-10 14:56:21.025  3272  5319 E fb4a.msys: E[D [not an error] MemMciAuxDbManagement]_SaveDatabasesThatRequireTransfer(1777)=>Not saving db type 3 as requiring transfer
01-10 14:56:21.038  3272  5322 E fb4a.msys: E[D 1301]MCIDatabaseFileManagerDecryptDB(395)=>274/1301/3377/-1
01-10 14:56:21.046  3272  3618 W fb4a.AppInfoCore: [AI] Package not found when getting package info
01-10 14:56:21.047  3272  3618 W fb4a.AppInfoCore: [AI] Package not found when getting package info
01-10 14:56:21.070  3272  5306 W fb4a.AppInfoCore: [AI] Package not found when getting package info
01-10 14:56:21.070  3272  5306 E fb4a.FbMsysSyncStateTracker: FbMsysSyncStateTracker is not enabled
01-10 14:56:21.071  3272  5306 W fb4a.AppInfoCore: [AI] Package not found when getting package info
01-10 14:56:21.071  3272  5306 E fb4a.FbMsysSyncStateTracker: FbMsysSyncStateTracker is not enabled
01-10 14:56:21.075  3272  5314 W fb4a.AppInfoCore: [AI] Package not found when getting package info
01-10 14:56:21.076  3272  5314 W fb4a.AppInfoCore: [AI] Package not found when getting package info
01-10 14:56:21.229  3272  5322 E fb4a.msys: E[M [not an error]]_MCAMailboxDatabaseInitialized(1637)=>calling `MCIAuxiliaryDBManagementBootstrapAndTransfer` in main database initialized callback
01-10 14:56:21.229  3272  5322 E fb4a.msys: E[D [not an error] MemMciAuxDbManagement]_MCIAuxiliaryDBManagementBootstrap(1838)=>In `BootstrapAndTransfer`: Skipping bootstrap for db type 2 because it does not require transfer
01-10 14:56:21.229  3272  5322 E fb4a.msys: E[D [not an error] MemMciAuxDbManagement]_MCIAuxiliaryDBManagementBootstrap(1838)=>In `BootstrapAndTransfer`: Skipping bootstrap for db type 5 because it does not require transfer
01-10 14:56:21.229  3272  5322 E fb4a.msys: E[D [not an error] MemMciAuxDbManagement]_MCIAuxiliaryDBManagementBootstrap(1838)=>In `BootstrapAndTransfer`: Skipping bootstrap for db type 1 because it does not require transfer
01-10 14:56:21.229  3272  5322 E fb4a.msys: E[D [not an error] MemMciAuxDbManagement]_MCIAuxiliaryDBManagementBootstrap(1838)=>In `BootstrapAndTransfer`: Skipping bootstrap for db type 3 because it does not require transfer
01-10 14:56:21.229  3272  5322 E fb4a.msys: E[M [not an error]]_MCAMailboxDatabaseInitialized(1645)=>calling `MCIAuxiliaryDBManagementBootstrap` in main database initialized callback
01-10 14:56:21.229  3272  5322 E fb4a.msys: E[D [not an error] MemMciAuxDbManagement]_MCIAuxiliaryDBManagementBootstrap(1861)=>In `Bootstrap`: Will bootstrap for db type 2 because it does not require transfer
01-10 14:56:21.237  3272  5322 E fb4a.msys: E[D [not an error] MemMciAuxDbManagement]_MCIAuxiliaryDBManagementBootstrap(1861)=>In `Bootstrap`: Will bootstrap for db type 5 because it does not require transfer
01-10 14:56:21.239  3272  5322 E fb4a.msys: E[D [not an error] MemMciAuxDbManagement]_MCIAuxiliaryDBManagementBootstrap(1861)=>In `Bootstrap`: Will bootstrap for db type 1 because it does not require transfer
01-10 14:56:21.286  3272  5322 E fb4a.msys: E[D [not an error] MemMciAuxDbManagement]_MCIAuxiliaryDBManagementBootstrap(1861)=>In `Bootstrap`: Will bootstrap for db type 3 because it does not require transfer
01-10 14:56:21.291  3272  5322 E fb4a.msys: E[S task_dispatching]_MCDTaskDispatcherGetTaskListWithBatchSize(1349)=>Ending task dispatching for queue acs_sync_LS_MsgrXmaReceiverFetch (reason: failed to fetch task list): Error Domain=Facebook_MCD_task_queue Code=10005
01-10 14:56:21.346  3272  5319 E fb4a.msys: E[N mns]_MNSTLSContextMbedCreate(214)=>T227115427: MBEDTLS_USE_PSA_CRYPTO is NOT defined.
01-10 14:56:21.363  3272  5319 E fb4a.msys: E[N mns]_MNSTLSContextMbedCreate(214)=>T227115427: MBEDTLS_USE_PSA_CRYPTO is NOT defined.
01-10 14:56:21.400  3272  5319 W fb4a.AppInfoCore: [AI] Package not found when getting package info
01-10 14:56:21.409  3272  5319 I chatty  : uid=10084(com.facebook.katana) MainContext identical 14 lines
01-10 14:56:21.413  3272  5319 W fb4a.AppInfoCore: [AI] Package not found when getting package info
01-10 14:56:21.435  3272  5319 W fb4a.LazyMailboxPhases: Phase transition: INITIALIZING -> READY
01-10 14:56:21.444  3272  3340 W facebook.katan: Profile data size exceeds 500000 bytes
01-10 14:56:21.468  3272  5308 D OpenGLRenderer: Skia GL Pipeline
01-10 14:56:21.500  3272  5319 E fb4a.AppState: Returning default for firstRunInfo
01-10 14:56:21.543  3272  3420 W fb4a.AdvancedCryptoTransport: [not an error] Calling MailboxAdvancedCryptoTransport.login() shouldUseMEMLogin=false
01-10 14:56:21.547  3272  5319 E fb4a.AppState: Returning default for firstRunInfo
01-10 14:56:21.547  3272  3420 W fb4a.AdvancedCryptoTransport: [not an error] Calling MailboxAdvancedCryptoTransport.login() shouldUseMEMLogin=false
01-10 14:56:21.589  3272  5319 E fb4a.msys: E[C MCAMailboxAdvancedCryptoTransport]MCAMailboxAdvancedCryptoTransportLogin(1584)=>MCAMailboxAdvancedCryptoTransportLogin
01-10 14:56:21.596  3272  5319 E fb4a.msys: E[C MCAMailboxAdvancedCryptoTransport]_MailboxLoginCallback(1412)=>_MailboxLoginCallback
01-10 14:56:21.605  3272  5319 W fb4a.AdvancedCryptoTransport: Login type is PREVIOUSLY_REGISTERED
01-10 14:56:21.606  3272  5319 E fb4a.msys: E[C MCAMailboxAdvancedCryptoTransport]MCAMailboxAdvancedCryptoTransportLogin(1584)=>MCAMailboxAdvancedCryptoTransportLogin
01-10 14:56:21.607  3272  5319 E fb4a.msys: E[C MCAMailboxAdvancedCryptoTransport]_MailboxLoginCallback(1412)=>_MailboxLoginCallback
01-10 14:56:21.608  3272  5319 W fb4a.AdvancedCryptoTransport: Login type is ALREADY_LOGGED_IN
01-10 14:56:21.608  3272  5319 E fb4a.ZeroChatDHostController: Trying to add the same listener twice. This must be a bug.
01-10 14:56:21.608  3272  5319 E fb4a.ZeroChatDHostController: Trying to add the same listener twice. This must be a bug.
01-10 14:56:21.632  3272  5324 E fb4a.PlatformStorageProvider: unsupported value type when platformStorageSaveValue was called
01-10 14:56:21.633  3272  5324 E fb4a.msys: E[C mem.context]_ConnectAndSetUpConnectionStatesOnExecutionContext(3017)=>[INFO]connect/allowed
01-10 14:56:21.633  3272  3655 E fb4a.msys: E[C MEMConnectionManager]__ConnectIfNeededOnNetworkContextAsyncImpl(1280)=>[Critical] Call WCCConnectionConnect with event id: 1
01-10 14:56:21.634  3272  3655 E fb4a.msys: E[N WCCConnectionMEM]_WCCConnectionMEMEmitStateChange(3180)=>[INFO] connection/new_state/connecting [connection_id=634459514, wcc_source=0, wcc_reason=0]
01-10 14:56:21.634  3272  3655 E fb4a.msys: E[C MEMConnectionManager]_MEMConnectionManagerStateChangeHandler(649)=>[Critical] MEMConnectionState updated to ID: 1 with connectionId: 634459514
01-10 14:56:21.647  1930  1930 D StatusBar: disable<e i a s b h r c s > disable2<q i n >
01-10 14:56:21.665  3272  3655 E fb4a.msys: E[N WCCConnectionMEM]_WCCConnectionMEMDoConnectWithAuthKeys(1565)=>[INFO] connection/connect/start/[host=chat-e2ee-mini.facebook.com port=5222]/[102.132.101.37:5222]/socketAddressCount=1
01-10 14:56:21.666  3272  3655 E fb4a.msys: E[N WCCConnectionMEM]_WCCConnectionMEMLifecycleEventHandler(2173)=>[INFO] connection/xmpp/lifecycle_event/will-connect
01-10 14:56:21.666  3272  3655 E fb4a.msys: E[A WA]WCCHandshakeCreate(178)=>handshake/create, pq mode:0
01-10 14:56:21.696  3272  3655 E fb4a.msys: E[N WCCConnectionMEM]_WCCConnectionMEMLifecycleEventHandler(2181)=>[INFO] connection/xmpp/lifecycle_event/did-connect, [0.0302s]
01-10 14:56:21.707  3272  3655 E fb4a.msys: E[N WCCConnectionMEM]_WCCConnectionMEMLifecycleEventHandler(2181)=>[INFO] connection/xmpp/lifecycle_event/did-send-initial-payload, [0.0109s]
01-10 14:56:21.743  1930  1930 D StatusBar: disable<e i a s b h r c s > disable2<q i n >
01-10 14:56:21.766  2417  2417 D BoundBrokerSvc: onBind: Intent { act=com.google.android.gms.auth.blockstore.service.START dat=chimera-action: cmp=com.google.android.gms/.chimera.GmsApiService }
01-10 14:56:21.766  2417  2417 D BoundBrokerSvc: Loading bound service for intent: Intent { act=com.google.android.gms.auth.blockstore.service.START dat=chimera-action: cmp=com.google.android.gms/.chimera.GmsApiService }
01-10 14:56:21.794  1542  1715 D gralloc_default: gralloc_alloc: Creating ashmem region of size 233472, ignore more log...
01-10 14:56:21.867  3272  5319 E fb4a.msys: E[ADNSUCTIMH WA]WPTTimerImplScheduleSet(109)=>WPTTimerImplInMemory/negative_timer_delay current:789746181.00, execute:789740871.00 device current:789746181.87 key: message_persistence_store_periodic_ephemeral_messages_expiration_1800
01-10 14:56:21.868  3272  5319 E fb4a.msys: E[ADNSUCTIMH WA]WPTTimerImplScheduleSet(109)=>WPTTimerImplInMemory/negative_timer_delay current:789746181.00, execute:789739971.00 device current:789746181.87 key: message_persistence_store_periodic_deleted_messages_purge_900
01-10 14:56:21.868  3272  5319 E fb4a.msys: E[ADNSUCTIMH WA]WPTTimerImplScheduleSet(109)=>WPTTimerImplInMemory/negative_timer_delay current:789746181.00, execute:789739311.00 device current:789746181.87 key: message_persistence_store_periodic_messages_backup_60
01-10 14:56:21.900  1930  2242 E EGL_emulation: tid 2242: eglSurfaceAttrib(1493): error 0x3009 (EGL_BAD_MATCH)
01-10 14:56:21.900  1930  2242 W OpenGLRenderer: Failed to set EGL_SWAP_BEHAVIOR on surface 0x7fff6baed800, error=EGL_BAD_MATCH
01-10 14:56:21.906  1542  1715 D gralloc_default: gralloc_alloc: Creating ashmem region of size 233472, ignore more log...
01-10 14:56:21.926  3272  3655 E fb4a.msys: E[N WCCConnectionMEM]_WCCConnectionMEMLifecycleEventHandler(2181)=>[INFO] connection/xmpp/lifecycle_event/will-handshake, [0.2181s]
01-10 14:56:21.930  3272  3655 E fb4a.msys: E[N WCCConnectionMEM]_WCCConnectionMEMLifecycleEventHandler(2181)=>[INFO] connection/xmpp/lifecycle_event/did-handshake, [0.0035s]
01-10 14:56:21.940  3272  3655 E fb4a.msys: E[N WCCConnectionMEM]_WCCConnectionMEMReceiveHandler(2353)=>[INFO] connection/receive/login-success
01-10 14:56:21.940  3272  3655 E fb4a.msys: E[N WCCConnectionMEM]_WCCConnectionMEMEmitStateChange(3180)=>[INFO] connection/new_state/connected [connection_id=634459514, wcc_source=0, wcc_reason=0]
01-10 14:56:21.940  3272  3655 E fb4a.msys: E[C MEMConnectionManager]_MEMConnectionManagerStateChangeHandler(649)=>[Critical] MEMConnectionState updated to ID: 2 with connectionId: 634459514
01-10 14:56:21.946  1542  1715 D gralloc_default: gralloc_alloc: Creating ashmem region of size 233472, ignore more log...
01-10 14:56:21.948  3272  5319 W fb4a.AppInfoCore: [AI] Package not found when getting package info
01-10 14:56:22.022  3272  5319 W fb4a.AppInfoCore: [AI] Package not found when getting package info
01-10 14:56:22.028  3272  5319 E fb4a.msys: E[N MCCWLigerStream]_NetworkChangedCallbackInternal(57)=>skip the network state change source=4
01-10 14:56:22.028  3272  5324 E fb4a.msys: E[C mem.context]_NetworkStateChangedCallbackOnExecutionContext(7921)=>[INFO]skip the network state change source=4
01-10 14:56:22.029  3272  3521 W fb4a.AppInfoCore: [AI] Package not found when getting package info
01-10 14:56:22.031  3272  3521 W fb4a.AppInfoCore: [AI] Package not found when getting package info
01-10 14:56:22.033  3272  3873 W fb4a.AppInfoCore: [AI] Package not found when getting package info
01-10 14:56:22.035  3272  3873 W fb4a.AppInfoCore: [AI] Package not found when getting package info
01-10 14:56:22.035  2417  3127 I Backup  : [GmsBackupAccountManager] Backup account not found in gmscore.
01-10 14:56:22.093  2259  5341 W ChimeraUtils: Module com.google.android.gms.backup_base missing resource null(0)
01-10 14:56:22.096  1759  1778 I chatty  : uid=1000(system) pool-1-thread-1 expire 136 lines
01-10 14:56:22.089  1359  1359 W auditd  : type=1327 audit(0.0:1014): proctitle="system_server"
01-10 14:56:22.089  1359  1359 W auditd  : type=1320 audit(0.0:1014): 
01-10 14:56:22.171  2259  5341 I Backup  : [BackupAccountNotifier] Not showing notification - waiting until 4921627218988.
01-10 14:56:22.178  1759  5345 I chatty  : uid=1000 system_server expire 260 lines
01-10 14:56:22.306  1759  1759 E NotificationService: Muting recently noisy 0|com.android.server.telecom|1337|null|1000
01-10 14:56:22.318  1759  1759 E NotificationService: Muting recently noisy 0|com.android.location.fused|1337|null|1000
01-10 14:56:22.328  1759  1759 E NotificationService: Muting recently noisy 0|android|1337|null|1000
01-10 14:56:22.352  1759  1759 E NotificationService: Muting recently noisy 0|com.android.server.telecom|1337|null|1000
01-10 14:56:22.361  1759  1759 E NotificationService: Muting recently noisy 0|com.android.location.fused|1337|null|1000
01-10 14:56:22.368  3272  5322 E fb4a.msys: E[C 1]MCCLogErrorWithTraceOrQPL(280)=>1/244/593/-1
01-10 14:56:22.374  3272  5322 E fb4a.msys: E[C 1]MCCLogErrorWithTraceOrQPL(280)=>105/317/659/-1
01-10 14:56:22.378  1759  1759 E NotificationService: Muting recently noisy 0|com.android.location.fused|1337|null|1000
01-10 14:56:22.378  1759  1759 E NotificationService: Muting recently noisy 0|android|1337|null|1000
01-10 14:56:22.376  3272  5322 I chatty  : uid=10084(com.facebook.katana) DatabaseContext identical 1 line
01-10 14:56:22.376  3272  5322 E fb4a.msys: E[C 1]MCCLogErrorWithTraceOrQPL(280)=>105/317/659/-1
01-10 14:56:22.437  3272  5322 E fb4a.msys: E[C 1]MCCLogErrorWithTraceOrQPL(280)=>172/1067/2858/-1
01-10 14:56:22.468  3272  5322 E fb4a.msys: E[C 1]MCCLogErrorWithTraceOrQPL(280)=>172/1067/2858/-1
01-10 14:56:22.570  3272  5322 E fb4a.msys: E[C 1]MCCLogErrorWithTraceOrQPL(280)=>1/244/593/-1
01-10 14:56:22.574  3272  5322 E fb4a.msys: E[C 1]MCCLogErrorWithTraceOrQPL(280)=>105/317/659/-1
01-10 14:56:22.575  3272  5322 E fb4a.msys: E[C 1]MCCLogErrorWithTraceOrQPL(280)=>105/317/659/-1
01-10 14:56:22.601  3272  5319 W fb4a.AppInfoCore: [AI] Package not found when getting package info
01-10 14:56:22.616  3272  5319 W fb4a.AppInfoCore: [AI] Package not found when getting package info
01-10 14:56:22.620  3272  5308 W fb4a.AppInfoCore: [AI] Package not found when getting package info
01-10 14:56:22.622  3272  5308 W fb4a.AppInfoCore: [AI] Package not found when getting package info
01-10 14:56:22.670  3272  5316 W fb4a.AppInfoCore: [AI] Package not found when getting package info
01-10 14:56:22.691  3272  5319 W fb4a.AppInfoCore: [AI] Package not found when getting package info
01-10 14:56:22.694  3272  5319 W fb4a.AppInfoCore: [AI] Package not found when getting package info
01-10 14:56:22.695  3272  5308 W fb4a.AppInfoCore: [AI] Package not found when getting package info
01-10 14:56:22.711  3272  5308 W fb4a.AppInfoCore: [AI] Package not found when getting package info
01-10 14:56:22.711  3272  5319 W fb4a.AppInfoCore: [AI] Package not found when getting package info
01-10 14:56:22.781  3272  5319 W fb4a.AppInfoCore: [AI] Package not found when getting package info
01-10 14:56:22.793  1562  1562 I VibratorService: turn vibrator off
01-10 14:56:22.810  1562  1562 I VibratorService: turn vibrator on timeout_ms=100
01-10 14:56:22.810  1562  1562 I VibratorService: Setting amplitude  to: 3596
01-10 14:56:22.817  1562  1562 I VibratorService: turn vibrator off
01-10 14:56:22.821  1562  1562 I VibratorService: turn vibrator on timeout_ms=100
01-10 14:56:22.821  1562  1562 I VibratorService: Setting amplitude  to: 3596
01-10 14:56:22.828  1562  1562 I VibratorService: turn vibrator off
01-10 14:56:22.830  1562  1562 I VibratorService: turn vibrator on timeout_ms=100
01-10 14:56:22.830  1562  1562 I VibratorService: Setting amplitude  to: 3596
01-10 14:56:22.854  3272  5319 W fb4a.AppInfoCore: [AI] Package not found when getting package info
01-10 14:56:22.857  3272  5319 W fb4a.AppInfoCore: [AI] Package not found when getting package info
01-10 14:56:23.033  3272  5306 W fb4a.AppInfoCore: [AI] Package not found when getting package info
01-10 14:56:23.081  1562  1562 I VibratorService: turn vibrator on timeout_ms=100
01-10 14:56:23.081  1562  1562 I VibratorService: Setting amplitude  to: 3596
01-10 14:56:23.085  3272  5306 W fb4a.AppInfoCore: [AI] Package not found when getting package info
01-10 14:56:23.086  3272  5306 I chatty  : uid=10084(com.facebook.katana) identical 5 lines
01-10 14:56:23.087  3272  5306 W fb4a.AppInfoCore: [AI] Package not found when getting package info
01-10 14:56:23.135  1930  1930 D StatusBar: disable<e i a s b h r c s > disable2<q i n >
01-10 14:56:23.181  1562  1562 I VibratorService: turn vibrator off
01-10 14:56:23.226  1930  1930 D StatusBar: disable<e i a s b h r c s > disable2<q i n >
01-10 14:56:23.237  1562  1562 I VibratorService: turn vibrator off
01-10 14:56:23.242  1562  1562 I VibratorService: turn vibrator on timeout_ms=350
01-10 14:56:23.242  1562  1562 I VibratorService: Setting amplitude  to: 3596
01-10 14:56:23.254  1930  1930 I vol.Events: writeEvent dismiss_dialog volume_controller
01-10 14:56:23.277  1542  1715 D gralloc_default: gralloc_alloc: Creating ashmem region of size 5763072, ignore more log...
01-10 14:56:23.301  1930  2242 E EGL_emulation: tid 2242: eglSurfaceAttrib(1493): error 0x3009 (EGL_BAD_MATCH)
01-10 14:56:23.301  1930  2242 W OpenGLRenderer: Failed to set EGL_SWAP_BEHAVIOR on surface 0x7fff6baed800, error=EGL_BAD_MATCH
01-10 14:56:23.303  1542  1715 D gralloc_default: gralloc_alloc: Creating ashmem region of size 5763072, ignore more log...
01-10 14:56:22.378  1759  1759 E NotificationService: Muting recently noisy 0|android|1337|null|1000
01-10 14:56:23.416  1759  1759 E NotificationService: Muting recently noisy 0|com.facebook.katana|0|410675026|10084
01-10 14:56:23.325  1542  1715 D gralloc_default: gralloc_alloc: Creating ashmem region of size 5763072, ignore more log...
01-10 14:56:23.512  1930  1930 I vol.Events: writeEvent dismiss_dialog volume_controller
01-10 14:56:23.843  1562  1562 I VibratorService: turn vibrator on timeout_ms=350
01-10 14:56:23.843  1562  1562 I VibratorService: Setting amplitude  to: 3596
01-10 14:56:24.193  1562  1562 I VibratorService: turn vibrator off
01-10 14:56:24.390  2259  2259 D BoundBrokerSvc: onRebind: Intent { act=com.google.android.gms.libs.gmscorelogger.service.START dat=chimera-action: cmp=com.google.android.gms/.chimera.PersistentDirectBootAwareApiService }
01-10 14:56:25.771  2417  2417 D BoundBrokerSvc: onUnbind: Intent { act=com.google.android.gms.measurement.START pkg=com.google.android.gms }
01-10 14:56:29.653  1930  1930 D StatusBar: disable<e i a s b h r c s > disable2<q i n >
01-10 14:56:29.676  1930  1930 D StatusBar: disable<e i a s b h r c s > disable2<q i n >
01-10 14:56:29.708  1542  1715 D gralloc_default: gralloc_alloc: Creating ashmem region of size 233472, ignore more log...
01-10 14:56:29.728  1930  2242 E EGL_emulation: tid 2242: eglSurfaceAttrib(1493): error 0x3009 (EGL_BAD_MATCH)
01-10 14:56:29.728  1930  2242 W OpenGLRenderer: Failed to set EGL_SWAP_BEHAVIOR on surface 0x7fff6baed800, error=EGL_BAD_MATCH
01-10 14:56:29.732  1542  1715 D gralloc_default: gralloc_alloc: Creating ashmem region of size 233472, ignore more log...
01-10 14:56:29.734  1591  1651 E storaged: getDiskStats failed with result NOT_SUPPORTED and size 0
01-10 14:56:29.726  1591  1591 I storaged: type=1400 audit(0.0:1017): avc: denied { call } for scontext=u:r:storaged:s0 tcontext=u:r:init:s0 tclass=binder permissive=1
01-10 14:56:29.726  1591  1591 W storaged: type=1300 audit(0.0:1017): arch=c000003e syscall=16 success=yes exit=0 a0=4 a1=c0306201 a2=7ffff7384ea0 a3=7ffff6e27288 items=0 ppid=1 auid=4294967295 uid=0 gid=1032 euid=0 suid=0 fsuid=0 egid=1032 sgid=1032 fsgid=1032 tty=(none) ses=4294967295 exe="/system/bin/storaged" subj=u:r:storaged:s0 key=(null)
01-10 14:56:29.726  1359  1359 W auditd  : type=1327 audit(0.0:1017): proctitle="/system/bin/storaged"
01-10 14:56:29.726  1359  1359 W auditd  : type=1320 audit(0.0:1017): 
01-10 14:56:29.744  1542  1715 D gralloc_default: gralloc_alloc: Creating ashmem region of size 233472, ignore more log...
01-10 14:56:30.685  2259  2259 D BoundBrokerSvc: onUnbind: Intent { act=com.google.android.gms.presencemanager.service.START dat=chimera-action: cmp=com.google.android.gms/.chimera.PersistentApiService }
01-10 14:56:30.686  2259  2259 D BoundBrokerSvc: onUnbind: Intent { act=com.google.android.gms.presencemanager.service.INTERNAL_IDENTITY dat=chimera-action: cmp=com.google.android.gms/.chimera.PersistentApiService }
01-10 14:56:37.376  2417  2417 D BoundBrokerSvc: onUnbind: Intent { act=com.google.android.gms.auth.blockstore.service.START dat=chimera-action: cmp=com.google.android.gms/.chimera.GmsApiService }
01-10 14:56:39.441  2259  2259 D BoundBrokerSvc: onUnbind: Intent { act=com.google.android.gms.libs.gmscorelogger.service.START dat=chimera-action: cmp=com.google.android.gms/.chimera.PersistentDirectBootAwareApiService }
01-10 14:56:54.225  1759  1780 I chatty  : uid=1000(system) FinalizerDaemon expire 39 lines
01-10 14:56:57.042  1546  1546 I health@2.0-serv: type=1400 audit(0.0:1018): avc: denied { read } for scontext=u:r:init:s0 tcontext=u:r:init:s0 tclass=netlink_kobject_uevent_socket permissive=1
01-10 14:56:57.042  1546  1546 W health@2.0-serv: type=1300 audit(0.0:1018): arch=c000003e syscall=47 success=yes exit=192 a0=8 a1=7fffffffdf48 a2=0 a3=ffffffff items=0 ppid=1 auid=4294967295 uid=1000 gid=1000 euid=1000 suid=1000 fsuid=1000 egid=1000 sgid=1000 fsgid=1000 tty=(none) ses=4294967295 exe="/system/vendor/bin/hw/android.hardware.health@2.0-service.default" subj=u:r:init:s0 key=(null)
01-10 14:56:57.042  1359  1359 W auditd  : type=1327 audit(0.0:1018): proctitle="/vendor/bin/hw/android.hardware.health@2.0-service.default"
01-10 14:56:57.042  1359  1359 W auditd  : type=1320 audit(0.0:1018): 
01-10 14:57:00.413  2259  5237 I AlarmManager: setExactAndAllowWhileIdle [name: GCM_HB_ALARM type: 2 triggerAtMillis: 1963104]
01-10 14:57:00.686  2259  5380 I AlarmManager: setExactAndAllowWhileIdle [name: FcmRetry type: 2 triggerAtMillis: 1723370]
01-10 14:57:00.748  3272  3272 W fb4a.AppComponentFactory: Instantiating BroadcastReceiver
01-10 14:57:00.833  3272  5301 E fb4a.OpenMessagingPushPathLogger: Flow is inactive when adding debug checkpoint for instance key 170102605
01-10 14:57:00.986  3272  5301 E fb4a.OpenMessagingPushPathLogger: Flow is inactive when adding debug checkpoint for instance key 170102605
01-10 14:57:01.001  3272  5301 E fb4a.OpenMessagingPushPathLogger: Flow is inactive while trying to log push property annotations for instance key 170102605
01-10 14:57:01.001  3272  5301 E fb4a.OpenMessagingPushPathLogger: Flow is inactive while trying to log for message id: null, instance key: 170102605, mi trace id: 2522317474414096185
01-10 14:57:01.112  3272  5301 E fb4a.OpenMessagingPushPathLogger: Flow is inactive when adding debug checkpoint for instance key 170102605
01-10 14:57:01.212  3272  3521 W fb4a.AppInfoCore: [AI] Package not found when getting package info
01-10 14:57:03.026  3272  5312 W fb4a.AppInfoCore: [AI] Package not found when getting package info
01-10 14:57:03.180  3272  3340 W facebook.katan: Profile data size exceeds 500000 bytes
01-10 14:57:03.292  3272  5311 W fb4a.FeedDbMutationService: DedupKey not found for cache ID: 2019149588030805978
01-10 14:57:03.293  3272  5311 W fb4a.FeedDbMutationService: DedupKey not found for cache ID: 2019149588030805978
01-10 14:57:03.294  3272  5312 W fb4a.FeedDbMutationService: DedupKey not found for cache ID: 2019149588030805978
01-10 14:57:03.294  3272  5312 W fb4a.FeedDbMutationService: DedupKey not found for cache ID: 2019149588030805978
01-10 14:57:03.305  3272  5389 W fb4a.FeedDbMutationService: DedupKey not found for cache ID: 2019149588030805978
01-10 14:57:03.326  3272  5392 W fb4a.FeedDbMutationService: DedupKey not found for cache ID: 2019149588030805978
01-10 14:57:03.328  3272  5392 W fb4a.FeedDbMutationService: DedupKey not found for cache ID: 357920399467754944
01-10 14:57:03.330  3272  5392 W fb4a.FeedDbMutationService: DedupKey not found for cache ID: 357920399467754944
01-10 14:57:03.331  3272  5393 W fb4a.FeedDbMutationService: DedupKey not found for cache ID: 357920399467754944
01-10 14:57:03.342  3272  3528 W fb4a.HeroManager: mediaPreload.prefetchInternal : source: Type: DASH_VOD
01-10 14:57:03.342  3272  3528 W fb4a.HeroManager: 	Id: 4273850496167388
01-10 14:57:03.342  3272  3528 W fb4a.HeroManager: 	Uri: https://scontent.fiba1-1.fna.fbcdn.net/o1/v/t2/f2/m412/AQPDCZj2BEN6Z_iks__wsRdn5GfXHATJWM4HjW6FK1Hq0wh1h9cmYlS-dSTarJqkL9aHPYMTRupjJ9PojA47kv0kulp20FYzt9O_1Vjt9g.mp4?_nc_cat=101&_nc_oc=AdlkkQnKjphQ59iuXk6kDsFHI8tmNMei35Wv9_Mmsg67oZSnCCG3N22PXqPYIWIMkso&_nc_sid=8bf8fe&_nc_ht=scontent.fiba1-1.fna.fbcdn.net&_nc_ohc=y5iAbpKKIxgQ7kNvwGgxPl7&efg=eyJ2ZW5jb2RlX3RhZyI6Inhwdl9wcm9ncmVzc2l2ZS5GQUNFQk9PSy4uQzMuMzYwLnN2ZV9zZCIsInhwdl9hc3NldF9pZCI6MTU1NDA2MjE0NTc0Mzc1MiwiYXNzZXRfYWdlX2RheXMiOjAsInZpX3VzZWNhc2VfaWQiOjEwMTIzLCJkdXJhdGlvbl9zIjo2MiwidXJsZ2VuX3NvdXJjZSI6Ind3dyJ9&ccb=17-1&_nc_zt=28&oh=00_AfqWioELz_qWUYdmE-Cc5M4PsG7yDpYUU5jCT94vUmORbw&oe=69683621&bitrate=186505&tag=sve_sd
01-10 14:57:03.342  3272  3528 W fb4a.HeroManager: 	Origin: NOTIFICATION
01-10 14:57:03.342  3272  3528 W fb4a.HeroManager: 	PrefetchOrigin: NOTIFICATION
01-10 14:57:03.342  3272  3528 W fb4a.HeroManager: 	DashMPD: 14126
01-10 14:57:03.342  3272  3528 W fb4a.HeroManager: 	liveLatency: -1
01-10 14:57:03.342  3272  3528 W fb4a.HeroManager: 	liveLatencyTolerance: -1
01-10 14:57:03.342  3272  3528 W fb4a.HeroManager: 	isSpherical: false
01-10 14:57:03.342  3272  3528 W fb4a.HeroManager: 	isSponsored: false
01-10 14:57:03.342  3272  3528 W fb4a.HeroManager: 	isAdBreak: false
01-10 14:57:03.342  3272  3528 W fb4a.HeroManager: 	isLiveTraceEnabled: false
01-10 14:57:03.342  3272  3528 W fb4a.HeroManager: 	renderMode: AUDIO_VIDEO
01-10 14:57:03.342  3272  3528 W fb4a.HeroManager: 	isBroadcast: false
01-10 14:57:03.342  3272  3528 W fb4a.HeroManager: 	contentType: GENERAL
01-10 14:57:03.342  3272  3528 W fb4a.HeroManager: 	isAudioDataListenerEnabled: false
01-10 14:57:03.342  3272  3528 W fb4a.HeroManager: 	liveViewerCount: -1, type: DASH_VOD
01-10 14:57:03.345  3272  3528 W fb4a.HeroManager: mediaPreload.prefetchInternal : source: Type: DASH_VOD
01-10 14:57:03.345  3272  3528 W fb4a.HeroManager: 	Id: 4273850496167388
01-10 14:57:03.345  3272  3528 W fb4a.HeroManager: 	Uri: https://scontent.fiba1-1.fna.fbcdn.net/o1/v/t2/f2/m412/AQPDCZj2BEN6Z_iks__wsRdn5GfXHATJWM4HjW6FK1Hq0wh1h9cmYlS-dSTarJqkL9aHPYMTRupjJ9PojA47kv0kulp20FYzt9O_1Vjt9g.mp4?_nc_cat=101&_nc_oc=AdlkkQnKjphQ59iuXk6kDsFHI8tmNMei35Wv9_Mmsg67oZSnCCG3N22PXqPYIWIMkso&_nc_sid=8bf8fe&_nc_ht=scontent.fiba1-1.fna.fbcdn.net&_nc_ohc=y5iAbpKKIxgQ7kNvwGgxPl7&efg=eyJ2ZW5jb2RlX3RhZyI6Inhwdl9wcm9ncmVzc2l2ZS5GQUNFQk9PSy4uQzMuMzYwLnN2ZV9zZCIsInhwdl9hc3NldF9pZCI6MTU1NDA2MjE0NTc0Mzc1MiwiYXNzZXRfYWdlX2RheXMiOjAsInZpX3VzZWNhc2VfaWQiOjEwMTIzLCJkdXJhdGlvbl9zIjo2MiwidXJsZ2VuX3NvdXJjZSI6Ind3dyJ9&ccb=17-1&_nc_zt=28&oh=00_AfqWioELz_qWUYdmE-Cc5M4PsG7yDpYUU5jCT94vUmORbw&oe=69683621&bitrate=186505&tag=sve_sd
01-10 14:57:03.345  3272  3528 W fb4a.HeroManager: 	Origin: FEED
01-10 14:57:03.345  3272  3528 W fb4a.HeroManager: 	PrefetchOrigin: FEED
01-10 14:57:03.345  3272  3528 W fb4a.HeroManager: 	DashMPD: 14126
01-10 14:57:03.345  3272  3528 W fb4a.HeroManager: 	liveLatency: -1
01-10 14:57:03.345  3272  3528 W fb4a.HeroManager: 	liveLatencyTolerance: -1
01-10 14:57:03.345  3272  3528 W fb4a.HeroManager: 	isSpherical: false
01-10 14:57:03.345  3272  3528 W fb4a.HeroManager: 	isSponsored: false
01-10 14:57:03.345  3272  3528 W fb4a.HeroManager: 	isAdBreak: false
01-10 14:57:03.345  3272  3528 W fb4a.HeroManager: 	isLiveTraceEnabled: false
01-10 14:57:03.345  3272  3528 W fb4a.HeroManager: 	renderMode: AUDIO_VIDEO
01-10 14:57:03.345  3272  3528 W fb4a.HeroManager: 	isBroadcast: false
01-10 14:57:03.345  3272  3528 W fb4a.HeroManager: 	contentType: GENERAL
01-10 14:57:03.345  3272  3528 W fb4a.HeroManager: 	isAudioDataListenerEnabled: false
01-10 14:57:03.345  3272  3528 W fb4a.HeroManager: 	liveViewerCount: -1, type: DASH_VOD
01-10 14:57:03.688  3272  3305 W fb4a.DefaultCloseableReference: Finalized without closing: 58c7850 757ca49 (type = X.1vr)
01-10 14:57:03.688  3272  3305 W fb4a.1Tb: Finalized without closing: d798f4e 757ca49 (type = X.1vr)
01-10 14:57:10.764  2259  2259 D BoundBrokerSvc: onRebind: Intent { act=com.google.android.gms.libs.gmscorelogger.service.START dat=chimera-action: cmp=com.google.android.gms/.chimera.PersistentDirectBootAwareApiService }
01-10 14:57:10.765  1759  1792 I chatty  : uid=1000(system) android.bg expire 20 lines
01-10 14:57:14.732  1759  1780 I chatty  : uid=1000(system) FinalizerDaemon expire 40 lines
01-10 14:57:21.138  1543  1605 D EmuHWC2 : sent 26 syncs in 60s
01-10 14:57:22.603  1930  2242 I OpenGLRenderer: Davey! duration=1477ms; Flags=0, IntendedVsync=1623815101714, Vsync=1623848435046, OldestInputEvent=9223372036854775807, NewestInputEvent=0, HandleInputStart=1623862443300, AnimationStart=1623862464566, PerformTraversalsStart=1623862487887, DrawStart=1624602984875, SyncQueued=1624612002505, SyncStart=1624612137692, IssueDrawCommandsStart=1624613712276, SwapBuffers=1624804797155, FrameCompleted=1625292573217, DequeueBufferDuration=120000, QueueBufferDuration=5873000, 
01-10 14:57:25.970  2259  2259 D BoundBrokerSvc: onUnbind: Intent { act=com.google.android.gms.libs.gmscorelogger.service.START dat=chimera-action: cmp=com.google.android.gms/.chimera.PersistentDirectBootAwareApiService }
01-10 14:57:29.758  1591  1651 E storaged: getDiskStats failed with result NOT_SUPPORTED and size 0
01-10 14:57:36.969  1759  1793 W ActivityManager: Stopping service due to app idle: u0a84 -26m12s396ms com.facebook.katana/com.facebook.mqtt.service.MqttServiceV2
01-10 14:57:57.398  1759  1780 I chatty  : uid=1000(system) FinalizerDaemon expire 45 lines
01-10 14:58:20.900  1543  1605 D EmuHWC2 : sent 24 syncs in 60s
01-10 14:58:22.072  3272  3655 E fb4a.msys: E[C MEMConnectionManager]__DisconnectIfNeededOnNetworkContextAsyncImpl(1360)=>[Critical] Call WCCConnectionDisconnect with event id: 3
01-10 14:58:22.080  3272  3655 E fb4a.msys: E[N WCCConnectionMEM]_WCCConnectionMEMDoDisconnect(1902)=>[INFO] connection/disconnect/[internalState=5]
01-10 14:58:22.422  3272  5339 E fb4a.msys: E[N 1278]onEOF(809)=>261/1278/3325/-1
01-10 14:58:22.425  3272  3655 E fb4a.msys: E[N WA]_WCCXMPPStreamDisconnectHandler(334)=>xmpp/disconnect - WCIStreamStateErrorCode: 2, domain: WCIStreamState, subdomain: MCCWLigerStream: Error Domain=WCIStreamState Code=2 UserInfo=0x7fff3e442bc0 {MCFErrorDirectUnderlyingErrorKey=0x7fff6bbc6f60 "Error Domain=MCCWLigerStream Code=4 UserInfo=0x7fff3f2ff4c0 {MCFErrorDirectLocalizedFailureReasonKey=EOF}"}
01-10 14:58:22.436  3272  3655 E fb4a.msys: E[N WCCConnectionMEM]_WCCConnectionMEMLifecycleEventHandler(2181)=>[INFO] connection/xmpp/lifecycle_event/not-connected, [120.4920s]
01-10 14:58:22.436  3272  3655 E fb4a.msys: E[N WA]_WCCXMPPStreamDoDisconnect(1190)=>xmpp/disconnect - flags: 256
01-10 14:58:22.436  3272  3655 E fb4a.msys: E[N WCCConnectionMEM]_WCCConnectionMEMDisconnectHandler(2292)=>connection/disconnected, peer reset
01-10 14:58:22.437  3272  3655 E fb4a.msys: E[N WCCConnectionMEM]_WCCConnectionMEMEmitStateChange(3180)=>[INFO] connection/new_state/not-connected [connection_id=634459514, wcc_source=1, wcc_reason=0]
01-10 14:58:22.447  3272  3655 E fb4a.msys: E[C MEMConnectionManager]_MEMConnectionManagerStateChangeHandler(649)=>[Critical] MEMConnectionState updated to ID: 0 with connectionId: 634459514
01-10 14:58:22.537  3272  5324 E fb4a.msys: E[C mem.context]_NetworkStateChangedCallbackOnExecutionContext(7921)=>[INFO]skip the network state change source=4
01-10 14:58:29.760  1591  1651 E storaged: getDiskStats failed with result NOT_SUPPORTED and size 0
01-10 14:58:38.403  1759  1800 W Looper  : Slow delivery took 281ms android.fg h=android.os.Handler c=null m=613
01-10 14:58:43.386  1759  1780 I chatty  : uid=1000(system) FinalizerDaemon expire 47 lines
01-10 14:59:00.002  1759  1792 I chatty  : uid=1000(system) android.bg expire 21 lines
01-10 14:59:03.522  1759  1800 W Looper  : Drained
01-10 14:59:20.981  1543  1605 D EmuHWC2 : sent 19 syncs in 60s
01-10 14:59:21.176  1930  1967 I ndroid.systemu: Background concurrent copying GC freed 93201(3MB) AllocSpace objects, 0(0B) LOS objects, 50% free, 6MB/12MB, paused 25us total 209.026ms
01-10 14:59:21.587  1759  1780 I chatty  : uid=1000(system) FinalizerDaemon expire 188 lines
01-10 14:59:25.307  2259  5383 I AlarmManager: setExactAndAllowWhileIdle [name: GCM_HB_ALARM type: 2 triggerAtMillis: 2107996]
01-10 14:59:25.702  2259  5396 W ChimeraUtils: Module com.google.android.gms.gcm missing resource null(0)
01-10 14:59:25.702  2259  5408 I AlarmManager: setExactAndAllowWhileIdle [name: GCM_HB_ALARM type: 2 triggerAtMillis: 2108392]
01-10 14:59:25.817  2259  5396 I AlarmManager: setExactAndAllowWhileIdle [name: FcmRetry type: 2 triggerAtMillis: 1868477]
01-10 14:59:25.912  3272  3272 W fb4a.AppComponentFactory: Instantiating BroadcastReceiver
01-10 14:59:26.010  1759  1794 W Looper  : Slow dispatch took 112ms android.ui h=com.android.server.am.ActivityManagerService$UiHandler c=null m=68
01-10 14:59:26.043  3272  3272 E fb4a.SlowAppComponent: 0ms: FirebaseInstanceIdReceiver instantiating
01-10 14:59:26.048  3272  3272 E fb4a.SlowAppComponent: Main thread was blocked for 143ms in the background starting with FirebaseInstanceIdReceiver
01-10 14:59:26.359  3272  5411 E fb4a.OpenMessagingPushPathLogger: Flow is inactive when adding debug checkpoint for instance key 202260645
01-10 14:59:26.612  3272  5411 I chatty  : uid=10084(com.facebook.katana) identical 2 lines
01-10 14:59:26.644  3272  5411 E fb4a.OpenMessagingPushPathLogger: Flow is inactive when adding debug checkpoint for instance key 202260645
01-10 14:59:26.659  3272  5411 E fb4a.OpenMessagingPushPathLogger: Flow is inactive while trying to log push property annotations for instance key 202260645
01-10 14:59:26.659  3272  5411 E fb4a.OpenMessagingPushPathLogger: Flow is inactive while trying to log for message id: null, instance key: 202260645, mi trace id: -2225960586915668560
01-10 14:59:26.886  3272  5411 E fb4a.OpenMessagingPushPathLogger: Flow is inactive when adding debug checkpoint for instance key 202260645
01-10 14:59:27.080  3272  5392 W fb4a.AppInfoCore: [AI] Package not found when getting package info
01-10 14:59:27.387  2259  5396 I AlarmManager: setExactAndAllowWhileIdle [name: GCM_HB_ALARM type: 2 triggerAtMillis: 2110078]
01-10 14:59:27.487  2259  5410 I AlarmManager: setExactAndAllowWhileIdle [name: FcmRetry type: 2 triggerAtMillis: 1870176]
01-10 14:59:27.519  3272  3272 W fb4a.AppComponentFactory: Instantiating BroadcastReceiver
01-10 14:59:27.552  3272  3272 E fb4a.SlowAppComponent: 0ms: FirebaseInstanceIdReceiver instantiating
01-10 14:59:27.552  3272  3272 E fb4a.SlowAppComponent: Main thread was blocked for 33ms in the background starting with FirebaseInstanceIdReceiver
01-10 14:59:27.598  3272  5411 E fb4a.OpenMessagingPushPathLogger: Flow is inactive when adding debug checkpoint for instance key 73908473
01-10 14:59:27.681  3272  5411 E fb4a.OpenMessagingPushPathLogger: Flow is inactive when adding debug checkpoint for instance key 73908473
01-10 14:59:27.684  3272  5411 E fb4a.OpenMessagingPushPathLogger: Flow is inactive while trying to log push property annotations for instance key 73908473
