01-10 14:53:08.688  1759  1793 W BroadcastQueue: Background execution not allowed: receiving Intent { act=android.intent.action.PACKAGE_REPLACED dat=package:com.habittracker flg=0x4000010 (has extras) } to com.ldmnq.launcher3/com.android.launcher3.PackageChangedReceiver
01-10 14:53:08.688  1759  1793 W BroadcastQueue: Background execution not allowed: receiving Intent { act=android.intent.action.PACKAGE_REPLACED dat=package:com.habittracker flg=0x4000010 (has extras) } to com.ldmnq.launcher3/com.ldplayer.ad.core.PackageReceiver
01-10 14:53:08.689  1759  1793 W BroadcastQueue: Background execution not allowed: receiving Intent { act=android.intent.action.PACKAGE_REPLACED dat=package:com.habittracker flg=0x4000010 (has extras) } to com.slmpaqjl.wumdnvl.f/p8q.lIK.M5
01-10 14:53:08.689  1759  1793 W BroadcastQueue: Background execution not allowed: receiving Intent { act=android.intent.action.PACKAGE_REPLACED dat=package:com.habittracker flg=0x4000010 (has extras) } to ru.hqgocnyr.yzvnudqdq/.PackageChangeReceiver
01-10 14:53:08.695  1759  1792 W LocationProviderProxy-network: Odd, no component found for service com.android.location.service.v3.NetworkLocationProvider
01-10 14:53:08.765  1759  1793 W ActivityManager: Slow operation: 74ms so far, now at startProcess: done creating new process record
01-10 14:53:08.765  1759  1793 W ActivityManager: Slow operation: 74ms so far, now at startProcess: stepping in to startProcess
01-10 14:53:08.787  1759  1792 W GeocoderProxy: Odd, no component found for service com.android.location.service.GeocodeProvider
01-10 14:53:08.836  1759  1793 W ActivityManager: Slow operation: 71ms so far, now at startProcess: building args
01-10 14:53:08.858  1759  1793 W ActivityManager: Slow operation: 167ms so far, now at startProcess: done starting proc!
01-10 14:53:08.862  1759  1794 W Looper  : Slow dispatch took 182ms android.ui h=com.android.server.am.ActivityManagerService$UiHandler c=null m=53
01-10 14:53:08.947  1759  1759 W Looper  : Slow dispatch took 197ms main h=com.android.server.job.JobSchedulerService$JobHandler c=null m=4
01-10 14:53:08.947  1759  1795 W ActivityManager: Slow operation: 182ms so far, now at startProcess: asking zygote to start proc
01-10 14:53:08.948  1759  1792 W GeofenceProxy: Odd, no component found for service com.android.location.service.GeofenceProvider
01-10 14:53:08.952  2656  2656 W ldmnq.launcher: Unknown chunk type '200'.
01-10 14:53:08.961  1759  1792 W ActivityRecognitionProxy: Odd, no component found for service com.android.location.service.ActivityRecognitionProvider
01-10 14:53:08.962  2417  3895 W gle.android.gm: Long monitor contention with owner lowpool[1] (2483) at bxrd bxrf.f(java.lang.String)(:com.google.android.gms@254730017@25.47.30 (100800-833691957):1) waiters=0 in long bxya.d(java.lang.String) for 200ms
01-10 14:53:09.048  1759  1795 W ActivityManager: Slow operation: 283ms so far, now at startProcess: returned from zygote!
01-10 14:53:09.055  2259  5037 I Fitness : (REDACTED) FitCleanupIntentOperation received Intent %s
01-10 14:53:09.206  2259  5022 I FontLog : (REDACTED) Package %s has no metadata
01-10 14:53:09.244  1759  1795 I chatty  : uid=1000(system) ActivityManager expire 1 line
01-10 14:53:09.276  5047  5047 I Zygote  : seccomp disabled by setenforce 0
01-10 14:53:09.288  2417  2417 D BoundBrokerSvc: onBind: Intent { act=com.google.android.gms.common.BIND_SHARED_PREFS pkg=com.google.android.gms }
01-10 14:53:09.288  2417  2417 D BoundBrokerSvc: Loading bound service for intent: Intent { act=com.google.android.gms.common.BIND_SHARED_PREFS pkg=com.google.android.gms }
01-10 14:53:09.294  5047  5047 I chatty  : uid=10061(com.habittracker) expire 10 lines
01-10 14:53:09.306  1759  1795 W ActivityManager: Slow operation: 541ms so far, now at startProcess: done updating battery stats
01-10 14:53:09.307  1759  1795 W ActivityManager: Slow operation: 542ms so far, now at startProcess: building log message
01-10 14:53:09.307  1759  1795 I ActivityManager: Start proc 5047:com.habittracker/u0a61 for broadcast com.habittracker/androidx.glance.appwidget.MyPackageReplacedReceiver
01-10 14:53:09.307  1759  1795 W ActivityManager: Slow operation: 542ms so far, now at startProcess: starting to update pids map
01-10 14:53:09.307  1759  1795 W ActivityManager: Slow operation: 542ms so far, now at startProcess: done updating pids map
01-10 14:53:09.329  2417  2433 W gle.android.gm: Suspending all threads took: 7.670ms
01-10 14:53:09.338  1759  1759 W Looper  : Drained
01-10 14:53:09.347  2417  5045 I Auth    : (REDACTED) [SupervisedAccountIntentOperation] onHandleIntent: %s
01-10 14:53:09.376  2656  2656 I ldmnq.launcher3: type=1400 audit(0.0:928): avc: denied { read } for name="Pictures" dev="sdcardfs" ino=1966083 scontext=u:r:untrusted_app:s0:c44,c256,c512,c768 tcontext=u:object_r:sdcardfs:s0 tclass=lnk_file permissive=1
01-10 14:53:09.376  2656  2656 W ldmnq.launcher3: type=1300 audit(0.0:928): arch=c000003e syscall=269 success=no exit=-2 a0=ffffff9c a1=7fff52738bb0 a2=0 a3=7fff72a27208 items=0 ppid=1517 auid=4294967295 uid=10044 gid=10044 euid=10044 suid=10044 fsuid=10044 egid=10044 sgid=10044 fsgid=10044 tty=(none) ses=4294967295 exe="/system/bin/app_process64" subj=u:r:untrusted_app:s0:c44,c256,c512,c768 key=(null)
01-10 14:53:09.376  1359  1359 W auditd  : type=1327 audit(0.0:928): proctitle="com.ldmnq.launcher3"
01-10 14:53:09.376  1359  1359 W auditd  : type=1320 audit(0.0:928): 
01-10 14:53:09.528  2417  5055 I NearbyDiscovery: (REDACTED) processGrantSlicePermission: %s
01-10 14:53:09.679  2417  2417 I lowpool[10]: type=1400 audit(0.0:929): avc: denied { read } for name="Pictures" dev="sdcardfs" ino=1966083 scontext=u:r:priv_app:s0:c512,c768 tcontext=u:object_r:sdcardfs:s0 tclass=lnk_file permissive=1
01-10 14:53:09.710  2866  2906 I chatty  : uid=10020(com.android.vending) bgExecutor #0 expire 23 lines
01-10 14:53:10.181  2866  2897 I chatty  : uid=10020(com.android.vending) ValueStore-1 expire 1 line
01-10 14:53:10.272  1759  2500 V BackupManagerConstants: getFullBackupRequiredNetworkType(...) returns 2
01-10 14:53:10.272  1759  2500 V BackupManagerConstants: getFullBackupRequireCharging(...) returns true
01-10 14:53:10.730  1759  2597 I chatty  : uid=1000(system) Binder:1759_F expire 6 lines
01-10 14:53:10.722  1359  1359 W auditd  : type=1327 audit(0.0:930): proctitle="com.habittracker"
01-10 14:53:10.722  1359  1359 W auditd  : type=1320 audit(0.0:930): 
01-10 14:53:11.325  1759  2633 I chatty  : uid=1000(system) Binder:1759_11 expire 1 line
01-10 14:53:11.325  1759  1835 I chatty  : uid=1000(system) Binder:1759_3 expire 1 line
01-10 14:53:11.326  1759  2960 I chatty  : uid=1000(system) Binder:1759_16 expire 2 lines
01-10 14:53:11.326  1759  2071 I chatty  : uid=1000(system) Binder:1759_7 expire 1 line
01-10 14:53:11.327  1759  3868 I chatty  : uid=1000(system) Binder:1759_1D expire 26 lines
01-10 14:53:11.474  2417  5060 W gle.android.gm: Long monitor contention with owner [com.google.android.gms.chimera.container.intentoperation.GmsIntentOperationChimeraService-Executor] idle (5045) at boolean android.os.BinderProxy.transactNative(int, android.os.Parcel, android.os.Parcel, int)(Binder.java:-2) waiters=0 in void xft.i(int) for 728ms
01-10 14:53:11.564  1759  2639 W BackupManagerService: dataChanged but no participant pkg='com.ldmnq.launcher3' uid=10044
01-10 14:53:11.570  1759  2641 W ActivityManager: Slow operation: 97ms so far, now at attachApplicationLocked: after sendPendingBroadcastsLocked
01-10 14:53:11.572  2417  5062 W gle.android.gm: Long monitor contention with owner [com.google.android.gms.chimera.container.intentoperation.GmsIntentOperationChimeraService-Executor] processing com.google.android.gms.nearby.sharing.ModuleInitializer for action android.intent.action.PACKAGE_ADDED (5017) at ddek ddel.a(android.content.Context)(:com.google.android.gms@254730017@25.47.30 (100800-833691957):1) waiters=0 in void xfh.run() for 1.024s
01-10 14:53:11.678  1759  1794 W Looper  : Slow dispatch took 155ms android.ui h=com.android.server.am.ActivityManagerService$UiHandler c=null m=53
01-10 14:53:11.678  2417  5040 W gle.android.gm: Long monitor contention with owner [com.google.android.gms.chimera.container.intentoperation.GmsIntentOperationChimeraService-Executor] idle (5045) at boolean android.os.BinderProxy.transactNative(int, android.os.Parcel, android.os.Parcel, int)(Binder.java:-2) waiters=1 in void xft.i(int) for 924ms
01-10 14:53:11.693  2417  2484 W gle.android.gm: Long monitor contention with owner [com.google.android.gms.chimera.container.intentoperation.GmsIntentOperationChimeraService-Executor] idle (5045) at boolean android.os.BinderProxy.transactNative(int, android.os.Parcel, android.os.Parcel, int)(Binder.java:-2) waiters=2 in void xfr.run() for 280ms
01-10 14:53:11.769  2656  2656 I RenderThread: type=1400 audit(0.0:931): avc: denied { ioctl } for path="/dev/fastpipe" dev="tmpfs" ino=6206 ioctlcmd=6867 scontext=u:r:untrusted_app:s0:c44,c256,c512,c768 tcontext=u:object_r:device:s0 tclass=chr_file permissive=1
01-10 14:53:11.769  2656  2656 W RenderThread: type=1300 audit(0.0:931): arch=c000003e syscall=16 success=yes exit=0 a0=37 a1=80046867 a2=7fff6ba3ba30 a3=7fff4e567688 items=0 ppid=1517 auid=4294967295 uid=10044 gid=10044 euid=10044 suid=10044 fsuid=10044 egid=10044 sgid=10044 fsgid=10044 tty=(none) ses=4294967295 exe="/system/bin/app_process64" subj=u:r:untrusted_app:s0:c44,c256,c512,c768 key=(null)
01-10 14:53:11.769  1359  1359 W auditd  : type=1327 audit(0.0:931): proctitle="com.ldmnq.launcher3"
01-10 14:53:11.769  1359  1359 W auditd  : type=1320 audit(0.0:931): 
01-10 14:53:11.789  1574  1574 I surfaceflinger: type=1400 audit(0.0:932): avc: denied { read write } for path="/dev/fastpipe" dev="tmpfs" ino=6206 scontext=u:r:hal_graphics_composer_default:s0 tcontext=u:object_r:device:s0 tclass=chr_file permissive=1
01-10 14:53:11.840  2417  3895 I Icing   : IndexChimeraService.getServiceInterface callingPackage=com.google.android.gms componentName=AppsCorpus serviceId=36
01-10 14:53:11.789  1574  1574 W surfaceflinger: type=1300 audit(0.0:932): arch=c000003e syscall=16 success=yes exit=0 a0=3 a1=c0306201 a2=7fffffffdca0 a3=20 items=0 ppid=1 auid=4294967295 uid=1000 gid=1003 euid=1000 suid=1000 fsuid=1000 egid=1003 sgid=1003 fsgid=1003 tty=(none) ses=4294967295 exe="/system/bin/surfaceflinger" subj=u:r:surfaceflinger:s0 key=(null)
01-10 14:53:11.863  2417  2417 D BoundBrokerSvc: onBind: Intent { act=com.google.android.gms.feedback.internal.IFeedbackService dat=chimera-action: cmp=com.google.android.gms/.chimera.GmsBoundBrokerService }
01-10 14:53:11.863  2417  2417 D BoundBrokerSvc: Loading bound service for intent: Intent { act=com.google.android.gms.feedback.internal.IFeedbackService dat=chimera-action: cmp=com.google.android.gms/.chimera.GmsBoundBrokerService }
01-10 14:53:11.942  1759  1782 I chatty  : uid=1000(system) HeapTaskDaemon expire 10 lines
01-10 14:53:12.041  1759  1780 I chatty  : uid=1000(system) FinalizerDaemon expire 25 lines
01-10 14:53:12.178  2417  3895 I Icing   : IndexChimeraService.getServiceInterface callingPackage=com.google.android.gms componentName=null serviceId=30
01-10 14:53:12.223  2417  2483 I Icing   : Usage reports ok 1, Failed Usage reports 0, indexed 0, rejected 0
01-10 14:53:12.281  2417  2483 I Icing   : Usage reports ok 0, Failed Usage reports 0, indexed 0, rejected 0
01-10 14:53:12.290  2417  2483 I Icing   : Indexing com.google.android.gms-apps from com.google.android.gms
01-10 14:53:12.341  2417  2483 I Icing   : Indexing done com.google.android.gms-apps
01-10 14:53:13.006  4276  4350 D LdAnalyticsSDK: responseCode = 200
01-10 14:53:14.289  1359  1359 W auditd  : type=1327 audit(0.0:934): proctitle="com.habittracker"
01-10 14:53:14.289  1359  1359 W auditd  : type=1320 audit(0.0:934): 
01-10 14:53:14.826  4276  4339 D LDSpaceReceiver: onReceive, action = android.intent.action.TASK.REQ_APP_VERSION, extras = {"from":"playerx"}
01-10 14:53:15.999  4276  4276 I DefaultDispatch: type=1400 audit(0.0:937): avc: denied { write } for name="appInfo.txt" dev="vboxsf" ino=105 scontext=u:r:priv_app:s0:c512,c768 tcontext=u:object_r:unlabeled:s0 tclass=file permissive=1
01-10 14:53:15.999  4276  4276 I DefaultDispatch: type=1400 audit(0.0:937): avc: denied { open } for path="/mnt/shared/Applications/appInfo.txt" dev="vboxsf" ino=105 scontext=u:r:priv_app:s0:c512,c768 tcontext=u:object_r:unlabeled:s0 tclass=file permissive=1
01-10 14:53:15.999  4276  4276 W DefaultDispatch: type=1300 audit(0.0:937): arch=c000003e syscall=257 success=yes exit=162 a0=ffffff9c a1=7fff48cb07b0 a2=241 a3=1b6 items=0 ppid=1517 auid=4294967295 uid=10016 gid=10016 euid=10016 suid=10016 fsuid=10016 egid=10016 sgid=10016 fsgid=10016 tty=(none) ses=4294967295 exe="/system/bin/app_process64" subj=u:r:priv_app:s0:c512,c768 key=(null)
01-10 14:53:15.999  1359  1359 W auditd  : type=1327 audit(0.0:937): proctitle="com.android.ld.appstore"
01-10 14:53:15.999  1359  1359 W auditd  : type=1320 audit(0.0:937): 
01-10 14:53:16.038  1567  1567 D ldinit  : Broadcast completed: result=0
01-10 14:53:16.055  1567  1567 D ldinit  : ld_exec_cmd am broadcast -a android.intent.action.TASK.REQ_APP_VERSION -p com.android.ld.appstore -f 32 --es from playerx
01-10 14:53:16.055  1567  1567 D ldinit  : result:
01-10 14:53:16.070  2533  2533 W ContextImpl: Calling a method in the system process without a qualified user: android.app.ContextImpl.startService:1531 android.content.ContextWrapper.startService:664 android.content.ContextWrapper.startService:664 com.android.coreservice.CoreBroadcastReceiver.onReceive:53 android.app.ActivityThread.handleReceiver:3424 
01-10 14:53:16.120  1567  1567 D ldinit  : Broadcasting: Intent { act=android.intent.action.TASK.REQ_APP_VERSION flg=0x400020 pkg=com.android.ld.appstore (has extras) }
01-10 14:53:16.127  4276  4339 D LDSpaceReceiver: onReceive, action = android.intent.action.TASK.REQ_APP_VERSION, extras = {"from":"playerx"}
01-10 14:53:16.621  1567  1567 D ldinit  : Broadcast completed: result=0
01-10 14:53:18.111  4531  4542 W System  : A resource failed to call close. 
01-10 14:53:20.542  1526  1526 I healthd : type=1400 audit(0.0:954): avc: denied { read } for name="present" dev="sysfs" ino=6606 scontext=u:r:healthd:s0 tcontext=u:object_r:sysfs:s0 tclass=file permissive=1
01-10 14:53:20.542  1526  1526 I healthd : type=1400 audit(0.0:954): avc: denied { open } for path="/sys/devices/LNXSYSTM:00/LNXSYBUS:00/PNP0A03:00/PNP0C0A:00/power_supply/BAT0/present" dev="sysfs" ino=6606 scontext=u:r:healthd:s0 tcontext=u:object_r:sysfs:s0 tclass=file permissive=1
01-10 14:53:20.542  1526  1526 W healthd : type=1300 audit(0.0:954): arch=c000003e syscall=257 success=yes exit=9 a0=ffffff9c a1=7ffff7228360 a2=a0000 a3=0 items=0 ppid=1 auid=4294967295 uid=0 gid=0 euid=0 suid=0 fsuid=0 egid=0 sgid=0 fsgid=0 tty=(none) ses=4294967295 exe="/system/bin/healthd" subj=u:r:healthd:s0 key=(null)
01-10 14:53:20.542  1359  1359 W auditd  : type=1327 audit(0.0:954): proctitle="/system/bin/healthd"
01-10 14:53:20.542  1359  1359 W auditd  : type=1320 audit(0.0:954): 
01-10 14:53:20.694  5047  5091 I chatty  : uid=10061(com.habittracker) expire 1 line
01-10 14:53:21.045  1543  1605 D EmuHWC2 : sent 34 syncs in 60s
01-10 14:53:21.892  2866  5092 I chatty  : uid=10020(com.android.vending) expire 10 lines
01-10 14:53:22.089  2866  2925 I chatty  : uid=10020(com.android.vending) bgExecutor #3 expire 10 lines
01-10 14:53:22.208  2866  5010 I chatty  : uid=10020(com.android.vending) expire 1 line
01-10 14:53:22.660  2866  5100 I chatty  : uid=10020(com.android.vending) expire 1 line
01-10 14:53:27.255  2417  2417 D BoundBrokerSvc: onUnbind: Intent { act=com.google.android.gms.feedback.internal.IFeedbackService dat=chimera-action: cmp=com.google.android.gms/.chimera.GmsBoundBrokerService }
01-10 14:53:27.257  1759  3868 I ActivityManager: Killing 4029:com.google.android.apps.docs/u0a65 (adj 906): empty #17
01-10 14:53:27.258  1759  1796 I chatty  : uid=1000(system) ActivityManager expire 12 lines
01-10 14:53:27.278  1517  1517 I Zygote  : Process 4029 exited due to signal (9)
01-10 14:53:27.279  1759  2071 D ConnectivityService: ConnectivityService NetworkRequestInfo binderDied(NetworkRequest [ TRACK_DEFAULT id=39, [ Capabilities: INTERNET&NOT_RESTRICTED&TRUSTED Unwanted:  Uid: 10065] ], android.os.BinderProxy@f6d6037)
01-10 14:53:29.679  1591  1591 I storaged: type=1400 audit(0.0:960): avc: denied { call } for scontext=u:r:storaged:s0 tcontext=u:r:init:s0 tclass=binder permissive=1
01-10 14:53:29.682  1591  1651 E storaged: getDiskStats failed with result NOT_SUPPORTED and size 0
01-10 14:53:29.679  1591  1591 W storaged: type=1300 audit(0.0:960): arch=c000003e syscall=16 success=yes exit=0 a0=4 a1=c0306201 a2=7ffff7384ea0 a3=7ffff6e27288 items=0 ppid=1 auid=4294967295 uid=0 gid=1032 euid=0 suid=0 fsuid=0 egid=1032 sgid=1032 fsgid=1032 tty=(none) ses=4294967295 exe="/system/bin/storaged" subj=u:r:storaged:s0 key=(null)
01-10 14:53:29.679  1359  1359 W auditd  : type=1327 audit(0.0:960): proctitle="/system/bin/storaged"
01-10 14:53:29.679  1359  1359 W auditd  : type=1320 audit(0.0:960): 
01-10 14:53:31.091  5107  5107 I appproc : app_process main with argv: /system/bin com.android.commands.monkey.Monkey -p com.habittracker -c android.intent.category.LAUNCHER 1 
01-10 14:53:31.091  5107  5107 D AndroidRuntime: >>>>>> START com.android.internal.os.RuntimeInit uid 2000 <<<<<<
01-10 14:53:31.108  5107  5107 E cutils-trace: Error opening trace file: No such file or directory (2)
01-10 14:53:31.206  5107  5107 V libnb   : enter native_bridge2_isCompatibleWith 3
01-10 14:53:31.228  5107  5107 I libnb   : Found /system/lib64/libhoudini.so version 3
01-10 14:53:31.415  5107  5107 I app_process: The ClassLoaderContext is a special shared library.
01-10 14:53:31.416  5107  5107 W app_process: Could not create mount namespace.
01-10 14:53:31.416  5107  5107 D nativebridge: PreInitializeNativeBridge name=unknown instruction_set=x86_64
01-10 14:53:31.416  5107  5107 W nativebridge: Failed to bind-mount /system/lib64/x86_64/cpuinfo as /proc/cpuinfo: Operation not permitted
01-10 14:53:31.416  5107  5107 D nativebridge: call UnloadNativeBridge! state=2
01-10 14:53:31.412  5107  5107 I main    : type=1400 audit(0.0:961): avc: denied { mounton } for path="/proc/cpuinfo" dev="proc" ino=4026531993 scontext=u:r:shell:s0 tcontext=u:object_r:proc_cpuinfo:s0 tclass=file permissive=1
01-10 14:53:31.412  5107  5107 W main    : type=1300 audit(0.0:961): arch=c000003e syscall=165 success=no exit=-1 a0=7fffffffbbe0 a1=7ffff52e53e6 a2=0 a3=1000 items=0 ppid=2482 auid=4294967295 uid=2000 gid=2000 euid=2000 suid=2000 fsuid=2000 egid=2000 sgid=2000 fsgid=2000 tty=(none) ses=4294967295 exe="/system/bin/app_process64" subj=u:r:shell:s0 key=(null)
01-10 14:53:31.412  1359  1359 W auditd  : type=1327 audit(0.0:961): proctitle=6170705F70726F63657373002F73797374656D2F62696E00636F6D2E616E64726F69642E636F6D6D616E64732E6D6F6E6B65792E4D6F6E6B6579002D7000636F6D2E6861626974747261636B6572002D6300616E64726F69642E696E74656E742E63617465676F72792E4C41554E434845520031
01-10 14:53:31.412  1359  1359 W auditd  : type=1320 audit(0.0:961): 
01-10 14:53:31.502  5107  5107 D AndroidRuntime: Calling main entry com.android.commands.monkey.Monkey
01-10 14:53:31.499  5107  5107 I commands.monkey: type=1400 audit(0.0:962): avc: denied { open } for path="/data/local/cfg-yhind/app_device" dev="sdb2" ino=131955 scontext=u:r:shell:s0 tcontext=u:object_r:system_data_file:s0 tclass=file permissive=1
01-10 14:53:31.499  5107  5107 W commands.monkey: type=1300 audit(0.0:962): arch=c000003e syscall=257 success=yes exit=24 a0=ffffff9c a1=7fffffffbc10 a2=0 a3=0 items=0 ppid=2482 auid=4294967295 uid=2000 gid=2000 euid=2000 suid=2000 fsuid=2000 egid=2000 sgid=2000 fsgid=2000 tty=(none) ses=4294967295 exe="/system/bin/app_process64" subj=u:r:shell:s0 key=(null)
01-10 14:53:31.512  5107  5107 W Monkey  : args: [-p, com.habittracker, -c, android.intent.category.LAUNCHER, 1]
01-10 14:53:31.512  5107  5107 W Monkey  :  arg: "-p"
01-10 14:53:31.512  5107  5107 W Monkey  :  arg: "com.habittracker"
01-10 14:53:31.512  5107  5107 W Monkey  :  arg: "-c"
01-10 14:53:31.512  5107  5107 W Monkey  :  arg: "android.intent.category.LAUNCHER"
01-10 14:53:31.512  5107  5107 W Monkey  :  arg: "1"
01-10 14:53:31.512  5107  5107 W Monkey  : data="com.habittracker"
01-10 14:53:31.513  5107  5107 W Monkey  : data="android.intent.category.LAUNCHER"
01-10 14:53:31.608  1759  1793 W BroadcastQueue: Skipping deliver [background] BroadcastRecord{2adc8d3 u-1 android.net.conn.CONNECTIVITY_CHANGE} to ReceiverList{d60fc10 5107 (unknown name)/2000/u-1 remote:467a30d}: process gone or crashing
01-10 14:53:31.623  1759  2960 I ActivityManager: START u0 {act=android.intent.action.MAIN cat=[android.intent.category.LAUNCHER] flg=0x10200000 cmp=com.habittracker/.MainActivity} from uid 2000
01-10 14:53:31.717  5107  5107 I Monkey  : Events injected: 1
01-10 14:53:31.717  1759  1792 I chatty  : uid=1000(system) android.bg expire 19 lines
01-10 14:53:31.736  2533  2533 W ContextImpl: Calling a method in the system process without a qualified user: android.app.ContextImpl.startService:1531 android.content.ContextWrapper.startService:664 android.content.ContextWrapper.startService:664 com.android.coreservice.CoreBroadcastReceiver.onReceive:44 android.app.ActivityThread.handleReceiver:3424 
01-10 14:53:31.750  1759  1759 V SettingsProvider: Notifying for 0: content://settings/system/accelerometer_rotation
01-10 14:53:31.789  1542  1542 D gralloc_default: gralloc_alloc: Creating ashmem region of size 5763072, ignore more log...
01-10 14:53:31.873  5047  5047 I chatty  : uid=10061(com.habittracker) expire 214 lines
01-10 14:53:31.903  5107  5107 I Monkey  : ## Network stats: elapsed time=217ms (0ms mobile, 0ms wifi, 217ms not connected)
01-10 14:53:31.912  5107  5107 I app_process: System.exit called, status: 0
01-10 14:53:31.912  5107  5107 I AndroidRuntime: VM exiting with result code 0.
01-10 14:53:32.191  1930  2678 W ziparchive: Unable to open '/data/app/com.habittracker-P3SKp6V_Rxf_C6fA0bk3Ww==/base.apk': No such file or directory
01-10 14:53:32.191  1930  2678 E ndroid.systemu: Failed to open APK '/data/app/com.habittracker-P3SKp6V_Rxf_C6fA0bk3Ww==/base.apk' I/O error
01-10 14:53:32.194  1930  2678 E ResourcesManager: failed to add asset path /data/app/com.habittracker-P3SKp6V_Rxf_C6fA0bk3Ww==/base.apk
01-10 14:53:32.194  1930  2678 W PackageManager: Failure retrieving resources for com.habittracker
01-10 14:53:32.194  1930  2678 W ziparchive: Unable to open '/data/app/com.habittracker-P3SKp6V_Rxf_C6fA0bk3Ww==/base.apk': No such file or directory
01-10 14:53:32.194  1930  2678 E ndroid.systemu: Failed to open APK '/data/app/com.habittracker-P3SKp6V_Rxf_C6fA0bk3Ww==/base.apk' I/O error
01-10 14:53:32.194  1930  2678 E ResourcesManager: failed to add asset path /data/app/com.habittracker-P3SKp6V_Rxf_C6fA0bk3Ww==/base.apk
01-10 14:53:32.194  1930  2678 W PackageManager: Failure retrieving resources for com.habittracker
01-10 14:53:32.195  1930  2678 W ziparchive: Unable to open '/data/app/com.habittracker-P3SKp6V_Rxf_C6fA0bk3Ww==/base.apk': No such file or directory
01-10 14:53:32.195  1930  2678 E ndroid.systemu: Failed to open APK '/data/app/com.habittracker-P3SKp6V_Rxf_C6fA0bk3Ww==/base.apk' I/O error
01-10 14:53:32.195  1930  2678 E ResourcesManager: failed to add asset path /data/app/com.habittracker-P3SKp6V_Rxf_C6fA0bk3Ww==/base.apk
01-10 14:53:32.195  1930  2678 W PackageManager: Failure retrieving resources for com.habittracker
01-10 14:53:31.886  1759  1759 V SettingsProvider: Notifying for 0: content://settings/system/accelerometer_rotation
01-10 14:53:32.224  2533  2533 W ContextImpl: Calling a method in the system process without a qualified user: android.app.ContextImpl.startService:1531 android.content.ContextWrapper.startService:664 android.content.ContextWrapper.startService:664 com.android.coreservice.CoreBroadcastReceiver.onReceive:53 android.app.ActivityThread.handleReceiver:3424 
01-10 14:53:32.233  1542  1542 D gralloc_default: gralloc_alloc: Creating ashmem region of size 5763072, ignore more log...
01-10 14:53:32.400  2417  2417 D BoundBrokerSvc: onBind: Intent { act=com.google.android.gms.measurement.START pkg=com.google.android.gms }
01-10 14:53:32.400  2417  2417 D BoundBrokerSvc: Loading bound service for intent: Intent { act=com.google.android.gms.measurement.START pkg=com.google.android.gms }
01-10 14:53:32.541  2417  2433 I gle.android.gm: CollectorTransition concurrent copying GC freed 26420(1038KB) AllocSpace objects, 4(208KB) LOS objects, 49% free, 12MB/24MB, paused 53us total 260.977ms
01-10 14:53:32.555  1759  1780 I chatty  : uid=1000(system) FinalizerDaemon expire 27 lines
01-10 14:53:32.757  2417  5137 D AdvertisingIdClient: AdvertisingIdClient already created.
01-10 14:53:32.757  2417  5137 D AdvertisingIdClient: AdvertisingIdClient is not bounded. Starting to bind it...
01-10 14:53:32.772  2417  5137 D AdvertisingIdClient: AdvertisingIdClient is bounded
01-10 14:53:32.788  5136  5136 I appproc : app_process main with argv: /system/bin com.android.commands.uiautomator.Launcher dump /dev/tty 
01-10 14:53:32.788  5136  5136 D AndroidRuntime: >>>>>> START com.android.internal.os.RuntimeInit uid 2000 <<<<<<
01-10 14:53:32.793  5136  5136 E cutils-trace: Error opening trace file: No such file or directory (2)
01-10 14:53:32.852  2417  5137 I AdvertisingIdClient: shouldSendLog 37500
01-10 14:53:32.853  2417  5137 I AdvertisingIdClient: GetInfoInternal elapse 95ms
01-10 14:53:32.916  2259  2259 D BoundBrokerSvc: onRebind: Intent { act=com.google.android.gms.presencemanager.service.START dat=chimera-action: cmp=com.google.android.gms/.chimera.PersistentApiService }
01-10 14:53:32.923  2259  2259 D BoundBrokerSvc: onRebind: Intent { act=com.google.android.gms.presencemanager.service.INTERNAL_IDENTITY dat=chimera-action: cmp=com.google.android.gms/.chimera.PersistentApiService }
01-10 14:53:33.232  5047  5068 I chatty  : uid=10061(com.habittracker) expire 1 line
01-10 14:53:33.352  5136  5136 V libnb   : enter native_bridge2_isCompatibleWith 3
01-10 14:53:33.364  5136  5136 I libnb   : Found /system/lib64/libhoudini.so version 3
01-10 14:53:33.739  5136  5136 I app_process: The ClassLoaderContext is a special shared library.
01-10 14:53:33.749  5136  5136 I app_process: The ClassLoaderContext is a special shared library.
01-10 14:53:33.751  5136  5136 W app_process: Could not create mount namespace.
01-10 14:53:33.752  5136  5136 D nativebridge: PreInitializeNativeBridge name=unknown instruction_set=x86_64
01-10 14:53:33.752  5136  5136 W nativebridge: Failed to bind-mount /system/lib64/x86_64/cpuinfo as /proc/cpuinfo: Operation not permitted
01-10 14:53:33.752  5136  5136 D nativebridge: call UnloadNativeBridge! state=2
01-10 14:53:33.951  5136  5136 D AndroidRuntime: Calling main entry com.android.commands.uiautomator.Launcher
01-10 14:53:34.083  1759  1759 V SettingsProvider: Notifying for 0: content://settings/secure/accessibility_enabled
01-10 14:53:34.093  5047  5089 I chatty  : uid=10061(com.habittracker) expire 1 line
01-10 14:53:34.337  2656  5118 I FA      : Application backgrounded at: timestamp_millis: 1768053212333
01-10 14:53:34.549  1567  1567 I ldinit  : type=1400 audit(0.0:970): avc: denied { read } for name="partitions" dev="proc" ino=4026532050 scontext=u:r:ldinit:s0 tcontext=u:object_r:proc:s0 tclass=file permissive=1
01-10 14:53:34.549  1567  1567 I ldinit  : type=1400 audit(0.0:970): avc: denied { open } for path="/proc/partitions" dev="proc" ino=4026532050 scontext=u:r:ldinit:s0 tcontext=u:object_r:proc:s0 tclass=file permissive=1
01-10 14:53:34.549  1567  1567 W ldinit  : type=1300 audit(0.0:970): arch=c000003e syscall=257 success=yes exit=6 a0=ffffff9c a1=7ffff7728278 a2=0 a3=0 items=0 ppid=1 auid=4294967295 uid=0 gid=0 euid=0 suid=0 fsuid=0 egid=0 sgid=0 fsgid=0 tty=(none) ses=4294967295 exe="/system/bin/ldinit" subj=u:r:ldinit:s0 key=(null)
01-10 14:53:34.549  1359  1359 W auditd  : type=1327 audit(0.0:970): proctitle="/system/bin/ldinit"
01-10 14:53:34.549  1359  1359 W auditd  : type=1320 audit(0.0:970): 
01-10 14:53:34.924  5047  5133 I chatty  : uid=10061(com.habittracker) expire 111 lines
01-10 14:53:35.106  1759  3868 W WindowManager: removeWindowToken: Attempted to remove non-existing token: android.os.Binder@c915f30
01-10 14:53:35.107  1759  1759 V SettingsProvider: Notifying for 0: content://settings/secure/accessibility_enabled
01-10 14:53:35.139  5136  5136 D AndroidRuntime: Shutting down VM
01-10 14:53:35.371  1542  1542 D gralloc_default: gralloc_alloc: Creating ashmem region of size 5763072, ignore more log...
01-10 14:53:35.573  5047  5133 E EGL_emulation: tid 5133: eglSurfaceAttrib(1493): error 0x3009 (EGL_BAD_MATCH)
01-10 14:53:35.573  5047  5133 W OpenGLRenderer: Failed to set EGL_SWAP_BEHAVIOR on surface 0x7fff6a167f80, error=EGL_BAD_MATCH
01-10 14:53:35.573  1542  1542 D gralloc_default: gralloc_alloc: Creating ashmem region of size 5763072, ignore more log...
01-10 14:53:35.635  1542  1715 I         : fastpipe: Connect success
01-10 14:53:35.639  1542  1715 D HostConnection: HostRPC::connect sucess: app=/vendor/bin/hw/android.hardware.graphics.allocator@2.0-service, pid=1542, tid=1715, this=0x7ffff737c240
01-10 14:53:35.643  1542  1715 D HostConnection: queryAndSetGLESMaxVersion select gles-version: 3.1 hostGLVersion:46 process:/vendor/bin/hw/android.hardware.graphics.allocator@2.0-service
01-10 14:53:35.643  1542  1715 D gralloc_default: gralloc_alloc: Creating ashmem region of size 5763072, ignore more log...
01-10 14:53:35.726  1532  1532 I bluetooth@1.0-s: type=1400 audit(0.0:979): avc: denied { call } for scontext=u:r:init:s0 tcontext=u:r:bluetooth:s0 tclass=binder permissive=1
01-10 14:53:35.726  1532  1532 W bluetooth@1.0-s: type=1300 audit(0.0:979): arch=c000003e syscall=16 success=yes exit=0 a0=4 a1=c0306201 a2=7ffff6ffeda0 a3=1 items=0 ppid=1 auid=4294967295 uid=1002 gid=1002 euid=1002 suid=1002 fsuid=1002 egid=1002 sgid=1002 fsgid=1002 tty=(none) ses=4294967295 exe="/system/vendor/bin/hw/android.hardware.bluetooth@1.0-service-qti" subj=u:r:init:s0 key=(null)
01-10 14:53:35.726  1359  1359 W auditd  : type=1327 audit(0.0:979): proctitle="/vendor/bin/hw/android.hardware.bluetooth@1.0-service-qti"
01-10 14:53:35.726  1359  1359 W auditd  : type=1320 audit(0.0:979): 
01-10 14:53:35.883  5154  5154 I appproc : app_process main with argv: /system/bin com.android.commands.uiautomator.Launcher dump /dev/tty 
01-10 14:53:35.883  5154  5154 D AndroidRuntime: >>>>>> START com.android.internal.os.RuntimeInit uid 2000 <<<<<<
01-10 14:53:35.887  5154  5154 E cutils-trace: Error opening trace file: No such file or directory (2)
01-10 14:53:35.914  5154  5154 V libnb   : enter native_bridge2_isCompatibleWith 3
01-10 14:53:35.922  5154  5154 I libnb   : Found /system/lib64/libhoudini.so version 3
01-10 14:53:35.963  5047  5133 I OpenGLRenderer: Davey! duration=3302ms; Flags=1, IntendedVsync=1395350776951, Vsync=1397734110189, OldestInputEvent=9223372036854775807, NewestInputEvent=0, HandleInputStart=1397740532520, AnimationStart=1397740571358, PerformTraversalsStart=1398167196962, DrawStart=1398342620298, SyncQueued=1398538851986, SyncStart=1398540100568, IssueDrawCommandsStart=1398540157513, SwapBuffers=1398651469323, FrameCompleted=1398654264481, DequeueBufferDuration=116000, QueueBufferDuration=207000, 
01-10 14:53:35.964  5047  5047 W om.habittracke: Accessing hidden method Landroid/os/Trace;->asyncTraceBegin(JLjava/lang/String;I)V (light greylist, reflection)
01-10 14:53:35.964  5047  5047 W om.habittracke: Accessing hidden method Landroid/os/Trace;->asyncTraceEnd(JLjava/lang/String;I)V (light greylist, reflection)
01-10 14:53:35.964  5047  5047 W om.habittracke: Accessing hidden method Landroid/os/Trace;->traceCounter(JLjava/lang/String;I)V (light greylist, reflection)
01-10 14:53:35.984  5154  5154 I app_process: The ClassLoaderContext is a special shared library.
01-10 14:53:35.992  5154  5154 I app_process: The ClassLoaderContext is a special shared library.
01-10 14:53:35.992  5154  5154 W app_process: Could not create mount namespace.
01-10 14:53:35.992  5154  5154 D nativebridge: PreInitializeNativeBridge name=unknown instruction_set=x86_64
01-10 14:53:35.992  5154  5154 W nativebridge: Failed to bind-mount /system/lib64/x86_64/cpuinfo as /proc/cpuinfo: Operation not permitted
01-10 14:53:35.992  5154  5154 D nativebridge: call UnloadNativeBridge! state=2
01-10 14:53:36.006  5047  5047 I Choreographer: Skipped 56 frames!  The application may be doing too much work on its main thread.
01-10 14:53:36.016  2533  2533 W ContextImpl: Calling a method in the system process without a qualified user: android.app.ContextImpl.startService:1531 android.content.ContextWrapper.startService:664 android.content.ContextWrapper.startService:664 com.android.coreservice.CoreBroadcastReceiver.onReceive:69 android.app.ActivityThread.handleReceiver:3424 
01-10 14:53:36.019  5047  5133 I OpenGLRenderer: Davey! duration=947ms; Flags=0, IntendedVsync=1397763004547, Vsync=1398696337843, OldestInputEvent=9223372036854775807, NewestInputEvent=0, HandleInputStart=1398697544257, AnimationStart=1398697573917, PerformTraversalsStart=1398704835857, DrawStart=1398707874961, SyncQueued=1398708069277, SyncStart=1398708248574, IssueDrawCommandsStart=1398708286210, SwapBuffers=1398708466983, FrameCompleted=1398710503350, DequeueBufferDuration=594000, QueueBufferDuration=504000, 
01-10 14:53:36.042  1574  1574 I surfaceflinger: type=1400 audit(0.0:980): avc: denied { read write } for path="/dev/fastpipe" dev="tmpfs" ino=6206 scontext=u:r:hal_graphics_composer_default:s0 tcontext=u:object_r:device:s0 tclass=chr_file permissive=1
01-10 14:53:36.056  2259  4166 I FontLog : (REDACTED) Received query %s, URI %s
01-10 14:53:36.060  1574  1876 W SurfaceFlinger: Attempting to set client state on removed layer: Splash Screen com.habittracker#0
01-10 14:53:36.060  1574  1876 W SurfaceFlinger: Attempting to destroy on removed layer: Splash Screen com.habittracker#0
01-10 14:53:36.061  2259  4166 I FontLog : (REDACTED) Query [%s] resolved to %s
01-10 14:53:36.098  2259  4166 I FontLog : (REDACTED) Fetch %s end status %s
01-10 14:53:36.158  5047  5155 W om.habittracke: Accessing hidden method Landroid/graphics/FontFamily;-><init>()V (light greylist, reflection)
01-10 14:53:36.159  5047  5155 W om.habittracke: Accessing hidden method Landroid/graphics/FontFamily;->addFontFromAssetManager(Landroid/content/res/AssetManager;Ljava/lang/String;IZIII[Landroid/graphics/fonts/FontVariationAxis;)Z (light greylist, reflection)
01-10 14:53:36.159  5047  5155 W om.habittracke: Accessing hidden method Landroid/graphics/FontFamily;->addFontFromBuffer(Ljava/nio/ByteBuffer;I[Landroid/graphics/fonts/FontVariationAxis;II)Z (light greylist, reflection)
01-10 14:53:36.159  5047  5155 W om.habittracke: Accessing hidden method Landroid/graphics/FontFamily;->freeze()Z (light greylist, reflection)
01-10 14:53:36.159  5047  5155 W om.habittracke: Accessing hidden method Landroid/graphics/FontFamily;->abortCreation()V (light greylist, reflection)
01-10 14:53:36.159  5047  5155 W om.habittracke: Accessing hidden method Landroid/graphics/Typeface;->createFromFamiliesWithDefault([Landroid/graphics/FontFamily;Ljava/lang/String;II)Landroid/graphics/Typeface; (light greylist, reflection)
01-10 14:53:36.160  2259  4166 I FontLog : (REDACTED) Pulling font file for id = %d, cache size = %d
01-10 14:53:36.214  2259  4166 I FontLog : (REDACTED) Pulling font file for id = %d, cache size = %d
01-10 14:53:36.258  5154  5154 D AndroidRuntime: Calling main entry com.android.commands.uiautomator.Launcher
01-10 14:53:36.022  2533  2533 W ContextImpl: Calling a method in the system process without a qualified user: android.app.ContextImpl.startService:1531 android.content.ContextWrapper.startService:664 android.content.ContextWrapper.startService:664 com.android.coreservice.CoreBroadcastReceiver.onReceive:69 android.app.ActivityThread.handleReceiver:3424 
01-10 14:53:36.286  1759  1759 V SettingsProvider: Notifying for 0: content://settings/secure/accessibility_enabled
01-10 14:53:38.163  5154  5154 W AccessibilityNodeInfoDumper: Fetch time: 13ms
01-10 14:53:38.165  1759  3868 W WindowManager: removeWindowToken: Attempted to remove non-existing token: android.os.Binder@2c77d19
01-10 14:53:38.166  1759  1759 V SettingsProvider: Notifying for 0: content://settings/secure/accessibility_enabled
01-10 14:53:38.180  5154  5154 D AndroidRuntime: Shutting down VM
01-10 14:53:44.440  2417  2417 D BoundBrokerSvc: onUnbind: Intent { act=com.google.android.gms.measurement.START pkg=com.google.android.gms }
01-10 14:53:46.618  2866  2882 I chatty  : uid=10020(com.android.vending) Profile Saver expire 2 lines
01-10 14:53:47.980  2259  2259 D BoundBrokerSvc: onUnbind: Intent { act=com.google.android.gms.presencemanager.service.START dat=chimera-action: cmp=com.google.android.gms/.chimera.PersistentApiService }
01-10 14:53:47.981  2259  2259 D BoundBrokerSvc: onUnbind: Intent { act=com.google.android.gms.presencemanager.service.INTERNAL_IDENTITY dat=chimera-action: cmp=com.google.android.gms/.chimera.PersistentApiService }
01-10 14:53:50.543  5170  5170 I appproc : app_process main with argv: /system/bin com.android.commands.input.Input tap 100 450 
01-10 14:53:50.543  5170  5170 D AndroidRuntime: >>>>>> START com.android.internal.os.RuntimeInit uid 2000 <<<<<<
01-10 14:53:50.545  5170  5170 E cutils-trace: Error opening trace file: No such file or directory (2)
01-10 14:53:50.565  5170  5170 V libnb   : enter native_bridge2_isCompatibleWith 3
01-10 14:53:50.572  5170  5170 I libnb   : Found /system/lib64/libhoudini.so version 3
01-10 14:53:50.611  5170  5170 I app_process: The ClassLoaderContext is a special shared library.
01-10 14:53:50.612  5170  5170 W app_process: Could not create mount namespace.
01-10 14:53:50.612  5170  5170 D nativebridge: PreInitializeNativeBridge name=unknown instruction_set=x86_64
01-10 14:53:50.612  5170  5170 W nativebridge: Failed to bind-mount /system/lib64/x86_64/cpuinfo as /proc/cpuinfo: Operation not permitted
01-10 14:53:50.612  5170  5170 D nativebridge: call UnloadNativeBridge! state=2
01-10 14:53:50.639  5170  5170 D AndroidRuntime: Calling main entry com.android.commands.input.Input
01-10 14:53:50.643  5170  5170 I Input   : injectMotionEvent: MotionEvent { action=ACTION_DOWN, actionButton=0, id[0]=0, x[0]=100.0, y[0]=450.0, toolType[0]=TOOL_TYPE_UNKNOWN, buttonState=0, metaState=0, flags=0x0, edgeFlags=0x0, pointerCount=1, historySize=0, eventTime=1413330, downTime=1413330, deviceId=3, source=0x1002 }
01-10 14:53:50.677  5170  5170 I Input   : injectMotionEvent: MotionEvent { action=ACTION_UP, actionButton=0, id[0]=0, x[0]=100.0, y[0]=450.0, toolType[0]=TOOL_TYPE_UNKNOWN, buttonState=0, metaState=0, flags=0x0, edgeFlags=0x0, pointerCount=1, historySize=0, eventTime=1413330, downTime=1413330, deviceId=3, source=0x1002 }
01-10 14:53:50.702  5170  5170 D AndroidRuntime: Shutting down VM
01-10 14:53:51.241  5047  5047 D AndroidRuntime: Shutting down VM
01-10 14:53:51.244  5047  5047 E AndroidRuntime: FATAL EXCEPTION: main
01-10 14:53:51.244  5047  5047 E AndroidRuntime: Process: com.habittracker, PID: 5047
01-10 14:53:51.244  5047  5047 E AndroidRuntime: java.lang.ArrayIndexOutOfBoundsException: length=0; index=-5
01-10 14:53:51.244  5047  5047 E AndroidRuntime: 	at androidx.compose.runtime.SlotTableKt.key(SlotTable.kt:3522)
01-10 14:53:51.244  5047  5047 E AndroidRuntime: 	at androidx.compose.runtime.SlotTableKt.access$key(SlotTable.kt:1)
01-10 14:53:51.244  5047  5047 E AndroidRuntime: 	at androidx.compose.runtime.SlotReader.groupKey(SlotTable.kt:957)
01-10 14:53:51.244  5047  5047 E AndroidRuntime: 	at androidx.compose.runtime.ComposerImpl.end(Composer.kt:2357)
01-10 14:53:51.244  5047  5047 E AndroidRuntime: 	at androidx.compose.runtime.ComposerImpl.endGroup(Composer.kt:1607)
01-10 14:53:51.244  5047  5047 E AndroidRuntime: 	at androidx.compose.runtime.ComposerImpl.endRoot(Composer.kt:1483)
01-10 14:53:51.244  5047  5047 E AndroidRuntime: 	at androidx.compose.runtime.ComposerImpl.doCompose(Composer.kt:3317)
01-10 14:53:51.244  5047  5047 E AndroidRuntime: 	at androidx.compose.runtime.ComposerImpl.composeContent$runtime_release(Composer.kt:3235)
01-10 14:53:51.244  5047  5047 E AndroidRuntime: 	at androidx.compose.runtime.CompositionImpl.composeContent(Composition.kt:725)
01-10 14:53:51.244  5047  5047 E AndroidRuntime: 	at androidx.compose.runtime.Recomposer.composeInitial$runtime_release(Recomposer.kt:1071)
01-10 14:53:51.244  5047  5047 E AndroidRuntime: 	at androidx.compose.runtime.ComposerImpl$CompositionContextImpl.composeInitial$runtime_release(Composer.kt:3599)
01-10 14:53:51.244  5047  5047 E AndroidRuntime: 	at androidx.compose.runtime.ComposerImpl$CompositionContextImpl.composeInitial$runtime_release(Composer.kt:3599)
01-10 14:53:51.244  5047  5047 E AndroidRuntime: 	at androidx.compose.runtime.CompositionImpl.composeInitial(Composition.kt:633)
01-10 14:53:51.244  5047  5047 E AndroidRuntime: 	at androidx.compose.runtime.CompositionImpl.setContent(Composition.kt:619)
01-10 14:53:51.244  5047  5047 E AndroidRuntime: 	at androidx.compose.ui.layout.LayoutNodeSubcompositionsState.subcomposeInto(SubcomposeLayout.kt:500)
01-10 14:53:51.244  5047  5047 E AndroidRuntime: 	at androidx.compose.ui.layout.LayoutNodeSubcompositionsState.subcompose(SubcomposeLayout.kt:472)
01-10 14:53:51.244  5047  5047 E AndroidRuntime: 	at androidx.compose.ui.layout.LayoutNodeSubcompositionsState.subcompose(SubcomposeLayout.kt:463)
01-10 14:53:51.244  5047  5047 E AndroidRuntime: 	at androidx.compose.ui.layout.LayoutNodeSubcompositionsState.subcompose(SubcomposeLayout.kt:447)
01-10 14:53:51.244  5047  5047 E AndroidRuntime: 	at androidx.compose.ui.layout.LayoutNodeSubcompositionsState$Scope.subcompose(SubcomposeLayout.kt:872)
01-10 14:53:51.244  5047  5047 E AndroidRuntime: 	at androidx.compose.foundation.lazy.layout.LazyLayoutMeasureScopeImpl.measure-0kLqBqw(LazyLayoutMeasureScope.kt:125)
01-10 14:53:51.244  5047  5047 E AndroidRuntime: 	at androidx.compose.foundation.lazy.LazyListMeasuredItemProvider.getAndMeasure(LazyListMeasuredItemProvider.kt:48)
01-10 14:53:51.244  5047  5047 E AndroidRuntime: 	at androidx.compose.foundation.lazy.LazyListMeasureKt.measureLazyList-5IMabDg(LazyListMeasure.kt:195)
01-10 14:53:51.244  5047  5047 E AndroidRuntime: 	at androidx.compose.foundation.lazy.LazyListKt$rememberLazyListMeasurePolicy$1$1.invoke-0kLqBqw(LazyList.kt:313)
01-10 14:53:51.244  5047  5047 E AndroidRuntime: 	at androidx.compose.foundation.lazy.LazyListKt$rememberLazyListMeasurePolicy$1$1.invoke(LazyList.kt:178)
01-10 14:53:51.244  5047  5047 E AndroidRuntime: 	at androidx.compose.foundation.lazy.layout.LazyLayoutKt$LazyLayout$3$2$1.invoke-0kLqBqw(LazyLayout.kt:107)
01-10 14:53:51.244  5047  5047 E AndroidRuntime: 	at androidx.compose.foundation.lazy.layout.LazyLayoutKt$LazyLayout$3$2$1.invoke(LazyLayout.kt:100)
01-10 14:53:51.244  5047  5047 E AndroidRuntime: 	at androidx.compose.ui.layout.LayoutNodeSubcompositionsState$createMeasurePolicy$1.measure-3p2s80s(SubcomposeLayout.kt:709)
01-10 14:53:51.244  5047  5047 E AndroidRuntime: 	at androidx.compose.ui.node.InnerNodeCoordinator.measure-BRTryo0(InnerNodeCoordinator.kt:126)
01-10 14:53:51.244  5047  5047 E AndroidRuntime: 	at androidx.compose.ui.graphics.SimpleGraphicsLayerModifier.measure-3p2s80s(GraphicsLayerModifier.kt:646)
01-10 14:53:51.244  5047  5047 E AndroidRuntime: 	at androidx.compose.ui.node.LayoutModifierNodeCoordinator.measure-BRTryo0(LayoutModifierNodeCoordinator.kt:116)
01-10 14:53:51.244  5047  5047 E AndroidRuntime: 	at androidx.compose.foundation.layout.FillNode.measure-3p2s80s(Size.kt:699)
01-10 14:53:51.244  5047  5047 E AndroidRuntime: 	at androidx.compose.ui.node.LayoutModifierNodeCoordinator.measure-BRTryo0(LayoutModifierNodeCoordinator.kt:116)
01-10 14:53:51.244  5047  5047 E AndroidRuntime: 	at androidx.compose.ui.node.LayoutNodeLayoutDelegate$performMeasureBlock$1.invoke(LayoutNodeLayoutDelegate.kt:252)
01-10 14:53:51.244  5047  5047 E AndroidRuntime: 	at androidx.compose.ui.node.LayoutNodeLayoutDelegate$performMeasureBlock$1.invoke(LayoutNodeLayoutDelegate.kt:251)
01-10 14:53:51.244  5047  5047 E AndroidRuntime: 	at androidx.compose.runtime.snapshots.Snapshot$Companion.observe(Snapshot.kt:2303)
01-10 14:53:51.244  5047  5047 E AndroidRuntime: 	at androidx.compose.runtime.snapshots.SnapshotStateObserver$ObservedScopeMap.observe(SnapshotStateObserver.kt:500)
01-10 14:53:51.244  5047  5047 E AndroidRuntime: 	at androidx.compose.runtime.snapshots.SnapshotStateObserver.observeReads(SnapshotStateObserver.kt:256)
01-10 14:53:51.244  5047  5047 E AndroidRuntime: 	at androidx.compose.ui.node.OwnerSnapshotObserver.observeReads$ui_release(OwnerSnapshotObserver.kt:133)
01-10 14:53:51.244  5047  5047 E AndroidRuntime: 	at androidx.compose.ui.node.OwnerSnapshotObserver.observeMeasureSnapshotReads$ui_release(OwnerSnapshotObserver.kt:113)
01-10 14:53:51.244  5047  5047 E AndroidRuntime: 	at androidx.compose.ui.node.LayoutNodeLayoutDelegate.performMeasure-BRTryo0(LayoutNodeLayoutDelegate.kt:1617)
01-10 14:53:51.245  5047  5047 E AndroidRuntime: 	at androidx.compose.ui.node.LayoutNodeLayoutDelegate.access$performMeasure-BRTryo0(LayoutNodeLayoutDelegate.kt:36)
01-10 14:53:51.245  5047  5047 E AndroidRuntime: 	at androidx.compose.ui.node.LayoutNodeLayoutDelegate$MeasurePassDelegate.remeasure-BRTryo0(LayoutNodeLayoutDelegate.kt:620)
01-10 14:53:51.245  5047  5047 E AndroidRuntime: 	at androidx.compose.ui.node.LayoutNodeLayoutDelegate$MeasurePassDelegate.measure-BRTryo0(LayoutNodeLayoutDelegate.kt:596)
01-10 14:53:51.245  5047  5047 E AndroidRuntime: 	at androidx.compose.foundation.layout.BoxMeasurePolicy.measure-3p2s80s(Box.kt:122)
01-10 14:53:51.245  5047  5047 E AndroidRuntime: 	at androidx.compose.ui.node.InnerNodeCoordinator.measure-BRTryo0(InnerNodeCoordinator.kt:126)
01-10 14:53:51.245  5047  5047 E AndroidRuntime: 	at androidx.compose.foundation.layout.PaddingValuesModifier.measure-3p2s80s(Padding.kt:455)
01-10 14:53:51.245  5047  5047 E AndroidRuntime: 	at androidx.compose.ui.node.LayoutModifierNodeCoordinator.measure-BRTryo0(LayoutModifierNodeCoordinator.kt:116)
01-10 14:53:51.245  5047  5047 E AndroidRuntime: 	at androidx.compose.foundation.layout.FillNode.measure-3p2s80s(Size.kt:699)
01-10 14:53:51.245  5047  5047 E AndroidRuntime: 	at androidx.compose.ui.node.LayoutModifierNodeCoordinator.measure-BRTryo0(LayoutModifierNodeCoordinator.kt:116)
01-10 14:53:51.245  5047  5047 E AndroidRuntime: 	at androidx.compose.ui.node.LayoutNodeLayoutDelegate$performMeasureBlock$1.invoke(LayoutNodeLayoutDelegate.kt:252)
01-10 14:53:51.245  5047  5047 E AndroidRuntime: 	at androidx.compose.ui.node.LayoutNodeLayoutDelegate$performMeasureBlock$1.invoke(LayoutNodeLayoutDelegate.kt:251)
01-10 14:53:51.245  5047  5047 E AndroidRuntime: 	at androidx.compose.runtime.snapshots.Snapshot$Companion.observe(Snapshot.kt:2303)
01-10 14:53:51.245  5047  5047 E AndroidRuntime: 	at androidx.compose.runtime.snapshots.SnapshotStateObserver$ObservedScopeMap.observe(SnapshotStateObserver.kt:500)
01-10 14:53:51.245  5047  5047 E AndroidRuntime: 	at androidx.compose.runtime.snapshots.SnapshotStateObserver.observeReads(SnapshotStateObserver.kt:256)
01-10 14:53:51.245  5047  5047 E AndroidRuntime: 	at androidx.compose.ui.node.OwnerSnapshotObserver.observeReads$ui_release(OwnerSnapshotObserver.kt:133)
01-10 14:53:51.245  5047  5047 E AndroidRuntime: 	at androidx.compose.ui.node.OwnerSnapshotObserver.observeMeasureSnapshotReads$ui_release(OwnerSnapshotObserver.kt:113)
01-10 14:53:51.245  5047  5047 E AndroidRuntime: 	at androidx.compose.ui.node.LayoutNodeLayoutDelegate.performMeasure-BRTryo0(LayoutNodeLayoutDelegate.kt:1617)
01-10 14:53:51.245  5047  5047 E AndroidRuntime: 	at androidx.compose.ui.node.LayoutNodeLayoutDelegate.access$performMeasure-BRTryo0(LayoutNodeLayoutDelegate.kt:36)
01-10 14:53:51.245  5047  5047 E AndroidRuntime: 	at androidx.compose.ui.node.LayoutNodeLayoutDelegate$MeasurePassDelegate.remeasure-BRTryo0(LayoutNodeLayoutDelegate.kt:620)
01-10 14:53:51.245  5047  5047 E AndroidRuntime: 	at androidx.compose.ui.node.LayoutNodeLayoutDelegate$MeasurePassDelegate.measure-BRTryo0(LayoutNodeLayoutDelegate.kt:596)
01-10 14:53:51.245  5047  5047 E AndroidRuntime: 	at androidx.compose.material3.ScaffoldKt$ScaffoldLayoutWithMeasureFix$1$1.invoke-0kLqBqw(Scaffold.kt:304)
01-10 14:53:51.245  5047  5047 E AndroidRuntime: 	at androidx.compose.material3.ScaffoldKt$ScaffoldLayoutWithMeasureFix$1$1.invoke(Scaffold.kt:179)
01-10 14:53:51.245  5047  5047 E AndroidRuntime: 	at androidx.compose.ui.layout.LayoutNodeSubcompositionsState$createMeasurePolicy$1.measure-3p2s80s(SubcomposeLayout.kt:709)
01-10 14:53:51.245  5047  5047 E AndroidRuntime: 	at androidx.compose.ui.node.InnerNodeCoordinator.measure-BRTryo0(InnerNodeCoordinator.kt:126)
01-10 14:53:51.245  5047  5047 E AndroidRuntime: 	at androidx.compose.ui.node.LayoutNodeLayoutDelegate$performMeasureBlock$1.invoke(LayoutNodeLayoutDelegate.kt:252)
01-10 14:53:51.245  5047  5047 E AndroidRuntime: 	at androidx.compose.ui.node.LayoutNodeLayoutDelegate$performMeasureBlock$1.invoke(LayoutNodeLayoutDelegate.kt:251)
01-10 14:53:51.245  5047  5047 E AndroidRuntime: 	at androidx.compose.runtime.snapshots.Snapshot$Companion.observe(Snapshot.kt:2303)
01-10 14:53:51.245  5047  5047 E AndroidRuntime: 	at androidx.compose.runtime.snapshots.SnapshotStateObserver$ObservedScopeMap.observe(SnapshotStateObserver.kt:500)
01-10 14:53:51.245  5047  5047 E AndroidRuntime: 	at androidx.compose.runtime.snapshots.SnapshotStateObserver.observeReads(SnapshotStateObserver.kt:256)
