--------- beginning of system
01-10 14:30:26.218  1352  1352 I vold    : Vold 3.0 (the awakening) firing up
01-10 14:30:26.218  1352  1352 V vold    : Detected support for: ext4 vfat
01-10 14:30:26.230  1352  1352 D vold    : Tearing down stale mount /mnt/temp
01-10 14:30:26.245  1352  1352 W vold    : Failed to LOOP_GET_STATUS64 /dev/block/loop7: No such device or address
01-10 14:30:26.245  1352  1352 W vold    : Failed to LOOP_GET_STATUS64 /dev/block/loop3: No such device or address
01-10 14:30:26.245  1352  1352 W vold    : Failed to LOOP_GET_STATUS64 /dev/block/loop4: No such device or address
01-10 14:30:26.245  1352  1352 W vold    : Failed to LOOP_GET_STATUS64 /dev/block/loop0: No such device or address
01-10 14:30:26.245  1352  1352 W vold    : Failed to LOOP_GET_STATUS64 /dev/block/loop6: No such device or address
01-10 14:30:26.245  1352  1352 W vold    : Failed to LOOP_GET_STATUS64 /dev/block/loop2: No such device or address
01-10 14:30:26.245  1352  1352 W vold    : Failed to LOOP_GET_STATUS64 /dev/block/loop5: No such device or address
01-10 14:30:26.245  1352  1352 W vold    : Failed to LOOP_GET_STATUS64 /dev/block/loop1: No such device or address
01-10 14:30:26.246  1352  1352 I vold    : [libfs_mgr]fs_mgr_read_fstab_default(): failed to find device default fstab
01-10 14:30:26.246  1352  1352 I vold    : [libfs_mgr]fs_mgr_read_fstab_dt(): failed to read fstab from dt
01-10 14:30:26.246  1352  1352 E vold    : Failed to open default fstab: No such file or directory
01-10 14:30:26.246  1352  1352 E vold    : Error reading configuration... continuing anyways: No such file or directory
01-10 14:30:26.247  1352  1352 D vold    : VoldNativeService::start() completed OK
01-10 14:30:26.247  1352  1363 D vold    : e4crypt_init_user0
01-10 14:30:26.247  1352  1363 D vold    : e4crypt_prepare_user_storage for volume null, user 0, serial 0, flags 1
01-10 14:30:26.247  1352  1363 D vold    : Preparing: /data/system/users/0
01-10 14:30:26.248  1352  1363 D vold    : Preparing: /data/misc/profiles/cur/0
01-10 14:30:26.250  1352  1363 D vold    : Preparing: /data/system_de/0
01-10 14:30:26.252  1352  1363 D vold    : Preparing: /data/misc_de/0
01-10 14:30:26.253  1352  1363 D vold    : Preparing: /data/vendor_de/0
01-10 14:30:26.256  1352  1363 D vold    : Preparing: /data/user_de/0
01-10 14:30:26.258  1352  1363 V vold    : /system/bin/vold_prepare_subdirs
01-10 14:30:26.258  1352  1363 V vold    :     prepare
01-10 14:30:26.258  1352  1363 V vold    :     
01-10 14:30:26.258  1352  1363 V vold    :     0
01-10 14:30:26.258  1352  1363 V vold    :     1
01-10 14:30:26.268  1352  1363 D vold    : e4crypt_unlock_user_key 0 serial=0 token_present=0
01-10 14:30:28.875  1583  1583 I installd: installd firing up
01-10 14:30:29.057  1563  1563 I android.hardware.wifi@1.0-service: Wifi Hal is booting up...
01-10 14:30:29.385  1592  1592 I wificond: wificond is starting up...
01-10 14:30:31.769  1459  1730 W PackageParser: Unknown element under <manifest>: queries at /data/app/ru.hqgocnyr.yzvnudqdq-jJzxPd8KsvCOkJ-TyDWxUg==/base.apk Binary XML file line #50
01-10 14:30:33.850  1759  1759 I chatty  : uid=1000 system_server expire 523 lines
01-10 14:30:34.733  1591  1651 E storaged: getService package_native failed
01-10 14:30:34.736  1591  1651 I storaged: storaged: Start
01-10 14:30:34.736  1591  1651 E storaged: getDiskStats failed with result NOT_SUPPORTED and size 0
01-10 14:30:35.383  1759  1791 I chatty  : uid=1000 system_server expire 12 lines
01-10 14:30:35.479  1759  1797 I chatty  : uid=1000(system) batterystats-wo expire 11 lines
01-10 14:30:35.532  1759  1802 I chatty  : uid=1000(system) android.display expire 3 lines
01-10 14:30:37.175  1759  1872 I chatty  : uid=1000(system) NetworkWatchlis expire 2 lines
01-10 14:30:37.234  1759  1873 I chatty  : uid=1000(system) StorageManagerS expire 3 lines
01-10 14:30:37.235  1352  1363 E vold    : Failed to read field SystemLocale: Success
01-10 14:30:37.241  1759  1801 I chatty  : uid=1000(system) android.io expire 1 line
01-10 14:30:37.244  1759  1839 I chatty  : uid=1000 system_server expire 2 lines
01-10 14:30:37.298  1759  1830 I chatty  : uid=1000 system_server expire 1 line
01-10 14:30:37.310  1759  1870 I chatty  : uid=1000(system) InputDispatcher expire 2 lines
01-10 14:30:37.313  1759  1877 I chatty  : uid=1000(system) NetdConnector expire 1 line
01-10 14:30:37.645  1759  1759 I SystemServer: StartUsbService
01-10 14:30:37.645  1759  1759 I SystemServiceManager: Starting com.android.server.usb.UsbService$Lifecycle
01-10 14:30:37.647  1759  1759 E UsbDeviceManager: failed to write to /sys/class/android_usb/android0/f_rndis/ethaddr
01-10 14:30:37.650  1759  1759 I UsbDeviceManager: USB GADGET HAL not present in the device
01-10 14:30:37.650  1759  1759 I UsbDeviceManager: java.util.NoSuchElementException
01-10 14:30:37.650  1759  1759 I UsbDeviceManager: 	at android.os.HwBinder.getService(Native Method)
01-10 14:30:37.650  1759  1759 I UsbDeviceManager: 	at android.hardware.usb.gadget.V1_0.IUsbGadget.getService(IUsbGadget.java:40)
01-10 14:30:37.650  1759  1759 I UsbDeviceManager: 	at android.hardware.usb.gadget.V1_0.IUsbGadget.getService(IUsbGadget.java:44)
01-10 14:30:37.650  1759  1759 I UsbDeviceManager: 	at com.android.server.usb.UsbDeviceManager.<init>(UsbDeviceManager.java:268)
01-10 14:30:37.650  1759  1759 I UsbDeviceManager: 	at com.android.server.usb.UsbService.<init>(UsbService.java:139)
01-10 14:30:37.650  1759  1759 I UsbDeviceManager: 	at com.android.server.usb.UsbService$Lifecycle.onStart(UsbService.java:73)
01-10 14:30:37.650  1759  1759 I UsbDeviceManager: 	at com.android.server.SystemServiceManager.startService(SystemServiceManager.java:126)
01-10 14:30:37.650  1759  1759 I UsbDeviceManager: 	at com.android.server.SystemServiceManager.startService(SystemServiceManager.java:113)
01-10 14:30:37.650  1759  1759 I UsbDeviceManager: 	at com.android.server.SystemServiceManager.startService(SystemServiceManager.java:72)
01-10 14:30:37.650  1759  1759 I UsbDeviceManager: 	at com.android.server.SystemServer.startOtherServices(SystemServer.java:1332)
01-10 14:30:37.650  1759  1759 I UsbDeviceManager: 	at com.android.server.SystemServer.run(SystemServer.java:445)
01-10 14:30:37.650  1759  1759 I UsbDeviceManager: 	at com.android.server.SystemServer.main(SystemServer.java:299)
01-10 14:30:37.650  1759  1759 I UsbDeviceManager: 	at java.lang.reflect.Method.invoke(Native Method)
01-10 14:30:37.650  1759  1759 I UsbDeviceManager: 	at com.android.internal.os.RuntimeInit$MethodAndArgsCaller.run(RuntimeInit.java:493)
01-10 14:30:37.650  1759  1759 I UsbDeviceManager: 	at com.android.internal.os.ZygoteInit.main(ZygoteInit.java:840)
01-10 14:30:37.650  1759  1759 E UsbDeviceManager: Failed to open control for mtp
01-10 14:30:37.650  1759  1759 E UsbDeviceManager: Failed to open control for mtp
01-10 14:30:37.664  1759  1759 E UsbDeviceManager: Error initializing UsbHandler
01-10 14:30:37.664  1759  1759 E UsbDeviceManager: java.io.FileNotFoundException: /sys/class/android_usb/android0/state (No such file or directory)
01-10 14:30:37.664  1759  1759 E UsbDeviceManager: 	at java.io.FileInputStream.open0(Native Method)
01-10 14:30:37.664  1759  1759 E UsbDeviceManager: 	at java.io.FileInputStream.open(FileInputStream.java:231)
01-10 14:30:37.664  1759  1759 E UsbDeviceManager: 	at java.io.FileInputStream.<init>(FileInputStream.java:165)
01-10 14:30:37.664  1759  1759 E UsbDeviceManager: 	at android.os.FileUtils.readTextFile(FileUtils.java:514)
01-10 14:30:37.664  1759  1759 E UsbDeviceManager: 	at com.android.server.usb.UsbDeviceManager$UsbHandlerLegacy.<init>(UsbDeviceManager.java:1376)
01-10 14:30:37.664  1759  1759 E UsbDeviceManager: 	at com.android.server.usb.UsbDeviceManager.<init>(UsbDeviceManager.java:298)
01-10 14:30:37.664  1759  1759 E UsbDeviceManager: 	at com.android.server.usb.UsbService.<init>(UsbService.java:139)
01-10 14:30:37.664  1759  1759 E UsbDeviceManager: 	at com.android.server.usb.UsbService$Lifecycle.onStart(UsbService.java:73)
01-10 14:30:37.664  1759  1759 E UsbDeviceManager: 	at com.android.server.SystemServiceManager.startService(SystemServiceManager.java:126)
01-10 14:30:37.664  1759  1759 E UsbDeviceManager: 	at com.android.server.SystemServiceManager.startService(SystemServiceManager.java:113)
01-10 14:30:37.664  1759  1759 E UsbDeviceManager: 	at com.android.server.SystemServiceManager.startService(SystemServiceManager.java:72)
01-10 14:30:37.664  1759  1759 E UsbDeviceManager: 	at com.android.server.SystemServer.startOtherServices(SystemServer.java:1332)
01-10 14:30:37.664  1759  1759 E UsbDeviceManager: 	at com.android.server.SystemServer.run(SystemServer.java:445)
01-10 14:30:37.664  1759  1759 E UsbDeviceManager: 	at com.android.server.SystemServer.main(SystemServer.java:299)
01-10 14:30:37.664  1759  1759 E UsbDeviceManager: 	at java.lang.reflect.Method.invoke(Native Method)
01-10 14:30:37.664  1759  1759 E UsbDeviceManager: 	at com.android.internal.os.RuntimeInit$MethodAndArgsCaller.run(RuntimeInit.java:493)
01-10 14:30:37.664  1759  1759 E UsbDeviceManager: 	at com.android.internal.os.ZygoteInit.main(ZygoteInit.java:840)
01-10 14:30:37.669  1759  1840 I UsbPortManager: Usb hal service started android.hardware.usb@1.0::IUsb default
01-10 14:30:37.672  1759  1759 I SystemServer: StartSerialService
01-10 14:30:37.673  1759  1759 I SystemServer: StartHardwarePropertiesManagerService
01-10 14:30:37.674  1759  1759 I SystemServer: StartTwilightService
01-10 14:30:37.674  1759  1759 I SystemServiceManager: Starting com.android.server.twilight.TwilightService
01-10 14:30:37.675  1759  1759 I SystemServer: StartJobScheduler
01-10 14:30:37.675  1759  1759 I SystemServiceManager: Starting com.android.server.job.JobSchedulerService
01-10 14:30:37.682  1759  1759 D JobStore: Start tag: job-info
01-10 14:30:37.684  1759  1759 I JobStore: Read 14 jobs
01-10 14:30:37.689  1759  1759 I SystemServer: StartSoundTrigger
01-10 14:30:37.690  1759  1759 I SystemServiceManager: Starting com.android.server.soundtrigger.SoundTriggerService
01-10 14:30:37.692  1759  1759 I SystemServer: StartTrustManager
01-10 14:30:37.692  1759  1759 I SystemServiceManager: Starting com.android.server.trust.TrustManagerService
01-10 14:30:37.698  1759  1759 I SystemServer: StartBackupManager
01-10 14:30:37.698  1759  1759 I SystemServiceManager: Starting com.android.server.backup.BackupManagerService$Lifecycle
01-10 14:30:37.702  1759  1759 I SystemServer: StartAppWidgerService
01-10 14:30:37.702  1759  1759 I SystemServiceManager: Starting com.android.server.appwidget.AppWidgetService
01-10 14:30:37.711  1759  1759 I SystemServer: StartVoiceRecognitionManager
01-10 14:30:37.711  1759  1759 I SystemServiceManager: Starting com.android.server.voiceinteraction.VoiceInteractionManagerService
01-10 14:30:37.713  1759  1759 I SystemServer: StartGestureLauncher
01-10 14:30:37.713  1759  1759 I SystemServiceManager: Starting com.android.server.GestureLauncherService
01-10 14:30:37.713  1759  1759 I SystemServer: StartSensorNotification
01-10 14:30:37.714  1759  1759 I SystemServiceManager: Starting com.android.server.SensorNotificationService
01-10 14:30:37.714  1759  1759 I SystemServer: StartContextHubSystemService
01-10 14:30:37.714  1759  1759 I SystemServiceManager: Starting com.android.server.ContextHubSystemService
01-10 14:30:37.714  1759  1759 I SystemServer: StartDiskStatsService
01-10 14:30:37.719  1759  1759 I SystemServer: StartNetworkTimeUpdateService
01-10 14:30:37.719  1759  1759 I SystemServer: StartCommonTimeManagementService
01-10 14:30:37.720  1759  1759 I SystemServer: CertBlacklister
01-10 14:30:37.721  1759  1759 I SystemServer: StartEmergencyAffordanceService
01-10 14:30:37.721  1759  1759 I SystemServiceManager: Starting com.android.server.emergency.EmergencyAffordanceService
01-10 14:30:37.722  1759  1759 I SystemServer: StartDreamManager
01-10 14:30:37.722  1759  1759 I SystemServiceManager: Starting com.android.server.dreams.DreamManagerService
01-10 14:30:37.723  1759  1759 I SystemServer: AddGraphicsStatsService
01-10 14:30:37.730  1759  1759 I SystemServer: StartPrintManager
01-10 14:30:37.730  1759  1759 I SystemServiceManager: Starting com.android.server.print.PrintManagerService
01-10 14:30:37.731  1759  1759 I SystemServer: StartCompanionDeviceManager
01-10 14:30:37.731  1759  1759 I SystemServiceManager: Starting com.android.server.companion.CompanionDeviceManagerService
01-10 14:30:37.735  1759  1759 I SystemServer: StartRestrictionManager
01-10 14:30:37.735  1759  1759 I SystemServiceManager: Starting com.android.server.restrictions.RestrictionsManagerService
01-10 14:30:37.735  1759  1759 I SystemServer: StartMediaSessionService
01-10 14:30:37.735  1759  1759 I SystemServiceManager: Starting com.android.server.media.MediaSessionService
01-10 14:30:37.737  1759  1759 I SystemServer: StartMediaUpdateService
01-10 14:30:37.737  1759  1759 I SystemServiceManager: Starting com.android.server.media.MediaUpdateService
01-10 14:30:37.737  1759  1759 I SystemServer: StartMediaResourceMonitor
01-10 14:30:37.737  1759  1759 I SystemServiceManager: Starting com.android.server.media.MediaResourceMonitorService
01-10 14:30:37.737  1759  1759 I SystemServer: StartMediaRouterService
01-10 14:30:37.738  1759  1759 I SystemServer: StartFingerprintSensor
01-10 14:30:37.738  1759  1759 I SystemServiceManager: Starting com.android.server.fingerprint.FingerprintService
01-10 14:30:37.744  1759  1839 V FingerprintService: mDaemon was null, reconnect to fingerprint
01-10 14:30:37.745  1759  1839 W FingerprintService: fingerprint HIDL not available
01-10 14:30:37.752  1759  1759 I SystemServer: StartBackgroundDexOptService
01-10 14:30:37.758  1759  1759 I SystemServer: StartPruneInstantAppsJobService
01-10 14:30:37.758  1759  1759 I SystemServer: StartShortcutServiceLifecycle
01-10 14:30:37.758  1759  1759 I SystemServiceManager: Starting com.android.server.pm.ShortcutService$Lifecycle
01-10 14:30:37.762  1759  1759 I SystemServer: StartLauncherAppsService
01-10 14:30:37.764  1759  1759 I SystemServiceManager: Starting com.android.server.pm.LauncherAppsService
01-10 14:30:37.765  1759  1759 I SystemServer: StartCrossProfileAppsService
01-10 14:30:37.765  1759  1759 I SystemServiceManager: Starting com.android.server.pm.CrossProfileAppsService
01-10 14:30:37.767  1759  1759 I SystemServer: StartMediaProjectionManager
01-10 14:30:37.767  1759  1759 I SystemServiceManager: Starting com.android.server.media.projection.MediaProjectionManagerService
01-10 14:30:37.770  1759  1759 I SystemServer: StartSliceManagerService
01-10 14:30:37.770  1759  1759 I SystemServiceManager: Starting com.android.server.slice.SliceManagerService$Lifecycle
01-10 14:30:37.771  1759  1759 I SystemServer: StartCameraServiceProxy
01-10 14:30:37.771  1759  1759 I SystemServiceManager: Starting com.android.server.camera.CameraServiceProxy
01-10 14:30:37.772  1759  1759 I SystemServer: StartStatsCompanionService
01-10 14:30:37.772  1759  1759 I SystemServiceManager: Starting com.android.server.stats.StatsCompanionService$Lifecycle
01-10 14:30:37.773  1759  1759 E KernelUidCpuFreqTimeReader: Failed to read /proc/uid_time_in_state: java.io.FileNotFoundException: /proc/uid_time_in_state (No such file or directory)
01-10 14:30:37.774  1759  1759 I StatsCompanionService: register thermal listener successfully
01-10 14:30:37.775  1759  1759 I SystemServer: StartJitCompilation
01-10 14:30:37.775  1759  1759 I SystemServer: StartMmsService
01-10 14:30:37.775  1759  1759 I SystemServiceManager: Starting com.android.server.MmsServiceBroker
01-10 14:30:37.776  1759  1759 I SystemServer: StartAutoFillService
01-10 14:30:37.776  1759  1759 I SystemServiceManager: Starting com.android.server.autofill.AutofillManagerService
01-10 14:30:37.777  1759  1759 I AutofillManagerService: Setting debug to false
01-10 14:30:37.777  1759  1759 I SystemServer: MakeVibratorServiceReady
01-10 14:30:37.778  1759  1759 I SystemServer: MakeLockSettingsServiceReady
01-10 14:30:37.796  1759  1759 I SyntheticPasswordManager: Device does not support weaver
01-10 14:30:37.798  1759  1759 I LockSettingsService: Device doesn't implement AuthSecret HAL
01-10 14:30:37.800  1759  1759 E LockSettingsStorage: Cannot read file java.io.FileNotFoundException: /data/system/password.key: open failed: ENOENT (No such file or directory)
01-10 14:30:37.800  1759  1759 E LockSettingsStorage: Cannot read file java.io.FileNotFoundException: /data/system/gatekeeper.gesture.key: open failed: ENOENT (No such file or directory)
01-10 14:30:37.800  1759  1759 E LockSettingsStorage: Cannot read file java.io.FileNotFoundException: /data/system/gesture.key: open failed: ENOENT (No such file or directory)
01-10 14:30:37.801  1759  1759 I SystemServer: StartBootPhaseLockSettingsReady
01-10 14:30:37.801  1759  1759 I SystemServiceManager: Starting phase 480
01-10 14:30:37.870  1759  1759 I DevicePolicyManager: Set ro.device_owner property to false
01-10 14:30:37.871  1759  1759 W SystemServiceManager: Service com.android.server.devicepolicy.DevicePolicyManagerService$Lifecycle took 71 ms in onBootPhase
01-10 14:30:37.873  1759  1759 I SystemServer: StartBootPhaseSystemServicesReady
01-10 14:30:37.873  1759  1759 I SystemServiceManager: Starting phase 500
01-10 14:30:37.875  1759  1759 D AppStandbyController: Setting app idle enabled state
01-10 14:30:37.878  1759  1759 I VrManagerService: No default vr listener service found.
01-10 14:30:37.883  1759  1759 I WifiService: WifiService starting up with Wi-Fi enabled
01-10 14:30:37.896  1759  1759 D WifiService: setWifiEnabled: true pid=1759, uid=1000, package=android
01-10 14:30:37.934  1759  1759 W SoundTriggerHelper: listModules status=0, # of modules=0
01-10 14:30:37.935  1759  1759 I SystemServer: MakeWindowManagerServiceReady
01-10 14:30:37.944  1759  1759 I SystemServer: MakePowerManagerServiceReady
01-10 14:30:37.954  1759  1759 I SystemServer: MakePackageManagerServiceReady
01-10 14:30:37.956  1759  1797 E KernelUidCpuFreqTimeReader: Failed to read /proc/uid_time_in_state: java.io.FileNotFoundException: /proc/uid_time_in_state (No such file or directory)
01-10 14:30:37.957  1759  1797 E KernelCpuSpeedReader: Failed to read cpu-freq: /sys/devices/system/cpu/cpu0/cpufreq/stats/time_in_state (No such file or directory)
01-10 14:30:37.957  1759  1797 E KernelWakelockReader: neither /proc/wakelocks nor /d/wakeup_sources exists
01-10 14:30:37.958  1759  1797 W BatteryStatsImpl: Couldn't get kernel wake lock stats
01-10 14:30:37.988  1759  1804 W KeyguardServiceDelegate: onScreenTurningOn(): no keyguard service!
01-10 14:30:37.993  1759  1759 V UserDataPreparer: Found /data/user_de/0 with serial number 0
01-10 14:30:37.994  1759  1759 V UserDataPreparer: Found /data/user/0 with serial number 0
01-10 14:30:37.994  1759  1759 V UserDataPreparer: Found /data/system_de/0 with serial number 0
01-10 14:30:37.994  1759  1759 V UserDataPreparer: Found /data/system_ce/0 with serial number 0
01-10 14:30:37.994  1759  1759 V UserDataPreparer: Found /data/misc_ce/0 with serial number 0
01-10 14:30:37.994  1759  1759 I SystemServer: MakeDisplayManagerServiceReady
01-10 14:30:37.995  1759  1759 I SystemServer: StartDeviceSpecificServices
01-10 14:30:37.995  1759  1759 I SystemServer: StartBootPhaseDeviceSpecificServicesReady
01-10 14:30:37.995  1759  1759 I SystemServiceManager: Starting phase 520
01-10 14:30:37.996  1759  1759 W UsageStatsService: Event reported without a package name
01-10 14:30:38.002  1759  1759 I AppOps  : Pruning old package system/com.android.server.AppOpsService$UidState@df6c83f: new uid=-1
01-10 14:30:38.003  1759  1759 I ActivityManager: System now ready
01-10 14:30:38.018  1759  1759 I SystemServer: Making services ready
01-10 14:30:38.018  1759  1759 I SystemServer: StartActivityManagerReadyPhase
01-10 14:30:38.018  1759  1759 I SystemServiceManager: Starting phase 550
01-10 14:30:38.022  1759  1759 W ActivityManager: Too early to start/bind service in system_server: Phase=550 ComponentInfo{com.android.server.telecom/com.android.server.telecom.components.TelecomService}
01-10 14:30:38.022  1759  1759 W ActivityManager: Too early to start/bind service in system_server: Phase=550 ComponentInfo{com.android.server.telecom/com.android.server.telecom.components.TelecomService}
01-10 14:30:38.219  1759  1759 W SystemServiceManager: Service com.android.server.content.ContentService$Lifecycle took 196 ms in onBootPhase
01-10 14:30:38.219  1759  1759 D BluetoothManagerService: Bluetooth boot completed
01-10 14:30:38.219  1759  1759 D BluetoothManagerService: Auto-enabling Bluetooth.
01-10 14:30:38.219  1759  1801 D BluetoothManagerService: MESSAGE_ENABLE(0): mBluetooth = null
01-10 14:30:38.243  1759  1759 W InputMethodUtils: Found no fallback locale. imis=[]
01-10 14:30:38.243  1759  1759 W InputMethodUtils: No software keyboard is found. imis=[] systemLocale=en_US fallbackLocale=null
01-10 14:30:38.243  1759  1759 W InputMethodManagerService: Default IME is uninstalled. Choose new default IME.
01-10 14:30:38.244  1759  1759 W InputMethodUtils: Found no fallback locale. imis=[]
01-10 14:30:38.244  1759  1759 W InputMethodUtils: No software keyboard is found. imis=[] systemLocale=en_US fallbackLocale=null
01-10 14:30:38.244  1759  1759 I InputMethodManagerService: No default found
01-10 14:30:38.244  1759  1759 W InputMethodManagerService: Unknown input method from prefs: com.android.inputmethod.pinyin/.InputService
01-10 14:30:38.244  1759  1759 W InputMethodManagerService: java.lang.IllegalArgumentException: Unknown id: com.android.inputmethod.pinyin/.InputService
01-10 14:30:38.244  1759  1759 W InputMethodManagerService: 	at com.android.server.InputMethodManagerService.setInputMethodLocked(InputMethodManagerService.java:2509)
01-10 14:30:38.244  1759  1759 W InputMethodManagerService: 	at com.android.server.InputMethodManagerService.updateInputMethodsFromSettingsLocked(InputMethodManagerService.java:2477)
01-10 14:30:38.244  1759  1759 W InputMethodManagerService: 	at com.android.server.InputMethodManagerService.updateFromSettingsLocked(InputMethodManagerService.java:2436)
01-10 14:30:38.244  1759  1759 W InputMethodManagerService: 	at com.android.server.InputMethodManagerService.systemRunning(InputMethodManagerService.java:1548)
01-10 14:30:38.244  1759  1759 W InputMethodManagerService: 	at com.android.server.InputMethodManagerService$Lifecycle.onBootPhase(InputMethodManagerService.java:1306)
01-10 14:30:38.244  1759  1759 W InputMethodManagerService: 	at com.android.server.SystemServiceManager.startBootPhase(SystemServiceManager.java:155)
01-10 14:30:38.244  1759  1759 W InputMethodManagerService: 	at com.android.server.SystemServer.lambda$startOtherServices$4(SystemServer.java:1784)
01-10 14:30:38.244  1759  1759 W InputMethodManagerService: 	at com.android.server.-$$Lambda$SystemServer$s9erd2iGXiS7bbg_mQJUxyVboQM.run(Unknown Source:53)
01-10 14:30:38.244  1759  1759 W InputMethodManagerService: 	at com.android.server.am.ActivityManagerService.systemReady(ActivityManagerService.java:15414)
01-10 14:30:38.244  1759  1759 W InputMethodManagerService: 	at com.android.server.SystemServer.startOtherServices(SystemServer.java:1781)
01-10 14:30:38.244  1759  1759 W InputMethodManagerService: 	at com.android.server.SystemServer.run(SystemServer.java:445)
01-10 14:30:38.244  1759  1759 W InputMethodManagerService: 	at com.android.server.SystemServer.main(SystemServer.java:299)
01-10 14:30:38.244  1759  1759 W InputMethodManagerService: 	at java.lang.reflect.Method.invoke(Native Method)
01-10 14:30:38.244  1759  1759 W InputMethodManagerService: 	at com.android.internal.os.RuntimeInit$MethodAndArgsCaller.run(RuntimeInit.java:493)
01-10 14:30:38.244  1759  1759 W InputMethodManagerService: 	at com.android.internal.os.ZygoteInit.main(ZygoteInit.java:840)
01-10 14:30:38.246  1759  1873 D StorageManagerService: Thinking about init, mSystemReady=true, mDaemonConnected=true
01-10 14:30:38.246  1759  1873 D StorageManagerService: Setting up emulation state, initlocked=false
01-10 14:30:38.248  1352  1363 D vold    : e4crypt_unlock_user_key 0 serial=0 token_present=0
01-10 14:30:38.252  1759  1873 D StorageManagerService: Thinking about reset, mSystemReady=true, mDaemonConnected=true
01-10 14:30:38.253  1759  1793 I ActivityManager: Force stopping com.android.providers.media appid=10010 user=-1: vold reset
01-10 14:30:38.253  1759  1795 I ActivityManager: Start proc 1922:com.android.bluetooth/1002 for service com.android.bluetooth/.btservice.AdapterService
01-10 14:30:38.256  1759  1784 V StorageManagerService: Found primary storage at VolumeInfo{emulated}:
01-10 14:30:38.256  1759  1784 V StorageManagerService:     type=EMULATED diskId=null partGuid= mountFlags=0 mountUserId=-1 
01-10 14:30:38.256  1759  1784 V StorageManagerService:     state=UNMOUNTED 
01-10 14:30:38.256  1759  1784 V StorageManagerService:     fsType=null fsUuid=null fsLabel=null 
01-10 14:30:38.256  1759  1784 V StorageManagerService:     path=null internalPath=null 
01-10 14:30:38.258  1352  1363 V vold    : Waiting for FUSE to spin up...
01-10 14:30:38.262  1759  1759 I SystemServer: StartObservingNativeCrashes
01-10 14:30:38.263  1759  1840 E UsbPortManager: port status enquiry failed
01-10 14:30:38.264  1759  1759 I SystemServer: StartSystemUI
01-10 14:30:38.264  1759  1894 D BluetoothManagerService: Creating new ProfileServiceConnections object for profile: 1
01-10 14:30:38.264  1759  1894 D BluetoothManagerService: Unable to bindService while Bluetooth is disabled
01-10 14:30:38.264  1759  1838 I SystemServer: WebViewFactoryPreparation
01-10 14:30:38.264  1927  1927 W sdcard  : Device explicitly enabled sdcardfs
01-10 14:30:38.284  1759  1759 I SystemServer: MakeNetworkManagementServiceReady
01-10 14:30:38.284  1759  1759 D NetworkManagement: enabling bandwidth control
01-10 14:30:38.297  1759  1795 I ActivityManager: Start proc 1930:com.android.systemui/u0a18 for service com.android.systemui/.SystemUIService
01-10 14:30:38.304  1759  1759 I SystemServer: MakeIpSecServiceReady
01-10 14:30:38.308  1759  1759 D IpSecService: IpSecService is ready
01-10 14:30:38.308  1759  1759 I SystemServer: MakeNetworkStatsServiceReady
01-10 14:30:38.312  1759  1797 E BatteryExternalStatsWorker: no controller energy info supplied for wifi
01-10 14:30:38.312  1759  1797 E BatteryExternalStatsWorker: no controller energy info supplied for telephony
01-10 14:30:38.312  1759  1797 E KernelWakelockReader: neither /proc/wakelocks nor /d/wakeup_sources exists
01-10 14:30:38.312  1759  1797 W BatteryStatsImpl: Couldn't get kernel wake lock stats
01-10 14:30:38.349  1759  1759 I SystemServer: MakeConnectivityServiceReady
01-10 14:30:38.376  1759  1880 W NetworkPolicy: setRestrictBackgroundUL: already false
01-10 14:30:38.385  1759  1795 W ActivityManager: Slow operation: 79ms so far, now at startProcess: returned from zygote!
01-10 14:30:38.407  1759  1795 W ActivityManager: Slow operation: 101ms so far, now at startProcess: done updating battery stats
01-10 14:30:38.407  1759  1795 W ActivityManager: Slow operation: 101ms so far, now at startProcess: building log message
01-10 14:30:38.407  1759  1795 I ActivityManager: Start proc 1950:WebViewLoader-x86/1037 [android.webkit.WebViewLibraryLoader$RelroFileCreator] for 
01-10 14:30:38.407  1759  1795 W ActivityManager: Slow operation: 101ms so far, now at startProcess: starting to update pids map
01-10 14:30:38.407  1759  1795 W ActivityManager: Slow operation: 101ms so far, now at startProcess: done updating pids map
01-10 14:30:38.407  1759  1795 W ActivityManager: Slow operation: 101ms so far, now at startProcess: asking zygote to start proc
01-10 14:30:38.410  1759  1759 I SystemServer: MakeNetworkPolicyServiceReady
01-10 14:30:38.417  1759  1795 W ActivityManager: Slow operation: 111ms so far, now at startProcess: returned from zygote!
01-10 14:30:38.472  1759  1849 W ActivityManager: Slow operation: 58ms so far, now at attachApplicationLocked: after mServices.attachApplicationLocked
01-10 14:30:38.472  1759  1795 W ActivityManager: Slow operation: 166ms so far, now at startProcess: done updating battery stats
01-10 14:30:38.472  1759  1795 W ActivityManager: Slow operation: 166ms so far, now at startProcess: building log message
01-10 14:30:38.472  1759  1795 I ActivityManager: Start proc 1971:WebViewLoader-x86_64/1037 [android.webkit.WebViewLibraryLoader$RelroFileCreator] for 
01-10 14:30:38.472  1759  1795 W ActivityManager: Slow operation: 166ms so far, now at startProcess: starting to update pids map
01-10 14:30:38.472  1759  1795 W ActivityManager: Slow operation: 166ms so far, now at startProcess: done updating pids map
01-10 14:30:38.552  1563  1563 I android.hardware.wifi@1.0-service: Wifi HAL started
01-10 14:30:38.565  1563  1563 E android.hardware.wifi@1.0-service: Unknown iface name: wlan0
01-10 14:30:38.568  1563  1563 I android.hardware.wifi@1.0-service: Adding interface handle for wlan0
01-10 14:30:38.568  1563  1563 E android.hardware.wifi@1.0-service: Failed to register radio mode change callback
01-10 14:30:38.568  1563  1563 I android.hardware.wifi@1.0-service: Configured chip in mode 0
01-10 14:30:38.569  1563  1563 E android.hardware.wifi@1.0-service: Failed to set DFS flag; DFS channels may be unavailable.
01-10 14:30:38.593  1592  1592 I wificond: create scanner for interface with index: 1
01-10 14:30:38.593  1592  1592 I wificond: subscribe scan result for interface with index: 1
01-10 14:30:38.596  1592  1592 E wificond: No Offload Service available
01-10 14:30:38.596  1592  1592 I wificond: Offload HAL not supported 
01-10 14:30:38.675  1759  1848 W ActivityManager: Slow operation: 127ms so far, now at attachApplicationLocked: before bindApplication
01-10 14:30:38.675  1759  1848 W ActivityManager: Slow operation: 127ms so far, now at attachApplicationLocked: immediately before bindApplication
01-10 14:30:38.675  1759  1848 W ActivityManager: Slow operation: 127ms so far, now at attachApplicationLocked: immediately after bindApplication
01-10 14:30:38.675  1759  1848 W ActivityManager: Slow operation: 127ms so far, now at attachApplicationLocked: after updateLruProcessLocked
01-10 14:30:38.675  1759  1848 W ActivityManager: Slow operation: 127ms so far, now at attachApplicationLocked: after mServices.attachApplicationLocked
01-10 14:30:38.675  1759  1848 W ActivityManager: Slow operation: 127ms so far, now at attachApplicationLocked: after updateOomAdjLocked
01-10 14:30:39.749  1759  2065 I ActivityManager: Process WebViewLoader-x86_64 (pid 1971) has died: psvc PER 
01-10 14:30:39.761  1759  2065 I ActivityManager: Process WebViewLoader-x86_64 (pid 0), (curAdj -700) has died.
01-10 14:30:39.761  1759  2065 I ActivityManager: Tell the tab as app process died as low mem.
01-10 14:30:39.782  1759  1794 W Looper  : Slow dispatch took 1107ms android.ui h=com.android.server.am.ActivityManagerService$UiHandler c=null m=53
01-10 14:30:39.784  1759  1849 I ActivityManager: Process WebViewLoader-x86 (pid 1950) has died: psvc PER 
01-10 14:30:39.784  1759  1849 I ActivityManager: Process WebViewLoader-x86 (pid 0), (curAdj -700) has died.
01-10 14:30:39.784  1759  1849 I ActivityManager: Tell the tab as app process died as low mem.
01-10 14:30:39.809  1759  1759 I SystemServer: StartWatchdog
01-10 14:30:39.810  1759  1759 I SystemServer: PhaseThirdPartyAppsCanStart
01-10 14:30:39.810  1759  1759 I SystemServiceManager: Starting phase 600
01-10 14:30:39.869  1759  1759 V WallpaperManagerService: bindWallpaperComponentLocked: componentName=ComponentInfo{com.android.systemui/com.android.systemui.ImageWallpaper}
01-10 14:30:39.879  1759  1797 E BatteryExternalStatsWorker: no controller energy info supplied for wifi
01-10 14:30:39.879  1759  1797 E KernelWakelockReader: neither /proc/wakelocks nor /d/wakeup_sources exists
01-10 14:30:39.884  1759  1797 W BatteryStatsImpl: Couldn't get kernel wake lock stats
01-10 14:30:39.888  1759  1797 E BatteryExternalStatsWorker: no controller energy info supplied for wifi
01-10 14:30:39.889  1759  1797 E KernelUidCpuFreqTimeReader: Failed to read /proc/uid_time_in_state: java.io.FileNotFoundException: /proc/uid_time_in_state (No such file or directory)
01-10 14:30:39.889  1759  1797 E KernelCpuSpeedReader: Failed to read cpu-freq: /sys/devices/system/cpu/cpu0/cpufreq/stats/time_in_state (No such file or directory)
01-10 14:30:39.889  1759  1797 E KernelWakelockReader: neither /proc/wakelocks nor /d/wakeup_sources exists
01-10 14:30:39.889  1759  1797 W BatteryStatsImpl: Couldn't get kernel wake lock stats
01-10 14:30:39.908  1759  1759 W SystemServiceManager: Service com.android.server.wallpaper.WallpaperManagerService$Lifecycle took 55 ms in onBootPhase
01-10 14:30:39.977  1759  1759 W SystemServiceManager: Service com.android.server.trust.TrustManagerService took 57 ms in onBootPhase
01-10 14:30:40.013  1759  1759 I StatsCompanionService: Told statsd that StatsCompanionService is alive.
01-10 14:30:40.019  1759  1759 I SystemServer: MakeLocationServiceReady
01-10 14:30:40.102  1759  1759 W LocationProviderProxy-network: Odd, no component found for service com.android.location.service.v3.NetworkLocationProvider
01-10 14:30:40.102  1759  1849 V FingerprintService: mDaemon was null, reconnect to fingerprint
01-10 14:30:40.104  1759  1759 W GeocoderProxy: Odd, no component found for service com.android.location.service.GeocodeProvider
01-10 14:30:40.104  1759  1849 W FingerprintService: fingerprint HIDL not available
01-10 14:30:40.118  1759  1759 W GeofenceProxy: Odd, no component found for service com.android.location.service.GeofenceProvider
01-10 14:30:40.118  1759  1759 D LocationManagerService: Hardware Activity-Recognition not supported.
01-10 14:30:40.119  1759  1759 W ActivityRecognitionProxy: Odd, no component found for service com.android.location.service.ActivityRecognitionProvider
01-10 14:30:40.135  1759  1793 W BroadcastQueue: Background execution not allowed: receiving Intent { act=android.location.PROVIDERS_CHANGED flg=0x10 } to com.google.android.gms/.chimera.GmsIntentOperationService$PersistentTrustedReceiver
01-10 14:30:40.148  1759  1793 W BroadcastQueue: Background execution not allowed: receiving Intent { act=android.location.MODE_CHANGED flg=0x10 } to com.google.android.gms/.chimera.GmsIntentOperationService$PersistentTrustedReceiver
01-10 14:30:40.180  1759  1759 I SystemServer: MakeCountryDetectionServiceReady
01-10 14:30:40.180  1759  1759 I SystemServer: MakeNetworkTimeUpdateReady
01-10 14:30:40.186  1759  1759 I SystemServer: MakeCommonTimeManagementServiceReady
01-10 14:30:40.186  1759  1759 I SystemServer: MakeInputManagerServiceReady
01-10 14:30:40.187  1759  1759 I SystemServer: MakeTelephonyRegistryReady
01-10 14:30:40.187  1759  1759 I SystemServer: MakeMediaRouterServiceReady
01-10 14:30:40.187  1759  1759 I SystemServer: MakeMmsServiceReady
01-10 14:30:40.187  1759  1759 I MmsServiceBroker: Delay connecting to MmsService until an API is called
01-10 14:30:40.187  1759  1759 I SystemServer: IncidentDaemonReady
01-10 14:30:40.187  1759  1759 I SystemServiceManager: Calling onStartUser u0
01-10 14:30:40.206  1759  1759 W VoiceInteractionManagerService: no available voice interaction services found for user 0
01-10 14:30:40.206  1759  1759 W VoiceInteractionManagerService: no available voice recognition services found for user 0
01-10 14:30:40.251  1759  1759 I ActivityManager: START u0 {act=android.intent.action.MAIN cat=[android.intent.category.HOME] flg=0x10000100 cmp=com.android.settings/.FallbackHome} from uid 0
01-10 14:30:40.282  1759  1759 I ActivityManager: Loaded persisted task ids for user 0
01-10 14:30:40.324  1759  1759 D SystemServerInitThreadPool: Shutdown successful
01-10 14:30:40.376  1759  1795 W ActivityManager: Slow operation: 146ms so far, now at startProcess: asking zygote to start proc
01-10 14:30:40.376  1759  1759 W Looper  : Slow delivery took 3358ms main h=android.os.Handler c=com.android.server.-$$Lambda$BatteryService$2x73lvpB0jctMSVP4qb9sHAqRPw@f586369 m=0
01-10 14:30:40.397  1759  1792 W LocationProviderProxy-network: Odd, no component found for service com.android.location.service.v3.NetworkLocationProvider
01-10 14:30:40.455  1759  1795 W ActivityManager: Slow operation: 225ms so far, now at startProcess: returned from zygote!
01-10 14:30:40.459  1759  1792 W GeocoderProxy: Odd, no component found for service com.android.location.service.GeocodeProvider
01-10 14:30:40.460  1759  1795 W ActivityManager: Slow operation: 230ms so far, now at startProcess: done updating battery stats
01-10 14:30:40.462  1759  1795 W ActivityManager: Slow operation: 232ms so far, now at startProcess: building log message
01-10 14:30:40.462  1759  1795 I ActivityManager: Start proc 2121:com.android.phone/1001 for added application com.android.phone
01-10 14:30:40.462  1759  1795 W ActivityManager: Slow operation: 232ms so far, now at startProcess: starting to update pids map
01-10 14:30:40.462  1759  1795 W ActivityManager: Slow operation: 232ms so far, now at startProcess: done updating pids map
01-10 14:30:40.462  1759  1795 W ActivityManager: Slow operation: 168ms so far, now at startProcess: asking zygote to start proc
01-10 14:30:40.462  1759  1792 W GeofenceProxy: Odd, no component found for service com.android.location.service.GeofenceProvider
01-10 14:30:40.462  1759  1792 W ActivityRecognitionProxy: Odd, no component found for service com.android.location.service.ActivityRecognitionProvider
01-10 14:30:40.472  1759  1795 W ActivityManager: Slow operation: 179ms so far, now at startProcess: returned from zygote!
01-10 14:30:40.473  1759  1795 W ActivityManager: Slow operation: 179ms so far, now at startProcess: done updating battery stats
01-10 14:30:40.473  1759  1795 W ActivityManager: Slow operation: 179ms so far, now at startProcess: building log message
01-10 14:30:40.474  1759  1795 I ActivityManager: Start proc 2128:com.android.settings/1000 for activity com.android.settings/.FallbackHome
01-10 14:30:40.474  1759  1795 W ActivityManager: Slow operation: 180ms so far, now at startProcess: starting to update pids map
01-10 14:30:40.474  1759  1795 W ActivityManager: Slow operation: 180ms so far, now at startProcess: done updating pids map
01-10 14:30:40.556  1759  1759 W Looper  : Slow dispatch took 150ms main h=android.app.ActivityThread$H c=com.android.server.am.-$$Lambda$5hokEl5hcign5FXeGZdl53qh2zg@5220888 m=0
01-10 14:30:40.636  1759  1759 D ConditionProviders.SCP: onConnected
01-10 14:30:40.643  1759  1759 D ConditionProviders: Subscribing to condition://android/event?userId=-10000&calendar=&reply=1 with ComponentInfo{android/com.android.server.notification.EventConditionProvider}
01-10 14:30:40.643  1759  1759 D ConditionProviders: Subscribing to condition://android/schedule?days=1.2.3.4.5.6.7&start=22.0&end=7.0&exitAtAlarm=true with ComponentInfo{android/com.android.server.notification.ScheduleConditionProvider}
01-10 14:30:40.703  1759  1759 V SettingsProvider: Notifying for 0: content://settings/secure/location_providers_allowed
01-10 14:30:40.703  1759  1759 V SettingsProvider: Notifying for 0: content://settings/global/location_global_kill_switch
01-10 14:30:40.767  1759  1783 W ActivityManager: Slow operation: 53ms so far, now at attachApplicationLocked: after mServices.attachApplicationLocked
01-10 14:30:40.767  1759  1783 W ActivityManager: Slow operation: 53ms so far, now at attachApplicationLocked: after updateOomAdjLocked
01-10 14:30:40.842  1759  1759 W Looper  : Slow dispatch took 128ms main h=android.app.ActivityThread$H c=null m=114
01-10 14:30:40.894  1759  1759 D BluetoothManagerService: Creating new ProfileServiceConnections object for profile: 1
01-10 14:30:40.894  1759  1759 D BluetoothManagerService: Unable to bindService while Bluetooth is disabled
01-10 14:30:40.896  1759  2170 I Telecom : BluetoothRouteManager: getBluetoothAudioConnectedDevice: no headset service available.
01-10 14:30:40.898  1759  1759 I Telecom : SystemStateProvider: Registering car mode receiver: android.content.IntentFilter@f97569a: TS.init@AAA
01-10 14:30:40.908  1759  2172 I Telecom : Logging.Events: Non-call EVENT: AUDIO_ROUTE, Entering state QuiescentSpeakerRoute
01-10 14:30:40.908  1759  2172 I Telecom : BluetoothRouteManager: getBluetoothAudioConnectedDevice: no headset service available.
01-10 14:30:40.911  1759  2173 I Telecom : CallAudioModeStateMachine: Message received: null.: TS.init->CAMSM.pM_1@AAA
01-10 14:30:40.917  1759  1759 I Telecom : MissedCallNotifierImpl: reloadFromDatabase: Boot not yet complete -- call log db may not be available. Deferring loading until boot complete for user 0: TS.init@AAA
01-10 14:30:40.920  1759  1759 D BluetoothManagerService: Creating new ProfileServiceConnections object for profile: 1
01-10 14:30:40.920  1759  1759 D BluetoothManagerService: Unable to bindService while Bluetooth is disabled
01-10 14:30:40.922  1759  1759 I Telecom : Class: TelecomSystem.INSTANCE being set
01-10 14:30:40.923  1759  1759 W ContextImpl: Calling a method in the system process without a qualified user: android.app.ContextImpl.startService:1531 android.content.ContextWrapper.startService:664 com.android.server.telecom.components.TelecomService.initializeTelecomSystem:197 com.android.server.telecom.components.TelecomService.onBind:67 android.app.ActivityThread.handleBindService:3604 
01-10 14:30:40.927  1759  1759 W ContextImpl: Calling a method in the system process without a qualified user: android.app.ContextImpl.startService:1531 com.android.server.content.SyncManager$14.run:758 android.os.Handler.handleCallback:873 android.os.Handler.dispatchMessage:99 android.os.Looper.loop:193 
01-10 14:30:40.941  1759  1885 E WifiP2pService: Unexpected disable request when WifiChannel is null
01-10 14:30:40.961  1759  1759 V SettingsProvider: Notifying for 0: content://settings/global/boot_count
01-10 14:30:40.962  1759  1759 D BluetoothManagerService: Bluetooth Adapter name changed to SM-S9160
01-10 14:30:40.963  1759  1759 D BluetoothManagerService: Stored Bluetooth name: SM-S9160
01-10 14:30:40.964  1759  1759 D BluetoothManagerService: BluetoothServiceConnection: com.android.bluetooth.btservice.AdapterService
01-10 14:30:40.964  1759  1801 D BluetoothManagerService: MESSAGE_BLUETOOTH_SERVICE_CONNECTED: 1
01-10 14:30:40.965  1759  1801 D BluetoothManagerService: Broadcasting onBluetoothServiceUp() to 2 receivers.
01-10 14:30:40.966  1759  1801 D BluetoothManagerService: MESSAGE_BLUETOOTH_STATE_CHANGE: OFF > BLE_TURNING_ON
01-10 14:30:40.969  1759  1801 D BluetoothManagerService: Sending BLE State Change: OFF > BLE_TURNING_ON
01-10 14:30:41.129  1759  1759 W Looper  : Slow dispatch took 162ms main h=android.app.ActivityThread$H c=null m=114
01-10 14:30:41.174  1759  1759 V WiredAccessoryManager: notifyWiredAccessoryChanged: when=0 bits= mask=54
01-10 14:30:41.174  1759  1759 V WiredAccessoryManager: newName=h2w newState=0 headsetState=0 prev headsetState=0
01-10 14:30:41.174  1759  1759 V WiredAccessoryManager: init()
01-10 14:30:41.175  1759  1849 W UsageStatsService: Event reported without a package name
01-10 14:30:41.280  1759  1759 V NotificationAssistants: enabling notification assistant for 0: ComponentInfo{android.ext.services/android.ext.services.notification.Assistant}
01-10 14:30:41.305  1759  1759 V NotificationAssistants: binding: Intent { act=android.service.notification.NotificationAssistantService cmp=android.ext.services/.notification.Assistant (has extras) }
01-10 14:30:41.424  1759  1759 W ActivityManager: Slow operation: 62ms so far, now at startProcess: done starting proc!
01-10 14:30:41.426  1759  1759 W Looper  : Slow dispatch took 152ms main h=android.app.ActivityThread$H c=android.app.-$$Lambda$LoadedApk$ReceiverDispatcher$Args$_BumDX2UKsnxLVrE6UJsJZkotuA@d64a4d0 m=0
01-10 14:30:41.476  1759  1795 W ActivityManager: Slow operation: 79ms so far, now at startProcess: done updating battery stats
01-10 14:30:41.476  1759  1795 W ActivityManager: Slow operation: 79ms so far, now at startProcess: building log message
01-10 14:30:41.476  1759  1795 I ActivityManager: Start proc 2216:android.ext.services/u0a25 for service android.ext.services/.notification.Assistant
01-10 14:30:41.476  1759  1795 W ActivityManager: Slow operation: 79ms so far, now at startProcess: starting to update pids map
01-10 14:30:41.476  1759  1795 W ActivityManager: Slow operation: 79ms so far, now at startProcess: done updating pids map
01-10 14:30:41.521  1759  1793 W KeyguardServiceDelegate: onScreenTurningOn(): no keyguard service!
01-10 14:30:41.670  1759  1759 W Looper  : Slow dispatch took 243ms main h=android.app.ActivityThread$H c=android.app.-$$Lambda$LoadedApk$ReceiverDispatcher$Args$_BumDX2UKsnxLVrE6UJsJZkotuA@b3d2b32 m=0
01-10 14:30:41.680  1759  1759 D ConditionProviders.SCP: onSubscribe condition://android/schedule?days=1.2.3.4.5.6.7&start=22.0&end=7.0&exitAtAlarm=true
01-10 14:30:41.681  1759  1759 D ConditionProviders.SCP: setRegistered true
01-10 14:30:41.687  1759  1759 D ConditionProviders.SCP: evaluateSubscriptionLocked cal=ScheduleCalendar[mDays={1, 2, 3, 4, 5, 6, 7}, mSchedule=ScheduleInfo{days=[1, 2, 3, 4, 5, 6, 7], startHour=22, startMinute=0, endHour=7, endMinute=0, exitAtAlarm=true, nextAlarm=Thu Jan 01 01:00:00 GMT+01:00 1970 (0)}], now=Sat Jan 10 14:30:41 GMT+01:00 2026 (1768051841681), nextUserAlarmTime=Thu Jan 01 01:00:00 GMT+01:00 1970 (0)
01-10 14:30:41.687  1759  1759 D ConditionProviders.SCP: notifyCondition condition://android/schedule?days=1.2.3.4.5.6.7&start=22.0&end=7.0&exitAtAlarm=true STATE_FALSE reason=!meetsSchedule
01-10 14:30:41.688  1759  1759 D ConditionProviders.SCP: Scheduling evaluate for Sat Jan 10 22:00:00 GMT+01:00 2026 (1768078800000), in +7h29m18s319ms, now=Sat Jan 10 14:30:41 GMT+01:00 2026 (1768051841681)
01-10 14:30:41.695  1759  1759 I Telecom : WiredHeadsetManager: ACTION_HEADSET_PLUG event, plugged in: false, : WHC.oADA@AAE
01-10 14:30:41.811  1759  1892 E ActivityThread: Failed to find provider info for com.android.calendar
01-10 14:30:41.826  1759  1892 E ActivityThread: Failed to find provider info for com.android.calendar
01-10 14:30:41.828  1759  1921 I SyncManager: Got SyncJobService instance.
01-10 14:30:41.851  1759  1759 I AutofillManagerService: Updating Autofill for user 0: disabled=false
01-10 14:30:41.857  1759  1759 W Looper  : Drained
01-10 14:30:42.015  1759  1759 D BluetoothManagerService: Bluetooth Adapter address changed to 01:02:03:04:05:06
01-10 14:30:42.015  1759  1759 D BluetoothManagerService: Stored Bluetoothaddress: B9:CC:BB:E5:95:50
01-10 14:30:42.021  1759  1759 D BluetoothManagerService: Bluetooth Adapter name changed to SM-S9160
01-10 14:30:42.021  1759  1759 D BluetoothManagerService: Stored Bluetooth name: SM-S9160
01-10 14:30:42.144  1759  1801 D BluetoothManagerService: MESSAGE_BLUETOOTH_STATE_CHANGE: BLE_TURNING_ON > BLE_ON
01-10 14:30:42.144  1759  1801 D BluetoothManagerService: Bluetooth is in LE only mode
01-10 14:30:42.144  1759  1801 D BluetoothManagerService: Binding Bluetooth GATT service
01-10 14:30:42.167  1759  1801 D BluetoothManagerService: Sending BLE State Change: BLE_TURNING_ON > BLE_ON
01-10 14:30:42.167  1759  1759 D BluetoothManagerService: BluetoothServiceConnection: com.android.bluetooth.gatt.GattService
01-10 14:30:42.167  1759  1801 D BluetoothManagerService: MESSAGE_BLUETOOTH_SERVICE_CONNECTED: 2
01-10 14:30:42.167  1759  1801 D BluetoothManagerService: continueFromBleOnState()
01-10 14:30:42.168  1759  1801 D BluetoothManagerService: Persisting Bluetooth Setting: 1
01-10 14:30:42.168  1759  1801 D BluetoothManagerService: MESSAGE_BLUETOOTH_STATE_CHANGE: BLE_ON > TURNING_ON
01-10 14:30:42.168  1759  1801 D BluetoothManagerService: Sending BLE State Change: BLE_ON > TURNING_ON
01-10 14:30:42.221  1759  1793 W BroadcastQueue: Background execution not allowed: receiving Intent { act=android.bluetooth.adapter.action.STATE_CHANGED flg=0x4000010 (has extras) } to com.google.android.gms/.chimera.GmsIntentOperationService$PersistentTrustedReceiver
01-10 14:30:42.514  2121  2121 W SystemConfig: Tag allow-ignore-location-settings is unknown or not allowed in /system/etc/sysconfig
01-10 14:30:42.514  2121  2121 W SystemConfig: Tag allow-association is unknown or not allowed in /system/etc/sysconfig
01-10 14:30:42.514  2121  2121 I chatty  : uid=1001(radio) com.android.phone identical 6 lines
01-10 14:30:42.514  2121  2121 W SystemConfig: Tag allow-association is unknown or not allowed in /system/etc/sysconfig
01-10 14:30:42.514  2121  2121 W SystemConfig: Tag app-data-isolation-whitelisted-app is unknown or not allowed in /system/etc/sysconfig
01-10 14:30:42.514  2121  2121 W SystemConfig: Tag rollback-whitelisted-app is unknown or not allowed in /system/etc/sysconfig
01-10 14:30:42.723  1759  1795 I ActivityManager: Start proc 2259:com.google.android.gms.persistent/u0a24 for broadcast com.google.android.gms/.chimera.GmsIntentOperationService$PersistentTrustedReceiver
01-10 14:30:42.755  1759  1802 W WindowManager: App freeze timeout expired.
01-10 14:30:42.881  1759  1849 W ActivityManager: Slow operation: 73ms so far, now at getContentProviderImpl: after resolveContentProvider
01-10 14:30:42.881  2121  2278 E ActivityThread: Failed to find provider info for com.android.contacts
01-10 14:30:42.932  1759  2085 D BluetoothManagerService: Creating new ProfileServiceConnections object for profile: 1
01-10 14:30:42.933  1759  2085 D BluetoothManagerService: Unable to bindService while Bluetooth is disabled
01-10 14:30:42.986  1759  1848 I StatusBarManagerService: registerStatusBar bar=com.android.internal.statusbar.IStatusBar$Stub$Proxy@6668ce9
01-10 14:30:43.048  2121  2121 I TelecomFramework: TtyManager: updateUiTtyMode -1 -> 0
