01-10 17:49:21.409  8964  8964 I om.habittracke:   at java.lang.Class dalvik.system.BaseDexClassLoader.findClass(java.lang.String) (BaseDexClassLoader.java:134)
01-10 17:49:21.409  8964  8964 I om.habittracke:   at java.lang.Class java.lang.ClassLoader.loadClass(java.lang.String, boolean) (ClassLoader.java:379)
01-10 17:49:21.409  8964  8964 I om.habittracke:   at java.lang.Class java.lang.ClassLoader.loadClass(java.lang.String) (ClassLoader.java:312)
01-10 17:49:21.409  8964  8964 I om.habittracke:   at androidx.compose.runtime.Composition androidx.compose.ui.platform.Wrapper_androidKt.setContent(androidx.compose.ui.platform.AbstractComposeView, androidx.compose.runtime.CompositionContext, kotlin.jvm.functions.Function2) (Wrapper.android.kt:77)
01-10 17:49:21.409  8964  8964 I om.habittracke:   at void androidx.compose.ui.platform.AbstractComposeView.ensureCompositionCreated() (ComposeView.android.kt:251)
01-10 17:49:21.409  8964  8964 I om.habittracke:   at void androidx.compose.ui.platform.AbstractComposeView.onAttachedToWindow() (ComposeView.android.kt:283)
01-10 17:49:21.409  8964  8964 I om.habittracke:   at void android.view.View.dispatchAttachedToWindow(android.view.View$AttachInfo, int) (View.java:18361)
01-10 17:49:21.409  8964  8964 I om.habittracke:   at void android.view.ViewGroup.dispatchAttachedToWindow(android.view.View$AttachInfo, int) (ViewGroup.java:3429)
01-10 17:49:21.409  8964  8964 I om.habittracke:   at void android.view.ViewGroup.dispatchAttachedToWindow(android.view.View$AttachInfo, int) (ViewGroup.java:3436)
01-10 17:49:21.409  8964  8964 I chatty  : uid=10061(com.habittracker) identical 1 line
01-10 17:49:21.409  8964  8964 I om.habittracke:   at void android.view.ViewGroup.dispatchAttachedToWindow(android.view.View$AttachInfo, int) (ViewGroup.java:3436)
01-10 17:49:21.409  8964  8964 I om.habittracke:   at void android.view.ViewRootImpl.performTraversals() (ViewRootImpl.java:1764)
01-10 17:49:21.409  8964  8964 I om.habittracke:   at void android.view.ViewRootImpl.doTraversal() (ViewRootImpl.java:1463)
01-10 17:49:21.409  8964  8964 I om.habittracke:   at void android.view.ViewRootImpl$TraversalRunnable.run() (ViewRootImpl.java:7190)
01-10 17:49:21.409  8964  8964 I om.habittracke:   at void android.view.Choreographer$CallbackRecord.run(long) (Choreographer.java:949)
01-10 17:49:21.409  8964  8964 I om.habittracke:   at void android.view.Choreographer.doCallbacks(int, long) (Choreographer.java:761)
01-10 17:49:21.409  8964  8964 I om.habittracke:   at void android.view.Choreographer.doFrame(long, int) (Choreographer.java:696)
01-10 17:49:21.409  8964  8964 I om.habittracke:   at void android.view.Choreographer$FrameDisplayEventReceiver.run() (Choreographer.java:935)
01-10 17:49:21.409  8964  8964 I om.habittracke:   at void android.os.Handler.handleCallback(android.os.Message) (Handler.java:873)
01-10 17:49:21.409  8964  8964 I om.habittracke:   at void android.os.Handler.dispatchMessage(android.os.Message) (Handler.java:99)
01-10 17:49:21.409  8964  8964 I om.habittracke:   at void android.os.Looper.loop() (Looper.java:193)
01-10 17:49:21.409  8964  8964 I om.habittracke:   at void android.app.ActivityThread.main(java.lang.String[]) (ActivityThread.java:6840)
01-10 17:49:21.409  8964  8964 I om.habittracke:   at java.lang.Object java.lang.reflect.Method.invoke(java.lang.Object, java.lang.Object[]) (Method.java:-2)
01-10 17:49:21.409  8964  8964 I om.habittracke:   at void com.android.internal.os.RuntimeInit$MethodAndArgsCaller.run() (RuntimeInit.java:493)
01-10 17:49:21.409  8964  8964 I om.habittracke:   at void com.android.internal.os.ZygoteInit.main(java.lang.String[]) (ZygoteInit.java:860)
01-10 17:49:21.409  8964  8964 I om.habittracke: 
01-10 17:49:21.678  8964  8964 W om.habittracke: Class androidx.compose.runtime.snapshots.SnapshotStateList failed lock verification and will run slower.
01-10 17:49:21.678  8964  8964 W om.habittracke: Common causes for lock verification issues are non-optimized dex code
01-10 17:49:21.678  8964  8964 W om.habittracke: and incorrect proguard optimizations.
01-10 17:49:21.744  8964  8964 W om.habittracke: Accessing hidden field Landroid/graphics/Insets;->left:I (light greylist, linking)
01-10 17:49:21.744  8964  8964 W om.habittracke: Accessing hidden field Landroid/graphics/Insets;->top:I (light greylist, linking)
01-10 17:49:21.744  8964  8964 W om.habittracke: Accessing hidden field Landroid/graphics/Insets;->right:I (light greylist, linking)
01-10 17:49:21.744  8964  8964 W om.habittracke: Accessing hidden field Landroid/graphics/Insets;->bottom:I (light greylist, linking)
01-10 17:49:21.793  8964  8964 W om.habittracke: Accessing hidden field Landroid/view/WindowInsets;->CONSUMED:Landroid/view/WindowInsets; (light greylist, reflection)
01-10 17:49:21.794  8964  8964 W om.habittracke: Accessing hidden method Landroid/view/View;->getViewRootImpl()Landroid/view/ViewRootImpl; (light greylist, reflection)
01-10 17:49:21.794  8964  8964 W om.habittracke: Accessing hidden field Landroid/view/View$AttachInfo;->mVisibleInsets:Landroid/graphics/Rect; (light greylist, reflection)
01-10 17:49:21.794  8964  8964 W om.habittracke: Accessing hidden field Landroid/view/ViewRootImpl;->mAttachInfo:Landroid/view/View$AttachInfo; (light greylist, reflection)
01-10 17:49:21.929  8964  8964 W om.habittracke: Accessing hidden method Landroid/text/SpannableStringInternal;->length()I (light greylist, linking)
01-10 17:49:21.934  8964  8964 W om.habittracke: Accessing hidden method Landroid/graphics/Canvas;->drawPatch(Landroid/graphics/NinePatch;Landroid/graphics/Rect;Landroid/graphics/Paint;)V (dark greylist, linking)
01-10 17:49:21.934  8964  8964 W om.habittracke: Accessing hidden method Landroid/graphics/Canvas;->drawPatch(Landroid/graphics/NinePatch;Landroid/graphics/RectF;Landroid/graphics/Paint;)V (dark greylist, linking)
01-10 17:49:21.950  8964  8964 W om.habittracke: Accessing hidden method Landroid/view/RenderNode;->create(Ljava/lang/String;Landroid/view/View;)Landroid/view/RenderNode; (light greylist, linking)
01-10 17:49:21.950  8964  8964 W om.habittracke: Accessing hidden method Landroid/view/RenderNode;->getScaleX()F (dark greylist, linking)
01-10 17:49:21.950  8964  8964 W om.habittracke: Accessing hidden method Landroid/view/DisplayListCanvas;->drawRenderNode(Landroid/view/RenderNode;)V (light greylist, linking)
01-10 17:49:21.951  8964  8964 W om.habittracke: Accessing hidden method Landroid/view/RenderNode;->getScaleX()F (dark greylist, linking)
01-10 17:49:21.951  8964  8964 W om.habittracke: Accessing hidden method Landroid/view/RenderNode;->getAlpha()F (dark greylist, linking)
01-10 17:49:21.951  8964  8964 W om.habittracke: Accessing hidden method Landroid/view/RenderNode;->getCameraDistance()F (dark greylist, linking)
01-10 17:49:21.951  8964  8964 W om.habittracke: Accessing hidden method Landroid/view/RenderNode;->getClipToOutline()Z (dark greylist, linking)
01-10 17:49:21.951  8964  8964 W om.habittracke: Accessing hidden method Landroid/view/RenderNode;->getElevation()F (dark greylist, linking)
01-10 17:49:21.951  8964  8964 W om.habittracke: Accessing hidden method Landroid/view/RenderNode;->isValid()Z (light greylist, linking)
01-10 17:49:21.951  8964  8964 W om.habittracke: Accessing hidden method Landroid/view/RenderNode;->getInverseMatrix(Landroid/graphics/Matrix;)V (dark greylist, linking)
01-10 17:49:21.951  8964  8964 W om.habittracke: Accessing hidden method Landroid/view/RenderNode;->getMatrix(Landroid/graphics/Matrix;)V (dark greylist, linking)
01-10 17:49:21.951  8964  8964 W om.habittracke: Accessing hidden method Landroid/view/RenderNode;->getPivotX()F (dark greylist, linking)
01-10 17:49:21.951  8964  8964 W om.habittracke: Accessing hidden method Landroid/view/RenderNode;->getPivotY()F (dark greylist, linking)
01-10 17:49:21.951  8964  8964 W om.habittracke: Accessing hidden method Landroid/view/RenderNode;->getRotationX()F (dark greylist, linking)
01-10 17:49:21.951  8964  8964 W om.habittracke: Accessing hidden method Landroid/view/RenderNode;->getRotationY()F (dark greylist, linking)
01-10 17:49:21.951  8964  8964 W om.habittracke: Accessing hidden method Landroid/view/RenderNode;->getRotation()F (dark greylist, linking)
01-10 17:49:21.951  8964  8964 W om.habittracke: Accessing hidden method Landroid/view/RenderNode;->getScaleX()F (dark greylist, linking)
01-10 17:49:21.951  8964  8964 W om.habittracke: Accessing hidden method Landroid/view/RenderNode;->getScaleY()F (dark greylist, linking)
01-10 17:49:21.951  8964  8964 W om.habittracke: Accessing hidden method Landroid/view/RenderNode;->getTranslationX()F (dark greylist, linking)
01-10 17:49:21.951  8964  8964 W om.habittracke: Accessing hidden method Landroid/view/RenderNode;->getTranslationY()F (dark greylist, linking)
01-10 17:49:21.951  8964  8964 W om.habittracke: Accessing hidden method Landroid/view/RenderNode;->hasOverlappingRendering()Z (dark greylist, linking)
01-10 17:49:21.951  8964  8964 W om.habittracke: Accessing hidden method Landroid/view/RenderNode;->offsetLeftAndRight(I)Z (light greylist, linking)
01-10 17:49:21.951  8964  8964 W om.habittracke: Accessing hidden method Landroid/view/RenderNode;->offsetTopAndBottom(I)Z (dark greylist, linking)
01-10 17:49:21.951  8964  8964 W om.habittracke: Accessing hidden method Landroid/view/RenderNode;->start(II)Landroid/view/DisplayListCanvas; (light greylist, linking)
01-10 17:49:21.951  8964  8964 W om.habittracke: Accessing hidden method Landroid/view/RenderNode;->end(Landroid/view/DisplayListCanvas;)V (light greylist, linking)
01-10 17:49:21.951  8964  8964 W om.habittracke: Accessing hidden method Landroid/view/RenderNode;->setAlpha(F)Z (dark greylist, linking)
01-10 17:49:21.951  8964  8964 W om.habittracke: Accessing hidden method Landroid/view/RenderNode;->setCameraDistance(F)Z (dark greylist, linking)
01-10 17:49:21.951  8964  8964 W om.habittracke: Accessing hidden method Landroid/view/RenderNode;->setClipToBounds(Z)Z (light greylist, linking)
01-10 17:49:21.951  8964  8964 W om.habittracke: Accessing hidden method Landroid/view/RenderNode;->setClipToOutline(Z)Z (dark greylist, linking)
01-10 17:49:21.951  8964  8964 W om.habittracke: Accessing hidden method Landroid/view/RenderNode;->setLayerType(I)Z (dark greylist, linking)
01-10 17:49:21.951  8964  8964 I chatty  : uid=10061(com.habittracker) identical 1 line
01-10 17:49:21.951  8964  8964 W om.habittracke: Accessing hidden method Landroid/view/RenderNode;->setLayerType(I)Z (dark greylist, linking)
01-10 17:49:21.951  8964  8964 W om.habittracke: Accessing hidden method Landroid/view/RenderNode;->setElevation(F)Z (dark greylist, linking)
01-10 17:49:21.951  8964  8964 W om.habittracke: Accessing hidden method Landroid/view/RenderNode;->setHasOverlappingRendering(Z)Z (light greylist, linking)
01-10 17:49:21.951  8964  8964 W om.habittracke: Accessing hidden method Landroid/view/RenderNode;->setOutline(Landroid/graphics/Outline;)Z (dark greylist, linking)
01-10 17:49:21.951  8964  8964 W om.habittracke: Accessing hidden method Landroid/view/RenderNode;->setPivotX(F)Z (dark greylist, linking)
01-10 17:49:21.951  8964  8964 W om.habittracke: Accessing hidden method Landroid/view/RenderNode;->setPivotY(F)Z (dark greylist, linking)
01-10 17:49:21.951  8964  8964 W om.habittracke: Accessing hidden method Landroid/view/RenderNode;->setLeftTopRightBottom(IIII)Z (light greylist, linking)
01-10 17:49:21.951  8964  8964 W om.habittracke: Accessing hidden method Landroid/view/RenderNode;->setRotationX(F)Z (dark greylist, linking)
01-10 17:49:21.951  8964  8964 W om.habittracke: Accessing hidden method Landroid/view/RenderNode;->setRotationY(F)Z (dark greylist, linking)
01-10 17:49:21.951  8964  8964 W om.habittracke: Accessing hidden method Landroid/view/RenderNode;->setRotation(F)Z (dark greylist, linking)
01-10 17:49:21.951  8964  8964 W om.habittracke: Accessing hidden method Landroid/view/RenderNode;->setScaleX(F)Z (dark greylist, linking)
01-10 17:49:21.951  8964  8964 W om.habittracke: Accessing hidden method Landroid/view/RenderNode;->setScaleY(F)Z (dark greylist, linking)
01-10 17:49:21.951  8964  8964 W om.habittracke: Accessing hidden method Landroid/view/RenderNode;->setTranslationX(F)Z (dark greylist, linking)
01-10 17:49:21.951  8964  8964 W om.habittracke: Accessing hidden method Landroid/view/RenderNode;->setTranslationY(F)Z (dark greylist, linking)
01-10 17:49:21.952  8964  8964 W om.habittracke: Accessing hidden method Landroid/view/RenderNode;->getScaleX()F (dark greylist, linking)
01-10 17:49:22.032  8964  8964 I RenderThread: type=1400 audit(0.0:1644): avc: denied { read write } for name="fastpipe" dev="tmpfs" ino=6206 scontext=u:r:untrusted_app:s0:c61,c256,c512,c768 tcontext=u:object_r:device:s0 tclass=chr_file permissive=1
01-10 17:49:22.032  8964  8964 I RenderThread: type=1400 audit(0.0:1644): avc: denied { open } for path="/dev/fastpipe" dev="tmpfs" ino=6206 scontext=u:r:untrusted_app:s0:c61,c256,c512,c768 tcontext=u:object_r:device:s0 tclass=chr_file permissive=1
01-10 17:49:22.054  8964  9000 I         : fastpipe: Connect success
01-10 17:49:22.060  8964  9000 I         : fastpipe: Connect success
01-10 17:49:22.061  8964  9000 D HostConnection: HostRPC::connect sucess: app=com.habittracker, pid=8964, tid=9000, this=0x7fff6bbee880
01-10 17:49:22.064  8964  9000 E HostConnection: /data/local/cfg-yhind/gl_force format error! com.ncsoft.lineagen gl
01-10 17:49:22.064  8964  9000 E HostConnection: /data/local/cfg-yhind/gl_force format error! com.vng.thiennhaiminhnguyetdaovng gl
01-10 17:49:22.064  8964  9000 E HostConnection: /data/local/cfg-yhind/gl_force format error! com.proximabeta.tdm.kr gl
01-10 17:49:22.064  8964  9000 E HostConnection: /data/local/cfg-yhind/gl_force format error! com.proximabeta.tdm.kr.cloud gl
01-10 17:49:22.064  8964  9000 E HostConnection: /data/local/cfg-yhind/gl_force format error! com.proximabeta.tdm.kr.onestore gl
01-10 17:49:22.064  8964  9000 E HostConnection: /data/local/cfg-yhind/gl_force format error! com.tencent.tmgp.wuxia gl
01-10 17:49:22.064  8964  9000 E HostConnection: /data/local/cfg-yhind/gl_force format error! com.qqsy.gundam.ld gl
01-10 17:49:22.064  8964  9000 E HostConnection: /data/local/cfg-yhind/gl_force format error! com.qqsy.gundam gl
01-10 17:49:22.064  8964  9000 E HostConnection: /data/local/cfg-yhind/gl_force format error! com.gravity.cute.tw.testand gl
01-10 17:49:22.064  8964  9000 E HostConnection: /data/local/cfg-yhind/gl_force format error! com.cayenne.gvl gl
01-10 17:49:22.064  8964  9000 E HostConnection: /data/local/cfg-yhind/gl_force format error! com.netmarble.tskgb gl
01-10 17:49:22.064  8964  9000 E HostConnection: /data/local/cfg-yhind/gl_force format error! com.longe.racehmt gl
01-10 17:49:22.064  8964  9000 E HostConnection: /data/local/cfg-yhind/gl_force format error! com.gvi.robegins.aos gl
01-10 17:49:22.064  8964  9000 E HostConnection: /data/local/cfg-yhind/gl_force format error! com.studiocodedragon.projectss gl
01-10 17:49:22.064  8964  9000 E HostConnection: /data/local/cfg-yhind/gl_force format error! com.jingxiu.hygd gl
01-10 17:49:22.064  8964  9000 E HostConnection: /data/local/cfg-yhind/gl_force format error! com.playwith.nsealm.tw.googl gl
01-10 17:49:22.064  8964  9000 E HostConnection: /data/local/cfg-yhind/gl_force format error! com.playwith.sealm.kr.googl gl
01-10 17:49:22.064  8964  9000 E HostConnection: /data/local/cfg-yhind/gl_force format error! com.gravity.cute.tw.and gl
01-10 17:49:22.064  8964  9000 E HostConnection: /data/local/cfg-yhind/gl_force format error! com.forgefun.redcovenant gl
01-10 17:49:22.064  8964  9000 E HostConnection: /data/local/cfg-yhind/gl_force format error! com.silkroad.mb gl
01-10 17:49:22.064  8964  9000 E HostConnection: /data/local/cfg-yhind/gl_force format error! com.vortexgravity.bealive.ld gl
01-10 17:49:22.064  8964  9000 E HostConnection: /data/local/cfg-yhind/gl_force format error! com.com2usholdings.soulstrike.android.google.global.normal gl
01-10 17:49:22.064  8964  9000 E HostConnection: /data/local/cfg-yhind/gl_force format error! com.cobby.lonelysurvivor gl
01-10 17:49:22.064  8964  9000 E HostConnection: /data/local/cfg-yhind/gl_force format error! com.cmge.ltqrc gl
01-10 17:49:22.064  8964  9000 E HostConnection: /data/local/cfg-yhind/gl_force format error! com.cmge.ltqrc.ld gl
01-10 17:49:22.064  8964  9000 E HostConnection: /data/local/cfg-yhind/gl_force format error! com.seasun.jxqy0.jsgf.xsj gl
01-10 17:49:22.064  8964  9000 E HostConnection: /data/local/cfg-yhind/gl_force format error! com.seasun.jxqy0.huawei gl
01-10 17:49:22.064  8964  9000 E HostConnection: /data/local/cfg-yhind/gl_force format error! com.mobigame.tt12 gl
01-10 17:49:22.064  8964  9000 E HostConnection: /data/local/cfg-yhind/gl_force format error! com.kaneten.client.and gl
01-10 17:49:22.064  8964  9000 E HostConnection: /data/local/cfg-yhind/gl_force format error! com.playwith.rohan2.kr gl
01-10 17:49:22.064  8964  9000 E HostConnection: /data/local/cfg-yhind/gl_force format error! com.linecorp.LGATF gl
01-10 17:49:22.064  8964  9000 E HostConnection: /data/local/cfg-yhind/gl_force format error! com.atknsyl.weaponmaster gl
01-10 17:49:22.064  8964  9000 E HostConnection: /data/local/cfg-yhind/gl_force format error! com.blizzard.diablo.immortal gl
01-10 17:49:22.064  8964  9000 E HostConnection: /data/local/cfg-yhind/gl_force format error! com.netease.dfjssea gl
01-10 17:49:22.064  8964  9000 E HostConnection: /data/local/cfg-yhind/gl_force format error! com.netease.dfjsjp gl
01-10 17:49:22.064  8964  9000 E HostConnection: /data/local/cfg-yhind/gl_force format error! com.netease.dfjskr gl
01-10 17:49:22.064  8964  9000 E HostConnection: /data/local/cfg-yhind/gl_force format error! jp.co.applibot.chiikawapocketgl gl
01-10 17:49:22.064  8964  9000 E HostConnection: /data/local/cfg-yhind/gl_force format error! jp.co.applibot.chiikawapocket gl
01-10 17:49:22.064  8964  9000 E HostConnection: /data/local/cfg-yhind/gl_force format error! com.kakaogames.pcr gl
01-10 17:49:22.064  8964  9000 E HostConnection: /data/local/cfg-yhind/gl_force format error! com.kakaogames.eversoul gl
01-10 17:49:22.064  8964  9000 E HostConnection: /data/local/cfg-yhind/gl_force format error! com.kakaogames.eversouljp gl
01-10 17:49:22.064  8964  9000 E HostConnection: /data/local/cfg-yhind/gl_force format error! com.ntrance.dkr.and gl
01-10 17:49:22.064  8964  9000 E HostConnection: /data/local/cfg-yhind/gl_force format error! com.zlongame.eversoul gl
01-10 17:49:22.064  8964  9000 E HostConnection: /data/local/cfg-yhind/gl_force format error! com.Chillgaming.oneState gl
01-10 17:49:22.064  8964  9000 E HostConnection: /data/local/cfg-yhind/gl_force format error! com.activision.callofduty.shooter gl
01-10 17:49:22.064  8964  9000 E HostConnection: /data/local/cfg-yhind/gl_force format error! com.garena.game.codm gl
01-10 17:49:22.064  8964  9000 E HostConnection: /data/local/cfg-yhind/gl_force format error! com.vng.codmvn gl
01-10 17:49:22.064  8964  9000 E HostConnection: /data/local/cfg-yhind/gl_force format error! com.VIIBYTE.RivalisAcademiaNexus gl
01-10 17:49:22.064  8964  9000 E HostConnection: /data/local/cfg-yhind/gl_force format error! com.qjsjqy.ld gl
01-10 17:49:22.064  8964  9000 E HostConnection: /data/local/cfg-yhind/gl_force format error! com.dragonli.projectsnow gl
01-10 17:49:22.064  8964  9000 E HostConnection: /data/local/cfg-yhind/gl_force format error! com.netmarble.kofafk gl
01-10 17:49:22.064  8964  9000 E HostConnection: /data/local/cfg-yhind/gl_force format error! com.greenmushroom.boomblitz.gp gl
01-10 17:49:22.064  8964  9000 E HostConnection: /data/local/cfg-yhind/gl_force format error! com.hermes.p6gameos gl
01-10 17:49:22.064  8964  9000 E HostConnection: /data/local/cfg-yhind/gl_force format error! com.crystal.usad gl
01-10 17:49:22.064  8964  9000 E HostConnection: /data/local/cfg-yhind/gl_force format error! com.jingxiu.yanwu gl
01-10 17:49:22.064  8964  9000 E HostConnection: /data/local/cfg-yhind/gl_force format error! com.playhardlab.heroes gl
01-10 17:49:22.064  8964  9000 E HostConnection: /data/local/cfg-yhind/gl_force format error! com.topgamestudio.americanblocksnipersurvival.jf gl
01-10 17:49:22.064  8964  9000 E HostConnection: /data/local/cfg-yhind/gl_force format error! vng.games.gs1.phongthan.mobile.com gl
01-10 17:49:22.064  8964  9000 E HostConnection: /data/local/cfg-yhind/gl_force format error! com.userjoy.szm gl
01-10 17:49:22.064  8964  9000 E HostConnection: /data/local/cfg-yhind/gl_force format error! com.netease.yzs gl
01-10 17:49:22.064  8964  9000 E HostConnection: /data/local/cfg-yhind/gl_force format error! com.korea.tamamonkr.google gl
01-10 17:49:22.064  8964  9000 E HostConnection: /data/local/cfg-yhind/gl_force format error! com.huanxi.datulong gl
01-10 17:49:22.064  8964  9000 E HostConnection: /data/local/cfg-yhind/gl_force format error! com.com2us.legendsummoner.android.google.global.normal gl
01-10 17:49:22.064  8964  9000 E HostConnection: /data/local/cfg-yhind/gl_force format error! com.metek.atm2 gl
01-10 17:49:22.064  8964  9000 E HostConnection: /data/local/cfg-yhind/gl_force format error! com.huiqi.mrby gl
01-10 17:49:22.064  8964  9000 E HostConnection: /data/local/cfg-yhind/gl_force format error! com.tencent.wlfz gl
01-10 17:49:22.064  8964  9000 E HostConnection: /data/local/cfg-yhind/gl_force format error! com.yh.hunter4.firstformal gl
01-10 17:49:22.064  8964  9000 E HostConnection: /data/local/cfg-yhind/gl_force format error! com.phonecoolgame.sanguo gl
01-10 17:49:22.064  8964  9000 E HostConnection: /data/local/cfg-yhind/gl_force format error! com.epidgames.trickcalrevive gl
01-10 17:49:22.064  8964  9000 E HostConnection: /data/local/cfg-yhind/gl_force format error! com.tanle.sycq gl
01-10 17:49:22.064  8964  9000 E HostConnection: /data/local/cfg-yhind/gl_force format error! com.youzu.djlw gl
01-10 17:49:22.064  8964  9000 E HostConnection: /data/local/cfg-yhind/gl_force format error! com.happyelements.rxr gl
01-10 17:49:22.064  8964  9000 E HostConnection: /data/local/cfg-yhind/gl_force format error! com.tencent.zd gl
01-10 17:49:22.064  8964  9000 E HostConnection: /data/local/cfg-yhind/gl_force format error! com.leisure.tw gl
01-10 17:49:22.064  8964  9000 E HostConnection: /data/local/cfg-yhind/gl_force format error! aos.playpark.ygc gl
01-10 17:49:22.064  8964  9000 E HostConnection: /data/local/cfg-yhind/gl_force format error! com.zhuyue.dungeon4 gl
01-10 17:49:22.064  8964  9000 E HostConnection: /data/local/cfg-yhind/gl_force format error! com.sunking.as3d gl
01-10 17:49:22.064  8964  9000 E HostConnection: /data/local/cfg-yhind/gl_force format error! com.ncsoft.bsh gl
01-10 17:49:22.064  8964  9000 E HostConnection: /data/local/cfg-yhind/gl_force format error! com.zengame.hlmjhdj gl
01-10 17:49:22.064  8964  9000 E HostConnection: /data/local/cfg-yhind/gl_force format error! com.zengame.zjscmj gl
01-10 17:49:22.064  8964  9000 E HostConnection: /data/local/cfg-yhind/gl_force format error! com.leduo.zjscmj gl
01-10 17:49:22.064  8964  9000 E HostConnection: /data/local/cfg-yhind/gl_force format error! com.tencent.tmgp.scmjxzddnew gl
01-10 17:49:22.064  8964  9000 E HostConnection: /data/local/cfg-yhind/gl_force format error! com.drivezone.car.race.game gl
01-10 17:49:22.064  8964  9000 E HostConnection: /data/local/cfg-yhind/gl_force format error! com.game.sgzzqtxsy gl
01-10 17:49:22.064  8964  9000 E HostConnection: /data/local/cfg-yhind/gl_force format error! com.leduo.ttmjdjb gl
01-10 17:49:22.064  8964  9000 E HostConnection: /data/local/cfg-yhind/gl_force format error! com.hygame.mhxy.tw.gp gl
01-10 17:49:22.064  8964  9000 E HostConnection: /data/local/cfg-yhind/gl_force format error! com.hxen.ld gl
01-10 17:49:22.064  8964  9000 E HostConnection: /data/local/cfg-yhind/gl_force format error! com.leduo.ttmjdjb.p234 gl
01-10 17:49:22.064  8964  9000 E HostConnection: /data/local/cfg-yhind/gl_force format error! com.kt.ld gl
01-10 17:49:22.064  8964  9000 E HostConnection: /data/local/cfg-yhind/gl_force format error! gg.maxion.knt.and gl
01-10 17:49:22.064  8964  9000 E HostConnection: /data/local/cfg-yhind/gl_force format error! com.wwjd.ld gl
01-10 17:49:22.064  8964  9000 E HostConnection: /data/local/cfg-yhind/gl_force format error! com.uwocn.aos gl
01-10 17:49:22.064  8964  9000 E HostConnection: /data/local/cfg-yhind/gl_force format error! com.joycrit.wac.and.ru.ld gl
01-10 17:49:22.064  8964  9000 E HostConnection: /data/local/cfg-yhind/gl_force format error! com.hx.interactive gl
01-10 17:49:22.064  8964  9000 E HostConnection: /data/local/cfg-yhind/gl_force format error! com.chinesegamer.xqj gl
01-10 17:49:22.064  8964  9000 D HostConnection: queryAndSetGLESMaxVersion select gles-version: 3.1 hostGLVersion:46 process:com.habittracker
01-10 17:49:22.064  8964  8964 W View    : requestLayout() improperly called by androidx.compose.ui.platform.ViewLayerContainer{b4736ad V.E...... ......ID 0,0-0,0} during layout: running second layout pass
01-10 17:49:22.075  8964  9000 I ConfigStore: android::hardware::configstore::V1_0::ISurfaceFlingerConfigs::hasWideColorDisplay retrieved: 0
01-10 17:49:22.075  8964  9000 I ConfigStore: android::hardware::configstore::V1_0::ISurfaceFlingerConfigs::hasHDRDisplay retrieved: 0
01-10 17:49:22.075  8964  9000 I OpenGLRenderer: Initialized EGL, version 1.4
01-10 17:49:22.075  8964  9000 D OpenGLRenderer: Swap behavior 1
01-10 17:49:22.081  8964  9000 D EGL_emulation: eglCreateContext: 0x7fff6ba66b80: maj 3 min 1 rcv 4
01-10 17:49:22.109  8964  9000 E eglCodecCommon: glUtilsParamSize: unknow param 0x000082da
01-10 17:49:22.109  8964  9000 E eglCodecCommon: glUtilsParamSize: unknow param 0x000082e5
01-10 17:49:22.113  8964  9000 D HostConnection: ExtendedRCEncoderContext GL_VERSION return OpenGL ES 3.1 v1
01-10 17:49:22.119  8964  9000 E eglCodecCommon: glUtilsParamSize: unknow param 0x00008c29
01-10 17:49:22.120  8964  9000 E eglCodecCommon: glUtilsParamSize: unknow param 0x000087fe
01-10 17:49:22.135  8964  9000 D vndksupport: Loading /vendor/lib64/hw/android.hardware.graphics.mapper@2.0-impl.so from current namespace instead of sphal namespace.
01-10 17:49:22.135  8964  9000 D vndksupport: Loading /vendor/lib64/hw/gralloc.default.so from current namespace instead of sphal namespace.
01-10 17:49:22.246  8964  9000 E EGL_emulation: tid 9000: eglSurfaceAttrib(1493): error 0x3009 (EGL_BAD_MATCH)
01-10 17:49:22.246  8964  9000 W OpenGLRenderer: Failed to set EGL_SWAP_BEHAVIOR on surface 0x7fff4d916480, error=EGL_BAD_MATCH
01-10 17:49:22.263  8964  8964 I Choreographer: Skipped 51 frames!  The application may be doing too much work on its main thread.
01-10 17:49:22.410  8964  9000 I OpenGLRenderer: Davey! duration=1003ms; Flags=1, IntendedVsync=11944097097622, Vsync=11944947097588, OldestInputEvent=9223372036854775807, NewestInputEvent=0, HandleInputStart=11944953891938, AnimationStart=11944953921725, PerformTraversalsStart=11945004594243, DrawStart=11945020370222, SyncQueued=11945074139686, SyncStart=11945074594615, IssueDrawCommandsStart=11945074643741, SwapBuffers=11945099268075, FrameCompleted=11945100793808, DequeueBufferDuration=80000, QueueBufferDuration=171000, 
01-10 17:49:22.414  1759  1792 I ActivityManager: Displayed com.habittracker/.MainActivity: +4s11ms
01-10 17:49:22.432  8964  8964 W om.habittracke: Accessing hidden method Landroid/os/Trace;->asyncTraceBegin(JLjava/lang/String;I)V (light greylist, reflection)
01-10 17:49:22.432  8964  8964 W om.habittracke: Accessing hidden method Landroid/os/Trace;->asyncTraceEnd(JLjava/lang/String;I)V (light greylist, reflection)
01-10 17:49:22.432  8964  8964 W om.habittracke: Accessing hidden method Landroid/os/Trace;->traceCounter(JLjava/lang/String;I)V (light greylist, reflection)
01-10 17:49:21.331  2533  2533 W ContextImpl: Calling a method in the system process without a qualified user: android.app.ContextImpl.startService:1531 android.content.ContextWrapper.startService:664 android.content.ContextWrapper.startService:664 com.android.coreservice.CoreBroadcastReceiver.onReceive:53 android.app.ActivityThread.handleReceiver:3424 
01-10 17:49:22.450  2533  2533 W ContextImpl: Calling a method in the system process without a qualified user: android.app.ContextImpl.startService:1531 android.content.ContextWrapper.startService:664 android.content.ContextWrapper.startService:664 com.android.coreservice.CoreBroadcastReceiver.onReceive:69 android.app.ActivityThread.handleReceiver:3424 
01-10 17:49:22.454  2259  8330 I FontLog : (REDACTED) Received query %s, URI %s
01-10 17:49:22.455  2259  8330 I FontLog : (REDACTED) Query [%s] resolved to %s
01-10 17:49:22.480  2259  8330 I FontLog : (REDACTED) Fetch %s end status %s
01-10 17:49:22.491  1574  1642 W SurfaceFlinger: Attempting to set client state on removed layer: Splash Screen com.habittracker#0
01-10 17:49:22.491  1574  1642 W SurfaceFlinger: Attempting to destroy on removed layer: Splash Screen com.habittracker#0
01-10 17:49:22.512  8964  9003 W om.habittracke: Accessing hidden method Landroid/graphics/FontFamily;-><init>()V (light greylist, reflection)
01-10 17:49:22.512  8964  9003 W om.habittracke: Accessing hidden method Landroid/graphics/FontFamily;->addFontFromAssetManager(Landroid/content/res/AssetManager;Ljava/lang/String;IZIII[Landroid/graphics/fonts/FontVariationAxis;)Z (light greylist, reflection)
01-10 17:49:22.512  8964  9003 W om.habittracke: Accessing hidden method Landroid/graphics/FontFamily;->addFontFromBuffer(Ljava/nio/ByteBuffer;I[Landroid/graphics/fonts/FontVariationAxis;II)Z (light greylist, reflection)
01-10 17:49:22.512  8964  9003 W om.habittracke: Accessing hidden method Landroid/graphics/FontFamily;->freeze()Z (light greylist, reflection)
01-10 17:49:22.512  8964  9003 W om.habittracke: Accessing hidden method Landroid/graphics/FontFamily;->abortCreation()V (light greylist, reflection)
01-10 17:49:22.512  8964  9003 W om.habittracke: Accessing hidden method Landroid/graphics/Typeface;->createFromFamiliesWithDefault([Landroid/graphics/FontFamily;Ljava/lang/String;II)Landroid/graphics/Typeface; (light greylist, reflection)
01-10 17:49:22.515  2259  8330 I FontLog : (REDACTED) Pulling font file for id = %d, cache size = %d
01-10 17:49:22.521  2259  8330 I FontLog : (REDACTED) Pulling font file for id = %d, cache size = %d
01-10 17:49:26.502  9004  9004 I appproc : app_process main with argv: /system/bin com.android.commands.input.Input tap 540 400 
01-10 17:49:26.502  9004  9004 D AndroidRuntime: >>>>>> START com.android.internal.os.RuntimeInit uid 2000 <<<<<<
01-10 17:49:26.505  9004  9004 E cutils-trace: Error opening trace file: No such file or directory (2)
01-10 17:49:26.528  9004  9004 V libnb   : enter native_bridge2_isCompatibleWith 3
01-10 17:49:26.539  9004  9004 I libnb   : Found /system/lib64/libhoudini.so version 3
01-10 17:49:26.580  9004  9004 I app_process: The ClassLoaderContext is a special shared library.
01-10 17:49:26.580  9004  9004 W app_process: Could not create mount namespace.
01-10 17:49:26.580  9004  9004 D nativebridge: PreInitializeNativeBridge name=unknown instruction_set=x86_64
01-10 17:49:26.582  9004  9004 W nativebridge: Failed to bind-mount /system/lib64/x86_64/cpuinfo as /proc/cpuinfo: Operation not permitted
01-10 17:49:26.582  9004  9004 D nativebridge: call UnloadNativeBridge! state=2
01-10 17:49:26.576  9004  9004 I main    : type=1400 audit(0.0:1650): avc: denied { mounton } for path="/proc/cpuinfo" dev="proc" ino=4026531993 scontext=u:r:shell:s0 tcontext=u:object_r:proc_cpuinfo:s0 tclass=file permissive=1
01-10 17:49:26.622  9004  9004 D AndroidRuntime: Calling main entry com.android.commands.input.Input
01-10 17:49:26.627  9004  9004 I Input   : injectMotionEvent: MotionEvent { action=ACTION_DOWN, actionButton=0, id[0]=0, x[0]=540.0, y[0]=400.0, toolType[0]=TOOL_TYPE_UNKNOWN, buttonState=0, metaState=0, flags=0x0, edgeFlags=0x0, pointerCount=1, historySize=0, eventTime=11949313, downTime=11949313, deviceId=3, source=0x1002 }
01-10 17:49:26.661  9004  9004 I Input   : injectMotionEvent: MotionEvent { action=ACTION_UP, actionButton=0, id[0]=0, x[0]=540.0, y[0]=400.0, toolType[0]=TOOL_TYPE_UNKNOWN, buttonState=0, metaState=0, flags=0x0, edgeFlags=0x0, pointerCount=1, historySize=0, eventTime=11949313, downTime=11949313, deviceId=3, source=0x1002 }
01-10 17:49:26.680  9004  9004 D AndroidRuntime: Shutting down VM
01-10 17:49:27.330  8964  9014 D ProfileInstaller: Installing profile for com.habittracker
01-10 17:49:30.280  1759  1792 E memtrack: Couldn't load memtrack module
01-10 17:49:30.280  1759  1792 W android.os.Debug: failed to get memory consumption info: -1
01-10 17:49:30.281  2417  2417 D BoundBrokerSvc: onUnbind: Intent { act=com.google.android.gms.common.BIND_SHARED_PREFS pkg=com.google.android.gms }
01-10 17:49:30.745  2417  2417 D BoundBrokerSvc: onUnbind: Intent { act=com.google.android.gms.measurement.START pkg=com.google.android.gms }
01-10 17:49:22.456  2533  2533 W ContextImpl: Calling a method in the system process without a qualified user: android.app.ContextImpl.startService:1531 android.content.ContextWrapper.startService:664 android.content.ContextWrapper.startService:664 com.android.coreservice.CoreBroadcastReceiver.onReceive:69 android.app.ActivityThread.handleReceiver:3424 
01-10 17:49:33.354  1591  1651 E storaged: getDiskStats failed with result NOT_SUPPORTED and size 0
01-10 17:49:34.416  2259  2259 D BoundBrokerSvc: onUnbind: Intent { act=com.google.android.gms.presencemanager.service.START dat=chimera-action: cmp=com.google.android.gms/.chimera.PersistentApiService }
01-10 17:49:34.418  2259  2259 D BoundBrokerSvc: onUnbind: Intent { act=com.google.android.gms.presencemanager.service.INTERNAL_IDENTITY dat=chimera-action: cmp=com.google.android.gms/.chimera.PersistentApiService }
01-10 17:49:37.564  1759  1780 W System  : A resource failed to call close. 
01-10 17:49:37.566  1759  1780 I chatty  : uid=1000(system) FinalizerDaemon identical 36 lines
01-10 17:49:37.566  1759  1780 W System  : A resource failed to call close. 
01-10 17:49:49.126  1759  1792 E memtrack: Couldn't load memtrack module
01-10 17:49:49.126  1759  1792 W android.os.Debug: failed to get memory consumption info: -1
01-10 17:50:00.609  1543  1605 D EmuHWC2 : sent 564 syncs in 60s
01-10 17:50:15.862  1546  1546 I health@2.0-serv: type=1400 audit(0.0:1651): avc: denied { read } for scontext=u:r:init:s0 tcontext=u:r:init:s0 tclass=netlink_kobject_uevent_socket permissive=1
01-10 17:50:20.859  1546  1546 I health@2.0-serv: type=1400 audit(0.0:1652): avc: denied { call } for scontext=u:r:init:s0 tcontext=u:r:system_server:s0 tclass=binder permissive=1
01-10 17:50:33.362  1591  1651 E storaged: getDiskStats failed with result NOT_SUPPORTED and size 0
01-10 17:50:37.268  1759  1780 W System  : A resource failed to call close. 
01-10 17:50:37.269  1759  1780 I chatty  : uid=1000(system) FinalizerDaemon identical 42 lines
01-10 17:50:37.269  1759  1780 W System  : A resource failed to call close. 
01-10 17:50:38.851  2259  8661 I .gms.persisten: Explicit concurrent copying GC freed 50275(2MB) AllocSpace objects, 3(60KB) LOS objects, 49% free, 9MB/18MB, paused 62us total 63.856ms
01-10 17:50:41.809  8427  8443 I Finsky:background: [310] myo.run(353): Stats for Executor: bgExecutor ozi@4b80b38[Running, pool size = 1, active threads = 0, queued tasks = 0, completed tasks = 1]
01-10 17:50:41.809  8427  8443 I Finsky:background: [310] myo.run(353): Stats for Executor: LightweightExecutor ozi@b180711[Running, pool size = 0, active threads = 0, queued tasks = 0, completed tasks = 0]
01-10 17:50:45.048  2417  8384 I gle.android.gm: Explicit concurrent copying GC freed 2797(257KB) AllocSpace objects, 0(0B) LOS objects, 24% free, 13MB/17MB, paused 53us total 66.751ms
01-10 17:50:58.253  1759  1831 D NativeLibraryHelper: call FindSupportedAbi, param: supportedAbisArray=x86_64 x86 arm64-v8a armeabi-v7a armeabi 
01-10 17:50:58.255  1759  1831 D NativeLibraryHelper: native FindSupportedAbi return! ret=-114 abi=NULL
01-10 17:50:58.269  1759  1792 E memtrack: Couldn't load memtrack module
01-10 17:50:58.269  1759  1792 W android.os.Debug: failed to get memory consumption info: -1
01-10 17:50:58.285  1759  1792 E memtrack: Couldn't load memtrack module
01-10 17:50:58.285  1759  1792 W android.os.Debug: failed to get memory consumption info: -1
01-10 17:50:58.289  7422  7422 I Binder:7422_4: type=1400 audit(0.0:1653): avc: denied { open } for path="/data/local/cfg-yhind/app_arch_list" dev="sdb2" ino=131953 scontext=u:r:platform_app:s0:c512,c768 tcontext=u:object_r:system_data_file:s0 tclass=file permissive=1
01-10 17:50:58.310  1759  1792 E memtrack: Couldn't load memtrack module
01-10 17:50:58.310  1759  1792 W android.os.Debug: failed to get memory consumption info: -1
01-10 17:50:58.318  7422  7722 D NativeLibraryHelper: call FindSupportedAbi, param: supportedAbisArray=x86_64 x86 arm64-v8a armeabi-v7a armeabi 
01-10 17:50:58.429  1759  1807 D NativeLibraryHelper: call FindSupportedAbi, param: supportedAbisArray=x86_64 x86 arm64-v8a armeabi-v7a armeabi 
01-10 17:50:58.429  1759  1807 I PackageManager: do copyNativeBinariesForSupportedAbi copyRet=-114
01-10 17:50:58.432  1759  1793 I ActivityManager: Force stopping com.habittracker appid=10061 user=-1: installPackageLI
01-10 17:50:58.435  1759  1793 I ActivityManager: Killing 8964:com.habittracker/u0a61 (adj 0): stop com.habittracker
01-10 17:50:58.437  1759  1796 W libprocessgroup: kill(-8964, 9) failed: No such process
01-10 17:50:58.442  1759  1793 W ActivityManager: Force removing ActivityRecord{973e867 u0 com.habittracker/.MainActivity t10}: app died, no saved state
01-10 17:50:58.477  1759  1870 W InputDispatcher: channel '730cf10 com.habittracker/com.habittracker.MainActivity (server)' ~ Consumer closed input channel or an error occurred.  events=0x9
01-10 17:50:58.477  1759  1870 E InputDispatcher: channel '730cf10 com.habittracker/com.habittracker.MainActivity (server)' ~ Channel is unrecoverably broken and will be disposed!
01-10 17:50:58.478  1517  1517 I Zygote  : Process 8964 exited due to signal (9)
01-10 17:50:58.481  1759  1796 W libprocessgroup: kill(-8964, 9) failed: No such process
01-10 17:50:58.481  1759  1796 I libprocessgroup: Successfully killed process cgroup uid 10061 pid 8964 in 44ms
01-10 17:50:58.673  1759  1793 W InputDispatcher: Attempted to unregister already unregistered input channel '730cf10 com.habittracker/com.habittracker.MainActivity (server)'
01-10 17:50:58.729  1759  1807 I LSPosed-Bridge: 2026-01-10 17:50:58.729 DEBUG/CameraInterceptor:FileOutputHook: FileOutputStream opened for image path: /config/sdcardfs/photo.video.filter.hd.camera/appid
01-10 17:50:58.729  1759  1807 D CameraInterceptor:FileOutputHook: FileOutputStream opened for image path: /config/sdcardfs/photo.video.filter.hd.camera/appid
01-10 17:50:58.729  1759  1807 I LSPosed-Bridge: 2026-01-10 17:50:58.729 DEBUG/CameraInterceptor:FileOutputHook: FileOutputStream opened for image path: /config/sdcardfs/photo.video.filter.hd.camera/appid
01-10 17:50:58.729  1759  1807 D CameraInterceptor:FileOutputHook: FileOutputStream opened for image path: /config/sdcardfs/photo.video.filter.hd.camera/appid
01-10 17:50:58.729  1759  1807 I LSPosed-Bridge: 2026-01-10 17:50:58.729 DEBUG/CameraInterceptor:FileOutputHook: FileOutputStream opened for image path: /config/sdcardfs/photo.video.filter.hd.camera/appid
01-10 17:50:58.729  1759  1807 D CameraInterceptor:FileOutputHook: FileOutputStream opened for image path: /config/sdcardfs/photo.video.filter.hd.camera/appid
01-10 17:50:58.729  1759  1807 I LSPosed-Bridge: 2026-01-10 17:50:58.729 DEBUG/CameraInterceptor:FileOutputHook: FileOutputStream opened for image path: /config/sdcardfs/photo.video.filter.hd.camera/appid
01-10 17:50:58.729  1759  1807 D CameraInterceptor:FileOutputHook: FileOutputStream opened for image path: /config/sdcardfs/photo.video.filter.hd.camera/appid
01-10 17:50:58.729  1759  1807 I LSPosed-Bridge: 2026-01-10 17:50:58.729 DEBUG/CameraInterceptor:FileOutputHook: FileOutputStream opened for image path: /config/sdcardfs/photo.video.filter.hd.camera/appid
01-10 17:50:58.729  1759  1807 D CameraInterceptor:FileOutputHook: FileOutputStream opened for image path: /config/sdcardfs/photo.video.filter.hd.camera/appid
01-10 17:50:58.729  1759  1807 I LSPosed-Bridge: 2026-01-10 17:50:58.729 DEBUG/CameraInterceptor:FileOutputHook: FileOutputStream opened for image path: /config/sdcardfs/photo.video.filter.hd.camera/appid
01-10 17:50:58.729  1759  1807 D CameraInterceptor:FileOutputHook: FileOutputStream opened for image path: /config/sdcardfs/photo.video.filter.hd.camera/appid
01-10 17:50:58.729  1759  1807 I LSPosed-Bridge: 2026-01-10 17:50:58.729 DEBUG/CameraInterceptor:FileOutputHook: FileOutputStream opened for image path: /config/sdcardfs/photo.video.filter.hd.camera/appid
01-10 17:50:58.729  1759  1807 D CameraInterceptor:FileOutputHook: FileOutputStream opened for image path: /config/sdcardfs/photo.video.filter.hd.camera/appid
01-10 17:50:58.729  1759  1807 I LSPosed-Bridge: 2026-01-10 17:50:58.729 DEBUG/CameraInterceptor:FileOutputHook: FileOutputStream opened for image path: /config/sdcardfs/photo.video.filter.hd.camera/appid
01-10 17:50:58.729  1759  1807 D CameraInterceptor:FileOutputHook: FileOutputStream opened for image path: /config/sdcardfs/photo.video.filter.hd.camera/appid
01-10 17:50:58.729  1759  1807 I LSPosed-Bridge: 2026-01-10 17:50:58.729 DEBUG/CameraInterceptor:FileOutputHook: FileOutputStream opened for image path: /config/sdcardfs/photo.video.filter.hd.camera/appid
01-10 17:50:58.729  1759  1807 D CameraInterceptor:FileOutputHook: FileOutputStream opened for image path: /config/sdcardfs/photo.video.filter.hd.camera/appid
01-10 17:50:58.729  1759  1807 I LSPosed-Bridge: 2026-01-10 17:50:58.729 DEBUG/CameraInterceptor:FileOutputHook: FileOutputStream opened for image path: /config/sdcardfs/photo.video.filter.hd.camera/appid
01-10 17:50:58.729  1759  1807 D CameraInterceptor:FileOutputHook: FileOutputStream opened for image path: /config/sdcardfs/photo.video.filter.hd.camera/appid
01-10 17:50:58.730  1759  1807 I LSPosed-Bridge: 2026-01-10 17:50:58.730 DEBUG/CameraInterceptor:FileOutputHook: FileOutputStream opened for image path: /config/sdcardfs/photo.video.filter.hd.camera/appid
01-10 17:50:58.730  1759  1807 D CameraInterceptor:FileOutputHook: FileOutputStream opened for image path: /config/sdcardfs/photo.video.filter.hd.camera/appid
01-10 17:50:58.730  1759  1807 I LSPosed-Bridge: 2026-01-10 17:50:58.730 DEBUG/CameraInterceptor:FileOutputHook: FileOutputStream opened for image path: /config/sdcardfs/com.camerainterceptor/appid
01-10 17:50:58.731  1759  1807 D CameraInterceptor:FileOutputHook: FileOutputStream opened for image path: /config/sdcardfs/com.camerainterceptor/appid
01-10 17:50:58.731  1759  1807 I LSPosed-Bridge: 2026-01-10 17:50:58.731 DEBUG/CameraInterceptor:FileOutputHook: FileOutputStream opened for image path: /config/sdcardfs/com.camerainterceptor/appid
01-10 17:50:58.731  1759  1807 D CameraInterceptor:FileOutputHook: FileOutputStream opened for image path: /config/sdcardfs/com.camerainterceptor/appid
01-10 17:50:58.731  1759  1807 I LSPosed-Bridge: 2026-01-10 17:50:58.731 DEBUG/CameraInterceptor:FileOutputHook: FileOutputStream opened for image path: /config/sdcardfs/com.camerainterceptor/appid
01-10 17:50:58.731  1759  1807 D CameraInterceptor:FileOutputHook: FileOutputStream opened for image path: /config/sdcardfs/com.camerainterceptor/appid
01-10 17:50:58.731  1759  1807 I LSPosed-Bridge: 2026-01-10 17:50:58.731 DEBUG/CameraInterceptor:FileOutputHook: FileOutputStream opened for image path: /config/sdcardfs/com.camerainterceptor/appid
01-10 17:50:58.731  1759  1807 D CameraInterceptor:FileOutputHook: FileOutputStream opened for image path: /config/sdcardfs/com.camerainterceptor/appid
01-10 17:50:58.731  1759  1807 I LSPosed-Bridge: 2026-01-10 17:50:58.731 DEBUG/CameraInterceptor:FileOutputHook: FileOutputStream opened for image path: /config/sdcardfs/com.camerainterceptor/appid
01-10 17:50:58.731  1759  1807 D CameraInterceptor:FileOutputHook: FileOutputStream opened for image path: /config/sdcardfs/com.camerainterceptor/appid
01-10 17:50:58.731  1759  1807 I LSPosed-Bridge: 2026-01-10 17:50:58.731 DEBUG/CameraInterceptor:FileOutputHook: FileOutputStream opened for image path: /config/sdcardfs/com.camerainterceptor/appid
01-10 17:50:58.731  1759  1807 D CameraInterceptor:FileOutputHook: FileOutputStream opened for image path: /config/sdcardfs/com.camerainterceptor/appid
01-10 17:50:58.731  1759  1807 I LSPosed-Bridge: 2026-01-10 17:50:58.731 DEBUG/CameraInterceptor:FileOutputHook: FileOutputStream opened for image path: /config/sdcardfs/com.camerainterceptor/appid
01-10 17:50:58.731  1759  1807 D CameraInterceptor:FileOutputHook: FileOutputStream opened for image path: /config/sdcardfs/com.camerainterceptor/appid
01-10 17:50:58.731  1759  1807 I LSPosed-Bridge: 2026-01-10 17:50:58.731 DEBUG/CameraInterceptor:FileOutputHook: FileOutputStream opened for image path: /config/sdcardfs/com.camerainterceptor/appid
01-10 17:50:58.731  1759  1807 D CameraInterceptor:FileOutputHook: FileOutputStream opened for image path: /config/sdcardfs/com.camerainterceptor/appid
01-10 17:50:58.726  1759  1759 I pool-1-thread-1: type=1400 audit(0.0:1654): avc: denied { getattr } for path="/storage/emulated/0/CameraInterceptor/camera_interceptor_log.txt" dev="sdcardfs" ino=1970845 scontext=u:r:system_server:s0 tcontext=u:object_r:sdcardfs:s0 tclass=file permissive=1
01-10 17:50:58.732  1759  1807 I LSPosed-Bridge: 2026-01-10 17:50:58.732 DEBUG/CameraInterceptor:FileOutputHook: FileOutputStream opened for image path: /config/sdcardfs/com.camerainterceptor/appid
01-10 17:50:58.733  1759  1807 D CameraInterceptor:FileOutputHook: FileOutputStream opened for image path: /config/sdcardfs/com.camerainterceptor/appid
01-10 17:50:58.733  1759  1807 I LSPosed-Bridge: 2026-01-10 17:50:58.733 DEBUG/CameraInterceptor:FileOutputHook: FileOutputStream opened for image path: /config/sdcardfs/com.camerainterceptor/appid
01-10 17:50:58.733  1759  1807 D CameraInterceptor:FileOutputHook: FileOutputStream opened for image path: /config/sdcardfs/com.camerainterceptor/appid
01-10 17:50:58.733  1759  1807 I LSPosed-Bridge: 2026-01-10 17:50:58.733 DEBUG/CameraInterceptor:FileOutputHook: FileOutputStream opened for image path: /config/sdcardfs/com.camerainterceptor/appid
01-10 17:50:58.733  1759  1807 D CameraInterceptor:FileOutputHook: FileOutputStream opened for image path: /config/sdcardfs/com.camerainterceptor/appid
01-10 17:50:58.726  1759  1759 W pool-1-thread-1: type=1300 audit(0.0:1654): arch=c000003e syscall=262 success=yes exit=0 a0=ffffff9c a1=7fff6ba22140 a2=7fff553782f8 a3=0 items=0 ppid=1517 auid=4294967295 uid=1000 gid=1000 euid=1000 suid=1000 fsuid=1000 egid=1000 sgid=1000 fsgid=1000 tty=(none) ses=4294967295 exe="/system/bin/app_process64" subj=u:r:system_server:s0 key=(null)
01-10 17:50:58.739  1574  1642 W SurfaceFlinger: Attempting to destroy on removed layer: AppWindowToken{d625ebd token=Token{dd38614 ActivityRecord{973e867 u0 com.habittracker/.MainActivity t10}}}#0
01-10 17:50:58.741  1759  1778 W CameraInterceptor: Log file write failed: /storage/emulated/0/CameraInterceptor/camera_interceptor_log.txt (Permission denied)
01-10 17:50:58.742  1759  1778 I chatty  : uid=1000(system) pool-1-thread-1 identical 20 lines
01-10 17:50:58.742  1759  1778 W CameraInterceptor: Log file write failed: /storage/emulated/0/CameraInterceptor/camera_interceptor_log.txt (Permission denied)
01-10 17:50:58.743  1759  1833 W system_server: Long monitor contention with owner ActivityManager (1793) at void com.android.server.wm.AppWindowContainerController.removeContainer(int)(AppWindowContainerController.java:253) waiters=1 in void com.android.server.wm.WindowAnimator.lambda$new$1(com.android.server.wm.WindowAnimator, long) for 235ms
01-10 17:50:58.745  1759  2285 W system_server: Long monitor contention with owner ActivityManager (1793) at void com.android.server.wm.AppWindowContainerController.removeContainer(int)(AppWindowContainerController.java:253) waiters=2 in void com.android.server.wm.WindowState$DeathRecipient.binderDied() for 211ms
01-10 17:50:58.745  1759  1807 I LSPosed-Bridge: 2026-01-10 17:50:58.745 DEBUG/CameraInterceptor:FileOutputHook: FileOutputStream opened for image path: /config/sdcardfs/net.sourceforge.opencamera/appid
01-10 17:50:58.745  1759  1807 D CameraInterceptor:FileOutputHook: FileOutputStream opened for image path: /config/sdcardfs/net.sourceforge.opencamera/appid
01-10 17:50:58.745  1759  1807 I LSPosed-Bridge: 2026-01-10 17:50:58.745 DEBUG/CameraInterceptor:FileOutputHook: FileOutputStream opened for image path: /config/sdcardfs/net.sourceforge.opencamera/appid
01-10 17:50:58.745  1759  1807 D CameraInterceptor:FileOutputHook: FileOutputStream opened for image path: /config/sdcardfs/net.sourceforge.opencamera/appid
01-10 17:50:58.746  1759  1807 I LSPosed-Bridge: 2026-01-10 17:50:58.745 DEBUG/CameraInterceptor:FileOutputHook: FileOutputStream opened for image path: /config/sdcardfs/net.sourceforge.opencamera/appid
01-10 17:50:58.746  1759  1807 D CameraInterceptor:FileOutputHook: FileOutputStream opened for image path: /config/sdcardfs/net.sourceforge.opencamera/appid
01-10 17:50:58.746  1759  1807 I LSPosed-Bridge: 2026-01-10 17:50:58.746 DEBUG/CameraInterceptor:FileOutputHook: FileOutputStream opened for image path: /config/sdcardfs/net.sourceforge.opencamera/appid
01-10 17:50:58.746  1759  1807 D CameraInterceptor:FileOutputHook: FileOutputStream opened for image path: /config/sdcardfs/net.sourceforge.opencamera/appid
