01-10 18:06:59.538  2866  9577 I Finsky  : [448] abvx.a(26): SCH: job service finished with id 9146.
01-10 18:06:59.542  2866  2911 I Finsky  : [112] qls.accept(61): SCH: Scheduling phonesky job Id: 1-1337, CT: 1768055275472, Constraints: [{ L: 43042957, D: 86242957, C: 1, I: 1, N: 1 }]
01-10 18:06:59.542  2866  2911 I Finsky  : [112] qls.accept(61): SCH: Scheduling phonesky job Id: 12-1, CT: 1768064804585, Constraints: [{ L: 15000, D: 86400000, C: 1, I: 1, N: 1 }]
01-10 18:06:59.542  2866  2911 I Finsky  : [112] qls.accept(61): SCH: Scheduling phonesky job Id: 34-36, CT: 1768058900794, Constraints: [{ L: 79195544, D: 1375195544, C: 1, I: 1, N: 1 }]
01-10 18:06:59.542  2866  2911 I Finsky  : [112] qls.accept(61): SCH: Scheduling phonesky job Id: 34-38, CT: 1768058905984, Constraints: [{ L: 604800000, D: 2591995057, C: 1, I: 1, N: 1 }]
01-10 18:06:59.545  2866  2925 I Finsky  : [121] krm.apply(333): SCH: Scheduling 1 system job(s)
01-10 18:06:59.545  2866  2925 I Finsky  : [121] abtz.d(88): SCH: Scheduling system job Id: 9154, L: 0, D: 76698884, C: false, I: false, N: 1
01-10 18:06:59.547  2866  2866 I Finsky  : [2] abvx.onStartJob(128): SCH: job service start with id 9154.
01-10 18:06:59.550  2866  9577 I Finsky  : [448] abvx.a(26): SCH: job service finished with id 9150.
01-10 18:06:59.555  2866  2925 I Finsky  : [121] qls.accept(61): SCH: Scheduling phonesky job Id: 1-1337, CT: 1768055275472, Constraints: [{ L: 43042957, D: 86242957, C: 1, I: 1, N: 1 }]
01-10 18:06:59.555  2866  2925 I Finsky  : [121] qls.accept(61): SCH: Scheduling phonesky job Id: 12-1, CT: 1768064804585, Constraints: [{ L: 15000, D: 86400000, C: 1, I: 1, N: 1 }]
01-10 18:06:59.555  2866  2925 I Finsky  : [121] qls.accept(61): SCH: Scheduling phonesky job Id: 34-36, CT: 1768058900794, Constraints: [{ L: 79195544, D: 1375195544, C: 1, I: 1, N: 1 }]
01-10 18:06:59.555  2866  2925 I Finsky  : [121] qls.accept(61): SCH: Scheduling phonesky job Id: 34-38, CT: 1768058905984, Constraints: [{ L: 604800000, D: 2591995057, C: 1, I: 1, N: 1 }]
01-10 18:06:59.559  2866  2913 I Finsky  : [114] krm.apply(333): SCH: Scheduling 1 system job(s)
01-10 18:06:59.559  2866  2913 I Finsky  : [114] abtz.d(88): SCH: Scheduling system job Id: 9158, L: 0, D: 76698870, C: false, I: false, N: 1
01-10 18:06:59.565  2866  2866 I Finsky  : [2] abvx.onStartJob(128): SCH: job service start with id 9158.
01-10 18:06:59.565  2866  9577 I Finsky  : [448] abvx.a(26): SCH: job service finished with id 9154.
01-10 18:06:59.570  2866  2906 I Finsky  : [107] qls.accept(61): SCH: Scheduling phonesky job Id: 1-1337, CT: 1768055275472, Constraints: [{ L: 43042957, D: 86242957, C: 1, I: 1, N: 1 }]
01-10 18:06:59.570  2866  2906 I Finsky  : [107] qls.accept(61): SCH: Scheduling phonesky job Id: 12-1, CT: 1768064804585, Constraints: [{ L: 15000, D: 86400000, C: 1, I: 1, N: 1 }]
01-10 18:06:59.570  2866  2906 I Finsky  : [107] qls.accept(61): SCH: Scheduling phonesky job Id: 34-36, CT: 1768058900794, Constraints: [{ L: 79195544, D: 1375195544, C: 1, I: 1, N: 1 }]
01-10 18:06:59.570  2866  2906 I Finsky  : [107] qls.accept(61): SCH: Scheduling phonesky job Id: 34-38, CT: 1768058905984, Constraints: [{ L: 604800000, D: 2591995057, C: 1, I: 1, N: 1 }]
01-10 18:06:59.572  2866  2925 I Finsky  : [121] krm.apply(333): SCH: Scheduling 1 system job(s)
01-10 18:06:59.572  2866  2925 I Finsky  : [121] abtz.d(88): SCH: Scheduling system job Id: 9162, L: 0, D: 76698857, C: false, I: false, N: 1
01-10 18:06:59.576  2866  2866 I Finsky  : [2] abvx.onStartJob(128): SCH: job service start with id 9162.
01-10 18:06:59.580  2866  9577 I Finsky  : [448] abvx.a(26): SCH: job service finished with id 9158.
01-10 18:06:59.585  2866  2913 I Finsky  : [114] qls.accept(61): SCH: Scheduling phonesky job Id: 1-1337, CT: 1768055275472, Constraints: [{ L: 43042957, D: 86242957, C: 1, I: 1, N: 1 }]
01-10 18:06:59.585  2866  2913 I Finsky  : [114] qls.accept(61): SCH: Scheduling phonesky job Id: 12-1, CT: 1768064804585, Constraints: [{ L: 15000, D: 86400000, C: 1, I: 1, N: 1 }]
01-10 18:06:59.585  2866  2913 I Finsky  : [114] qls.accept(61): SCH: Scheduling phonesky job Id: 34-36, CT: 1768058900794, Constraints: [{ L: 79195544, D: 1375195544, C: 1, I: 1, N: 1 }]
01-10 18:06:59.585  2866  2913 I Finsky  : [114] qls.accept(61): SCH: Scheduling phonesky job Id: 34-38, CT: 1768058905984, Constraints: [{ L: 604800000, D: 2591995057, C: 1, I: 1, N: 1 }]
01-10 18:06:59.588  2866  2925 I Finsky  : [121] krm.apply(333): SCH: Scheduling 1 system job(s)
01-10 18:06:59.588  2866  2925 I Finsky  : [121] abtz.d(88): SCH: Scheduling system job Id: 9166, L: 0, D: 76698841, C: false, I: false, N: 1
01-10 18:06:59.589  2866  2866 I Finsky  : [2] abvx.onStartJob(128): SCH: job service start with id 9166.
01-10 18:06:59.593  2866  9577 I Finsky  : [448] abvx.a(26): SCH: job service finished with id 9162.
01-10 18:06:59.597  2866  9503 I Finsky  : [442] aano.a(115): SCH: Satisfied jobs for 9166 are: 12-1
01-10 18:06:59.599  2866  9577 I Finsky  : [448] abuw.accept(574): SCH: Job 12-1 starting
01-10 18:06:59.602  2866  2866 I Finsky  : [2] ContentSyncJob.h(14): [ContentSync] job started
01-10 18:06:59.734  2866  9578 I Finsky  : [449] kyk.f(41): Completed 0 account content syncs with 0 successful.
01-10 18:06:59.735  2866  2866 I Finsky  : [2] ContentSyncJob.a(14): [ContentSync] Installation state replication succeeded.
01-10 18:06:59.735  2866  2866 I Finsky  : [2] abuc.r(83): SCH: jobFinished: 12-1. TimeElapsed: 134ms.
01-10 18:06:59.748  2866  2906 I Finsky  : [107] qls.accept(61): SCH: Scheduling phonesky job Id: 1-1337, CT: 1768055275472, Constraints: [{ L: 43042957, D: 86242957, C: 1, I: 1, N: 1 }]
01-10 18:06:59.748  2866  2906 I Finsky  : [107] qls.accept(61): SCH: Scheduling phonesky job Id: 34-36, CT: 1768058900794, Constraints: [{ L: 79195544, D: 1375195544, C: 1, I: 1, N: 1 }]
01-10 18:06:59.749  2866  2906 I Finsky  : [107] qls.accept(61): SCH: Scheduling phonesky job Id: 34-38, CT: 1768058905984, Constraints: [{ L: 604800000, D: 2591995057, C: 1, I: 1, N: 1 }]
01-10 18:06:59.754  1759  4190 D WificondControl: Scan result ready event
01-10 18:06:59.755  2866  2925 I Finsky  : [121] krm.apply(333): SCH: Scheduling 1 system job(s)
01-10 18:06:59.755  2866  2925 I Finsky  : [121] abtz.d(88): SCH: Scheduling system job Id: 9170, L: 33498674, D: 76698674, C: false, I: false, N: 1
01-10 18:06:59.768  2866  9577 I Finsky  : [448] abvx.a(26): SCH: job service finished with id 9166.
01-10 18:07:00.073  1574  1574 I surfaceflinger: type=1400 audit(0.0:1842): avc: denied { ioctl } for path="/dev/fastpipe" dev="tmpfs" ino=6206 ioctlcmd=6867 scontext=u:r:surfaceflinger:s0 tcontext=u:object_r:device:s0 tclass=chr_file permissive=1
01-10 18:07:00.463  2417  2417 D BoundBrokerSvc: onUnbind: Intent { act=com.google.android.gms.feedback.internal.IFeedbackService dat=chimera-action: cmp=com.google.android.gms/.chimera.GmsBoundBrokerService }
01-10 18:07:01.325  1543  1605 D EmuHWC2 : sent 592 syncs in 60s
01-10 18:07:12.243  1759  1792 E memtrack: Couldn't load memtrack module
01-10 18:07:12.243  1759  1792 W android.os.Debug: failed to get memory consumption info: -1
01-10 18:07:20.603  1526  1526 I healthd : type=1400 audit(0.0:1843): avc: denied { read } for name="present" dev="sysfs" ino=6606 scontext=u:r:healthd:s0 tcontext=u:object_r:sysfs:s0 tclass=file permissive=1
01-10 18:07:20.603  1526  1526 I healthd : type=1400 audit(0.0:1843): avc: denied { open } for path="/sys/devices/LNXSYSTM:00/LNXSYBUS:00/PNP0A03:00/PNP0C0A:00/power_supply/BAT0/present" dev="sysfs" ino=6606 scontext=u:r:healthd:s0 tcontext=u:object_r:sysfs:s0 tclass=file permissive=1
01-10 18:07:20.603  1526  1526 W healthd : type=1300 audit(0.0:1843): arch=c000003e syscall=257 success=yes exit=9 a0=ffffff9c a1=7ffff7228360 a2=a0000 a3=0 items=0 ppid=1 auid=4294967295 uid=0 gid=0 euid=0 suid=0 fsuid=0 egid=0 sgid=0 fsgid=0 tty=(none) ses=4294967295 exe="/system/bin/healthd" subj=u:r:healthd:s0 key=(null)
01-10 18:07:23.707  2866  2882 W android.vendin: Profile data size exceeds 500000 bytes
01-10 18:07:23.748  1759  1780 W System  : A resource failed to call close. 
01-10 18:07:23.748  1759  1780 I chatty  : uid=1000(system) FinalizerDaemon identical 24 lines
01-10 18:07:23.748  1759  1780 W System  : A resource failed to call close. 
01-10 18:07:33.672  1591  1591 I storaged: type=1400 audit(0.0:1847): avc: denied { call } for scontext=u:r:storaged:s0 tcontext=u:r:init:s0 tclass=binder permissive=1
01-10 18:07:33.680  1591  1651 E storaged: getDiskStats failed with result NOT_SUPPORTED and size 0
01-10 18:07:33.672  1591  1591 W storaged: type=1300 audit(0.0:1847): arch=c000003e syscall=16 success=yes exit=0 a0=4 a1=c0306201 a2=7ffff7384ea0 a3=7ffff6e27288 items=0 ppid=1 auid=4294967295 uid=0 gid=1032 euid=0 suid=0 fsuid=0 egid=1032 sgid=1032 fsgid=1032 tty=(none) ses=4294967295 exe="/system/bin/storaged" subj=u:r:storaged:s0 key=(null)
01-10 18:07:44.531  1759  1792 E memtrack: Couldn't load memtrack module
01-10 18:07:44.531  2417  2417 D BoundBrokerSvc: onUnbind: Intent { act=com.google.android.gms.common.BIND_SHARED_PREFS pkg=com.google.android.gms }
01-10 18:07:44.531  1759  1792 W android.os.Debug: failed to get memory consumption info: -1
01-10 18:07:47.955  1551  1551 D sensor_hal: sensor_device_default_flush handle=0
01-10 18:07:49.533  1551  1551 D sensor_hal: cb_setDelay handle=0 delay-ns=200000000
01-10 18:07:49.565  2259  3572 I ActivityScheduler: nextTriggerTime: 13287534, in 235290ms, detectorType: 39, FULL_TYPE alarmWindowMillis: 30000
01-10 18:08:01.459  1543  1605 D EmuHWC2 : sent 637 syncs in 60s
01-10 18:08:16.485  1759  1780 W System  : A resource failed to call close. 
01-10 18:08:16.486  1759  1780 I chatty  : uid=1000(system) FinalizerDaemon identical 40 lines
01-10 18:08:16.486  1759  1780 W System  : A resource failed to call close. 
01-10 18:08:31.596  1546  1546 I health@2.0-serv: type=1400 audit(0.0:1848): avc: denied { read } for scontext=u:r:init:s0 tcontext=u:r:init:s0 tclass=netlink_kobject_uevent_socket permissive=1
01-10 18:08:33.694  1591  1651 E storaged: getDiskStats failed with result NOT_SUPPORTED and size 0
01-10 18:09:01.509  1543  1605 D EmuHWC2 : sent 662 syncs in 60s
01-10 18:09:20.979  1759  1780 W System  : A resource failed to call close. 
01-10 18:09:33.694  1591  1651 E storaged: getDiskStats failed with result NOT_SUPPORTED and size 0
01-10 18:09:38.729  1592  1592 W wificond: Scan already started
01-10 18:09:20.979  1759  1780 I chatty  : uid=1000(system) FinalizerDaemon identical 47 lines
01-10 18:09:20.979  1759  1780 W System  : A resource failed to call close. 
01-10 18:09:39.749  1759  2285 D WificondControl: Scan result ready event
01-10 18:09:42.277  2259  9438 I AlarmManager: setExactAndAllowWhileIdle [name: GCM_HB_ALARM type: 2 triggerAtMillis: 13524967]
01-10 18:09:42.280  2259  9438 I AlarmManager: setExactAndAllowWhileIdle [name: GCM_HB_ALARM type: 2 triggerAtMillis: 13524971]
01-10 18:10:01.409  1543  1605 D EmuHWC2 : sent 648 syncs in 60s
01-10 18:10:16.879  1759  1780 W System  : A resource failed to call close. 
01-10 18:10:33.696  1591  1651 E storaged: getDiskStats failed with result NOT_SUPPORTED and size 0
01-10 18:10:16.879  1759  1780 I chatty  : uid=1000(system) FinalizerDaemon identical 41 lines
01-10 18:10:16.879  1759  1780 W System  : A resource failed to call close. 
01-10 18:10:41.916  8427  8443 I Finsky:background: [310] myo.run(353): Stats for Executor: bgExecutor ozi@4b80b38[Running, pool size = 1, active threads = 0, queued tasks = 0, completed tasks = 1]
01-10 18:10:41.916  8427  8443 I Finsky:background: [310] myo.run(353): Stats for Executor: LightweightExecutor ozi@b180711[Running, pool size = 0, active threads = 0, queued tasks = 0, completed tasks = 0]
01-10 18:10:56.966  1546  1546 I health@2.0-serv: type=1400 audit(0.0:1849): avc: denied { read } for scontext=u:r:init:s0 tcontext=u:r:init:s0 tclass=netlink_kobject_uevent_socket permissive=1
01-10 18:11:00.006  1930  1930 I RenderThread: type=1400 audit(0.0:1850): avc: denied { ioctl } for path="/dev/fastpipe" dev="tmpfs" ino=6206 ioctlcmd=6867 scontext=u:r:platform_app:s0:c512,c768 tcontext=u:object_r:device:s0 tclass=chr_file permissive=1
01-10 18:11:01.311  1543  1605 D EmuHWC2 : sent 640 syncs in 60s
01-10 18:11:18.801  1759  1780 W System  : A resource failed to call close. 
01-10 18:11:18.802  1759  1780 I chatty  : uid=1000(system) FinalizerDaemon identical 48 lines
01-10 18:11:18.802  1759  1780 W System  : A resource failed to call close. 
01-10 18:11:18.970  1534  1534 V QCamera_Camera: getCameraInfo
01-10 18:11:18.971  1534  1534 V QCamera_BaseCamera: getCameraInfo
01-10 18:11:19.003  1534  1534 V QCamera_Camera: getCameraInfo
01-10 18:11:19.003  1534  1534 V QCamera_BaseCamera: getCameraInfo
01-10 18:11:33.706  1591  1591 I storaged: type=1400 audit(0.0:1851): avc: denied { call } for scontext=u:r:storaged:s0 tcontext=u:r:init:s0 tclass=binder permissive=1
01-10 18:11:33.711  1591  1651 E storaged: getDiskStats failed with result NOT_SUPPORTED and size 0
01-10 18:11:33.706  1591  1591 W storaged: type=1300 audit(0.0:1851): arch=c000003e syscall=16 success=yes exit=0 a0=4 a1=c0306201 a2=7ffff7384ea0 a3=7ffff6e27288 items=0 ppid=1 auid=4294967295 uid=0 gid=1032 euid=0 suid=0 fsuid=0 egid=1032 sgid=1032 fsgid=1032 tty=(none) ses=4294967295 exe="/system/bin/storaged" subj=u:r:storaged:s0 key=(null)
01-10 18:11:41.828  1759  1780 W System  : A resource failed to call close. 
01-10 18:11:41.828  1759  1780 I chatty  : uid=1000(system) FinalizerDaemon identical 39 lines
01-10 18:11:41.828  1759  1780 W System  : A resource failed to call close. 
01-10 18:11:44.886  1551  1551 D sensor_hal: sensor_device_default_flush handle=0
01-10 18:11:46.425  1551  1551 D sensor_hal: cb_setDelay handle=0 delay-ns=200000000
01-10 18:11:46.426  2259  3572 I ActivityScheduler: nextTriggerTime: 13524417, in 235300ms, detectorType: 39, FULL_TYPE alarmWindowMillis: 30000
01-10 18:11:57.800  2866  2886 I Finsky  : [93] myo.run(353): Stats for Executor: BlockingExecutor ozi@f3a7cbb[Running, pool size = 0, active threads = 0, queued tasks = 0, completed tasks = 267]
01-10 18:11:57.801  2866  2886 I Finsky  : [93] myo.run(353): Stats for Executor: LightweightExecutor ozi@18a45d8[Running, pool size = 3, active threads = 0, queued tasks = 0, completed tasks = 1370]
01-10 18:11:57.820  2866  2886 I Finsky  : [93] myo.run(353): Stats for Executor: bgExecutor ozi@637bd31[Running, pool size = 4, active threads = 0, queued tasks = 0, completed tasks = 4756]
01-10 18:12:01.320  1543  1605 D EmuHWC2 : sent 633 syncs in 60s
01-10 18:12:17.217  1759  1780 W System  : A resource failed to call close. 
01-10 18:12:18.770  1592  1592 W wificond: Scan already started
01-10 18:12:17.217  1759  1780 I chatty  : uid=1000(system) FinalizerDaemon identical 40 lines
01-10 18:12:17.217  1759  1780 W System  : A resource failed to call close. 
01-10 18:12:19.772  1759  2538 D WificondControl: Scan result ready event
01-10 18:12:29.377  7216  9377 D omnistore_android_logger: DebouncingRateLimiter attempting event SyncProtocol::onConnectionEstablished
01-10 18:12:29.381  7216  9377 D omnistore_android_logger: Event not rate limited: SyncProtocol::onConnectionEstablished
01-10 18:12:29.381  7216  9377 D omnistore_android_logger: SyncProtocol calling onConnectionEstablished callbacks
01-10 18:12:29.381  7216  9377 D omnistore_android_logger: Removing all queue based subscriptions from rewire state
01-10 18:12:29.394  7216  9377 D omnistore_android_logger: SendQueue::onConnectionEstablished: sending 0 transaction(s)
01-10 18:12:29.399  7216  7380 D omnistore_android_logger: SubscriptionManager::onConnectionEstablished is called back
01-10 18:12:29.409  7216  7380 I omnistore_android_logger: Connect message: queueName: facebook_universal_prefs_v2:100014003657577, gvid: 1
01-10 18:12:29.411  7216  7380 I omnistore_android_logger: Client sent connect message
01-10 18:12:29.414  7216  7216 W fb4a.AppInfoCore: [AI] Package not found when getting package info
01-10 18:12:33.712  1591  1651 E storaged: getDiskStats failed with result NOT_SUPPORTED and size 0
01-10 18:13:01.576  1543  1605 D EmuHWC2 : sent 641 syncs in 60s
01-10 18:13:17.370  1759  1780 W System  : A resource failed to call close. 
01-10 18:13:33.725  1591  1651 E storaged: getDiskStats failed with result NOT_SUPPORTED and size 0
01-10 18:13:17.370  1759  1780 I chatty  : uid=1000(system) FinalizerDaemon identical 42 lines
01-10 18:13:17.370  1759  1780 W System  : A resource failed to call close. 
01-10 18:14:00.002  1759  1792 E memtrack: Couldn't load memtrack module
01-10 18:14:00.002  1759  1792 W android.os.Debug: failed to get memory consumption info: -1
01-10 18:14:01.692  1543  1605 D EmuHWC2 : sent 644 syncs in 60s
01-10 18:14:20.993  1759  1780 W System  : A resource failed to call close. 
01-10 18:14:20.993  1759  1780 I chatty  : uid=1000(system) FinalizerDaemon identical 48 lines
01-10 18:14:20.993  1759  1780 W System  : A resource failed to call close. 
01-10 18:14:32.711  2259  9590 I AlarmManager: setExactAndAllowWhileIdle [name: GCM_HB_ALARM type: 2 triggerAtMillis: 13815402]
01-10 18:14:32.712  2259  9590 I AlarmManager: setExactAndAllowWhileIdle [name: GCM_HB_ALARM type: 2 triggerAtMillis: 13815403]
01-10 18:14:33.725  1591  1651 E storaged: getDiskStats failed with result NOT_SUPPORTED and size 0
01-10 18:14:39.180  2259  9590 I .gms.persisten: Explicit concurrent copying GC freed 19568(1275KB) AllocSpace objects, 2(40KB) LOS objects, 50% free, 8MB/17MB, paused 56us total 53.051ms
01-10 18:14:45.495  2417  9043 I gle.android.gm: Explicit concurrent copying GC freed 2607(210KB) AllocSpace objects, 2(40KB) LOS objects, 24% free, 13MB/17MB, paused 42us total 52.134ms
01-10 18:14:47.784  1759  1792 E memtrack: Couldn't load memtrack module
01-10 18:14:47.784  1759  1792 W android.os.Debug: failed to get memory consumption info: -1
01-10 18:15:01.325  1543  1605 D EmuHWC2 : sent 638 syncs in 60s
01-10 18:15:02.164  1759  1780 W System  : A resource failed to call close. 
01-10 18:15:33.726  1591  1651 E storaged: getDiskStats failed with result NOT_SUPPORTED and size 0
01-10 18:15:02.165  1759  1780 I chatty  : uid=1000(system) FinalizerDaemon identical 40 lines
01-10 18:15:02.165  1759  1780 W System  : A resource failed to call close. 
01-10 18:15:34.735  1532  2204 I dual_mode_controller: Command opcode: 0x2018, OGF: 0x0008, OCF: 0x0018
01-10 18:15:34.732  1922  1922 I hci_thread: type=1400 audit(0.0:1852): avc: denied { call } for scontext=u:r:bluetooth:s0 tcontext=u:r:init:s0 tclass=binder permissive=1
01-10 18:15:34.732  1922  1922 W hci_thread: type=1300 audit(0.0:1852): arch=c000003e syscall=16 success=yes exit=0 a0=44 a1=c0306201 a2=7fff5407a240 a3=1 items=0 ppid=1517 auid=4294967295 uid=1002 gid=1002 euid=1002 suid=1002 fsuid=1002 egid=1002 sgid=1002 fsgid=1002 tty=(none) ses=4294967295 exe="/system/bin/app_process64" subj=u:r:bluetooth:s0 key=(null)
01-10 18:15:34.732  1359  1359 W auditd  : type=1327 audit(0.0:1852): proctitle="com.android.bluetooth"
01-10 18:15:34.732  1359  1359 W auditd  : type=1320 audit(0.0:1852): 
01-10 18:15:34.732  1532  1532 I bluetooth@1.0-s: type=1400 audit(0.0:1853): avc: denied { call } for scontext=u:r:init:s0 tcontext=u:r:bluetooth:s0 tclass=binder permissive=1
01-10 18:15:34.751  1532  2204 I dual_mode_controller: Command opcode: 0x2005, OGF: 0x0008, OCF: 0x0005
01-10 18:15:34.752  1532  2204 I dual_mode_controller: Controller performing command: LE SetRandomAddress
01-10 18:15:41.728  1592  1592 W wificond: Scan already started
01-10 18:15:41.790  1551  1551 D sensor_hal: sensor_device_default_flush handle=0
01-10 18:15:42.309  1759  1780 W System  : A resource failed to call close. 
01-10 18:15:42.309  1759  1780 I chatty  : uid=1000(system) FinalizerDaemon identical 42 lines
01-10 18:15:42.309  1759  1780 W System  : A resource failed to call close. 
01-10 18:15:42.729  1759  2640 D WificondControl: Scan result ready event
01-10 18:15:43.321  1551  1551 D sensor_hal: cb_setDelay handle=0 delay-ns=200000000
01-10 18:15:43.322  2259  3572 I ActivityScheduler: nextTriggerTime: 13761312, in 235300ms, detectorType: 39, FULL_TYPE alarmWindowMillis: 30000
01-10 18:15:43.350  2259  2259 D BoundBrokerSvc: onRebind: Intent { act=com.google.android.gms.common.telemetry.service.START dat=chimera-action: cmp=com.google.android.gms/.chimera.PersistentApiService }
01-10 18:15:48.398  2259  2259 D BoundBrokerSvc: onUnbind: Intent { act=com.google.android.gms.common.telemetry.service.START dat=chimera-action: cmp=com.google.android.gms/.chimera.PersistentApiService }
01-10 18:16:01.525  1543  1605 D EmuHWC2 : sent 648 syncs in 60s
01-10 18:16:16.511  1759  1792 I UsageStatsService: User[0] Flushing usage stats to disk
01-10 18:16:20.859  1546  1546 I health@2.0-serv: type=1400 audit(0.0:1854): avc: denied { read } for name="present" dev="sysfs" ino=6606 scontext=u:r:init:s0 tcontext=u:object_r:sysfs:s0 tclass=file permissive=1
01-10 18:16:33.727  1591  1651 E storaged: getDiskStats failed with result NOT_SUPPORTED and size 0
01-10 18:16:38.037  1759  1780 W System  : A resource failed to call close. 
01-10 18:16:38.037  1759  1780 I chatty  : uid=1000(system) FinalizerDaemon identical 36 lines
01-10 18:16:38.037  1759  1780 W System  : A resource failed to call close. 
01-10 18:16:39.557  1759  1883 D WIFI_UT : got request NetworkRequest [ TRACK_DEFAULT id=77, [ Capabilities: INTERNET&NOT_RESTRICTED&TRUSTED Unwanted:  Uid: 10084] ] with score 60
01-10 18:16:39.557  1759  1915 D Ethernet: got request NetworkRequest [ TRACK_DEFAULT id=77, [ Capabilities: INTERNET&NOT_RESTRICTED&TRUSTED Unwanted:  Uid: 10084] ] with score 60
01-10 18:16:39.557  1759  1914 D WIFI_AWARE_FACTORY: got request NetworkRequest [ TRACK_DEFAULT id=77, [ Capabilities: INTERNET&NOT_RESTRICTED&TRUSTED Unwanted:  Uid: 10084] ] with score 60
01-10 18:16:39.557  2121  2121 D PhoneSwitcherNetworkRequstListener: got request NetworkRequest [ TRACK_DEFAULT id=77, [ Capabilities: INTERNET&NOT_RESTRICTED&TRUSTED Unwanted:  Uid: 10084] ] with score 60
01-10 18:16:39.559  1759  1883 D WIFI    : got request NetworkRequest [ TRACK_DEFAULT id=77, [ Capabilities: INTERNET&NOT_RESTRICTED&TRUSTED Unwanted:  Uid: 10084] ] with score 60
01-10 18:17:01.310  1543  1605 D EmuHWC2 : sent 647 syncs in 60s
01-10 18:17:33.728  1591  1651 E storaged: getDiskStats failed with result NOT_SUPPORTED and size 0
01-10 18:17:38.195  1759  1780 W System  : A resource failed to call close. 
01-10 18:18:00.002  1759  1759 I ActivityManager: Killing 8793:com.google.android.tts/u0a51 (adj 904): empty for 1802s
01-10 18:18:00.003  1759  1759 I ActivityManager: Killing 5770:com.google.process.gapps/u0a24 (adj 904): empty for 1802s
01-10 18:18:00.003  1759  1759 I ActivityManager: Killing 8738:com.pheebz.a1data/u0a76 (adj 906): empty for 1811s
01-10 18:17:38.196  1759  1780 I chatty  : uid=1000(system) FinalizerDaemon identical 40 lines
01-10 18:17:38.196  1759  1780 W System  : A resource failed to call close. 
01-10 18:18:00.003  1759  1792 E memtrack: Couldn't load memtrack module
01-10 18:18:00.003  1759  1792 W android.os.Debug: failed to get memory consumption info: -1
01-10 18:18:00.005  1759  1796 W libprocessgroup: kill(-8793, 9) failed: No such process
01-10 18:18:00.019  1517  1517 I Zygote  : Process 5770 exited due to signal (9)
01-10 18:18:00.022  1517  1517 I Zygote  : Process 8793 exited due to signal (9)
01-10 18:18:00.022  1517  1517 I Zygote  : Process 8738 exited due to signal (9)
01-10 18:18:00.048  1759  1796 W libprocessgroup: kill(-8793, 9) failed: No such process
01-10 18:18:00.048  1759  1796 I libprocessgroup: Successfully killed process cgroup uid 10051 pid 8793 in 42ms
01-10 18:18:00.048  1759  1796 W libprocessgroup: kill(-5770, 9) failed: No such process
01-10 18:18:00.048  1759  1796 I libprocessgroup: Successfully killed process cgroup uid 10024 pid 5770 in 0ms
01-10 18:18:00.048  1759  1796 W libprocessgroup: kill(-8738, 9) failed: No such process
01-10 18:18:00.048  1759  1796 I libprocessgroup: Successfully killed process cgroup uid 10076 pid 8738 in 0ms
01-10 18:18:01.409  1543  1605 D EmuHWC2 : sent 649 syncs in 60s
01-10 18:18:33.729  1591  1651 E storaged: getDiskStats failed with result NOT_SUPPORTED and size 0
01-10 18:18:38.402  1759  1780 W System  : A resource failed to call close. 
01-10 18:18:38.402  1759  1780 I chatty  : uid=1000(system) FinalizerDaemon identical 45 lines
01-10 18:18:38.402  1759  1780 W System  : A resource failed to call close. 
01-10 18:19:01.475  1543  1605 D EmuHWC2 : sent 648 syncs in 60s
01-10 18:19:23.235  2259  9628 I AlarmManager: setExactAndAllowWhileIdle [name: GCM_HB_ALARM type: 2 triggerAtMillis: 14105925]
01-10 18:19:23.237  2259  9628 I AlarmManager: setExactAndAllowWhileIdle [name: GCM_HB_ALARM type: 2 triggerAtMillis: 14105927]
01-10 18:19:23.311  1759  1780 W System  : A resource failed to call close. 
01-10 18:19:33.751  1591  1651 E storaged: getDiskStats failed with result NOT_SUPPORTED and size 0
01-10 18:19:38.632  1592  1592 W wificond: Scan already started
01-10 18:19:23.311  1759  1780 I chatty  : uid=1000(system) FinalizerDaemon identical 40 lines
01-10 18:19:23.311  1759  1780 W System  : A resource failed to call close. 
01-10 18:19:38.674  1551  1551 D sensor_hal: sensor_device_default_flush handle=0
01-10 18:19:39.634  1759  2065 D WificondControl: Scan result ready event
01-10 18:19:40.213  1551  1841 D sensor_hal: cb_setDelay handle=0 delay-ns=200000000
01-10 18:19:40.214  2259  3572 I ActivityScheduler: nextTriggerTime: 13998205, in 235300ms, detectorType: 39, FULL_TYPE alarmWindowMillis: 30000
01-10 18:20:01.358  1543  1605 D EmuHWC2 : sent 642 syncs in 60s
01-10 18:20:21.013  1759  1780 W System  : A resource failed to call close. 
01-10 18:20:33.758  1591  1651 E storaged: getDiskStats failed with result NOT_SUPPORTED and size 0
01-10 18:20:21.013  1759  1780 I chatty  : uid=1000(system) FinalizerDaemon identical 45 lines
01-10 18:20:21.013  1759  1780 W System  : A resource failed to call close. 
01-10 18:20:41.958  8427  8443 I Finsky:background: [310] myo.run(353): Stats for Executor: bgExecutor ozi@4b80b38[Running, pool size = 1, active threads = 0, queued tasks = 0, completed tasks = 1]
01-10 18:20:41.958  8427  8443 I Finsky:background: [310] myo.run(353): Stats for Executor: LightweightExecutor ozi@b180711[Running, pool size = 0, active threads = 0, queued tasks = 0, completed tasks = 0]
01-10 18:21:01.409  1543  1605 D EmuHWC2 : sent 648 syncs in 60s
01-10 18:21:18.888  1759  1780 W System  : A resource failed to call close. 
01-10 18:21:18.888  1759  1780 I chatty  : uid=1000(system) FinalizerDaemon identical 39 lines
01-10 18:21:18.888  1759  1780 W System  : A resource failed to call close. 
01-10 18:21:19.046  1534  1534 V QCamera_Camera: getCameraInfo
01-10 18:21:19.046  1534  1534 V QCamera_BaseCamera: getCameraInfo
01-10 18:21:19.057  1534  1534 V QCamera_Camera: getCameraInfo
01-10 18:21:19.057  1534  1534 V QCamera_BaseCamera: getCameraInfo
01-10 18:21:33.759  1591  1651 E storaged: getDiskStats failed with result NOT_SUPPORTED and size 0
01-10 18:21:43.330  1759  1780 W System  : A resource failed to call close. 
01-10 18:21:43.330  1759  1780 I chatty  : uid=1000(system) FinalizerDaemon identical 38 lines
01-10 18:21:43.330  1759  1780 W System  : A resource failed to call close. 
01-10 18:21:57.841  2866  2886 I Finsky  : [93] myo.run(353): Stats for Executor: BlockingExecutor ozi@f3a7cbb[Running, pool size = 0, active threads = 0, queued tasks = 0, completed tasks = 267]
01-10 18:21:57.841  2866  2886 I Finsky  : [93] myo.run(353): Stats for Executor: LightweightExecutor ozi@18a45d8[Running, pool size = 3, active threads = 0, queued tasks = 0, completed tasks = 1370]
01-10 18:21:57.841  2866  2886 I Finsky  : [93] myo.run(353): Stats for Executor: bgExecutor ozi@637bd31[Running, pool size = 4, active threads = 0, queued tasks = 0, completed tasks = 4756]
01-10 18:22:00.009  1759  1792 E memtrack: Couldn't load memtrack module
01-10 18:22:00.009  1759  1792 W android.os.Debug: failed to get memory consumption info: -1
01-10 18:22:00.021  1759  1792 E memtrack: Couldn't load memtrack module
01-10 18:22:00.021  1759  1792 W android.os.Debug: failed to get memory consumption info: -1
01-10 18:22:00.035  1759  1792 E memtrack: Couldn't load memtrack module
01-10 18:22:00.035  1759  1792 W android.os.Debug: failed to get memory consumption info: -1
01-10 18:22:01.328  1543  1605 D EmuHWC2 : sent 643 syncs in 60s
01-10 18:22:33.760  1591  1651 E storaged: getDiskStats failed with result NOT_SUPPORTED and size 0
01-10 18:22:39.244  2259  9590 I .gms.persisten: Explicit concurrent copying GC freed 6218(435KB) AllocSpace objects, 1(20KB) LOS objects, 49% free, 8MB/17MB, paused 44us total 52.838ms
01-10 18:22:45.589  2417  9043 I gle.android.gm: Explicit concurrent copying GC freed 1401(185KB) AllocSpace objects, 1(20KB) LOS objects, 25% free, 13MB/17MB, paused 62us total 53.157ms
01-10 18:22:59.047  1759  1780 W System  : A resource failed to call close. 
01-10 18:22:59.047  1759  1780 I chatty  : uid=1000(system) FinalizerDaemon identical 37 lines
01-10 18:22:59.047  1759  1780 W System  : A resource failed to call close. 
01-10 18:22:59.126  1759  1792 E memtrack: Couldn't load memtrack module
01-10 18:22:59.126  1759  1792 W android.os.Debug: failed to get memory consumption info: -1
01-10 18:23:01.675  1543  1605 D EmuHWC2 : sent 659 syncs in 60s
01-10 18:23:33.760  1591  1651 E storaged: getDiskStats failed with result NOT_SUPPORTED and size 0
01-10 18:23:35.573  1592  1592 W wificond: Scan already started
01-10 18:23:35.613  1551  1841 D sensor_hal: sensor_device_default_flush handle=0
01-10 18:23:36.583  1759  2065 D WificondControl: Scan result ready event
01-10 18:23:37.165  1551  1841 D sensor_hal: cb_setDelay handle=0 delay-ns=200000000
01-10 18:23:37.168  2259  3572 I ActivityScheduler: nextTriggerTime: 14235158, in 235300ms, detectorType: 39, FULL_TYPE alarmWindowMillis: 30000
01-10 18:23:39.133  1759  1780 W System  : A resource failed to call close. 
01-10 18:23:39.133  1759  1780 I chatty  : uid=1000(system) FinalizerDaemon identical 45 lines
01-10 18:23:39.133  1759  1780 W System  : A resource failed to call close. 
01-10 18:24:01.342  1543  1605 D EmuHWC2 : sent 642 syncs in 60s
01-10 18:24:13.846  2259  9590 I AlarmManager: setExactAndAllowWhileIdle [name: GCM_HB_ALARM type: 2 triggerAtMillis: 14396536]
01-10 18:24:13.847  2259  9590 I AlarmManager: setExactAndAllowWhileIdle [name: GCM_HB_ALARM type: 2 triggerAtMillis: 14396537]
01-10 18:24:21.018  1759  1780 W System  : A resource failed to call close. 
01-10 18:24:21.018  1759  1780 I chatty  : uid=1000(system) FinalizerDaemon identical 41 lines
01-10 18:24:21.018  1759  1780 W System  : A resource failed to call close. 
01-10 18:24:31.732  2417  9043 E memtrack: Couldn't load memtrack module
01-10 18:24:31.732  2417  9043 W android.os.Debug: failed to get memory consumption info: -1
01-10 18:24:33.760  1591  1651 E storaged: getDiskStats failed with result NOT_SUPPORTED and size 0
01-10 18:25:01.443  1543  1605 D EmuHWC2 : sent 642 syncs in 60s
01-10 18:25:24.035  1759  1780 W System  : A resource failed to call close. 
01-10 18:25:33.885  1591  1651 E storaged: getDiskStats failed with result NOT_SUPPORTED and size 0
01-10 18:25:24.036  1759  1780 I chatty  : uid=1000(system) FinalizerDaemon identical 41 lines
01-10 18:25:24.036  1759  1780 W System  : A resource failed to call close. 
01-10 18:26:01.642  1543  1605 D EmuHWC2 : sent 638 syncs in 60s
01-10 18:26:33.946  1591  1651 E storaged: getDiskStats failed with result NOT_SUPPORTED and size 0
01-10 18:26:39.796  1759  1780 W System  : A resource failed to call close. 
01-10 18:26:39.796  1759  1780 I chatty  : uid=1000(system) FinalizerDaemon identical 42 lines
01-10 18:26:39.796  1759  1780 W System  : A resource failed to call close. 
01-10 18:27:01.575  1543  1605 D EmuHWC2 : sent 642 syncs in 60s
01-10 18:27:32.472  1592  1592 W wificond: Scan already started
01-10 18:27:32.524  1551  1841 D sensor_hal: sensor_device_default_flush handle=0
01-10 18:27:32.617  1759  1780 W System  : A resource failed to call close. 
01-10 18:27:32.617  1759  1780 I chatty  : uid=1000(system) FinalizerDaemon identical 44 lines
01-10 18:27:32.617  1759  1780 W System  : A resource failed to call close. 
01-10 18:27:33.476  1759  2640 D WificondControl: Scan result ready event
01-10 18:27:33.955  1591  1651 E storaged: getDiskStats failed with result NOT_SUPPORTED and size 0
01-10 18:27:34.124  1551  1551 D sensor_hal: cb_setDelay handle=0 delay-ns=200000000
01-10 18:27:34.126  2259  3572 I ActivityScheduler: nextTriggerTime: 14472117, in 235300ms, detectorType: 39, FULL_TYPE alarmWindowMillis: 30000
01-10 18:28:01.310  1543  1605 D EmuHWC2 : sent 634 syncs in 60s
01-10 18:28:21.002  1759  1780 W System  : A resource failed to call close. 
01-10 18:28:33.956  1591  1651 E storaged: getDiskStats failed with result NOT_SUPPORTED and size 0
01-10 18:28:21.002  1759  1780 I chatty  : uid=1000(system) FinalizerDaemon identical 43 lines
01-10 18:28:21.002  1759  1780 W System  : A resource failed to call close. 
01-10 18:29:00.005  1759  1792 E memtrack: Couldn't load memtrack module
01-10 18:29:00.005  1759  1792 W android.os.Debug: failed to get memory consumption info: -1
01-10 18:29:00.021  1759  1792 E memtrack: Couldn't load memtrack module
01-10 18:29:00.021  1759  1792 W android.os.Debug: failed to get memory consumption info: -1
01-10 18:29:01.325  1543  1605 D EmuHWC2 : sent 632 syncs in 60s
01-10 18:29:04.219  2259  9590 I AlarmManager: setExactAndAllowWhileIdle [name: GCM_HB_ALARM type: 2 triggerAtMillis: 14686910]
01-10 18:29:04.222  2259  9590 I AlarmManager: setExactAndAllowWhileIdle [name: GCM_HB_ALARM type: 2 triggerAtMillis: 14686913]
01-10 18:29:20.278  1759  1780 W System  : A resource failed to call close. 
01-10 18:29:33.965  1591  1651 E storaged: getDiskStats failed with result NOT_SUPPORTED and size 0
