01-10 14:53:51.247  5047  5047 E AndroidRuntime: 	at android.view.ViewGroup.dispatchGetDisplayList(ViewGroup.java:4322)
01-10 14:53:51.247  5047  5047 E AndroidRuntime: 	at android.view.View.updateDisplayListIfDirty(View.java:19056)
01-10 14:53:51.247  5047  5047 E AndroidRuntime: 	at android.view.ViewGroup.recreateChildDisplayList(ViewGroup.java:4349)
01-10 14:53:51.247  5047  5047 E AndroidRuntime: 	at android.view.ViewGroup.dispatchGetDisplayList(ViewGroup.java:4322)
01-10 14:53:51.247  5047  5047 E AndroidRuntime: 	at android.view.View.updateDisplayListIfDirty(View.java:19056)
01-10 14:53:51.247  5047  5047 E AndroidRuntime: 	at android.view.ViewGroup.recreateChildDisplayList(ViewGroup.java:4349)
01-10 14:53:51.247  5047  5047 E AndroidRuntime: 	at android.view.ViewGroup.dispatchGetDisplayList(ViewGroup.java:4322)
01-10 14:53:51.247  5047  5047 E AndroidRuntime: 	at android.view.View.updateDisplayListIfDirty(View.java:19056)
01-10 14:53:51.247  5047  5047 E AndroidRuntime: 	at android.view.ThreadedRenderer.updateViewTreeDisplayList(ThreadedRenderer.java:686)
01-10 14:53:51.247  5047  5047 E AndroidRuntime: 	at android.view.ThreadedRenderer.updateRootDisplayList(ThreadedRenderer.java:692)
01-10 14:53:51.247  5047  5047 E AndroidRuntime: 	at android.view.ThreadedRenderer.draw(ThreadedRenderer.java:801)
01-10 14:53:51.247  5047  5047 E AndroidRuntime: 	at android.view.ViewRootImpl.draw(ViewRootImpl.java:3318)
01-10 14:53:51.247  5047  5047 E AndroidRuntime: 	at android.view.ViewRootImpl.performDraw(ViewRootImpl.java:3122)
01-10 14:53:51.247  5047  5047 E AndroidRuntime: 	at android.view.ViewRootImpl.performTraversals(ViewRootImpl.java:2481)
01-10 14:53:51.247  5047  5047 E AndroidRuntime: 	at android.view.ViewRootImpl.doTraversal(ViewRootImpl.java:1463)
01-10 14:53:51.247  5047  5047 E AndroidRuntime: 	at android.view.ViewRootImpl$TraversalRunnable.run(ViewRootImpl.java:7190)
01-10 14:53:51.247  5047  5047 E AndroidRuntime: 	at android.view.Choreographer$CallbackRecord.run(Choreographer.java:949)
01-10 14:53:51.247  5047  5047 E AndroidRuntime: 	at android.view.Choreographer.doCallbacks(Choreographer.java:761)
01-10 14:53:51.247  5047  5047 E AndroidRuntime: 	at android.view.Choreographer.doFrame(Choreographer.java:696)
01-10 14:53:51.247  5047  5047 E AndroidRuntime: 	at android.view.Choreographer$FrameDisplayEventReceiver.run(Choreographer.java:935)
01-10 14:53:51.247  5047  5047 E AndroidRuntime: 	at android.os.Handler.handleCallback(Handler.java:873)
01-10 14:53:51.247  5047  5047 E AndroidRuntime: 	at android.os.Handler.dispatchMessage(Handler.java:99)
01-10 14:53:51.247  5047  5047 E AndroidRuntime: 	at android.os.Looper.loop(Looper.java:193)
01-10 14:53:51.247  5047  5047 E AndroidRuntime: 	at android.app.ActivityThread.main(ActivityThread.java:6840)
01-10 14:53:51.247  5047  5047 E AndroidRuntime: 	at java.lang.reflect.Method.invoke(Native Method)
01-10 14:53:51.247  5047  5047 E AndroidRuntime: 	at com.android.internal.os.RuntimeInit$MethodAndArgsCaller.run(RuntimeInit.java:493)
01-10 14:53:51.247  5047  5047 E AndroidRuntime: 	at com.android.internal.os.ZygoteInit.main(ZygoteInit.java:860)
01-10 14:53:51.272  1759  3868 W ActivityManager:   Force finishing activity com.habittracker/.MainActivity
01-10 14:53:51.300  1759  1793 W BroadcastQueue: Background execution not allowed: receiving Intent { act=android.intent.action.DROPBOX_ENTRY_ADDED flg=0x10 (has extras) } to com.google.android.gms/.stats.service.DropBoxEntryAddedReceiver
01-10 14:53:51.346  2533  2533 W ContextImpl: Calling a method in the system process without a qualified user: android.app.ContextImpl.startService:1531 android.content.ContextWrapper.startService:664 android.content.ContextWrapper.startService:664 com.android.coreservice.CoreBroadcastReceiver.onReceive:53 android.app.ActivityThread.handleReceiver:3424 
01-10 14:53:51.367  2533  2533 W ContextImpl: Calling a method in the system process without a qualified user: android.app.ContextImpl.sendBroadcast:1020 android.content.ContextWrapper.sendBroadcast:449 com.android.coreservice.TabManager.notifyClosing:364 com.android.coreservice.TabManager.updateInner:191 com.android.coreservice.TabManager.onUpdate:226 
01-10 14:53:51.393  1759  4189 I ActivityManager: Process com.habittracker (pid 5047) has died: vis  +99TOP 
01-10 14:53:51.393  1759  2961 I WindowManager: WIN DEATH: Window{c9c7c7e u0 com.habittracker/com.habittracker.MainActivity}
01-10 14:53:51.578  1759  1794 W Looper  : Slow dispatch took 184ms android.ui h=com.android.server.am.ActivityManagerService$UiHandler c=null m=53
01-10 14:53:51.581  2533  2533 W ContextImpl: Calling a method in the system process without a qualified user: android.app.ContextImpl.startService:1531 android.content.ContextWrapper.startService:664 android.content.ContextWrapper.startService:664 com.android.coreservice.CoreBroadcastReceiver.onReceive:44 android.app.ActivityThread.handleReceiver:3424 
01-10 14:53:51.596  1759  1759 W Looper  : Slow dispatch took 128ms main h=com.android.server.job.JobSchedulerService$JobHandler c=null m=7
01-10 14:53:51.596  1759  1802 W ActivityManager: setHasOverlayUi called on unknown pid: 5047
01-10 14:53:51.597  1759  1800 W Looper  : Slow dispatch took 120ms android.fg h=com.android.server.AppStateTracker$MyHandler c=null m=0
01-10 14:53:51.626  2533  2533 W ContextImpl: Calling a method in the system process without a qualified user: android.app.ContextImpl.startService:1531 android.content.ContextWrapper.startService:664 android.content.ContextWrapper.startService:664 com.android.coreservice.CoreBroadcastReceiver.onReceive:69 android.app.ActivityThread.handleReceiver:3424 
01-10 14:53:51.691  2533  2533 W ContextImpl: Calling a method in the system process without a qualified user: android.app.ContextImpl.startService:1531 android.content.ContextWrapper.startService:664 android.content.ContextWrapper.startService:664 com.android.coreservice.CoreBroadcastReceiver.onReceive:53 android.app.ActivityThread.handleReceiver:3424 
01-10 14:53:51.830  2533  2533 W ContextImpl: Calling a method in the system process without a qualified user: android.app.ContextImpl.startService:1531 android.content.ContextWrapper.startService:664 android.content.ContextWrapper.startService:664 com.android.coreservice.CoreBroadcastReceiver.onReceive:69 android.app.ActivityThread.handleReceiver:3424 
01-10 14:54:01.188  1759  1759 V SettingsProvider: Notifying for 0: content://settings/secure/accessibility_enabled
01-10 14:54:02.245  1759  3868 W WindowManager: removeWindowToken: Attempted to remove non-existing token: android.os.Binder@2f3a6f
01-10 14:54:02.253  1759  1759 V SettingsProvider: Notifying for 0: content://settings/secure/accessibility_enabled
01-10 14:54:29.692  1591  1651 E storaged: getDiskStats failed with result NOT_SUPPORTED and size 0
01-10 14:55:29.728  1591  1651 E storaged: getDiskStats failed with result NOT_SUPPORTED and size 0
01-10 14:56:00.328  1592  1592 W wificond: Scan already started
01-10 14:56:14.398  1759  1795 I ActivityManager: Start proc 5240:com.pheebz.a1data/u0a76 for broadcast com.pheebz.a1data/io.flutter.plugins.firebase.messaging.FlutterFirebaseMessagingReceiver
01-10 14:56:14.998  2533  2533 W ContextImpl: Calling a method in the system process without a qualified user: android.app.ContextImpl.startService:1531 android.content.ContextWrapper.startService:664 android.content.ContextWrapper.startService:664 com.android.coreservice.CoreBroadcastReceiver.onReceive:53 android.app.ActivityThread.handleReceiver:3424 
01-10 14:56:16.887  1759  1794 W Looper  : Slow dispatch took 144ms android.ui h=com.android.server.am.ActivityManagerService$UiHandler c=null m=68
01-10 14:56:22.306  1759  1759 E NotificationService: Muting recently noisy 0|com.android.server.telecom|1337|null|1000
01-10 14:56:22.318  1759  1759 E NotificationService: Muting recently noisy 0|com.android.location.fused|1337|null|1000
01-10 14:56:22.328  1759  1759 E NotificationService: Muting recently noisy 0|android|1337|null|1000
01-10 14:56:22.352  1759  1759 E NotificationService: Muting recently noisy 0|com.android.server.telecom|1337|null|1000
01-10 14:56:22.361  1759  1759 E NotificationService: Muting recently noisy 0|com.android.location.fused|1337|null|1000
01-10 14:56:22.378  1759  1759 E NotificationService: Muting recently noisy 0|com.android.location.fused|1337|null|1000
01-10 14:56:22.378  1759  1759 E NotificationService: Muting recently noisy 0|android|1337|null|1000
01-10 14:56:22.378  1759  1759 E NotificationService: Muting recently noisy 0|android|1337|null|1000
01-10 14:56:23.416  1759  1759 E NotificationService: Muting recently noisy 0|com.facebook.katana|0|410675026|10084
01-10 14:56:29.734  1591  1651 E storaged: getDiskStats failed with result NOT_SUPPORTED and size 0
01-10 14:57:29.758  1591  1651 E storaged: getDiskStats failed with result NOT_SUPPORTED and size 0
01-10 14:57:36.969  1759  1793 W ActivityManager: Stopping service due to app idle: u0a84 -26m12s396ms com.facebook.katana/com.facebook.mqtt.service.MqttServiceV2
01-10 14:58:29.760  1591  1651 E storaged: getDiskStats failed with result NOT_SUPPORTED and size 0
01-10 14:58:38.403  1759  1800 W Looper  : Slow delivery took 281ms android.fg h=android.os.Handler c=null m=613
01-10 14:59:03.522  1759  1800 W Looper  : Drained
01-10 14:59:26.010  1759  1794 W Looper  : Slow dispatch took 112ms android.ui h=com.android.server.am.ActivityManagerService$UiHandler c=null m=68
01-10 14:59:29.784  1591  1651 E storaged: getDiskStats failed with result NOT_SUPPORTED and size 0
01-10 14:59:30.084  1759  1759 E NotificationService: Muting recently noisy 0|com.android.server.telecom|1337|null|1000
01-10 14:59:30.127  1759  1759 E NotificationService: Muting recently noisy 0|com.android.location.fused|1337|null|1000
01-10 14:59:30.152  1759  1759 E NotificationService: Muting recently noisy 0|android|1337|null|1000
01-10 14:59:30.162  1759  1759 E NotificationService: Muting recently noisy 0|com.android.server.telecom|1337|null|1000
01-10 14:59:30.166  1759  1759 E NotificationService: Muting recently noisy 0|com.android.location.fused|1337|null|1000
01-10 14:59:30.286  1759  1759 E NotificationService: Muting recently noisy 0|com.android.location.fused|1337|null|1000
01-10 14:59:30.330  1759  1759 E NotificationService: Muting recently noisy 0|android|1337|null|1000
01-10 14:59:30.362  1759  1759 E NotificationService: Muting recently noisy 0|android|1337|null|1000
01-10 14:59:57.371  1592  1592 W wificond: Scan already started
01-10 15:00:17.447  1759  1797 E BatteryExternalStatsWorker: no controller energy info supplied for wifi
01-10 15:00:17.480  1759  1797 E BatteryExternalStatsWorker: no controller energy info supplied for bluetooth
01-10 15:00:17.553  1759  1797 W KernelCpuProcReader: File not exist: /proc/uid_cpupower/concurrent_active_time
01-10 15:00:17.553  1759  1797 W KernelCpuProcReader: File not exist: /proc/uid_cpupower/concurrent_policy_time
01-10 15:00:17.554  1759  1797 E KernelCpuSpeedReader: Failed to read cpu-freq: /sys/devices/system/cpu/cpu0/cpufreq/stats/time_in_state (No such file or directory)
01-10 15:00:17.557  1759  1797 E KernelWakelockReader: neither /proc/wakelocks nor /d/wakeup_sources exists
01-10 15:00:17.577  1759  1797 W BatteryStatsImpl: Couldn't get kernel wake lock stats
01-10 15:00:17.585  1759  1797 W BatteryExternalStatsWorker: modem info is invalid: ModemActivityInfo{ mTimestamp=0 mSleepTimeMs=0 mIdleTimeMs=0 mTxTimeMs[]=[0, 0, 0, 0, 0] mRxTimeMs=0 mEnergyUsed=0}
01-10 15:00:17.587  1759  1797 D KernelUidCpuTimeReader: Removing uids 1037-1037
01-10 15:00:17.587  1759  1797 D KernelUidCpuTimeReader: Removing uids 1037-1037
01-10 15:00:17.636  1759  1793 W BroadcastQueue: Background execution not allowed: receiving Intent { act=android.intent.action.DROPBOX_ENTRY_ADDED flg=0x10 (has extras) } to com.google.android.gms/.stats.service.DropBoxEntryAddedReceiver
01-10 15:00:29.787  1591  1651 E storaged: getDiskStats failed with result NOT_SUPPORTED and size 0
01-10 15:00:45.944  1759  1793 W ActivityManager: Stopping service due to app idle: u0a84 -29m21s372ms com.facebook.katana/com.facebook.mqtt.service.MqttServiceV2
01-10 15:01:00.016  1759  1792 I ProcessStatsService: Pruning old procstats: /data/system/procstats/state-2026-01-03-16-41-51.bin
01-10 15:01:29.798  1591  1651 E storaged: getDiskStats failed with result NOT_SUPPORTED and size 0
01-10 15:02:29.810  1591  1651 E storaged: getDiskStats failed with result NOT_SUPPORTED and size 0
01-10 15:03:00.011  1759  1759 I ActivityManager: Killing 2569:android.process.acore/u0a5 (adj 904): empty for 1847s
01-10 15:03:00.011  1759  1759 I ActivityManager: Killing 4479:com.android.providers.calendar/u0a23 (adj 904): empty for 1852s
01-10 15:03:00.011  1759  1759 I ActivityManager: Killing 2128:com.android.settings/1000 (adj 906): empty for 1854s
01-10 15:03:00.051  1759  1802 W ActivityManager: setHasOverlayUi called on unknown pid: 2128
01-10 15:03:29.811  1591  1651 E storaged: getDiskStats failed with result NOT_SUPPORTED and size 0
01-10 15:04:00.952  1592  1592 W wificond: Scan already started
01-10 15:04:12.078  1759  1759 I Telecom : DefaultDialerCache: Refreshing default dialer for user 0: now null: DDC.oR@AGE
01-10 15:04:12.081  1759  1759 W Looper  : Slow delivery took 216ms main h=android.app.ActivityThread$H c=android.app.-$$Lambda$LoadedApk$ReceiverDispatcher$Args$_BumDX2UKsnxLVrE6UJsJZkotuA@f0e017a m=0
01-10 15:04:12.122  1759  1792 W VoiceInteractionManagerService: no available voice interaction services found for user 0
01-10 15:04:12.123  1759  1792 W LocationProviderProxy-network: Odd, no component found for service com.android.location.service.v3.NetworkLocationProvider
01-10 15:04:12.124  1759  1792 W GeocoderProxy: Odd, no component found for service com.android.location.service.GeocodeProvider
01-10 15:04:12.125  1759  1792 W GeofenceProxy: Odd, no component found for service com.android.location.service.GeofenceProvider
01-10 15:04:12.126  1759  1792 W ActivityRecognitionProxy: Odd, no component found for service com.android.location.service.ActivityRecognitionProvider
01-10 15:04:16.172  1759  1759 W Looper  : Drained
01-10 15:04:29.823  1591  1651 E storaged: getDiskStats failed with result NOT_SUPPORTED and size 0
01-10 15:05:29.825  1591  1651 E storaged: getDiskStats failed with result NOT_SUPPORTED and size 0
01-10 15:06:29.826  1591  1651 E storaged: getDiskStats failed with result NOT_SUPPORTED and size 0
01-10 15:07:29.826  1591  1651 E storaged: getDiskStats failed with result NOT_SUPPORTED and size 0
01-10 15:08:05.023  1592  1592 W wificond: Scan already started
01-10 15:08:29.828  1591  1651 E storaged: getDiskStats failed with result NOT_SUPPORTED and size 0
01-10 15:09:29.830  1591  1651 E storaged: getDiskStats failed with result NOT_SUPPORTED and size 0
01-10 15:10:29.831  1591  1651 E storaged: getDiskStats failed with result NOT_SUPPORTED and size 0
01-10 15:11:29.833  1591  1651 E storaged: getDiskStats failed with result NOT_SUPPORTED and size 0
01-10 15:12:00.001  1759  1759 I ActivityManager: Killing 4228:com.android.chrome/u0a48 (adj 906): empty for 1819s
01-10 15:12:01.922  1592  1592 W wificond: Scan already started
01-10 15:12:29.834  1591  1651 E storaged: getDiskStats failed with result NOT_SUPPORTED and size 0
01-10 15:13:00.011  1759  1759 I ActivityManager: Killing 2506:com.google.process.gapps/u0a24 (adj 904): empty for 1816s
01-10 15:13:02.986  1759  1792 I UsageStatsService: User[0] Flushing usage stats to disk
01-10 15:13:29.874  1591  1651 E storaged: getDiskStats failed with result NOT_SUPPORTED and size 0
01-10 15:14:29.884  1591  1651 E storaged: getDiskStats failed with result NOT_SUPPORTED and size 0
01-10 15:15:29.899  1591  1651 E storaged: getDiskStats failed with result NOT_SUPPORTED and size 0
01-10 15:15:58.842  1592  1592 W wificond: Scan already started
01-10 15:16:29.900  1591  1651 E storaged: getDiskStats failed with result NOT_SUPPORTED and size 0
01-10 15:17:29.910  1591  1651 E storaged: getDiskStats failed with result NOT_SUPPORTED and size 0
01-10 15:18:29.910  1591  1651 E storaged: getDiskStats failed with result NOT_SUPPORTED and size 0
01-10 15:19:08.940  1759  1807 I PackageManager: do copyNativeBinariesForSupportedAbi copyRet=-114
01-10 15:19:08.946  1759  1793 I ActivityManager: Force stopping com.habittracker appid=10061 user=-1: installPackageLI
01-10 15:19:09.026  1759  1807 I PackageManager: Update package com.habittracker code path from /data/app/com.habittracker-9XqzLx7Yeyk-lxVJD5HLCA== to /data/app/com.habittracker-9-KGEfi_j1IOFmTeER8IYA==; Retain data and using new
01-10 15:19:09.026  1759  1807 I PackageManager: Update package com.habittracker resource path from /data/app/com.habittracker-9XqzLx7Yeyk-lxVJD5HLCA== to /data/app/com.habittracker-9-KGEfi_j1IOFmTeER8IYA==; Retain data and using new
01-10 15:19:09.188  1759  1807 I ActivityManager: Force stopping com.habittracker appid=10061 user=0: pkg removed
01-10 15:19:09.315  2533  2533 W ContextImpl: Calling a method in the system process without a qualified user: android.app.ContextImpl.startService:1531 android.content.ContextWrapper.startService:664 android.content.ContextWrapper.startService:664 com.android.coreservice.CoreBroadcastReceiver.onReceive:85 android.app.ActivityThread.handleReceiver:3424 
01-10 15:19:09.432  1759  1784 W ActivityManager: Removing FLAG_RECEIVER_FROM_SHELL because caller is UID 1000
01-10 15:19:09.464  1759  1784 W ActivityManager: Removing FLAG_RECEIVER_FROM_SHELL because caller is UID 1000
01-10 15:19:09.476  1759  1759 W Looper  : Slow dispatch took 131ms main h=android.app.ActivityThread$H c=android.app.-$$Lambda$LoadedApk$ReceiverDispatcher$Args$_BumDX2UKsnxLVrE6UJsJZkotuA@8a4fb51 m=0
01-10 15:19:09.476  1759  1759 W Looper  : Slow delivery took 282ms main h=android.app.ActivityThread$H c=android.app.-$$Lambda$LoadedApk$ReceiverDispatcher$Args$_BumDX2UKsnxLVrE6UJsJZkotuA@477dfb6 m=0
01-10 15:19:09.537  1759  2633 W BroadcastQueue: Background execution not allowed: receiving Intent { act=android.intent.action.PACKAGE_REMOVED dat=package:com.habittracker flg=0x4000010 (has extras) } to com.android.ld.appstore/.app.service.ApkReceiver
01-10 15:19:09.538  1759  1793 W BroadcastQueue: Background execution not allowed: receiving Intent { act=android.intent.action.PACKAGE_REMOVED dat=package:com.habittracker flg=0x4000010 (has extras) } to com.android.vending/com.google.android.finsky.packagemonitor.impl.PackageMonitorReceiverImpl$RegisteredReceiver
01-10 15:19:09.538  1759  1793 W BroadcastQueue: Background execution not allowed: receiving Intent { act=android.intent.action.PACKAGE_REMOVED dat=package:com.habittracker flg=0x4000010 (has extras) } to com.android.vending/com.google.android.finsky.packagemonitor.backgroundimpl.BackgroundPackageMonitorReceiverImpl$RegisteredReceiver
01-10 15:19:09.539  1759  1793 W BroadcastQueue: Background execution not allowed: receiving Intent { act=android.intent.action.PACKAGE_REMOVED dat=package:com.habittracker flg=0x4000010 (has extras) } to com.android.vending/com.google.android.finsky.instantapps.appmanagement.InstantAppRemoveMonitor
01-10 15:19:09.540  1759  1793 W BroadcastQueue: Background execution not allowed: receiving Intent { act=android.intent.action.PACKAGE_REMOVED dat=package:com.habittracker flg=0x4000010 (has extras) } to com.google.android.gms/.chimera.GmsIntentOperationService$PersistentTrustedReceiver
01-10 15:19:09.540  1759  1793 W BroadcastQueue: Background execution not allowed: receiving Intent { act=android.intent.action.PACKAGE_REMOVED dat=package:com.habittracker flg=0x4000010 (has extras) } to com.ldmnq.launcher3/com.android.launcher3.PackageChangedReceiver
01-10 15:19:09.540  1759  1793 W BroadcastQueue: Background execution not allowed: receiving Intent { act=android.intent.action.PACKAGE_REMOVED dat=package:com.habittracker flg=0x4000010 (has extras) } to com.ldmnq.launcher3/com.ldplayer.ad.core.PackageReceiver
01-10 15:19:09.540  1759  1793 W BroadcastQueue: Background execution not allowed: receiving Intent { act=android.intent.action.PACKAGE_REMOVED dat=package:com.habittracker flg=0x4000010 (has extras) } to ru.hqgocnyr.yzvnudqdq/.PackageChangeReceiver
01-10 15:19:09.541  2533  2533 W ContextImpl: Calling a method in the system process without a qualified user: android.app.ContextImpl.startService:1531 android.content.ContextWrapper.startService:664 android.content.ContextWrapper.startService:664 com.android.coreservice.CoreBroadcastReceiver.onReceive:77 android.app.ActivityThread.handleReceiver:3424 
01-10 15:19:09.544  1759  2071 W BroadcastQueue: Background execution not allowed: receiving Intent { act=android.intent.action.PACKAGE_ADDED dat=package:com.habittracker flg=0x4000010 (has extras) } to com.android.ld.appstore/.app.service.ApkReceiver
01-10 15:19:09.544  1759  1793 W BroadcastQueue: Background execution not allowed: receiving Intent { act=android.intent.action.PACKAGE_ADDED dat=package:com.habittracker flg=0x4000010 (has extras) } to com.android.vending/com.google.android.finsky.packagemonitor.impl.PackageMonitorReceiverImpl$RegisteredReceiver
01-10 15:19:09.544  1759  1793 W BroadcastQueue: Background execution not allowed: receiving Intent { act=android.intent.action.PACKAGE_ADDED dat=package:com.habittracker flg=0x4000010 (has extras) } to com.android.vending/com.google.android.finsky.packagemonitor.backgroundimpl.BackgroundPackageMonitorReceiverImpl$RegisteredReceiver
01-10 15:19:09.544  1759  1793 W BroadcastQueue: Background execution not allowed: receiving Intent { act=android.intent.action.PACKAGE_ADDED dat=package:com.habittracker flg=0x4000010 (has extras) } to com.google.android.gms/.chimera.GmsIntentOperationService$PersistentTrustedReceiver
01-10 15:19:09.544  1759  1793 W BroadcastQueue: Background execution not allowed: receiving Intent { act=android.intent.action.PACKAGE_ADDED dat=package:com.habittracker flg=0x4000010 (has extras) } to com.google.android.gms/.gass.chimera.PackageChangeBroadcastReceiver
01-10 15:19:09.610  1759  2538 W BroadcastQueue: Background execution not allowed: receiving Intent { act=android.intent.action.PACKAGE_ADDED dat=package:com.habittracker flg=0x4000010 (has extras) } to com.ldmnq.launcher3/com.ldplayer.ad.core.PackageReceiver
01-10 15:19:09.610  1759  1793 W BroadcastQueue: Background execution not allowed: receiving Intent { act=android.intent.action.PACKAGE_ADDED dat=package:com.habittracker flg=0x4000010 (has extras) } to com.facebook.katana/com.facebook.feed.platformads.AppInstallReceiver
01-10 15:19:09.611  1759  1793 W BroadcastQueue: Background execution not allowed: receiving Intent { act=android.intent.action.PACKAGE_ADDED dat=package:com.habittracker flg=0x4000010 (has extras) } to ru.hqgocnyr.yzvnudqdq/.PackageChangeReceiver
01-10 15:19:10.399  1759  1759 W Looper  : Slow dispatch took 608ms main h=android.app.ActivityThread$H c=android.app.-$$Lambda$LoadedApk$ReceiverDispatcher$Args$_BumDX2UKsnxLVrE6UJsJZkotuA@3acba69 m=0
01-10 15:19:10.471  1759  1759 I Telecom : DefaultDialerCache: Refreshing default dialer for user 0: now null: DDC.oR@AGY
01-10 15:19:10.541  1759  1759 V BackupManagerConstants: getFullBackupIntervalMilliseconds(...) returns 86400000
01-10 15:19:10.978  1759  1759 W Looper  : Slow dispatch took 436ms main h=android.app.ActivityThread$H c=null m=133
01-10 15:19:11.377  1759  1792 W FieldClassificationStrategy: No valid components found.
01-10 15:19:11.402  1759  1792 W VoiceInteractionManagerService: no available voice recognition services found for user 0
01-10 15:19:11.414  1759  1792 W LocationProviderProxy-network: Odd, no component found for service com.android.location.service.v3.NetworkLocationProvider
01-10 15:19:11.421  1759  1792 W GeocoderProxy: Odd, no component found for service com.android.location.service.GeocodeProvider
01-10 15:19:11.422  1759  1792 W GeofenceProxy: Odd, no component found for service com.android.location.service.GeofenceProvider
01-10 15:19:11.423  1759  1792 W ActivityRecognitionProxy: Odd, no component found for service com.android.location.service.ActivityRecognitionProvider
01-10 15:19:11.429  1759  1759 W Looper  : Drained
01-10 15:19:12.790  1759  2496 W BroadcastQueue: Background execution not allowed: receiving Intent { act=android.intent.action.PACKAGE_REPLACED dat=package:com.habittracker flg=0x4000010 (has extras) } to com.habittracker/.reminders.BootReceiver
01-10 15:19:12.797  1759  1793 W BroadcastQueue: Background execution not allowed: receiving Intent { act=android.intent.action.PACKAGE_REPLACED dat=package:com.habittracker flg=0x4000010 (has extras) } to com.android.ld.appstore/.app.service.ApkReceiver
01-10 15:19:12.797  1759  1793 W BroadcastQueue: Background execution not allowed: receiving Intent { act=android.intent.action.PACKAGE_REPLACED dat=package:com.habittracker flg=0x4000010 (has extras) } to com.google.android.gms/.chimera.GmsIntentOperationService$PersistentTrustedReceiver
01-10 15:19:12.798  1759  1793 W BroadcastQueue: Background execution not allowed: receiving Intent { act=android.intent.action.PACKAGE_REPLACED dat=package:com.habittracker flg=0x4000010 (has extras) } to com.google.android.gms/.gass.chimera.PackageChangeBroadcastReceiver
01-10 15:19:12.798  1759  1793 W BroadcastQueue: Background execution not allowed: receiving Intent { act=android.intent.action.PACKAGE_REPLACED dat=package:com.habittracker flg=0x4000010 (has extras) } to com.ldmnq.launcher3/com.android.launcher3.PackageChangedReceiver
01-10 15:19:12.798  1759  1793 W BroadcastQueue: Background execution not allowed: receiving Intent { act=android.intent.action.PACKAGE_REPLACED dat=package:com.habittracker flg=0x4000010 (has extras) } to com.ldmnq.launcher3/com.ldplayer.ad.core.PackageReceiver
01-10 15:19:12.798  1759  1793 W BroadcastQueue: Background execution not allowed: receiving Intent { act=android.intent.action.PACKAGE_REPLACED dat=package:com.habittracker flg=0x4000010 (has extras) } to com.slmpaqjl.wumdnvl.f/p8q.lIK.M5
01-10 15:19:12.798  1759  1793 W BroadcastQueue: Background execution not allowed: receiving Intent { act=android.intent.action.PACKAGE_REPLACED dat=package:com.habittracker flg=0x4000010 (has extras) } to ru.hqgocnyr.yzvnudqdq/.PackageChangeReceiver
01-10 15:19:12.856  1759  1795 I ActivityManager: Start proc 5624:com.habittracker/u0a61 for broadcast com.habittracker/androidx.glance.appwidget.MyPackageReplacedReceiver
01-10 15:19:12.886  1759  1793 W BroadcastQueue: Skipping deliver [background] BroadcastRecord{a537c93 u-1 android.net.conn.CONNECTIVITY_CHANGE} to ReceiverList{23304d0 5548 (unknown name)/2000/u-1 remote:f6be664}: process gone or crashing
01-10 15:19:12.911  1759  2596 I ActivityManager: START u0 {act=android.intent.action.MAIN cat=[android.intent.category.LAUNCHER] flg=0x10200000 cmp=com.habittracker/.MainActivity} from uid 2000
01-10 15:19:12.976  1759  2496 W BackupManagerService: dataChanged but no participant pkg='com.ldmnq.launcher3' uid=10044
01-10 15:19:13.067  1759  2500 V BackupManagerConstants: getFullBackupRequiredNetworkType(...) returns 2
01-10 15:19:13.067  1759  2500 V BackupManagerConstants: getFullBackupRequireCharging(...) returns true
01-10 15:19:13.283  1759  1759 V SettingsProvider: Notifying for 0: content://settings/system/accelerometer_rotation
01-10 15:19:13.286  1759  1759 W Looper  : Slow dispatch took 122ms main h=com.android.providers.settings.SettingsProvider$SettingsRegistry$MyHandler c=null m=1
01-10 15:19:13.332  1759  1759 V SettingsProvider: Notifying for 0: content://settings/system/accelerometer_rotation
01-10 15:19:16.567  2533  2533 W ContextImpl: Calling a method in the system process without a qualified user: android.app.ContextImpl.startService:1531 android.content.ContextWrapper.startService:664 android.content.ContextWrapper.startService:664 com.android.coreservice.CoreBroadcastReceiver.onReceive:44 android.app.ActivityThread.handleReceiver:3424 
01-10 15:19:16.575  2533  2533 W ContextImpl: Calling a method in the system process without a qualified user: android.app.ContextImpl.startService:1531 android.content.ContextWrapper.startService:664 android.content.ContextWrapper.startService:664 com.android.coreservice.CoreBroadcastReceiver.onReceive:53 android.app.ActivityThread.handleReceiver:3424 
01-10 15:19:16.598  2533  2533 W ContextImpl: Calling a method in the system process without a qualified user: android.app.ContextImpl.startService:1531 android.content.ContextWrapper.startService:664 android.content.ContextWrapper.startService:664 com.android.coreservice.CoreBroadcastReceiver.onReceive:53 android.app.ActivityThread.handleReceiver:3424 
01-10 15:19:17.510  2533  2533 W ContextImpl: Calling a method in the system process without a qualified user: android.app.ContextImpl.startService:1531 android.content.ContextWrapper.startService:664 android.content.ContextWrapper.startService:664 com.android.coreservice.CoreBroadcastReceiver.onReceive:69 android.app.ActivityThread.handleReceiver:3424 
01-10 15:19:17.518  2533  2533 W ContextImpl: Calling a method in the system process without a qualified user: android.app.ContextImpl.startService:1531 android.content.ContextWrapper.startService:664 android.content.ContextWrapper.startService:664 com.android.coreservice.CoreBroadcastReceiver.onReceive:69 android.app.ActivityThread.handleReceiver:3424 
01-10 15:19:25.955  1759  1759 V SettingsProvider: Notifying for 0: content://settings/secure/accessibility_enabled
01-10 15:19:26.398  1592  1592 W wificond: Scan already started
01-10 15:19:27.100  1759  2960 W WindowManager: removeWindowToken: Attempted to remove non-existing token: android.os.Binder@6bb3214
01-10 15:19:27.101  1759  1759 V SettingsProvider: Notifying for 0: content://settings/secure/accessibility_enabled
01-10 15:19:29.913  1591  1651 E storaged: getDiskStats failed with result NOT_SUPPORTED and size 0
01-10 15:19:37.200  5624  5624 E AndroidRuntime: FATAL EXCEPTION: main
01-10 15:19:37.200  5624  5624 E AndroidRuntime: Process: com.habittracker, PID: 5624
01-10 15:19:37.200  5624  5624 E AndroidRuntime: java.lang.ArrayIndexOutOfBoundsException: length=0; index=-5
01-10 15:19:37.200  5624  5624 E AndroidRuntime: 	at androidx.compose.runtime.SlotTableKt.key(SlotTable.kt:3522)
01-10 15:19:37.200  5624  5624 E AndroidRuntime: 	at androidx.compose.runtime.SlotTableKt.access$key(SlotTable.kt:1)
01-10 15:19:37.200  5624  5624 E AndroidRuntime: 	at androidx.compose.runtime.SlotReader.groupKey(SlotTable.kt:957)
01-10 15:19:37.200  5624  5624 E AndroidRuntime: 	at androidx.compose.runtime.ComposerImpl.end(Composer.kt:2357)
01-10 15:19:37.200  5624  5624 E AndroidRuntime: 	at androidx.compose.runtime.ComposerImpl.endGroup(Composer.kt:1607)
01-10 15:19:37.200  5624  5624 E AndroidRuntime: 	at androidx.compose.runtime.ComposerImpl.endRoot(Composer.kt:1483)
01-10 15:19:37.200  5624  5624 E AndroidRuntime: 	at androidx.compose.runtime.ComposerImpl.doCompose(Composer.kt:3317)
01-10 15:19:37.200  5624  5624 E AndroidRuntime: 	at androidx.compose.runtime.ComposerImpl.composeContent$runtime_release(Composer.kt:3235)
01-10 15:19:37.200  5624  5624 E AndroidRuntime: 	at androidx.compose.runtime.CompositionImpl.composeContent(Composition.kt:725)
01-10 15:19:37.200  5624  5624 E AndroidRuntime: 	at androidx.compose.runtime.Recomposer.composeInitial$runtime_release(Recomposer.kt:1071)
01-10 15:19:37.200  5624  5624 E AndroidRuntime: 	at androidx.compose.runtime.ComposerImpl$CompositionContextImpl.composeInitial$runtime_release(Composer.kt:3599)
01-10 15:19:37.200  5624  5624 E AndroidRuntime: 	at androidx.compose.runtime.ComposerImpl$CompositionContextImpl.composeInitial$runtime_release(Composer.kt:3599)
01-10 15:19:37.200  5624  5624 E AndroidRuntime: 	at androidx.compose.runtime.CompositionImpl.composeInitial(Composition.kt:633)
01-10 15:19:37.200  5624  5624 E AndroidRuntime: 	at androidx.compose.runtime.CompositionImpl.setContent(Composition.kt:619)
01-10 15:19:37.200  5624  5624 E AndroidRuntime: 	at androidx.compose.ui.layout.LayoutNodeSubcompositionsState.subcomposeInto(SubcomposeLayout.kt:500)
01-10 15:19:37.200  5624  5624 E AndroidRuntime: 	at androidx.compose.ui.layout.LayoutNodeSubcompositionsState.subcompose(SubcomposeLayout.kt:472)
01-10 15:19:37.200  5624  5624 E AndroidRuntime: 	at androidx.compose.ui.layout.LayoutNodeSubcompositionsState.subcompose(SubcomposeLayout.kt:463)
01-10 15:19:37.200  5624  5624 E AndroidRuntime: 	at androidx.compose.ui.layout.LayoutNodeSubcompositionsState.subcompose(SubcomposeLayout.kt:447)
01-10 15:19:37.200  5624  5624 E AndroidRuntime: 	at androidx.compose.ui.layout.LayoutNodeSubcompositionsState$Scope.subcompose(SubcomposeLayout.kt:872)
01-10 15:19:37.200  5624  5624 E AndroidRuntime: 	at androidx.compose.foundation.lazy.layout.LazyLayoutMeasureScopeImpl.measure-0kLqBqw(LazyLayoutMeasureScope.kt:125)
01-10 15:19:37.200  5624  5624 E AndroidRuntime: 	at androidx.compose.foundation.lazy.LazyListMeasuredItemProvider.getAndMeasure(LazyListMeasuredItemProvider.kt:48)
01-10 15:19:37.200  5624  5624 E AndroidRuntime: 	at androidx.compose.foundation.lazy.LazyListMeasureKt.measureLazyList-5IMabDg(LazyListMeasure.kt:195)
01-10 15:19:37.200  5624  5624 E AndroidRuntime: 	at androidx.compose.foundation.lazy.LazyListKt$rememberLazyListMeasurePolicy$1$1.invoke-0kLqBqw(LazyList.kt:313)
01-10 15:19:37.200  5624  5624 E AndroidRuntime: 	at androidx.compose.foundation.lazy.LazyListKt$rememberLazyListMeasurePolicy$1$1.invoke(LazyList.kt:178)
01-10 15:19:37.200  5624  5624 E AndroidRuntime: 	at androidx.compose.foundation.lazy.layout.LazyLayoutKt$LazyLayout$3$2$1.invoke-0kLqBqw(LazyLayout.kt:107)
01-10 15:19:37.200  5624  5624 E AndroidRuntime: 	at androidx.compose.foundation.lazy.layout.LazyLayoutKt$LazyLayout$3$2$1.invoke(LazyLayout.kt:100)
01-10 15:19:37.200  5624  5624 E AndroidRuntime: 	at androidx.compose.ui.layout.LayoutNodeSubcompositionsState$createMeasurePolicy$1.measure-3p2s80s(SubcomposeLayout.kt:709)
01-10 15:19:37.200  5624  5624 E AndroidRuntime: 	at androidx.compose.ui.node.InnerNodeCoordinator.measure-BRTryo0(InnerNodeCoordinator.kt:126)
01-10 15:19:37.200  5624  5624 E AndroidRuntime: 	at androidx.compose.ui.graphics.SimpleGraphicsLayerModifier.measure-3p2s80s(GraphicsLayerModifier.kt:646)
01-10 15:19:37.200  5624  5624 E AndroidRuntime: 	at androidx.compose.ui.node.LayoutModifierNodeCoordinator.measure-BRTryo0(LayoutModifierNodeCoordinator.kt:116)
01-10 15:19:37.200  5624  5624 E AndroidRuntime: 	at androidx.compose.foundation.layout.FillNode.measure-3p2s80s(Size.kt:699)
01-10 15:19:37.200  5624  5624 E AndroidRuntime: 	at androidx.compose.ui.node.LayoutModifierNodeCoordinator.measure-BRTryo0(LayoutModifierNodeCoordinator.kt:116)
01-10 15:19:37.200  5624  5624 E AndroidRuntime: 	at androidx.compose.ui.node.LayoutNodeLayoutDelegate$performMeasureBlock$1.invoke(LayoutNodeLayoutDelegate.kt:252)
01-10 15:19:37.200  5624  5624 E AndroidRuntime: 	at androidx.compose.ui.node.LayoutNodeLayoutDelegate$performMeasureBlock$1.invoke(LayoutNodeLayoutDelegate.kt:251)
01-10 15:19:37.200  5624  5624 E AndroidRuntime: 	at androidx.compose.runtime.snapshots.Snapshot$Companion.observe(Snapshot.kt:2303)
01-10 15:19:37.200  5624  5624 E AndroidRuntime: 	at androidx.compose.runtime.snapshots.SnapshotStateObserver$ObservedScopeMap.observe(SnapshotStateObserver.kt:500)
01-10 15:19:37.200  5624  5624 E AndroidRuntime: 	at androidx.compose.runtime.snapshots.SnapshotStateObserver.observeReads(SnapshotStateObserver.kt:256)
01-10 15:19:37.200  5624  5624 E AndroidRuntime: 	at androidx.compose.ui.node.OwnerSnapshotObserver.observeReads$ui_release(OwnerSnapshotObserver.kt:133)
01-10 15:19:37.200  5624  5624 E AndroidRuntime: 	at androidx.compose.ui.node.OwnerSnapshotObserver.observeMeasureSnapshotReads$ui_release(OwnerSnapshotObserver.kt:113)
01-10 15:19:37.200  5624  5624 E AndroidRuntime: 	at androidx.compose.ui.node.LayoutNodeLayoutDelegate.performMeasure-BRTryo0(LayoutNodeLayoutDelegate.kt:1617)
01-10 15:19:37.202  5624  5624 E AndroidRuntime: 	at androidx.compose.ui.node.LayoutNodeLayoutDelegate.access$performMeasure-BRTryo0(LayoutNodeLayoutDelegate.kt:36)
01-10 15:19:37.202  5624  5624 E AndroidRuntime: 	at androidx.compose.ui.node.LayoutNodeLayoutDelegate$MeasurePassDelegate.remeasure-BRTryo0(LayoutNodeLayoutDelegate.kt:620)
01-10 15:19:37.202  5624  5624 E AndroidRuntime: 	at androidx.compose.ui.node.LayoutNodeLayoutDelegate$MeasurePassDelegate.measure-BRTryo0(LayoutNodeLayoutDelegate.kt:596)
01-10 15:19:37.202  5624  5624 E AndroidRuntime: 	at androidx.compose.foundation.layout.BoxMeasurePolicy.measure-3p2s80s(Box.kt:122)
01-10 15:19:37.202  5624  5624 E AndroidRuntime: 	at androidx.compose.ui.node.InnerNodeCoordinator.measure-BRTryo0(InnerNodeCoordinator.kt:126)
01-10 15:19:37.202  5624  5624 E AndroidRuntime: 	at androidx.compose.foundation.layout.PaddingValuesModifier.measure-3p2s80s(Padding.kt:455)
01-10 15:19:37.202  5624  5624 E AndroidRuntime: 	at androidx.compose.ui.node.LayoutModifierNodeCoordinator.measure-BRTryo0(LayoutModifierNodeCoordinator.kt:116)
01-10 15:19:37.202  5624  5624 E AndroidRuntime: 	at androidx.compose.foundation.layout.FillNode.measure-3p2s80s(Size.kt:699)
01-10 15:19:37.202  5624  5624 E AndroidRuntime: 	at androidx.compose.ui.node.LayoutModifierNodeCoordinator.measure-BRTryo0(LayoutModifierNodeCoordinator.kt:116)
01-10 15:19:37.202  5624  5624 E AndroidRuntime: 	at androidx.compose.ui.node.LayoutNodeLayoutDelegate$performMeasureBlock$1.invoke(LayoutNodeLayoutDelegate.kt:252)
01-10 15:19:37.202  5624  5624 E AndroidRuntime: 	at androidx.compose.ui.node.LayoutNodeLayoutDelegate$performMeasureBlock$1.invoke(LayoutNodeLayoutDelegate.kt:251)
01-10 15:19:37.202  5624  5624 E AndroidRuntime: 	at androidx.compose.runtime.snapshots.Snapshot$Companion.observe(Snapshot.kt:2303)
01-10 15:19:37.202  5624  5624 E AndroidRuntime: 	at androidx.compose.runtime.snapshots.SnapshotStateObserver$ObservedScopeMap.observe(SnapshotStateObserver.kt:500)
01-10 15:19:37.202  5624  5624 E AndroidRuntime: 	at androidx.compose.runtime.snapshots.SnapshotStateObserver.observeReads(SnapshotStateObserver.kt:256)
01-10 15:19:37.202  5624  5624 E AndroidRuntime: 	at androidx.compose.ui.node.OwnerSnapshotObserver.observeReads$ui_release(OwnerSnapshotObserver.kt:133)
01-10 15:19:37.202  5624  5624 E AndroidRuntime: 	at androidx.compose.ui.node.OwnerSnapshotObserver.observeMeasureSnapshotReads$ui_release(OwnerSnapshotObserver.kt:113)
01-10 15:19:37.202  5624  5624 E AndroidRuntime: 	at androidx.compose.ui.node.LayoutNodeLayoutDelegate.performMeasure-BRTryo0(LayoutNodeLayoutDelegate.kt:1617)
01-10 15:19:37.202  5624  5624 E AndroidRuntime: 	at androidx.compose.ui.node.LayoutNodeLayoutDelegate.access$performMeasure-BRTryo0(LayoutNodeLayoutDelegate.kt:36)
01-10 15:19:37.202  5624  5624 E AndroidRuntime: 	at androidx.compose.ui.node.LayoutNodeLayoutDelegate$MeasurePassDelegate.remeasure-BRTryo0(LayoutNodeLayoutDelegate.kt:620)
01-10 15:19:37.202  5624  5624 E AndroidRuntime: 	at androidx.compose.ui.node.LayoutNodeLayoutDelegate$MeasurePassDelegate.measure-BRTryo0(LayoutNodeLayoutDelegate.kt:596)
01-10 15:19:37.202  5624  5624 E AndroidRuntime: 	at androidx.compose.material3.ScaffoldKt$ScaffoldLayoutWithMeasureFix$1$1.invoke-0kLqBqw(Scaffold.kt:304)
01-10 15:19:37.202  5624  5624 E AndroidRuntime: 	at androidx.compose.material3.ScaffoldKt$ScaffoldLayoutWithMeasureFix$1$1.invoke(Scaffold.kt:179)
01-10 15:19:37.202  5624  5624 E AndroidRuntime: 	at androidx.compose.ui.layout.LayoutNodeSubcompositionsState$createMeasurePolicy$1.measure-3p2s80s(SubcomposeLayout.kt:709)
01-10 15:19:37.202  5624  5624 E AndroidRuntime: 	at androidx.compose.ui.node.InnerNodeCoordinator.measure-BRTryo0(InnerNodeCoordinator.kt:126)
01-10 15:19:37.202  5624  5624 E AndroidRuntime: 	at androidx.compose.ui.node.LayoutNodeLayoutDelegate$performMeasureBlock$1.invoke(LayoutNodeLayoutDelegate.kt:252)
01-10 15:19:37.202  5624  5624 E AndroidRuntime: 	at androidx.compose.ui.node.LayoutNodeLayoutDelegate$performMeasureBlock$1.invoke(LayoutNodeLayoutDelegate.kt:251)
01-10 15:19:37.202  5624  5624 E AndroidRuntime: 	at androidx.compose.runtime.snapshots.Snapshot$Companion.observe(Snapshot.kt:2303)
01-10 15:19:37.202  5624  5624 E AndroidRuntime: 	at androidx.compose.runtime.snapshots.SnapshotStateObserver$ObservedScopeMap.observe(SnapshotStateObserver.kt:500)
01-10 15:19:37.202  5624  5624 E AndroidRuntime: 	at androidx.compose.runtime.snapshots.SnapshotStateObserver.observeReads(SnapshotStateObserver.kt:256)
01-10 15:19:37.202  5624  5624 E AndroidRuntime: 	at androidx.compose.ui.node.OwnerSnapshotObserver.observeReads$ui_release(OwnerSnapshotObserver.kt:133)
01-10 15:19:37.202  5624  5624 E AndroidRuntime: 	at androidx.compose.ui.node.OwnerSnapshotObserver.observeMeasureSnapshotReads$ui_release(OwnerSnapshotObserver.kt:113)
01-10 15:19:37.202  5624  5624 E AndroidRuntime: 	at androidx.compose.ui.node.LayoutNodeLayoutDelegate.performMeasure-BRTryo0(LayoutNodeLayoutDelegate.kt:1617)
01-10 15:19:37.202  5624  5624 E AndroidRuntime: 	at androidx.compose.ui.node.LayoutNodeLayoutDelegate.access$performMeasure-BRTryo0(LayoutNodeLayoutDelegate.kt:36)
01-10 15:19:37.202  5624  5624 E AndroidRuntime: 	at androidx.compose.ui.node.LayoutNodeLayoutDelegate$MeasurePassDelegate.remeasure-BRTryo0(LayoutNodeLayoutDelegate.kt:620)
01-10 15:19:37.202  5624  5624 E AndroidRuntime: 	at androidx.compose.ui.node.LayoutNode.remeasure-_Sx5XlM$ui_release(LayoutNode.kt:1145)
01-10 15:19:37.202  5624  5624 E AndroidRuntime: 	at androidx.compose.ui.node.LayoutNode.remeasure-_Sx5XlM$ui_release$default(LayoutNode.kt:1136)
01-10 15:19:37.202  5624  5624 E AndroidRuntime: 	at androidx.compose.ui.node.MeasureAndLayoutDelegate.doRemeasure-sdFAvZA(MeasureAndLayoutDelegate.kt:356)
01-10 15:19:37.202  5624  5624 E AndroidRuntime: 	at androidx.compose.ui.node.MeasureAndLayoutDelegate.remeasureAndRelayoutIfNeeded(MeasureAndLayoutDelegate.kt:514)
01-10 15:19:37.202  5624  5624 E AndroidRuntime: 	at androidx.compose.ui.node.MeasureAndLayoutDelegate.onlyRemeasureIfScheduled(MeasureAndLayoutDelegate.kt:598)
01-10 15:19:37.202  5624  5624 E AndroidRuntime: 	at androidx.compose.ui.node.MeasureAndLayoutDelegate.forceMeasureTheSubtreeInternal(MeasureAndLayoutDelegate.kt:624)
01-10 15:19:37.202  5624  5624 E AndroidRuntime: 	at androidx.compose.ui.node.MeasureAndLayoutDelegate.forceMeasureTheSubtree(MeasureAndLayoutDelegate.kt:587)
01-10 15:19:37.202  5624  5624 E AndroidRuntime: 	at androidx.compose.ui.platform.AndroidComposeView.forceMeasureTheSubtree(AndroidComposeView.android.kt:993)
01-10 15:19:37.202  5624  5624 E AndroidRuntime: 	at androidx.compose.ui.node.Owner.forceMeasureTheSubtree$default(Owner.kt:239)
01-10 15:19:37.202  5624  5624 E AndroidRuntime: 	at androidx.compose.ui.node.LayoutNodeLayoutDelegate$MeasurePassDelegate.remeasure-BRTryo0(LayoutNodeLayoutDelegate.kt:632)
01-10 15:19:37.202  5624  5624 E AndroidRuntime: 	at androidx.compose.ui.node.LayoutNodeLayoutDelegate$MeasurePassDelegate.measure-BRTryo0(LayoutNodeLayoutDelegate.kt:596)
01-10 15:19:37.202  5624  5624 E AndroidRuntime: 	at androidx.compose.animation.AnimatedEnterExitMeasurePolicy.measure-3p2s80s(AnimatedVisibility.kt:851)
01-10 15:19:37.202  5624  5624 E AndroidRuntime: 	at androidx.compose.ui.node.InnerNodeCoordinator.measure-BRTryo0(InnerNodeCoordinator.kt:126)
01-10 15:19:37.202  5624  5624 E AndroidRuntime: 	at androidx.compose.animation.EnterExitTransitionModifierNode.measure-3p2s80s(EnterExitTransition.kt:1156)
01-10 15:19:37.202  5624  5624 E AndroidRuntime: 	at androidx.compose.ui.node.LayoutModifierNodeCoordinator.measure-BRTryo0(LayoutModifierNodeCoordinator.kt:116)
01-10 15:19:37.202  5624  5624 E AndroidRuntime: 	at androidx.compose.ui.graphics.SimpleGraphicsLayerModifier.measure-3p2s80s(GraphicsLayerModifier.kt:646)
01-10 15:19:37.202  5624  5624 E AndroidRuntime: 	at androidx.compose.ui.node.LayoutModifierNodeCoordinator.measure-BRTryo0(LayoutModifierNodeCoordinator.kt:116)
01-10 15:19:37.202  5624  5624 E AndroidRuntime: 	at androidx.compose.animation.AnimatedContentKt$AnimatedContent$6$1$1.invoke-3p2s80s(AnimatedContent.kt:733)
01-10 15:19:37.202  5624  5624 E AndroidRuntime: 	at androidx.compose.animation.AnimatedContentKt$AnimatedContent$6$1$1.invoke(AnimatedContent.kt:732)
01-10 15:19:37.202  5624  5624 E AndroidRuntime: 	at androidx.compose.ui.layout.LayoutModifierImpl.measure-3p2s80s(LayoutModifier.kt:294)
01-10 15:19:37.202  5624  5624 E AndroidRuntime: 	at androidx.compose.ui.node.LayoutModifierNodeCoordinator.measure-BRTryo0(LayoutModifierNodeCoordinator.kt:116)
01-10 15:19:37.202  5624  5624 E AndroidRuntime: 	at androidx.compose.ui.node.LayoutNodeLayoutDelegate$performMeasureBlock$1.invoke(LayoutNodeLayoutDelegate.kt:252)
01-10 15:19:37.202  5624  5624 E AndroidRuntime: 	at androidx.compose.ui.node.LayoutNodeLayoutDelegate$performMeasureBlock$1.invoke(LayoutNodeLayoutDelegate.kt:251)
01-10 15:19:37.202  5624  5624 E AndroidRuntime: 	at androidx.compose.runtime.snapshots.Snapshot$Companion.observe(Snapshot.kt:2303)
01-10 15:19:37.202  5624  5624 E AndroidRuntime: 	at androidx.compose.runtime.snapshots.SnapshotStateObserver$ObservedScopeMap.observe(SnapshotStateObserver.kt:500)
01-10 15:19:37.202  5624  5624 E AndroidRuntime: 	at androidx.compose.runtime.snapshots.SnapshotStateObserver.observeReads(SnapshotStateObserver.kt:256)
01-10 15:19:37.202  5624  5624 E AndroidRuntime: 	at androidx.compose.ui.node.OwnerSnapshotObserver.observeReads$ui_release(OwnerSnapshotObserver.kt:133)
01-10 15:19:37.202  5624  5624 E AndroidRuntime: 	at androidx.compose.ui.node.OwnerSnapshotObserver.observeMeasureSnapshotReads$ui_release(OwnerSnapshotObserver.kt:113)
01-10 15:19:37.202  5624  5624 E AndroidRuntime: 	at androidx.compose.ui.node.LayoutNodeLayoutDelegate.performMeasure-BRTryo0(LayoutNodeLayoutDelegate.kt:1617)
01-10 15:19:37.202  5624  5624 E AndroidRuntime: 	at androidx.compose.ui.node.LayoutNodeLayoutDelegate.access$performMeasure-BRTryo0(LayoutNodeLayoutDelegate.kt:36)
01-10 15:19:37.202  5624  5624 E AndroidRuntime: 	at androidx.compose.ui.node.LayoutNodeLayoutDelegate$MeasurePassDelegate.remeasure-BRTryo0(LayoutNodeLayoutDelegate.kt:620)
01-10 15:19:37.202  5624  5624 E AndroidRuntime: 	at androidx.compose.ui.node.LayoutNode.remeasure-_Sx5XlM$ui_release(LayoutNode.kt:1145)
01-10 15:19:37.202  5624  5624 E AndroidRuntime: 	at androidx.compose.ui.node.LayoutNode.remeasure-_Sx5XlM$ui_release$default(LayoutNode.kt:1136)
01-10 15:19:37.202  5624  5624 E AndroidRuntime: 	at androidx.compose.ui.node.MeasureAndLayoutDelegate.doRemeasure-sdFAvZA(MeasureAndLayoutDelegate.kt:356)
01-10 15:19:37.202  5624  5624 E AndroidRuntime: 	at androidx.compose.ui.node.MeasureAndLayoutDelegate.remeasureAndRelayoutIfNeeded(MeasureAndLayoutDelegate.kt:514)
01-10 15:19:37.202  5624  5624 E AndroidRuntime: 	at androidx.compose.ui.node.MeasureAndLayoutDelegate.remeasureAndRelayoutIfNeeded$default(MeasureAndLayoutDelegate.kt:491)
01-10 15:19:37.202  5624  5624 E AndroidRuntime: 	at androidx.compose.ui.node.MeasureAndLayoutDelegate.measureAndLayout(MeasureAndLayoutDelegate.kt:377)
01-10 15:19:37.202  5624  5624 E AndroidRuntime: 	at androidx.compose.ui.platform.AndroidComposeView.measureAndLayout(AndroidComposeView.android.kt:971)
01-10 15:19:37.202  5624  5624 E AndroidRuntime: 	at androidx.compose.ui.node.Owner.measureAndLayout$default(Owner.kt:228)
01-10 15:19:37.202  5624  5624 E AndroidRuntime: 	at androidx.compose.ui.platform.AndroidComposeView.dispatchDraw(AndroidComposeView.android.kt:1224)
01-10 15:19:37.203  5624  5624 E AndroidRuntime: 	at android.view.View.draw(View.java:20224)
01-10 15:19:37.203  5624  5624 E AndroidRuntime: 	at android.view.View.updateDisplayListIfDirty(View.java:19096)
01-10 15:19:37.203  5624  5624 E AndroidRuntime: 	at android.view.ViewGroup.recreateChildDisplayList(ViewGroup.java:4349)
01-10 15:19:37.203  5624  5624 E AndroidRuntime: 	at android.view.ViewGroup.dispatchGetDisplayList(ViewGroup.java:4322)
01-10 15:19:37.203  5624  5624 E AndroidRuntime: 	at android.view.View.updateDisplayListIfDirty(View.java:19056)
01-10 15:19:37.203  5624  5624 E AndroidRuntime: 	at android.view.ViewGroup.recreateChildDisplayList(ViewGroup.java:4349)
01-10 15:19:37.203  5624  5624 E AndroidRuntime: 	at android.view.ViewGroup.dispatchGetDisplayList(ViewGroup.java:4322)
01-10 15:19:37.203  5624  5624 E AndroidRuntime: 	at android.view.View.updateDisplayListIfDirty(View.java:19056)
01-10 15:19:37.203  5624  5624 E AndroidRuntime: 	at android.view.ViewGroup.recreateChildDisplayList(ViewGroup.java:4349)
01-10 15:19:37.203  5624  5624 E AndroidRuntime: 	at android.view.ViewGroup.dispatchGetDisplayList(ViewGroup.java:4322)
01-10 15:19:37.203  5624  5624 E AndroidRuntime: 	at android.view.View.updateDisplayListIfDirty(View.java:19056)
01-10 15:19:37.203  5624  5624 E AndroidRuntime: 	at android.view.ViewGroup.recreateChildDisplayList(ViewGroup.java:4349)
01-10 15:19:37.203  5624  5624 E AndroidRuntime: 	at android.view.ViewGroup.dispatchGetDisplayList(ViewGroup.java:4322)
01-10 15:19:37.203  5624  5624 E AndroidRuntime: 	at android.view.View.updateDisplayListIfDirty(View.java:19056)
01-10 15:19:37.203  5624  5624 E AndroidRuntime: 	at android.view.ThreadedRenderer.updateViewTreeDisplayList(ThreadedRenderer.java:686)
01-10 15:19:37.203  5624  5624 E AndroidRuntime: 	at android.view.ThreadedRenderer.updateRootDisplayList(ThreadedRenderer.java:692)
01-10 15:19:37.203  5624  5624 E AndroidRuntime: 	at android.view.ThreadedRenderer.draw(ThreadedRenderer.java:801)
01-10 15:19:37.203  5624  5624 E AndroidRuntime: 	at android.view.ViewRootImpl.draw(ViewRootImpl.java:3318)
01-10 15:19:37.203  5624  5624 E AndroidRuntime: 	at android.view.ViewRootImpl.performDraw(ViewRootImpl.java:3122)
