01-10 14:31:36.370  1759  1795 I ActivityManager: Start proc 3957:com.google.android.tts/u0a51 for broadcast com.google.android.tts/androidx.work.impl.background.systemalarm.RescheduleReceiver
01-10 14:31:36.370  1759  1795 W ActivityManager: Slow operation: 275ms so far, now at startProcess: starting to update pids map
01-10 14:31:36.370  1759  1795 W ActivityManager: Slow operation: 275ms so far, now at startProcess: done updating pids map
01-10 14:31:36.460  1759  1835 W ActivityManager: Slow operation: 54ms so far, now at getContentProviderImpl: after checkContentProviderPermission
01-10 14:31:36.460  1759  1835 W ActivityManager: Slow operation: 55ms so far, now at getContentProviderImpl: incProviderCountLocked
01-10 14:31:36.460  1759  1835 W ActivityManager: Slow operation: 55ms so far, now at getContentProviderImpl: before updateOomAdj
01-10 14:31:36.460  1759  1835 W ActivityManager: Slow operation: 55ms so far, now at getContentProviderImpl: after updateOomAdj
01-10 14:31:36.460  1759  1835 W ActivityManager: Slow operation: 55ms so far, now at getContentProviderImpl: done!
01-10 14:31:37.594  1759  2538 W ActivityManager: Slow operation: 58ms so far, now at getContentProviderImpl: incProviderCountLocked
01-10 14:31:37.594  1759  2538 W ActivityManager: Slow operation: 58ms so far, now at getContentProviderImpl: before updateLruProcess
01-10 14:31:37.594  1759  2538 W ActivityManager: Slow operation: 58ms so far, now at getContentProviderImpl: after updateLruProcess
01-10 14:31:37.594  1759  2538 W ActivityManager: Slow operation: 58ms so far, now at getContentProviderImpl: before updateOomAdj
01-10 14:31:37.595  1759  2538 W ActivityManager: Slow operation: 58ms so far, now at getContentProviderImpl: after updateOomAdj
01-10 14:31:37.595  1759  2538 W ActivityManager: Slow operation: 58ms so far, now at getContentProviderImpl: done!
01-10 14:31:37.869  1759  1794 W Looper  : Slow dispatch took 165ms android.ui h=com.android.server.am.ActivityManagerService$UiHandler c=null m=53
01-10 14:31:38.083  1759  1794 W Looper  : Slow dispatch took 100ms android.ui h=com.android.server.am.ActivityManagerService$UiHandler c=null m=53
01-10 14:31:38.360  1759  1835 V FingerprintService: mDaemon was null, reconnect to fingerprint
01-10 14:31:38.367  1759  1835 W FingerprintService: fingerprint HIDL not available
01-10 14:31:38.433  1759  1759 W Looper  : Slow dispatch took 598ms main h=com.android.server.job.JobSchedulerService$JobHandler c=null m=4
01-10 14:31:38.433  1759  1759 W Looper  : Slow delivery took 564ms main h=com.android.server.job.JobSchedulerService$JobHandler c=null m=4
01-10 14:31:38.434  1759  1759 W Looper  : Drained
01-10 14:31:38.662  1759  1793 W ActivityManager: Slow operation: 74ms so far, now at startProcess: done starting proc!
01-10 14:31:38.686  1759  1795 W ActivityManager: Slow operation: 72ms so far, now at startProcess: returned from zygote!
01-10 14:31:38.755  1759  2065 I ActivityManager: Killing 2688:com.android.keychain/1000 (adj 906): empty #17
01-10 14:31:38.766  1759  1795 W ActivityManager: Slow operation: 152ms so far, now at startProcess: done updating battery stats
01-10 14:31:38.766  1759  1795 W ActivityManager: Slow operation: 153ms so far, now at startProcess: building log message
01-10 14:31:38.766  1759  1795 I ActivityManager: Start proc 4029:com.google.android.apps.docs/u0a65 for broadcast com.google.android.apps.docs/.drive.androiddesktop.EntrypointConfigurationBroadcastReceiver
01-10 14:31:38.766  1759  1795 W ActivityManager: Slow operation: 153ms so far, now at startProcess: starting to update pids map
01-10 14:31:38.766  1759  1795 W ActivityManager: Slow operation: 153ms so far, now at startProcess: done updating pids map
01-10 14:31:38.921  1759  3821 I ActivityManager: Killing 3285:com.android.contacts/u0a19 (adj 906): empty #17
01-10 14:31:39.022  1759  3821 W ActivityManager: Slow operation: 53ms so far, now at getContentProviderImpl: incProviderCountLocked
01-10 14:31:39.022  1759  3821 W ActivityManager: Slow operation: 53ms so far, now at getContentProviderImpl: before updateLruProcess
01-10 14:31:39.022  1759  3821 W ActivityManager: Slow operation: 53ms so far, now at getContentProviderImpl: after updateLruProcess
01-10 14:31:39.022  1759  3821 W ActivityManager: Slow operation: 53ms so far, now at getContentProviderImpl: before updateOomAdj
01-10 14:31:39.022  1759  3821 W ActivityManager: Slow operation: 53ms so far, now at getContentProviderImpl: after updateOomAdj
01-10 14:31:39.022  1759  3821 W ActivityManager: Slow operation: 53ms so far, now at getContentProviderImpl: done!
01-10 14:31:40.173  1759  1800 W Looper  : Slow dispatch took 105ms android.fg h=com.android.server.DropBoxManagerService$3 c=null m=1
01-10 14:31:41.156  1759  2285 W ActivityManager: Slow operation: 60ms so far, now at getContentProviderImpl: incProviderCountLocked
01-10 14:31:41.156  1759  2285 W ActivityManager: Slow operation: 60ms so far, now at getContentProviderImpl: before updateLruProcess
01-10 14:31:41.156  1759  2285 W ActivityManager: Slow operation: 60ms so far, now at getContentProviderImpl: after updateLruProcess
01-10 14:31:41.156  1759  2285 W ActivityManager: Slow operation: 60ms so far, now at getContentProviderImpl: before updateOomAdj
01-10 14:31:41.156  1759  2285 W ActivityManager: Slow operation: 60ms so far, now at getContentProviderImpl: after updateOomAdj
01-10 14:31:41.156  1759  2285 W ActivityManager: Slow operation: 60ms so far, now at getContentProviderImpl: done!
01-10 14:31:41.914  1759  2538 W ActivityManager: Slow operation: 333ms so far, now at getContentProviderImpl: after resolveContentProvider
01-10 14:31:41.914  1759  2538 W ActivityManager: Slow operation: 338ms so far, now at getContentProviderImpl: got app info for user
01-10 14:31:41.914  1759  2538 W ActivityManager: Slow operation: 338ms so far, now at getContentProviderImpl: before checkContentProviderPermission
01-10 14:31:41.914  1759  2538 W ActivityManager: Slow operation: 338ms so far, now at getContentProviderImpl: after checkContentProviderPermission
01-10 14:31:41.914  1759  2538 W ActivityManager: Slow operation: 338ms so far, now at getContentProviderImpl: before getProviderByClass
01-10 14:31:41.914  1759  2538 W ActivityManager: Slow operation: 338ms so far, now at getContentProviderImpl: after getProviderByClass
01-10 14:31:41.914  1759  2538 W ActivityManager: Slow operation: 338ms so far, now at getContentProviderImpl: before getApplicationInfo
01-10 14:31:41.956  1759  2538 W ActivityManager: Slow operation: 380ms so far, now at getContentProviderImpl: after getApplicationInfo
01-10 14:31:41.956  1759  2538 W ActivityManager: Slow operation: 380ms so far, now at getContentProviderImpl: now have ContentProviderRecord
01-10 14:31:41.962  2417  3804 D ActivityThread: Loading provider com.google.android.gms.nearby.sharing: com.google.android.gms.nearby.sharing.SharingSliceProvider
01-10 14:31:42.253  1759  2961 D ActivityManager: getDeviceConfigurationInfo gles: 196609
01-10 14:31:42.486  1759  2970 I ActivityManager: Killing 3376:com.android.managedprovisioning/u0a26 (adj 906): empty #17
01-10 14:31:42.578  1759  1888 D NsdService: mdnssd [start-service]
01-10 14:31:42.615  1759  1888 E NsdService: Failed to execute mdnssd [start-service]
01-10 14:31:42.615  1759  1888 E NsdService: com.android.server.NativeDaemonConnector$NativeDaemonFailureException: command '1 mdnssd start-service' failed with '402 1 Service already running'
01-10 14:31:42.615  1759  1888 E NsdService: 	at com.android.server.NativeDaemonConnector.executeForList(NativeDaemonConnector.java:515)
01-10 14:31:42.615  1759  1888 E NsdService: 	at com.android.server.NativeDaemonConnector.execute(NativeDaemonConnector.java:411)
01-10 14:31:42.615  1759  1888 E NsdService: 	at com.android.server.NativeDaemonConnector.execute(NativeDaemonConnector.java:406)
01-10 14:31:42.615  1759  1888 E NsdService: 	at com.android.server.NsdService$DaemonConnection.execute(NsdService.java:698)
01-10 14:31:42.615  1759  1888 E NsdService: 	at com.android.server.NsdService$DaemonConnection.start(NsdService.java:707)
01-10 14:31:42.615  1759  1888 E NsdService: 	at com.android.server.NsdService$NsdStateMachine$EnabledState.processMessage(NsdService.java:259)
01-10 14:31:42.615  1759  1888 E NsdService: 	at com.android.internal.util.StateMachine$SmHandler.processMsg(StateMachine.java:992)
01-10 14:31:42.615  1759  1888 E NsdService: 	at com.android.internal.util.StateMachine$SmHandler.handleMessage(StateMachine.java:809)
01-10 14:31:42.615  1759  1888 E NsdService: 	at android.os.Handler.dispatchMessage(Handler.java:106)
01-10 14:31:42.615  1759  1888 E NsdService: 	at android.os.Looper.loop(Looper.java:193)
01-10 14:31:42.615  1759  1888 E NsdService: 	at android.os.HandlerThread.run(HandlerThread.java:65)
01-10 14:31:42.615  1759  1888 D NsdService: New client listening to asynchronous messages
01-10 14:31:42.622  1759  1888 D NsdService: New client, channel: com.android.internal.util.AsyncChannel@569996f messenger: android.os.Messenger@590567c
01-10 14:31:43.159  1759  1800 W Looper  : Slow dispatch took 193ms android.fg h=com.android.server.DropBoxManagerService$3 c=null m=1
01-10 14:31:43.891  1759  1783 W ActivityManager: Slow operation: 83ms so far, now at getContentProviderImpl: incProviderCountLocked
01-10 14:31:43.891  1759  1783 W ActivityManager: Slow operation: 83ms so far, now at getContentProviderImpl: before updateLruProcess
01-10 14:31:43.891  1759  1783 W ActivityManager: Slow operation: 83ms so far, now at getContentProviderImpl: after updateLruProcess
01-10 14:31:43.891  1759  1783 W ActivityManager: Slow operation: 83ms so far, now at getContentProviderImpl: before updateOomAdj
01-10 14:31:43.891  1759  1783 W ActivityManager: Slow operation: 83ms so far, now at getContentProviderImpl: after updateOomAdj
01-10 14:31:43.891  1759  1783 W ActivityManager: Slow operation: 83ms so far, now at getContentProviderImpl: done!
01-10 14:31:44.096  1759  2538 W ActivityManager: Slow operation: 80ms so far, now at getContentProviderImpl: incProviderCountLocked
01-10 14:31:44.097  1759  2538 W ActivityManager: Slow operation: 80ms so far, now at getContentProviderImpl: before updateOomAdj
01-10 14:31:44.097  1759  2538 W ActivityManager: Slow operation: 80ms so far, now at getContentProviderImpl: after updateOomAdj
01-10 14:31:44.097  1759  2538 W ActivityManager: Slow operation: 80ms so far, now at getContentProviderImpl: done!
01-10 14:31:45.323  1759  2962 W ActivityManager: Slow operation: 87ms so far, now at getContentProviderImpl: after checkContentProviderPermission
01-10 14:31:45.418  1759  2962 W ActivityManager: Slow operation: 182ms so far, now at getContentProviderImpl: incProviderCountLocked
01-10 14:31:45.418  1759  2962 W ActivityManager: Slow operation: 182ms so far, now at getContentProviderImpl: before updateLruProcess
01-10 14:31:45.418  1759  2962 W ActivityManager: Slow operation: 182ms so far, now at getContentProviderImpl: after updateLruProcess
01-10 14:31:45.418  1759  2962 W ActivityManager: Slow operation: 182ms so far, now at getContentProviderImpl: before updateOomAdj
01-10 14:31:45.427  1759  2962 W ActivityManager: Slow operation: 190ms so far, now at getContentProviderImpl: after updateOomAdj
01-10 14:31:45.427  1759  2962 W ActivityManager: Slow operation: 190ms so far, now at getContentProviderImpl: done!
01-10 14:31:45.905  1759  2970 W ActivityManager: Unable to start service Intent { act=com.google.android.gms.lockbox.service.START pkg=com.google.android.gms } U=0: not found
01-10 14:31:46.373  1759  2970 W ActivityManager: Unbind failed: could not find connection for android.os.BinderProxy@99d2a60
01-10 14:31:46.533  1759  2960 W ActivityManager: Slow operation: 156ms so far, now at getContentProviderImpl: incProviderCountLocked
01-10 14:31:46.533  1759  2960 W ActivityManager: Slow operation: 156ms so far, now at getContentProviderImpl: before updateLruProcess
01-10 14:31:46.533  1759  2960 W ActivityManager: Slow operation: 156ms so far, now at getContentProviderImpl: after updateLruProcess
01-10 14:31:46.533  1759  2960 W ActivityManager: Slow operation: 156ms so far, now at getContentProviderImpl: before updateOomAdj
01-10 14:31:46.533  1759  2960 W ActivityManager: Slow operation: 157ms so far, now at getContentProviderImpl: after updateOomAdj
01-10 14:31:46.533  1759  2960 W ActivityManager: Slow operation: 157ms so far, now at getContentProviderImpl: done!
01-10 14:31:46.565  1759  1794 W Looper  : Slow dispatch took 1131ms android.ui h=com.android.server.am.ActivityManagerService$UiHandler c=null m=53
01-10 14:31:46.680  1759  1759 W Looper  : Slow dispatch took 126ms main h=com.android.server.job.JobSchedulerService$JobHandler c=null m=4
01-10 14:31:46.789  1759  1800 W Looper  : Slow dispatch took 110ms android.fg h=com.android.server.AppStateTracker$MyHandler c=null m=11
01-10 14:31:46.948  1759  1794 W Looper  : Slow dispatch took 382ms android.ui h=com.android.server.am.ActivityManagerService$UiHandler c=null m=53
01-10 14:31:47.306  1759  1849 W ActivityManager: Slow operation: 286ms so far, now at getContentProviderImpl: incProviderCountLocked
01-10 14:31:47.306  1759  1849 W ActivityManager: Slow operation: 286ms so far, now at getContentProviderImpl: before updateLruProcess
01-10 14:31:47.306  1759  1849 W ActivityManager: Slow operation: 286ms so far, now at getContentProviderImpl: after updateLruProcess
01-10 14:31:47.306  1759  1849 W ActivityManager: Slow operation: 286ms so far, now at getContentProviderImpl: before updateOomAdj
01-10 14:31:47.306  1759  1849 W ActivityManager: Slow operation: 286ms so far, now at getContentProviderImpl: after updateOomAdj
01-10 14:31:47.306  1759  1849 W ActivityManager: Slow operation: 286ms so far, now at getContentProviderImpl: done!
01-10 14:31:47.307  1759  1794 W Looper  : Slow dispatch took 359ms android.ui h=com.android.server.am.ActivityManagerService$UiHandler c=null m=53
01-10 14:31:47.800  1759  1759 W Looper  : Slow dispatch took 1120ms main h=com.android.server.job.JobSchedulerService$JobHandler c=null m=4
01-10 14:31:47.911  1759  1759 W Looper  : Slow delivery took 852ms main h=com.android.server.job.JobSchedulerService$JobHandler c=null m=7
01-10 14:31:47.911  1759  1759 W Looper  : Slow dispatch took 110ms main h=com.android.server.job.JobSchedulerService$JobHandler c=null m=7
01-10 14:31:47.913  1759  1794 W Looper  : Slow dispatch took 115ms android.ui h=com.android.server.am.ActivityManagerService$UiHandler c=null m=53
01-10 14:31:47.948  2417  3592 D ActivityThread: Loading provider com.google.android.gms.icing.proxy: com.google.android.gms.icing.proxy.InternalIcingCorporaProvider
01-10 14:31:48.024  1759  1800 W Looper  : Slow dispatch took 1074ms android.fg h=com.android.server.AppStateTracker$MyHandler c=null m=0
01-10 14:31:48.056  1759  1800 W Looper  : Slow delivery took 253ms android.fg h=com.android.server.AppStateTracker$MyHandler c=null m=11
01-10 14:31:48.056  1759  1800 W Looper  : Drained
01-10 14:31:48.705  1759  1759 W Looper  : Drained
01-10 14:31:48.705  1759  1759 W Looper  : Slow dispatch took 470ms main h=com.android.server.job.JobSchedulerService$JobHandler c=null m=4
01-10 14:31:49.025  1759  2496 W ActivityManager: Slow operation: 78ms so far, now at getContentProviderImpl: after checkContentProviderPermission
01-10 14:31:49.032  1759  2496 W ActivityManager: Slow operation: 85ms so far, now at getContentProviderImpl: incProviderCountLocked
01-10 14:31:49.032  1759  2496 W ActivityManager: Slow operation: 85ms so far, now at getContentProviderImpl: before updateOomAdj
01-10 14:31:49.032  1759  2496 W ActivityManager: Slow operation: 85ms so far, now at getContentProviderImpl: after updateOomAdj
01-10 14:31:49.032  1759  2496 W ActivityManager: Slow operation: 85ms so far, now at getContentProviderImpl: done!
01-10 14:31:49.201  1759  2640 W ActivityManager: Slow operation: 52ms so far, now at getContentProviderImpl: incProviderCountLocked
01-10 14:31:49.201  1759  2640 W ActivityManager: Slow operation: 52ms so far, now at getContentProviderImpl: before updateOomAdj
01-10 14:31:49.201  1759  2640 W ActivityManager: Slow operation: 52ms so far, now at getContentProviderImpl: after updateOomAdj
01-10 14:31:49.201  1759  2640 W ActivityManager: Slow operation: 52ms so far, now at getContentProviderImpl: done!
01-10 14:31:49.278  1759  2065 W ActivityManager: Slow operation: 71ms so far, now at getContentProviderImpl: incProviderCountLocked
01-10 14:31:49.278  1759  2065 W ActivityManager: Slow operation: 71ms so far, now at getContentProviderImpl: before updateOomAdj
01-10 14:31:49.278  1759  2065 W ActivityManager: Slow operation: 71ms so far, now at getContentProviderImpl: after updateOomAdj
01-10 14:31:49.278  1759  2065 W ActivityManager: Slow operation: 71ms so far, now at getContentProviderImpl: done!
01-10 14:31:50.230  1759  1759 W Looper  : Slow delivery took 270ms main h=android.os.Handler c=android.app.-$$Lambda$LoadedApk$ReceiverDispatcher$Args$_BumDX2UKsnxLVrE6UJsJZkotuA@9f63d9d m=0
01-10 14:31:50.388  1759  1759 I Telecom : DefaultDialerCache: Refreshing default dialer for user 0: now null: DDC.oR@AEU
01-10 14:31:50.388  1759  1759 W Looper  : Slow dispatch took 132ms main h=android.app.ActivityThread$H c=android.app.-$$Lambda$LoadedApk$ReceiverDispatcher$Args$_BumDX2UKsnxLVrE6UJsJZkotuA@b7d653f m=0
01-10 14:31:50.468  1759  1794 W Looper  : Slow dispatch took 238ms android.ui h=com.android.server.am.ActivityManagerService$UiHandler c=null m=53
01-10 14:31:50.596  1759  1759 I Telecom : DefaultDialerCache: Refreshing default dialer for user 0: now null: DDC.oR@AEY
01-10 14:31:50.722  1759  2597 W ActivityManager: Slow operation: 59ms so far, now at getContentProviderImpl: incProviderCountLocked
01-10 14:31:50.722  1759  2597 W ActivityManager: Slow operation: 59ms so far, now at getContentProviderImpl: before updateLruProcess
01-10 14:31:50.722  1759  2597 W ActivityManager: Slow operation: 59ms so far, now at getContentProviderImpl: after updateLruProcess
01-10 14:31:50.722  1759  2597 W ActivityManager: Slow operation: 59ms so far, now at getContentProviderImpl: before updateOomAdj
01-10 14:31:50.722  1759  2597 W ActivityManager: Slow operation: 60ms so far, now at getContentProviderImpl: after updateOomAdj
01-10 14:31:50.722  1759  2597 W ActivityManager: Slow operation: 60ms so far, now at getContentProviderImpl: done!
01-10 14:31:51.384  1759  1759 W Looper  : Slow dispatch took 722ms main h=com.android.server.job.JobSchedulerService$JobHandler c=null m=4
01-10 14:31:51.403  1759  1792 W VoiceInteractionManagerService: no available voice interaction services found for user 0
01-10 14:31:51.646  1759  3868 W ActivityManager: Slow operation: 87ms so far, now at getContentProviderImpl: after checkContentProviderPermission
01-10 14:31:51.663  1759  1792 W LocationProviderProxy-network: Odd, no component found for service com.android.location.service.v3.NetworkLocationProvider
01-10 14:31:51.678  1759  3868 W ActivityManager: Slow operation: 119ms so far, now at getContentProviderImpl: incProviderCountLocked
01-10 14:31:51.678  1759  3868 W ActivityManager: Slow operation: 119ms so far, now at getContentProviderImpl: before updateLruProcess
01-10 14:31:51.678  1759  3868 W ActivityManager: Slow operation: 119ms so far, now at getContentProviderImpl: after updateLruProcess
01-10 14:31:51.678  1759  3868 W ActivityManager: Slow operation: 119ms so far, now at getContentProviderImpl: before updateOomAdj
01-10 14:31:51.678  1759  3868 W ActivityManager: Slow operation: 119ms so far, now at getContentProviderImpl: after updateOomAdj
01-10 14:31:51.678  1759  3868 W ActivityManager: Slow operation: 119ms so far, now at getContentProviderImpl: done!
01-10 14:31:51.714  1759  1792 W GeocoderProxy: Odd, no component found for service com.android.location.service.GeocodeProvider
01-10 14:31:51.716  1759  1794 W Looper  : Slow dispatch took 1060ms android.ui h=com.android.server.am.ActivityManagerService$UiHandler c=null m=53
01-10 14:31:51.784  1759  1792 W GeofenceProxy: Odd, no component found for service com.android.location.service.GeofenceProvider
01-10 14:31:51.789  1759  1792 W ActivityRecognitionProxy: Odd, no component found for service com.android.location.service.ActivityRecognitionProvider
01-10 14:31:51.792  1759  1759 W Looper  : Slow dispatch took 320ms main h=com.android.server.job.JobSchedulerService$JobHandler c=null m=4
01-10 14:31:52.234  1759  1800 W Looper  : Slow dispatch took 840ms android.fg h=com.android.server.AppStateTracker$MyHandler c=null m=1
01-10 14:31:52.513  1759  1759 W Looper  : Drained
01-10 14:31:52.802  1759  1794 W Looper  : Slow dispatch took 102ms android.ui h=com.android.server.am.ActivityManagerService$UiHandler c=null m=53
01-10 14:31:53.088  1759  1792 W VoiceInteractionManagerService: no available voice interaction services found for user 0
01-10 14:31:53.089  1759  1792 W LocationProviderProxy-network: Odd, no component found for service com.android.location.service.v3.NetworkLocationProvider
01-10 14:31:53.227  1759  1792 W GeocoderProxy: Odd, no component found for service com.android.location.service.GeocodeProvider
01-10 14:31:53.346  1759  1792 W GeofenceProxy: Odd, no component found for service com.android.location.service.GeofenceProvider
01-10 14:31:53.347  1759  1792 W ActivityRecognitionProxy: Odd, no component found for service com.android.location.service.ActivityRecognitionProvider
01-10 14:31:53.694  1759  2959 W BackupManagerService: dataChanged but no participant pkg='com.ldmnq.launcher3' uid=10044
01-10 14:31:54.620  1759  2960 I ActivityManager: Killing 3550:com.android.packageinstaller/u0a9 (adj 906): empty #17
01-10 14:31:54.654  1759  1793 I ActivityManager: Finished processing BOOT_COMPLETED for u0
01-10 14:31:54.695  2533  2533 W ContextImpl: Calling a method in the system process without a qualified user: android.app.ContextImpl.startService:1531 android.content.ContextWrapper.startService:664 android.content.ContextWrapper.startService:664 com.android.coreservice.CoreBroadcastReceiver.onReceive:53 android.app.ActivityThread.handleReceiver:3424 
01-10 14:31:54.817  2533  2533 W ContextImpl: Calling a method in the system process without a qualified user: android.app.ContextImpl.startService:1531 android.content.ContextWrapper.startService:664 android.content.ContextWrapper.startService:664 com.android.coreservice.CoreBroadcastReceiver.onReceive:53 android.app.ActivityThread.handleReceiver:3424 
01-10 14:31:54.817  1759  1794 W Looper  : Slow dispatch took 197ms android.ui h=com.android.server.am.ActivityManagerService$UiHandler c=null m=53
01-10 14:31:54.837  1759  2959 W BroadcastQueue: Background execution not allowed: receiving Intent { act=android.intent.action.DROPBOX_ENTRY_ADDED flg=0x10 (has extras) } to com.google.android.gms/.stats.service.DropBoxEntryAddedReceiver
01-10 14:31:54.838  2533  2533 W ContextImpl: Calling a method in the system process without a qualified user: android.app.ContextImpl.startService:1531 android.content.ContextWrapper.startService:664 android.content.ContextWrapper.startService:664 com.android.coreservice.CoreBroadcastReceiver.onReceive:53 android.app.ActivityThread.handleReceiver:3424 
01-10 14:31:54.843  2533  2533 I chatty  : uid=1000(system) com.android.coreservice identical 1 line
01-10 14:31:54.847  2533  2533 W ContextImpl: Calling a method in the system process without a qualified user: android.app.ContextImpl.startService:1531 android.content.ContextWrapper.startService:664 android.content.ContextWrapper.startService:664 com.android.coreservice.CoreBroadcastReceiver.onReceive:53 android.app.ActivityThread.handleReceiver:3424 
01-10 14:31:54.851  2533  2533 W ContextImpl: Calling a method in the system process without a qualified user: android.app.ContextImpl.startService:1531 android.content.ContextWrapper.startService:664 android.content.ContextWrapper.startService:664 com.android.coreservice.CoreBroadcastReceiver.onReceive:44 android.app.ActivityThread.handleReceiver:3424 
01-10 14:31:54.861  2533  2533 W ContextImpl: Calling a method in the system process without a qualified user: android.app.ContextImpl.startService:1531 android.content.ContextWrapper.startService:664 android.content.ContextWrapper.startService:664 com.android.coreservice.CoreBroadcastReceiver.onReceive:53 android.app.ActivityThread.handleReceiver:3424 
01-10 14:31:54.864  2533  2533 W ContextImpl: Calling a method in the system process without a qualified user: android.app.ContextImpl.startService:1531 android.content.ContextWrapper.startService:664 android.content.ContextWrapper.startService:664 com.android.coreservice.CoreBroadcastReceiver.onReceive:53 android.app.ActivityThread.handleReceiver:3424 
01-10 14:31:54.872  1759  2633 W BroadcastQueue: Background execution not allowed: receiving Intent { act=android.intent.action.MEDIA_SCANNER_STARTED dat=file:///storage/emulated/0 flg=0x10 } to ru.hqgocnyr.yzvnudqdq/.BinderBootReceiver
01-10 14:31:54.873  1759  1793 W BroadcastQueue: Background execution not allowed: receiving Intent { act=android.intent.action.WALLPAPER_CHANGED flg=0x10 } to com.ldmnq.launcher3/com.android.launcher3.WallpaperChangedReceiver
01-10 14:31:55.089  1759  1879 W BroadcastQueue: Background execution not allowed: receiving Intent { act=android.intent.action.WALLPAPER_CHANGED flg=0x10 } to com.ldmnq.launcher3/com.android.launcher3.WallpaperChangedReceiver
01-10 14:31:55.105  2533  2533 W ContextImpl: Calling a method in the system process without a qualified user: android.app.ContextImpl.startService:1531 android.content.ContextWrapper.startService:664 android.content.ContextWrapper.startService:664 com.android.coreservice.CoreBroadcastReceiver.onReceive:53 android.app.ActivityThread.handleReceiver:3424 
01-10 14:31:55.294  1759  1795 W ActivityManager: Slow operation: 104ms so far, now at startProcess: returned from zygote!
01-10 14:31:55.332  1759  1795 W ActivityManager: Slow operation: 141ms so far, now at startProcess: done updating battery stats
01-10 14:31:55.333  1759  1795 W ActivityManager: Slow operation: 142ms so far, now at startProcess: building log message
01-10 14:31:55.334  1759  1795 I ActivityManager: Start proc 4228:com.android.chrome/u0a48 for broadcast com.android.chrome/com.google.firebase.iid.FirebaseInstanceIdReceiver
01-10 14:31:55.334  1759  1795 W ActivityManager: Slow operation: 143ms so far, now at startProcess: starting to update pids map
01-10 14:31:55.334  1759  1795 W ActivityManager: Slow operation: 143ms so far, now at startProcess: done updating pids map
01-10 14:31:55.585  1759  3821 W ActivityManager: Slow operation: 76ms so far, now at attachApplicationLocked: after sendPendingBroadcastsLocked
01-10 14:31:56.634  1759  2600 W ActivityManager: Slow operation: 65ms so far, now at getContentProviderImpl: incProviderCountLocked
01-10 14:31:56.634  1759  2600 W ActivityManager: Slow operation: 65ms so far, now at getContentProviderImpl: before updateLruProcess
01-10 14:31:56.634  1759  2600 W ActivityManager: Slow operation: 66ms so far, now at getContentProviderImpl: after updateLruProcess
01-10 14:31:56.634  1759  2600 W ActivityManager: Slow operation: 66ms so far, now at getContentProviderImpl: before updateOomAdj
01-10 14:31:56.634  1759  2600 W ActivityManager: Slow operation: 66ms so far, now at getContentProviderImpl: after updateOomAdj
01-10 14:31:56.634  1759  2600 W ActivityManager: Slow operation: 66ms so far, now at getContentProviderImpl: done!
01-10 14:31:57.832  1759  2633 W ActivityManager: Slow operation: 135ms so far, now at startProcess: done creating new process record
01-10 14:31:57.832  1759  2633 W ActivityManager: Slow operation: 139ms so far, now at startProcess: stepping in to startProcess
01-10 14:31:57.878  1759  2633 W ActivityManager: Slow operation: 185ms so far, now at startProcess: done starting proc!
01-10 14:31:57.880  1759  2633 I ActivityManager: Killing 2601:com.android.providers.calendar/u0a23 (adj 906): empty #17
01-10 14:31:57.906  1759  1795 W ActivityManager: Slow operation: 73ms so far, now at startProcess: asking zygote to start proc
01-10 14:31:58.010  1759  1795 W ActivityManager: Slow operation: 178ms so far, now at startProcess: returned from zygote!
01-10 14:31:58.108  1759  1794 W Looper  : Slow dispatch took 227ms android.ui h=com.android.server.am.ActivityManagerService$UiHandler c=null m=53
01-10 14:31:58.110  1759  1759 W Looper  : Slow dispatch took 172ms main h=com.android.server.job.JobSchedulerService$JobHandler c=null m=4
01-10 14:31:58.112  1759  1795 W ActivityManager: Slow operation: 280ms so far, now at startProcess: done updating battery stats
01-10 14:31:58.112  1759  1795 W ActivityManager: Slow operation: 280ms so far, now at startProcess: building log message
01-10 14:31:58.112  1759  1795 I ActivityManager: Start proc 4276:com.android.ld.appstore/u0a16 for broadcast com.android.ld.appstore/.app.service.LDSpaceReceiver
01-10 14:31:58.112  1759  1795 W ActivityManager: Slow operation: 280ms so far, now at startProcess: starting to update pids map
01-10 14:31:58.115  1759  1795 W ActivityManager: Slow operation: 282ms so far, now at startProcess: done updating pids map
01-10 14:31:58.337  1759  2065 W ActivityManager: Slow operation: 76ms so far, now at getContentProviderImpl: incProviderCountLocked
01-10 14:31:58.337  1759  2065 W ActivityManager: Slow operation: 76ms so far, now at getContentProviderImpl: before updateOomAdj
01-10 14:31:58.337  1759  2065 W ActivityManager: Slow operation: 76ms so far, now at getContentProviderImpl: after updateOomAdj
01-10 14:31:58.337  1759  2065 W ActivityManager: Slow operation: 76ms so far, now at getContentProviderImpl: done!
01-10 14:31:58.867  1759  1848 W ActivityManager: Slow operation: 56ms so far, now at getContentProviderImpl: incProviderCountLocked
01-10 14:31:58.867  1759  1848 W ActivityManager: Slow operation: 56ms so far, now at getContentProviderImpl: before updateLruProcess
01-10 14:31:58.867  1759  1848 W ActivityManager: Slow operation: 56ms so far, now at getContentProviderImpl: after updateLruProcess
01-10 14:31:58.867  1759  1848 W ActivityManager: Slow operation: 56ms so far, now at getContentProviderImpl: before updateOomAdj
01-10 14:31:58.867  1759  1848 W ActivityManager: Slow operation: 56ms so far, now at getContentProviderImpl: after updateOomAdj
01-10 14:31:58.867  1759  1848 W ActivityManager: Slow operation: 56ms so far, now at getContentProviderImpl: done!
01-10 14:31:59.834  1759  1759 W Looper  : Slow dispatch took 114ms main h=android.app.ActivityThread$H c=android.app.-$$Lambda$LoadedApk$ReceiverDispatcher$Args$_BumDX2UKsnxLVrE6UJsJZkotuA@177daeb m=0
01-10 14:31:59.976  1759  1759 W Looper  : Slow dispatch took 142ms main h=android.app.ActivityThread$H c=android.app.-$$Lambda$LoadedApk$ReceiverDispatcher$Args$_BumDX2UKsnxLVrE6UJsJZkotuA@a458406 m=0
01-10 14:31:59.977  1759  1759 W Looper  : Slow delivery took 281ms main h=android.app.ActivityThread$H c=android.app.-$$Lambda$LoadedApk$ReceiverDispatcher$Args$_BumDX2UKsnxLVrE6UJsJZkotuA@773ac7 m=0
01-10 14:32:00.105  1759  1759 W Looper  : Slow dispatch took 126ms main h=android.app.ActivityThread$H c=android.app.-$$Lambda$LoadedApk$ReceiverDispatcher$Args$_BumDX2UKsnxLVrE6UJsJZkotuA@314e919 m=0
01-10 14:32:00.188  1759  1800 W Looper  : Slow dispatch took 128ms android.fg h=com.android.server.DropBoxManagerService$3 c=null m=1
01-10 14:32:00.393  1759  1759 W Looper  : Slow dispatch took 150ms main h=android.app.ActivityThread$H c=android.app.-$$Lambda$LoadedApk$ReceiverDispatcher$Args$_BumDX2UKsnxLVrE6UJsJZkotuA@a2012af m=0
01-10 14:32:00.490  1759  1759 I Telecom : DefaultDialerCache: Refreshing default dialer for user 0: now null: DDC.oR@AEc
01-10 14:32:00.494  1759  1759 W Looper  : Slow dispatch took 101ms main h=android.app.ActivityThread$H c=android.app.-$$Lambda$LoadedApk$ReceiverDispatcher$Args$_BumDX2UKsnxLVrE6UJsJZkotuA@de52acb m=0
01-10 14:32:00.785  1759  2965 W ActivityManager: Slow operation: 107ms so far, now at getContentProviderImpl: after updateOomAdj
01-10 14:32:00.785  1759  2965 W ActivityManager: Slow operation: 107ms so far, now at getContentProviderImpl: done!
01-10 14:32:00.820  1759  1759 W Looper  : Slow dispatch took 326ms main h=com.android.server.media.MediaRouterService$UserHandler c=android.app.-$$Lambda$LoadedApk$ReceiverDispatcher$Args$_BumDX2UKsnxLVrE6UJsJZkotuA@a977d66 m=0
01-10 14:32:00.933  1759  1794 W Looper  : Slow dispatch took 247ms android.ui h=com.android.server.am.ActivityManagerService$UiHandler c=null m=53
01-10 14:32:01.136  1759  1759 W Looper  : Slow dispatch took 135ms main h=android.app.ActivityThread$H c=android.app.-$$Lambda$LoadedApk$ReceiverDispatcher$Args$_BumDX2UKsnxLVrE6UJsJZkotuA@dadb6d m=0
01-10 14:32:01.160  1759  1759 I Telecom : DefaultDialerCache: Refreshing default dialer for user 0: now null: DDC.oR@AEg
01-10 14:32:01.765  1759  1792 W VoiceInteractionManagerService: no available voice interaction services found for user 0
01-10 14:32:01.989  1759  1792 W LocationProviderProxy-network: Odd, no component found for service com.android.location.service.v3.NetworkLocationProvider
01-10 14:32:02.082  1759  2285 W ActivityManager: Slow operation: 140ms so far, now at getContentProviderImpl: incProviderCountLocked
01-10 14:32:02.082  1759  2285 W ActivityManager: Slow operation: 140ms so far, now at getContentProviderImpl: before updateOomAdj
01-10 14:32:02.083  1759  2285 W ActivityManager: Slow operation: 141ms so far, now at getContentProviderImpl: after updateOomAdj
01-10 14:32:02.083  1759  2285 W ActivityManager: Slow operation: 141ms so far, now at getContentProviderImpl: done!
01-10 14:32:02.119  1759  1800 W Looper  : Slow dispatch took 127ms android.fg h=android.os.Handler c=com.android.server.Watchdog$HandlerChecker@9382f7a m=0
01-10 14:32:02.131  1759  1792 W GeocoderProxy: Odd, no component found for service com.android.location.service.GeocodeProvider
01-10 14:32:02.245  1759  1792 W GeofenceProxy: Odd, no component found for service com.android.location.service.GeofenceProvider
01-10 14:32:02.269  1759  1849 W ActivityManager: Unable to start service Intent { cmp=com.samsung.android.deviceidservice/.DeviceIdService } U=0: not found
01-10 14:32:02.274  1759  1849 W ActivityManager: Unbind failed: could not find connection for android.os.BinderProxy@de6954e
01-10 14:32:02.450  1759  1792 W ActivityRecognitionProxy: Odd, no component found for service com.android.location.service.ActivityRecognitionProvider
01-10 14:32:02.455  1759  1793 W BroadcastQueue: Permission Denial: broadcasting Intent { act=android.net.conn.CONNECTIVITY_CHANGE flg=0x4200010 (has extras) } from null (pid=-1, uid=-1) requires com.tencent.bugly.BuglyBroadcastReceiver.permission due to registered receiver BroadcastFilter{a3c0026 u0 ReceiverList{9bc9781 4276 com.android.ld.appstore/10016/u0 remote:d2bd768}}
01-10 14:32:02.824  1759  1759 W Looper  : Drained
01-10 14:32:03.937  1759  1792 W VoiceInteractionManagerService: no available voice interaction services found for user 0
01-10 14:32:03.943  1759  1792 W LocationProviderProxy-network: Odd, no component found for service com.android.location.service.v3.NetworkLocationProvider
01-10 14:32:03.945  1759  1792 W GeocoderProxy: Odd, no component found for service com.android.location.service.GeocodeProvider
01-10 14:32:03.950  1759  1792 W GeofenceProxy: Odd, no component found for service com.android.location.service.GeofenceProvider
01-10 14:32:03.953  1759  1792 W ActivityRecognitionProxy: Odd, no component found for service com.android.location.service.ActivityRecognitionProvider
01-10 14:32:04.221  1759  1835 W ActivityManager: Unable to start service Intent { cmp=com.samsung.android.deviceidservice/.DeviceIdService } U=0: not found
01-10 14:32:04.221  1759  1835 W ActivityManager: Unbind failed: could not find connection for android.os.BinderProxy@e979b37
01-10 14:32:04.265  1759  1835 W BackupManagerService: dataChanged but no participant pkg='com.ldmnq.launcher3' uid=10044
01-10 14:32:05.361  1759  2538 W BroadcastQueue: Background execution not allowed: receiving Intent { act=android.intent.action.DROPBOX_ENTRY_ADDED flg=0x10 (has extras) } to com.google.android.gms/.stats.service.DropBoxEntryAddedReceiver
01-10 14:32:05.815  1759  2285 I ActivityManager: START u0 {act=android.intent.action.MAIN cat=[android.intent.category.LAUNCHER] flg=0x10200000 cmp=com.habittracker/.MainActivity bnds=[469,148][690,320] (has extras)} from uid 10044
01-10 14:32:05.991  1759  1793 W BroadcastQueue: Permission Denial: receiving Intent { act=com.android.launcher3.action.LAUNCH flg=0x10 (has extras) } to ProcessRecord{30be098 2259:com.google.android.gms.persistent/u0a24} (pid=2259, uid=10024) requires com.android.launcher3.permission.RECEIVE_LAUNCH_BROADCASTS due to sender com.ldmnq.launcher3 (uid 10044)
01-10 14:32:06.098  1759  2285 W BroadcastQueue: Background execution not allowed: receiving Intent { act=android.intent.action.DROPBOX_ENTRY_ADDED flg=0x10 (has extras) } to com.google.android.gms/.stats.service.DropBoxEntryAddedReceiver
01-10 14:32:06.105  2533  2533 W ContextImpl: Calling a method in the system process without a qualified user: android.app.ContextImpl.startService:1531 android.content.ContextWrapper.startService:664 android.content.ContextWrapper.startService:664 com.android.coreservice.CoreBroadcastReceiver.onReceive:53 android.app.ActivityThread.handleReceiver:3424 
01-10 14:32:06.342  1759  2065 W ActivityManager: Slow operation: 57ms so far, now at startProcess: done starting proc!
01-10 14:32:06.409  1759  1795 W ActivityManager: Slow operation: 80ms so far, now at startProcess: asking zygote to start proc
01-10 14:32:06.459  1759  2065 W BroadcastQueue: Background execution not allowed: receiving Intent { act=android.intent.action.MEDIA_SCANNER_FINISHED dat=file:///storage/emulated/0 flg=0x10 } to ru.hqgocnyr.yzvnudqdq/.BinderBootReceiver
01-10 14:32:06.470  1759  1794 W Looper  : Slow dispatch took 120ms android.ui h=com.android.server.am.ActivityManagerService$UiHandler c=null m=53
01-10 14:32:06.472  2533  2533 W ContextImpl: Calling a method in the system process without a qualified user: android.app.ContextImpl.startService:1531 android.content.ContextWrapper.startService:664 android.content.ContextWrapper.startService:664 com.android.coreservice.CoreBroadcastReceiver.onReceive:53 android.app.ActivityThread.handleReceiver:3424 
01-10 14:32:06.488  1759  1795 W ActivityManager: Slow operation: 160ms so far, now at startProcess: returned from zygote!
01-10 14:32:06.621  1759  1795 W ActivityManager: Slow operation: 292ms so far, now at startProcess: done updating battery stats
01-10 14:32:06.622  1759  1795 W ActivityManager: Slow operation: 294ms so far, now at startProcess: building log message
01-10 14:32:06.622  1759  1795 I ActivityManager: Start proc 4454:com.habittracker/u0a61 for activity com.habittracker/.MainActivity
01-10 14:32:06.622  1759  1795 W ActivityManager: Slow operation: 294ms so far, now at startProcess: starting to update pids map
01-10 14:32:06.622  1759  1795 W ActivityManager: Slow operation: 294ms so far, now at startProcess: done updating pids map
01-10 14:32:06.646  1759  1759 W Looper  : Slow dispatch took 195ms main h=com.android.server.job.JobSchedulerService$JobHandler c=null m=7
01-10 14:32:06.929  2533  2533 W ContextImpl: Calling a method in the system process without a qualified user: android.app.ContextImpl.startService:1531 android.content.ContextWrapper.startService:664 android.content.ContextWrapper.startService:664 com.android.coreservice.CoreBroadcastReceiver.onReceive:53 android.app.ActivityThread.handleReceiver:3424 
01-10 14:32:06.982  2533  2533 W ContextImpl: Calling a method in the system process without a qualified user: android.app.ContextImpl.startService:1531 android.content.ContextWrapper.startService:664 android.content.ContextWrapper.startService:664 com.android.coreservice.CoreBroadcastReceiver.onReceive:53 android.app.ActivityThread.handleReceiver:3424 
01-10 14:32:07.071  1759  1848 W ActivityManager: Slow operation: 55ms so far, now at attachApplicationLocked: after mServices.attachApplicationLocked
01-10 14:32:07.088  1759  2285 W BroadcastQueue: Background execution not allowed: receiving Intent { act=android.intent.action.DROPBOX_ENTRY_ADDED flg=0x10 (has extras) } to com.google.android.gms/.stats.service.DropBoxEntryAddedReceiver
01-10 14:32:07.440  1759  2065 W BroadcastQueue: Background execution not allowed: receiving Intent { act=android.intent.action.DROPBOX_ENTRY_ADDED flg=0x10 (has extras) } to com.google.android.gms/.stats.service.DropBoxEntryAddedReceiver
01-10 14:32:07.444  2533  2533 W ContextImpl: Calling a method in the system process without a qualified user: android.app.ContextImpl.startService:1531 android.content.ContextWrapper.startService:664 android.content.ContextWrapper.startService:664 com.android.coreservice.CoreBroadcastReceiver.onReceive:53 android.app.ActivityThread.handleReceiver:3424 
01-10 14:32:07.454  2533  2533 I chatty  : uid=1000(system) com.android.coreservice identical 1 line
01-10 14:32:07.465  2533  2533 W ContextImpl: Calling a method in the system process without a qualified user: android.app.ContextImpl.startService:1531 android.content.ContextWrapper.startService:664 android.content.ContextWrapper.startService:664 com.android.coreservice.CoreBroadcastReceiver.onReceive:53 android.app.ActivityThread.handleReceiver:3424 
01-10 14:32:07.466  1759  3821 W BroadcastQueue: Background execution not allowed: receiving Intent { act=android.intent.action.DROPBOX_ENTRY_ADDED flg=0x10 (has extras) } to com.google.android.gms/.stats.service.DropBoxEntryAddedReceiver
01-10 14:32:07.468  2533  2533 W ContextImpl: Calling a method in the system process without a qualified user: android.app.ContextImpl.startService:1531 android.content.ContextWrapper.startService:664 android.content.ContextWrapper.startService:664 com.android.coreservice.CoreBroadcastReceiver.onReceive:53 android.app.ActivityThread.handleReceiver:3424 
01-10 14:32:07.469  2533  2533 I chatty  : uid=1000(system) com.android.coreservice identical 1 line
01-10 14:32:07.470  2533  2533 W ContextImpl: Calling a method in the system process without a qualified user: android.app.ContextImpl.startService:1531 android.content.ContextWrapper.startService:664 android.content.ContextWrapper.startService:664 com.android.coreservice.CoreBroadcastReceiver.onReceive:53 android.app.ActivityThread.handleReceiver:3424 
01-10 14:32:07.471  1759  3821 W BroadcastQueue: Background execution not allowed: receiving Intent { act=android.intent.action.USER_PRESENT flg=0x24200010 } to com.android.chrome/org.chromium.chrome.browser.sharing.click_to_call.ClickToCallMessageHandler$PhoneUnlockedReceiver
01-10 14:32:07.471  1759  1793 W BroadcastQueue: Background execution not allowed: receiving Intent { act=android.intent.action.USER_PRESENT flg=0x24200010 } to com.google.android.gms/.auth.setup.devicesignals.LockScreenReceiver
01-10 14:32:07.471  1759  1793 W BroadcastQueue: Background execution not allowed: receiving Intent { act=android.intent.action.USER_PRESENT flg=0x24200010 } to com.google.android.gms/.chimera.GmsIntentOperationService$PersistentTrustedReceiver
01-10 14:32:07.472  2533  2533 W ContextImpl: Calling a method in the system process without a qualified user: android.app.ContextImpl.startService:1531 android.content.ContextWrapper.startService:664 android.content.ContextWrapper.startService:664 com.android.coreservice.CoreBroadcastReceiver.onReceive:53 android.app.ActivityThread.handleReceiver:3424 
01-10 14:32:07.479  2533  2533 W ContextImpl: Calling a method in the system process without a qualified user: android.app.ContextImpl.startService:1531 android.content.ContextWrapper.startService:664 android.content.ContextWrapper.startService:664 com.android.coreservice.CoreBroadcastReceiver.onReceive:53 android.app.ActivityThread.handleReceiver:3424 
01-10 14:32:07.505  1759  3821 W BroadcastQueue: Background execution not allowed: receiving Intent { act=android.intent.action.MEDIA_SCANNER_STARTED dat=file:///system/media flg=0x10 } to ru.hqgocnyr.yzvnudqdq/.BinderBootReceiver
01-10 14:32:07.531  1759  1793 W BroadcastQueue: Background execution not allowed: receiving Intent { act=android.intent.action.MEDIA_SCANNER_FINISHED dat=file:///system/media flg=0x10 } to ru.hqgocnyr.yzvnudqdq/.BinderBootReceiver
01-10 14:32:07.537  2533  2533 W ContextImpl: Calling a method in the system process without a qualified user: android.app.ContextImpl.startService:1531 android.content.ContextWrapper.startService:664 android.content.ContextWrapper.startService:664 com.android.coreservice.CoreBroadcastReceiver.onReceive:53 android.app.ActivityThread.handleReceiver:3424 
01-10 14:32:07.568  2533  2533 I chatty  : uid=1000(system) com.android.coreservice identical 4 lines
01-10 14:32:07.571  2533  2533 W ContextImpl: Calling a method in the system process without a qualified user: android.app.ContextImpl.startService:1531 android.content.ContextWrapper.startService:664 android.content.ContextWrapper.startService:664 com.android.coreservice.CoreBroadcastReceiver.onReceive:53 android.app.ActivityThread.handleReceiver:3424 
01-10 14:32:07.658  1759  2581 W ActivityManager: Slow operation: 74ms so far, now at startProcess: building args
01-10 14:32:07.662  1759  2581 W ActivityManager: Slow operation: 87ms so far, now at startProcess: done starting proc!
01-10 14:32:07.666  1759  1795 W ActivityManager: Slow operation: 82ms so far, now at startProcess: asking zygote to start proc
01-10 14:32:07.701  1759  1795 W ActivityManager: Slow operation: 118ms so far, now at startProcess: returned from zygote!
01-10 14:32:07.701  1759  1795 W ActivityManager: Slow operation: 118ms so far, now at startProcess: done updating battery stats
01-10 14:32:07.705  1759  1795 W ActivityManager: Slow operation: 122ms so far, now at startProcess: building log message
01-10 14:32:07.705  1759  1795 I ActivityManager: Start proc 4479:com.android.providers.calendar/u0a23 for broadcast com.android.providers.calendar/.CalendarProviderBroadcastReceiver
01-10 14:32:07.705  1759  1795 W ActivityManager: Slow operation: 122ms so far, now at startProcess: starting to update pids map
01-10 14:32:07.705  1759  1795 W ActivityManager: Slow operation: 122ms so far, now at startProcess: done updating pids map
01-10 14:32:08.104  1759  2596 D ActivityManager: getDeviceConfigurationInfo gles: 196609
01-10 14:32:08.105  1759  1849 W BroadcastQueue: Background execution not allowed: receiving Intent { act=android.intent.action.DROPBOX_ENTRY_ADDED flg=0x10 (has extras) } to com.google.android.gms/.stats.service.DropBoxEntryAddedReceiver
01-10 14:32:08.106  1759  1793 W BroadcastQueue: Background execution not allowed: receiving Intent { act=android.intent.action.DROPBOX_ENTRY_ADDED flg=0x10 (has extras) } to com.google.android.gms/.stats.service.DropBoxEntryAddedReceiver
01-10 14:32:08.107  1759  1793 I chatty  : uid=1000(system) ActivityManager identical 4 lines
01-10 14:32:08.107  1759  1793 W BroadcastQueue: Background execution not allowed: receiving Intent { act=android.intent.action.DROPBOX_ENTRY_ADDED flg=0x10 (has extras) } to com.google.android.gms/.stats.service.DropBoxEntryAddedReceiver
01-10 14:32:08.121  2533  2533 W ContextImpl: Calling a method in the system process without a qualified user: android.app.ContextImpl.startService:1531 android.content.ContextWrapper.startService:664 android.content.ContextWrapper.startService:664 com.android.coreservice.CoreBroadcastReceiver.onReceive:53 android.app.ActivityThread.handleReceiver:3424 
01-10 14:32:08.130  2533  2533 W ContextImpl: Calling a method in the system process without a qualified user: android.app.ContextImpl.startService:1531 android.content.ContextWrapper.startService:664 android.content.ContextWrapper.startService:664 com.android.coreservice.CoreBroadcastReceiver.onReceive:53 android.app.ActivityThread.handleReceiver:3424 
01-10 14:32:08.138  1759  2596 W BroadcastQueue: Background execution not allowed: receiving Intent { act=android.intent.action.DROPBOX_ENTRY_ADDED flg=0x10 (has extras) } to com.google.android.gms/.stats.service.DropBoxEntryAddedReceiver
01-10 14:32:08.147  2533  2533 W ContextImpl: Calling a method in the system process without a qualified user: android.app.ContextImpl.startService:1531 android.content.ContextWrapper.startService:664 android.content.ContextWrapper.startService:664 com.android.coreservice.CoreBroadcastReceiver.onReceive:53 android.app.ActivityThread.handleReceiver:3424 
01-10 14:32:08.149  1759  2065 W BroadcastQueue: Background execution not allowed: receiving Intent { act=android.intent.action.DROPBOX_ENTRY_ADDED flg=0x10 (has extras) } to com.google.android.gms/.stats.service.DropBoxEntryAddedReceiver
01-10 14:32:08.694  2533  2533 W ContextImpl: Calling a method in the system process without a qualified user: android.app.ContextImpl.startService:1531 android.content.ContextWrapper.startService:664 android.content.ContextWrapper.startService:664 com.android.coreservice.CoreBroadcastReceiver.onReceive:53 android.app.ActivityThread.handleReceiver:3424 
01-10 14:32:08.708  2533  2533 W ContextImpl: Calling a method in the system process without a qualified user: android.app.ContextImpl.startService:1531 android.content.ContextWrapper.startService:664 android.content.ContextWrapper.startService:664 com.android.coreservice.CoreBroadcastReceiver.onReceive:53 android.app.ActivityThread.handleReceiver:3424 
