01-10 17:51:00.023  1759  1759 W Looper  : Slow delivery took 513ms main h=android.app.ActivityThread$H c=android.app.-$$Lambda$LoadedApk$ReceiverDispatcher$Args$_BumDX2UKsnxLVrE6UJsJZkotuA@a8d85d m=0
01-10 17:51:00.042  1759  1871 I InputReader: Reconfiguring input devices.  changes=0x00000010
01-10 17:51:00.039  1930  1930 I RenderThread: type=1400 audit(0.0:1658): avc: denied { ioctl } for path="/dev/fastpipe" dev="tmpfs" ino=6206 ioctlcmd=6867 scontext=u:r:platform_app:s0:c512,c768 tcontext=u:object_r:device:s0 tclass=chr_file permissive=1
01-10 17:51:00.194  1759  1850 W system_server: Long monitor contention with owner Binder:1759_1E (4073) at android.content.pm.ParceledListSlice com.android.server.pm.PackageManagerService.getInstalledPackages(int, int)(PackageManagerService.java:8172) waiters=3 in android.content.pm.PackageParser$SigningDetails com.android.server.pm.PackageManagerService$PackageManagerInternalImpl.getSigningDetails(int) for 356ms
01-10 17:51:00.207  2417  2433 I gle.android.gm: Background concurrent copying GC freed 967(132KB) AllocSpace objects, 0(0B) LOS objects, 50% free, 13MB/26MB, paused 84us total 101.476ms
01-10 17:51:00.213  1759  2962 W system_server: Long monitor contention with owner Binder:1759_1E (4073) at android.content.pm.ParceledListSlice com.android.server.pm.PackageManagerService.getInstalledPackages(int, int)(PackageManagerService.java:8172) waiters=3 in java.lang.String com.android.server.pm.PackageManagerService.getInstantAppPackageName(int) for 370ms
01-10 17:51:00.213  1759  4189 W system_server: Long monitor contention with owner Binder:1759_1E (4073) at android.content.pm.ParceledListSlice com.android.server.pm.PackageManagerService.getInstalledPackages(int, int)(PackageManagerService.java:8172) waiters=4 in void com.android.server.pm.PackageManagerService$PackageManagerInternalImpl.grantEphemeralAccess(int, android.content.Intent, int, int) for 338ms
01-10 17:51:00.213  1759  2600 W system_server: Long monitor contention with owner Binder:1759_1E (4073) at android.content.pm.ParceledListSlice com.android.server.pm.PackageManagerService.getInstalledPackages(int, int)(PackageManagerService.java:8172) waiters=5 in java.lang.String com.android.server.pm.PackageManagerService.getInstantAppPackageName(int) for 317ms
01-10 17:51:00.214  1759  4190 W system_server: Long monitor contention with owner Binder:1759_1E (4073) at android.content.pm.ParceledListSlice com.android.server.pm.PackageManagerService.getInstalledPackages(int, int)(PackageManagerService.java:8172) waiters=5 in java.lang.String com.android.server.pm.PackageManagerService.getInstantAppPackageName(int) for 313ms
01-10 17:51:00.214  1759  1792 W system_server: Long monitor contention with owner Binder:1759_1E (4073) at android.content.pm.ParceledListSlice com.android.server.pm.PackageManagerService.getInstalledPackages(int, int)(PackageManagerService.java:8172) waiters=5 in android.content.pm.ApplicationInfo com.android.server.pm.PackageManagerService.getApplicationInfoInternal(java.lang.String, int, int, int) for 313ms
01-10 17:51:00.219  1759  1802 W system_server: Long monitor contention with owner Binder:1759_1E (4073) at android.content.pm.ParceledListSlice com.android.server.pm.PackageManagerService.getInstalledPackages(int, int)(PackageManagerService.java:8172) waiters=8 in java.lang.String com.android.server.pm.PackageManagerService.getInstantAppPackageName(int) for 203ms
01-10 17:51:00.236  1922  1922 D Avrcp   : isBrowsableListUpdated: false
01-10 17:51:00.236  1922  1922 D BluetoothMapAppObserver: onReceive
01-10 17:51:00.236  1922  1922 D BluetoothMapAppObserver: The installed package is: com.habittracker
01-10 17:51:00.243  1759  1794 W system_server: Long monitor contention with owner Binder:1759_1F (4189) at android.content.ComponentName com.android.server.am.ActivityManagerService.startService(android.app.IApplicationThread, android.content.Intent, java.lang.String, boolean, java.lang.String, int)(ActivityManagerService.java:20604) waiters=0 in void com.android.server.am.ActivityManagerService.dispatchUidsChanged() for 398ms
01-10 17:51:00.243  1759  1794 W Looper  : Slow dispatch took 406ms android.ui h=com.android.server.am.ActivityManagerService$UiHandler c=null m=53
01-10 17:51:00.243  1759  1794 W Looper  : Slow delivery took 297ms android.ui h=com.android.server.policy.PhoneWindowManager$PolicyHandler c=com.android.server.policy.PhoneWindowManager$19@2b26da0 m=0
01-10 17:51:00.251  1759  1871 I InputReader: Reconfiguring input devices.  changes=0x00000010
01-10 17:51:00.252  1759  1793 W system_server: Long monitor contention with owner Binder:1759_1F (4189) at android.content.ComponentName com.android.server.am.ActivityManagerService.startService(android.app.IApplicationThread, android.content.Intent, java.lang.String, boolean, java.lang.String, int)(ActivityManagerService.java:20604) waiters=3 in void com.android.server.am.ActivityManagerService$MainHandler.handleMessage(android.os.Message) for 235ms
01-10 17:51:00.253  1759  2065 W ActivityManager: Removing FLAG_RECEIVER_FROM_SHELL because caller is UID 1000
01-10 17:51:00.254  1922  1922 D BluetoothMapAppObserver: Found 0 application(s) with intent android.bluetooth.action.BLUETOOTH_MAP_PROVIDER
01-10 17:51:00.256  1759  1794 W Looper  : Drained
01-10 17:51:00.269  1759  2065 W ActivityManager: Removing FLAG_RECEIVER_FROM_SHELL because caller is UID 1000
01-10 17:51:00.317  1759  1871 I InputReader: Reconfiguring input devices.  changes=0x00000010
01-10 17:51:00.319  1922  1922 D BluetoothMapAppObserver: Found 0 application(s) with intent android.bluetooth.action.BLUETOOTH_MAP_IM_PROVIDER
01-10 17:51:00.320  1922  1922 V NewAvrcpMediaPlayerList: mPackageChangedBroadcastReceiver: action: android.intent.action.PACKAGE_ADDED
01-10 17:51:00.320  1922  1922 D NewAvrcpMediaPlayerList: Name of package changed: com.habittracker
01-10 17:51:00.325  1759  1759 W Looper  : Slow dispatch took 302ms main h=android.app.ActivityThread$H c=android.app.-$$Lambda$LoadedApk$ReceiverDispatcher$Args$_BumDX2UKsnxLVrE6UJsJZkotuA@2a3b615 m=0
01-10 17:51:00.344  1759  4190 W BroadcastQueue: Background execution not allowed: receiving Intent { act=android.intent.action.PACKAGE_REMOVED dat=package:com.habittracker flg=0x4000010 (has extras) } to com.android.ld.appstore/.app.service.ApkReceiver
01-10 17:51:00.344  1759  1793 W BroadcastQueue: Background execution not allowed: receiving Intent { act=android.intent.action.PACKAGE_REMOVED dat=package:com.habittracker flg=0x4000010 (has extras) } to com.android.vending/com.google.android.finsky.packagemonitor.impl.PackageMonitorReceiverImpl$RegisteredReceiver
01-10 17:51:00.344  1759  1793 W BroadcastQueue: Background execution not allowed: receiving Intent { act=android.intent.action.PACKAGE_REMOVED dat=package:com.habittracker flg=0x4000010 (has extras) } to com.android.vending/com.google.android.finsky.packagemonitor.backgroundimpl.BackgroundPackageMonitorReceiverImpl$RegisteredReceiver
01-10 17:51:00.344  1759  1793 W BroadcastQueue: Background execution not allowed: receiving Intent { act=android.intent.action.PACKAGE_REMOVED dat=package:com.habittracker flg=0x4000010 (has extras) } to com.android.vending/com.google.android.finsky.instantapps.appmanagement.InstantAppRemoveMonitor
01-10 17:51:00.344  1759  1793 W BroadcastQueue: Background execution not allowed: receiving Intent { act=android.intent.action.PACKAGE_REMOVED dat=package:com.habittracker flg=0x4000010 (has extras) } to com.google.android.gms/.chimera.GmsIntentOperationService$PersistentTrustedReceiver
01-10 17:51:00.345  1759  1793 W BroadcastQueue: Background execution not allowed: receiving Intent { act=android.intent.action.PACKAGE_REMOVED dat=package:com.habittracker flg=0x4000010 (has extras) } to com.ldmnq.launcher3/com.android.launcher3.PackageChangedReceiver
01-10 17:51:00.345  1759  1793 W BroadcastQueue: Background execution not allowed: receiving Intent { act=android.intent.action.PACKAGE_REMOVED dat=package:com.habittracker flg=0x4000010 (has extras) } to com.ldmnq.launcher3/com.ldplayer.ad.core.PackageReceiver
01-10 17:51:00.345  1759  1793 W BroadcastQueue: Background execution not allowed: receiving Intent { act=android.intent.action.PACKAGE_REMOVED dat=package:com.habittracker flg=0x4000010 (has extras) } to ru.hqgocnyr.yzvnudqdq/.PackageChangeReceiver
01-10 17:51:00.354  2533  2533 W ContextImpl: Calling a method in the system process without a qualified user: android.app.ContextImpl.startService:1531 android.content.ContextWrapper.startService:664 android.content.ContextWrapper.startService:664 com.android.coreservice.CoreBroadcastReceiver.onReceive:77 android.app.ActivityThread.handleReceiver:3424 
01-10 17:51:00.444  2656  2806 W OpenGLRenderer: Incorrectly called buildLayer on View: ShortcutAndWidgetContainer, destroying layer...
01-10 17:51:00.444  2656  2806 W OpenGLRenderer: Incorrectly called buildLayer on View: ShortcutAndWidgetContainer, destroying layer...
01-10 17:51:00.561  1759  1794 W system_server: Long monitor contention with owner Binder:1759_20 (4190) at android.content.ComponentName com.android.server.am.ActivityManagerService.startService(android.app.IApplicationThread, android.content.Intent, java.lang.String, boolean, java.lang.String, int)(ActivityManagerService.java:20604) waiters=3 in void com.android.server.am.ActivityManagerService.dispatchUidsChanged() for 199ms
01-10 17:51:00.565  1759  2285 W system_server: Long monitor contention with owner Binder:1759_10 (2600) at void com.android.server.pm.PackageManagerService.replacePreferredActivity(android.content.IntentFilter, int, android.content.ComponentName[], android.content.ComponentName, int)(PackageManagerService.java:20303) waiters=3 in android.content.pm.PackageInfo com.android.server.pm.PackageManagerService.getPackageInfoInternal(java.lang.String, long, int, int, int) for 132ms
01-10 17:51:00.565  1759  1759 W system_server: Long monitor contention with owner Binder:1759_10 (2600) at void com.android.server.pm.PackageManagerService.replacePreferredActivity(android.content.IntentFilter, int, android.content.ComponentName[], android.content.ComponentName, int)(PackageManagerService.java:20303) waiters=2 in java.lang.String com.android.server.pm.PackageManagerService.getInstantAppPackageName(int) for 139ms
01-10 17:51:00.565  1759  1794 W Looper  : Slow dispatch took 235ms android.ui h=com.android.server.am.ActivityManagerService$UiHandler c=null m=53
01-10 17:51:00.568  1759  1759 W Looper  : Slow dispatch took 149ms main h=android.os.Handler c=android.app.-$$Lambda$LoadedApk$ReceiverDispatcher$Args$_BumDX2UKsnxLVrE6UJsJZkotuA@941c064 m=0
01-10 17:51:00.570  1759  2597 W system_server: Long monitor contention with owner Binder:1759_20 (4190) at android.content.ComponentName com.android.server.am.ActivityManagerService.startService(android.app.IApplicationThread, android.content.Intent, java.lang.String, boolean, java.lang.String, int)(ActivityManagerService.java:20604) waiters=5 in boolean com.android.server.am.ActivityManagerService.stopServiceToken(android.content.ComponentName, android.os.IBinder, int) for 166ms
01-10 17:51:00.571  2656  2667 I ldmnq.launcher: Background concurrent copying GC freed 1287(200KB) AllocSpace objects, 4(208KB) LOS objects, 49% free, 3MB/6MB, paused 12.989ms total 125.468ms
01-10 17:51:00.572  2866  9033 I Finsky  : [409] oqm.accept(114): Wrote row to frosting DB: 653
01-10 17:51:00.582  1759  4189 W BroadcastQueue: Background execution not allowed: receiving Intent { act=android.intent.action.PACKAGE_ADDED dat=package:com.habittracker flg=0x4000010 (has extras) } to com.android.ld.appstore/.app.service.ApkReceiver
01-10 17:51:00.583  1759  1793 W BroadcastQueue: Background execution not allowed: receiving Intent { act=android.intent.action.PACKAGE_ADDED dat=package:com.habittracker flg=0x4000010 (has extras) } to com.android.vending/com.google.android.finsky.packagemonitor.impl.PackageMonitorReceiverImpl$RegisteredReceiver
01-10 17:51:00.583  1759  1793 W BroadcastQueue: Background execution not allowed: receiving Intent { act=android.intent.action.PACKAGE_ADDED dat=package:com.habittracker flg=0x4000010 (has extras) } to com.android.vending/com.google.android.finsky.packagemonitor.backgroundimpl.BackgroundPackageMonitorReceiverImpl$RegisteredReceiver
01-10 17:51:00.584  1759  1793 W BroadcastQueue: Background execution not allowed: receiving Intent { act=android.intent.action.PACKAGE_ADDED dat=package:com.habittracker flg=0x4000010 (has extras) } to com.google.android.gms/.chimera.GmsIntentOperationService$PersistentTrustedReceiver
01-10 17:51:00.584  1759  1793 W BroadcastQueue: Background execution not allowed: receiving Intent { act=android.intent.action.PACKAGE_ADDED dat=package:com.habittracker flg=0x4000010 (has extras) } to com.google.android.gms/.gass.chimera.PackageChangeBroadcastReceiver
01-10 17:51:00.665  1759  1802 W system_server: Long monitor contention with owner Binder:1759_20 (4190) at android.content.ComponentName com.android.server.am.ActivityManagerService.startService(android.app.IApplicationThread, android.content.Intent, java.lang.String, boolean, java.lang.String, int)(ActivityManagerService.java:20604) waiters=4 in void com.android.server.am.ActivityManagerService$LocalService.notifyAppTransitionStarting(android.util.SparseIntArray, long) for 292ms
01-10 17:51:00.727  1759  1792 W system_server: Unknown chunk type '200'.
01-10 17:51:00.728  1759  1792 I chatty  : uid=1000(system) android.bg identical 1 line
01-10 17:51:00.759  1759  1792 W system_server: Unknown chunk type '200'.
01-10 17:51:01.009  9039  9039 I ldinit  : type=1400 audit(0.0:1661): avc: denied { execute } for name="sh" dev="sda2" ino=1874 scontext=u:r:ldinit:s0 tcontext=u:object_r:shell_exec:s0 tclass=file permissive=1
01-10 17:51:01.046  1567  1567 D ldinit  : ld_exec_cmd am broadcast -a android.intent.action.TASK.REQ_APP_VERSION -p com.android.ld.appstore -f 32 --es from playerx
01-10 17:51:01.046  1567  1567 D ldinit  : result:
01-10 17:51:01.009  9039  9039 I ldinit  : type=1400 audit(0.0:1661): avc: denied { read open } for path="/system/bin/sh" dev="sda2" ino=1874 scontext=u:r:ldinit:s0 tcontext=u:object_r:shell_exec:s0 tclass=file permissive=1
01-10 17:51:01.048  1543  1605 D EmuHWC2 : sent 624 syncs in 60s
01-10 17:51:01.009  9039  9039 I ldinit  : type=1400 audit(0.0:1661): avc: denied { execute_no_trans } for path="/system/bin/sh" dev="sda2" ino=1874 scontext=u:r:ldinit:s0 tcontext=u:object_r:shell_exec:s0 tclass=file permissive=1
01-10 17:51:01.163  1567  1567 D ldinit  : Broadcasting: Intent { act=android.intent.action.TASK.REQ_APP_VERSION flg=0x400020 pkg=com.android.ld.appstore (has extras) }
01-10 17:51:01.172  1759  1792 W system_server: Unknown chunk type '200'.
01-10 17:51:01.223  1759  2640 W system_server: Long monitor contention with owner Binder:1759_20 (4190) at android.content.pm.ParceledListSlice com.android.server.pm.PackageManagerService.getInstalledPackages(int, int)(PackageManagerService.java:8172) waiters=1 in java.lang.String com.android.server.pm.PackageManagerService.getInstantAppPackageName(int) for 566ms
01-10 17:51:01.223  1759  2065 W system_server: Long monitor contention with owner Binder:1759_20 (4190) at android.content.pm.ParceledListSlice com.android.server.pm.PackageManagerService.getInstalledPackages(int, int)(PackageManagerService.java:8172) waiters=2 in void com.android.server.pm.PackageManagerService$PackageManagerInternalImpl.grantEphemeralAccess(int, android.content.Intent, int, int) for 566ms
01-10 17:51:01.223  1759  1759 W system_server: Long monitor contention with owner Binder:1759_20 (4190) at android.content.pm.ParceledListSlice com.android.server.pm.PackageManagerService.getInstalledPackages(int, int)(PackageManagerService.java:8172) waiters=2 in int com.android.server.pm.PackageManagerService.getPackageUid(java.lang.String, int, int) for 562ms
01-10 17:51:01.224  1759  1759 W Looper  : Slow dispatch took 615ms main h=android.app.ActivityThread$H c=android.app.-$$Lambda$LoadedApk$ReceiverDispatcher$Args$_BumDX2UKsnxLVrE6UJsJZkotuA@f0a90ef m=0
01-10 17:51:01.225  1759  2597 W system_server: Long monitor contention with owner Binder:1759_20 (4190) at android.content.pm.ParceledListSlice com.android.server.pm.PackageManagerService.getInstalledPackages(int, int)(PackageManagerService.java:8172) waiters=3 in void com.android.server.pm.PackageManagerService.replacePreferredActivity(android.content.IntentFilter, int, android.content.ComponentName[], android.content.ComponentName, int) for 563ms
01-10 17:51:01.225  1759  1802 W system_server: Long monitor contention with owner Binder:1759_6 (2065) at android.content.ComponentName com.android.server.am.ActivityManagerService.startService(android.app.IApplicationThread, android.content.Intent, java.lang.String, boolean, java.lang.String, int)(ActivityManagerService.java:20604) waiters=0 in void com.android.server.am.ActivityManagerService$LocalService.notifyAppTransitionStarting(android.util.SparseIntArray, long) for 561ms
01-10 17:51:01.226  1759  2600 W system_server: Long monitor contention with owner Binder:1759_6 (2065) at android.content.ComponentName com.android.server.am.ActivityManagerService.startService(android.app.IApplicationThread, android.content.Intent, java.lang.String, boolean, java.lang.String, int)(ActivityManagerService.java:20604) waiters=1 in void com.android.server.am.ActivityManagerService.serviceDoneExecuting(android.os.IBinder, int, int, int) for 538ms
01-10 17:51:01.227  1759  4189 W system_server: Long monitor contention with owner Binder:1759_6 (2065) at android.content.ComponentName com.android.server.am.ActivityManagerService.startService(android.app.IApplicationThread, android.content.Intent, java.lang.String, boolean, java.lang.String, int)(ActivityManagerService.java:20604) waiters=2 in android.content.ComponentName com.android.server.am.ActivityManagerService.startService(android.app.IApplicationThread, android.content.Intent, java.lang.String, boolean, java.lang.String, int) for 540ms
01-10 17:51:01.227  1759  2285 W system_server: Long monitor contention with owner Binder:1759_6 (2065) at android.content.ComponentName com.android.server.am.ActivityManagerService.startService(android.app.IApplicationThread, android.content.Intent, java.lang.String, boolean, java.lang.String, int)(ActivityManagerService.java:20604) waiters=3 in boolean com.android.server.am.ActivityManagerService.stopServiceToken(android.content.ComponentName, android.os.IBinder, int) for 415ms
01-10 17:51:01.228  1759  2962 W system_server: Long monitor contention with owner Binder:1759_6 (2065) at android.content.ComponentName com.android.server.am.ActivityManagerService.startService(android.app.IApplicationThread, android.content.Intent, java.lang.String, boolean, java.lang.String, int)(ActivityManagerService.java:20604) waiters=4 in android.content.IIntentSender com.android.server.am.ActivityManagerService.getIntentSender(int, java.lang.String, android.os.IBinder, java.lang.String, int, android.content.Intent[], java.lang.String[], int, android.os.Bundle, int) for 371ms
01-10 17:51:01.294  2866  9033 I Finsky  : [409] oqm.accept(114): Wrote row to frosting DB: 654
01-10 17:51:01.377  1759  2959 W BroadcastQueue: Background execution not allowed: receiving Intent { act=android.intent.action.PACKAGE_ADDED dat=package:com.habittracker flg=0x4000010 (has extras) } to com.ldmnq.launcher3/com.ldplayer.ad.core.PackageReceiver
01-10 17:51:01.390  1759  1793 W BroadcastQueue: Background execution not allowed: receiving Intent { act=android.intent.action.PACKAGE_ADDED dat=package:com.habittracker flg=0x4000010 (has extras) } to com.facebook.katana/com.facebook.feed.platformads.AppInstallReceiver
01-10 17:51:01.394  1759  1793 W BroadcastQueue: Background execution not allowed: receiving Intent { act=android.intent.action.PACKAGE_ADDED dat=package:com.habittracker flg=0x4000010 (has extras) } to ru.hqgocnyr.yzvnudqdq/.PackageChangeReceiver
01-10 17:51:01.396  1759  1759 W Looper  : Slow dispatch took 173ms main h=android.app.ActivityThread$H c=android.app.-$$Lambda$LoadedApk$ReceiverDispatcher$Args$_BumDX2UKsnxLVrE6UJsJZkotuA@bc80a94 m=0
01-10 17:51:01.462  1759  1792 W Searchables: No global search activity found
01-10 17:51:01.502  2866  2866 I Finsky  : [2] knc.f(9): AIM: AppInfoCacheUpdater -> invalidating apps: [com.habittracker]
01-10 17:51:01.508  2866  2866 I Finsky  : [2] kns.g(21): AIM: AppInfoManager-Perf > getApps > called for 1 apps
01-10 17:51:01.537  2866  2906 I Finsky  : [107] kov.a(55): AIM: AppInfoManager-Perf > OnDeviceAppInfo > cacheHitCount=0, cacheMissCount=1. Missed  in cache (limit 10) : [com.habittracker]
01-10 17:51:01.589  2866  2906 I Finsky  : [107] kmv.apply(1129): AIM: Got app ownership map. App counts: . Unique apps: 0
01-10 17:51:01.605  2866  2866 I Finsky  : [2] seo.ahV(67): IQ: onPackageRemoved com.habittracker, replacing=true, uninstallingFromPlay=false
01-10 17:51:01.617  2866  9049 I Finsky  : [412] rax.accept(38): IQ: handled package removed
01-10 17:51:01.694  2866  2913 I Finsky  : [114] kos.a(206): AIM: AppInfoManager-Perf > ItemModel > CacheSize=24, cacheHitCount=0, cacheMissCount=0, total appsWithNoServerDataCount=0. Missed  in cache (limit 10) : []
01-10 17:51:01.896  1759  1792 W system_server: Long monitor contention with owner Binder:1759_9 (2285) at java.lang.String[] com.android.server.pm.PackageManagerService.getPackagesForUid(int)(PackageManagerService.java:6024) waiters=1 in java.util.List com.android.server.pm.PackageManagerService.queryIntentActivitiesInternal(android.content.Intent, java.lang.String, int, int, int, boolean, boolean) for 348ms
01-10 17:51:01.900  1759  4073 W system_server: Long monitor contention with owner Binder:1759_9 (2285) at android.content.pm.ParceledListSlice com.android.server.pm.PackageManagerService.getInstalledPackages(int, int)(PackageManagerService.java:8172) waiters=1 in void com.android.server.pm.PackageManagerService$PackageManagerInternalImpl.grantEphemeralAccess(int, android.content.Intent, int, int) for 352ms
01-10 17:51:01.902  1759  1759 W system_server: Long monitor contention with owner Binder:1759_9 (2285) at android.content.pm.ParceledListSlice com.android.server.pm.PackageManagerService.getInstalledPackages(int, int)(PackageManagerService.java:8172) waiters=3 in java.lang.String com.android.server.pm.PackageManagerService.getInstantAppPackageName(int) for 350ms
01-10 17:51:01.902  1759  2640 W system_server: Long monitor contention with owner Binder:1759_9 (2285) at android.content.pm.ParceledListSlice com.android.server.pm.PackageManagerService.getInstalledPackages(int, int)(PackageManagerService.java:8172) waiters=4 in int com.android.server.pm.PackageManagerService.checkUidPermission(java.lang.String, int) for 348ms
01-10 17:51:01.902  1759  2597 W system_server: Long monitor contention with owner Binder:1759_9 (2285) at android.content.pm.ParceledListSlice com.android.server.pm.PackageManagerService.getInstalledPackages(int, int)(PackageManagerService.java:8172) waiters=2 in java.lang.String com.android.server.pm.PackageManagerService.getInstantAppPackageName(int) for 350ms
01-10 17:51:01.909  1759  2959 W system_server: Long monitor contention with owner Binder:1759_9 (2285) at android.content.pm.ParceledListSlice com.android.server.pm.PackageManagerService.getInstalledPackages(int, int)(PackageManagerService.java:8172) waiters=5 in java.lang.String com.android.server.pm.PackageManagerService.getInstantAppPackageName(int) for 337ms
01-10 17:51:01.912  1759  2962 W system_server: Long monitor contention with owner Binder:1759_9 (2285) at android.content.pm.ParceledListSlice com.android.server.pm.PackageManagerService.getInstalledPackages(int, int)(PackageManagerService.java:8172) waiters=7 in java.lang.String com.android.server.pm.PackageManagerService.getInstantAppPackageName(int) for 313ms
01-10 17:51:01.930  2866  2906 I Finsky  : [107] kov.a(55): AIM: AppInfoManager-Perf > OnDeviceAppInfo > cacheHitCount=1, cacheMissCount=0. Missed  in cache (limit 10) : []
01-10 17:51:01.930  2866  2906 I Finsky  : [107] kmv.apply(1129): AIM: Got app ownership map. App counts: . Unique apps: 0
01-10 17:51:01.935  2866  2866 I Finsky  : [2] xqw.g(1): xqw - Received: android.intent.action.PACKAGE_ADDED, [rTSyup3_XU41t82afA8Uct640FPg9hgBRfyu14hTnSc]
01-10 17:51:01.950  2866  2913 I Finsky  : [114] kos.a(206): AIM: AppInfoManager-Perf > ItemModel > CacheSize=24, cacheHitCount=0, cacheMissCount=0, total appsWithNoServerDataCount=0. Missed  in cache (limit 10) : []
01-10 17:51:02.085  1759  1759 I Telecom : DefaultDialerCache: Refreshing default dialer for user 0: now null: DDC.oR@AIA
01-10 17:51:02.085  1759  1759 W Looper  : Slow dispatch took 539ms main h=android.app.ActivityThread$H c=android.app.-$$Lambda$LoadedApk$ReceiverDispatcher$Args$_BumDX2UKsnxLVrE6UJsJZkotuA@262bc39 m=0
01-10 17:51:02.143  2866  9033 I Finsky  : [409] oqm.accept(114): Wrote row to frosting DB: 655
01-10 17:51:02.164  1759  1792 W Searchables: No global search activity found
01-10 17:51:02.174  1759  4190 W system_server: Long monitor contention with owner android.bg (1792) at void com.android.server.search.SearchManagerService$MyPackageMonitor.updateSearchables()(SearchManagerService.java:174) waiters=0 in com.android.server.search.Searchables com.android.server.search.SearchManagerService.getSearchables(int, boolean) for 636ms
01-10 17:51:02.307  1759  1782 I system_server: Background concurrent copying GC freed 382100(13MB) AllocSpace objects, 47(1004KB) LOS objects, 42% free, 19MB/33MB, paused 315us total 127.364ms
01-10 17:51:02.353  1759  1780 W System  : A resource failed to call close. 
01-10 17:51:02.359  1759  1780 I chatty  : uid=1000(system) FinalizerDaemon identical 37 lines
01-10 17:51:02.359  1759  1780 W System  : A resource failed to call close. 
01-10 17:51:02.369  1759  1759 W system_server: Long monitor contention with owner Binder:1759_20 (4190) at android.content.pm.ParceledListSlice com.android.server.pm.PackageManagerService.getInstalledPackages(int, int)(PackageManagerService.java:8172) waiters=4 in android.content.pm.ApplicationInfo com.android.server.pm.PackageManagerService.getApplicationInfoInternal(java.lang.String, int, int, int) for 142ms
01-10 17:51:02.388  1759  1792 W FieldClassificationStrategy: No valid components found.
01-10 17:51:02.396  8477  9054 W oid.ld.appstor: Long monitor contention with owner OkHttp https://apien.ldmnq.com/... (9052) at java.lang.String com.ld.base.net.utils.f.e()(StringUtils.java:9) waiters=2 in int com.ld.base.net.utils.f.f() for 209ms
01-10 17:51:02.520  1759  1759 V BackupManagerConstants: getFullBackupIntervalMilliseconds(...) returns 86400000
01-10 17:51:02.520  1759  1759 W Looper  : Slow dispatch took 355ms main h=android.app.ActivityThread$H c=android.app.-$$Lambda$LoadedApk$ReceiverDispatcher$Args$_BumDX2UKsnxLVrE6UJsJZkotuA@202b971 m=0
01-10 17:51:02.617  1759  1792 W VoiceInteractionManagerService: no available voice recognition services found for user 0
01-10 17:51:02.622  2866  9033 I Finsky  : [409] oqm.accept(114): Wrote row to frosting DB: 656
01-10 17:51:02.675  1759  1759 W Looper  : Slow dispatch took 101ms main h=com.android.server.job.JobSchedulerService$JobHandler c=null m=4
01-10 17:51:02.706  1759  1792 W LocationProviderProxy-network: com.google.android.gms resolves service com.android.location.service.v3.NetworkLocationProvider, but has wrong signature, ignoring
01-10 17:51:02.706  1759  1792 W LocationProviderProxy-network: Odd, no component found for service com.android.location.service.v3.NetworkLocationProvider
01-10 17:51:02.742  1574  1574 I surfaceflinger: type=1400 audit(0.0:1669): avc: denied { ioctl } for path="/dev/fastpipe" dev="tmpfs" ino=6206 ioctlcmd=6867 scontext=u:r:surfaceflinger:s0 tcontext=u:object_r:device:s0 tclass=chr_file permissive=1
01-10 17:51:02.742  1574  1574 W surfaceflinger: type=1300 audit(0.0:1669): arch=c000003e syscall=16 success=yes exit=0 a0=b a1=80046867 a2=7ffff602c130 a3=640 items=0 ppid=1 auid=4294967295 uid=1000 gid=1003 euid=1000 suid=1000 fsuid=1000 egid=1003 sgid=1003 fsgid=1003 tty=(none) ses=4294967295 exe="/system/bin/surfaceflinger" subj=u:r:surfaceflinger:s0 key=(null)
01-10 17:51:02.742  1359  1359 W auditd  : type=1327 audit(0.0:1669): proctitle="/system/bin/surfaceflinger"
01-10 17:51:02.742  1359  1359 W auditd  : type=1320 audit(0.0:1669): 
01-10 17:51:02.869  1759  1792 W LocationProviderProxy-fused: com.google.android.gms resolves service com.android.location.service.FusedLocationProvider, but has wrong signature, ignoring
01-10 17:51:02.888  2866  2866 I Finsky  : [2] sid.ajH(13): DTU: Received onPackageAdded, replacing: true
01-10 17:51:02.926  1759  1792 W GeocoderProxy: com.google.android.gms resolves service com.android.location.service.GeocodeProvider, but has wrong signature, ignoring
01-10 17:51:02.926  1759  1792 W GeocoderProxy: Odd, no component found for service com.android.location.service.GeocodeProvider
01-10 17:51:02.978  1759  2640 W system_server: Long monitor contention with owner Binder:1759_F (2597) at android.content.ComponentName com.android.server.am.ActivityManagerService.startService(android.app.IApplicationThread, android.content.Intent, java.lang.String, boolean, java.lang.String, int)(ActivityManagerService.java:20604) waiters=6 in android.content.IIntentSender com.android.server.am.ActivityManagerService.getIntentSender(int, java.lang.String, android.os.IBinder, java.lang.String, int, android.content.Intent[], java.lang.String[], int, android.os.Bundle, int) for 116ms
01-10 17:51:02.979  1759  1759 W Looper  : Slow dispatch took 247ms main h=android.app.ActivityThread$H c=android.app.-$$Lambda$LoadedApk$ReceiverDispatcher$Args$_BumDX2UKsnxLVrE6UJsJZkotuA@a3fa530 m=0
01-10 17:51:02.980  1759  1792 W GeofenceProxy: com.google.android.gms resolves service com.android.location.service.GeofenceProvider, but has wrong signature, ignoring
01-10 17:51:02.980  1759  1792 W GeofenceProxy: Odd, no component found for service com.android.location.service.GeofenceProvider
01-10 17:51:03.034  1759  1792 W ActivityRecognitionProxy: com.google.android.gms resolves service com.android.location.service.ActivityRecognitionProvider, but has wrong signature, ignoring
01-10 17:51:03.034  1759  1792 W ActivityRecognitionProxy: Odd, no component found for service com.android.location.service.ActivityRecognitionProvider
01-10 17:51:03.162  1759  2065 W system_server: Long monitor contention with owner Binder:1759_1E (4073) at void com.android.server.am.ActivityManagerService.finishReceiver(android.os.IBinder, int, java.lang.String, android.os.Bundle, boolean, int)(ActivityManagerService.java:22282) waiters=3 in android.content.IIntentSender com.android.server.am.ActivityManagerService.getIntentSender(int, java.lang.String, android.os.IBinder, java.lang.String, int, android.content.Intent[], java.lang.String[], int, android.os.Bundle, int) for 131ms
01-10 17:51:03.165  2866  2866 I Finsky  : [2] knc.f(9): AIM: AppInfoCacheUpdater -> invalidating apps: [com.habittracker]
01-10 17:51:03.166  1759  2640 W system_server: Long monitor contention with owner Binder:1759_1F (4189) at int com.android.server.am.ActivityManagerService.broadcastIntent(android.app.IApplicationThread, android.content.Intent, java.lang.String, android.content.IIntentReceiver, int, java.lang.String, android.os.Bundle, java.lang.String[], int, android.os.Bundle, boolean, boolean, int)(ActivityManagerService.java:22182) waiters=1 in boolean com.android.server.am.ActivityManagerService.stopServiceToken(android.content.ComponentName, android.os.IBinder, int) for 125ms
01-10 17:51:03.245  2866  2866 I Finsky  : [2] kns.g(21): AIM: AppInfoManager-Perf > getApps > called for 1 apps
01-10 17:51:03.322  2866  2911 I Finsky  : [112] kov.a(55): AIM: AppInfoManager-Perf > OnDeviceAppInfo > cacheHitCount=0, cacheMissCount=1. Missed  in cache (limit 10) : [com.habittracker]
01-10 17:51:03.422  1759  2065 W system_server: Long monitor contention with owner Binder:1759_18 (2962) at int com.android.server.pm.PackageManagerService.checkUidPermission(java.lang.String, int)(PackageManagerService.java:5551) waiters=0 in int com.android.server.pm.PackageManagerService.getComponentEnabledSetting(android.content.ComponentName, int) for 119ms
01-10 17:51:03.440  2866  2911 I Finsky  : [112] kmv.apply(1129): AIM: Got app ownership map. App counts: . Unique apps: 0
01-10 17:51:03.545  2866  2911 I Finsky  : [112] kos.a(206): AIM: AppInfoManager-Perf > ItemModel > CacheSize=24, cacheHitCount=0, cacheMissCount=0, total appsWithNoServerDataCount=0. Missed  in cache (limit 10) : []
01-10 17:51:03.588  2259  9071 I Fitness : (REDACTED) FitCleanupIntentOperation received Intent %s
01-10 17:51:03.591  1759  1759 W Looper  : Slow dispatch took 550ms main h=com.android.server.notification.NotificationManagerService$WorkerHandler c=null m=3
01-10 17:51:03.603  1759  1759 W Looper  : Drained
01-10 17:51:03.606  2259  9051 I FontLog : (REDACTED) Package %s has no metadata
01-10 17:51:03.621  2866  2866 I Finsky  : [2] xqw.g(1): xqw - Received: android.intent.action.PACKAGE_ADDED, [rTSyup3_XU41t82afA8Uct640FPg9hgBRfyu14hTnSc]
01-10 17:51:03.628  2866  2913 I Finsky  : [114] kov.a(55): AIM: AppInfoManager-Perf > OnDeviceAppInfo > cacheHitCount=1, cacheMissCount=0. Missed  in cache (limit 10) : []
01-10 17:51:03.628  2866  2913 I Finsky  : [114] kmv.apply(1129): AIM: Got app ownership map. App counts: . Unique apps: 0
01-10 17:51:03.629  2866  2913 I Finsky  : [114] kos.a(206): AIM: AppInfoManager-Perf > ItemModel > CacheSize=24, cacheHitCount=0, cacheMissCount=0, total appsWithNoServerDataCount=0. Missed  in cache (limit 10) : []
01-10 17:51:03.758  1759  2597 W system_server: Long monitor contention with owner Binder:1759_13 (2640) at int com.android.server.pm.PackageManagerService.checkUidPermission(java.lang.String, int)(PackageManagerService.java:5551) waiters=6 in java.lang.String com.android.server.pm.PackageManagerService.getInstantAppPackageName(int) for 113ms
01-10 17:51:03.829  1759  2600 W system_server: Long monitor contention with owner Binder:1759_13 (2640) at int com.android.server.pm.PackageManagerService.checkUidPermission(java.lang.String, int)(PackageManagerService.java:5551) waiters=5 in void com.android.server.pm.PackageManagerService.replacePreferredActivity(android.content.IntentFilter, int, android.content.ComponentName[], android.content.ComponentName, int) for 190ms
01-10 17:51:03.859  2417  2417 D BoundBrokerSvc: onBind: Intent { act=com.google.android.gms.common.BIND_SHARED_PREFS pkg=com.google.android.gms }
01-10 17:51:03.859  2417  2417 D BoundBrokerSvc: Loading bound service for intent: Intent { act=com.google.android.gms.common.BIND_SHARED_PREFS pkg=com.google.android.gms }
01-10 17:51:03.883  2656  2656 I launcher-loader: type=1400 audit(0.0:1670): avc: denied { read } for name="Pictures" dev="sdcardfs" ino=1966083 scontext=u:r:untrusted_app:s0:c44,c256,c512,c768 tcontext=u:object_r:sdcardfs:s0 tclass=lnk_file permissive=1
01-10 17:51:03.883  2656  2656 I launcher-loader: type=1400 audit(0.0:1670): avc: denied { search } for name="/" dev="vboxsf" ino=1 scontext=u:r:untrusted_app:s0:c44,c256,c512,c768 tcontext=u:object_r:unlabeled:s0 tclass=dir permissive=1
01-10 17:51:04.006  2866  2866 I Finsky  : [2] xqw.g(1): xqw - Deduping intent android.intent.action.PACKAGE_ADDED
01-10 17:51:04.007  2866  9033 I Finsky  : [409] oqm.accept(114): Wrote row to frosting DB: 657
01-10 17:51:04.055  2866  2866 I Finsky  : [2] xqw.g(1): xqw - Received: android.intent.action.PACKAGE_ADDED, [rTSyup3_XU41t82afA8Uct640FPg9hgBRfyu14hTnSc]
01-10 17:51:04.057  2417  9067 I Auth    : (REDACTED) [SupervisedAccountIntentOperation] onHandleIntent: %s
01-10 17:51:04.178  2656  2656 W ldmnq.launcher: Long monitor contention with owner launcher-loader (2699) at void android.content.res.AssetManager.nativeSetApkAssets(long, android.content.res.ApkAssets[], boolean)(AssetManager.java:-2) waiters=0 in android.content.res.Resources android.app.ResourcesManager.getOrCreateResources(android.os.IBinder, android.content.res.ResourcesKey, java.lang.ClassLoader) for 206ms
01-10 17:51:04.328  1759  1782 I system_server: Background concurrent copying GC freed 379715(13MB) AllocSpace objects, 46(1048KB) LOS objects, 42% free, 19MB/34MB, paused 54us total 264.283ms
01-10 17:51:04.393  2866  9033 I Finsky  : [409] oqm.accept(114): Wrote row to frosting DB: 658
01-10 17:51:04.532  2417  9063 I NearbyDiscovery: (REDACTED) processGrantSlicePermission: %s
01-10 17:51:04.643  1759  2065 W BackupManagerService: dataChanged but no participant pkg='com.ldmnq.launcher3' uid=10044
01-10 17:51:04.672  1759  2959 W system_server: Long monitor contention with owner Binder:1759_6 (2065) at int com.android.server.pm.PackageManagerService.checkUidPermission(java.lang.String, int)(PackageManagerService.java:5551) waiters=6 in java.lang.String com.android.server.pm.PackageManagerService.getInstantAppPackageName(int) for 114ms
01-10 17:51:04.679  2866  2866 I Finsky  : [2] xqw.g(1): xqw - Deduping intent android.intent.action.PACKAGE_ADDED
01-10 17:51:04.706  2656  2656 W ldmnq.launcher: Unknown chunk type '200'.
01-10 17:51:04.760  2866  2913 I Finsky  : [114] jqt.accept(156): AIM: AppInfoManager-Perf > getApps > data collection finished
01-10 17:51:04.760  2866  2913 I Finsky  : [114] knp.run(641): AIM: AppInfoManager-Perf > maybeDestroyAppInfoManager is called. actives = 2
01-10 17:51:04.786  1759  1849 W system_server: Long monitor contention with owner Binder:1759_20 (4190) at int com.android.server.pm.PackageManagerService.checkUidPermission(java.lang.String, int)(PackageManagerService.java:5551) waiters=6 in java.lang.String com.android.server.pm.PackageManagerService.getInstantAppPackageName(int) for 109ms
01-10 17:51:04.787  2866  2913 I Finsky  : [114] jqt.accept(156): AIM: AppInfoManager-Perf > getApps > data collection finished
01-10 17:51:04.787  2866  2913 I Finsky  : [114] knp.run(641): AIM: AppInfoManager-Perf > maybeDestroyAppInfoManager is called. actives = 1
01-10 17:51:04.787  1759  1848 W system_server: Long monitor contention with owner Binder:1759_10 (2600) at java.lang.String[] com.android.server.pm.PackageManagerService.getPackagesForUid(int)(PackageManagerService.java:6024) waiters=6 in android.content.pm.PackageInfo com.android.server.pm.PackageManagerService.getPackageInfoInternal(java.lang.String, long, int, int, int) for 126ms
01-10 17:51:04.824  1759  1784 W system_server: Long monitor contention with owner Binder:1759_9 (2285) at void com.android.server.am.ActivityManagerService.cancelIntentSender(android.content.IIntentSender)(ActivityManagerService.java:8598) waiters=2 in android.content.ComponentName com.android.server.am.ActivityManagerService.startService(android.app.IApplicationThread, android.content.Intent, java.lang.String, boolean, java.lang.String, int) for 155ms
01-10 17:51:04.824  1759  2285 W system_server: Long monitor contention with owner Binder:1759_20 (4190) at int com.android.server.pm.PackageManagerService.checkUidPermission(java.lang.String, int)(PackageManagerService.java:5551) waiters=7 in java.lang.String com.android.server.pm.PackageManagerService.getInstantAppPackageName(int) for 136ms
01-10 17:51:04.832  1759  1780 W System  : A resource failed to call close. 
01-10 17:51:04.833  1759  1780 I chatty  : uid=1000(system) FinalizerDaemon identical 40 lines
01-10 17:51:04.833  1759  1780 W System  : A resource failed to call close. 
01-10 17:51:04.861  1759  2597 W system_server: Long monitor contention with owner Binder:1759_5 (1849) at int com.android.server.am.ActivityManagerService.broadcastIntent(android.app.IApplicationThread, android.content.Intent, java.lang.String, android.content.IIntentReceiver, int, java.lang.String, android.os.Bundle, java.lang.String[], int, android.os.Bundle, boolean, boolean, int)(ActivityManagerService.java:22182) waiters=2 in void com.android.server.am.ActivityManagerService.cancelIntentSender(android.content.IIntentSender) for 173ms
01-10 17:51:04.910  8477  8487 W oid.ld.appstor: Suspending all threads took: 49.969ms
01-10 17:51:05.061  1759  2500 V BackupManagerConstants: getFullBackupRequiredNetworkType(...) returns 2
01-10 17:51:05.067  1759  2500 V BackupManagerConstants: getFullBackupRequireCharging(...) returns true
01-10 17:51:05.069  1759  2962 W BroadcastQueue: Background execution not allowed: receiving Intent { act=android.intent.action.PACKAGE_REPLACED dat=package:com.habittracker flg=0x4000010 (has extras) } to com.habittracker/.reminders.BootReceiver
01-10 17:51:05.085  1759  1793 W BroadcastQueue: Background execution not allowed: receiving Intent { act=android.intent.action.PACKAGE_REPLACED dat=package:com.habittracker flg=0x4000010 (has extras) } to com.android.ld.appstore/.app.service.ApkReceiver
01-10 17:51:05.095  1759  1793 W BroadcastQueue: Background execution not allowed: receiving Intent { act=android.intent.action.PACKAGE_REPLACED dat=package:com.habittracker flg=0x4000010 (has extras) } to com.google.android.gms/.chimera.GmsIntentOperationService$PersistentTrustedReceiver
01-10 17:51:05.095  1759  1793 W BroadcastQueue: Background execution not allowed: receiving Intent { act=android.intent.action.PACKAGE_REPLACED dat=package:com.habittracker flg=0x4000010 (has extras) } to com.google.android.gms/.gass.chimera.PackageChangeBroadcastReceiver
01-10 17:51:05.122  1759  1793 W BroadcastQueue: Background execution not allowed: receiving Intent { act=android.intent.action.PACKAGE_REPLACED dat=package:com.habittracker flg=0x4000010 (has extras) } to com.ldmnq.launcher3/com.android.launcher3.PackageChangedReceiver
01-10 17:51:05.123  1759  1793 W BroadcastQueue: Background execution not allowed: receiving Intent { act=android.intent.action.PACKAGE_REPLACED dat=package:com.habittracker flg=0x4000010 (has extras) } to com.ldmnq.launcher3/com.ldplayer.ad.core.PackageReceiver
01-10 17:51:05.123  1759  1793 W BroadcastQueue: Background execution not allowed: receiving Intent { act=android.intent.action.PACKAGE_REPLACED dat=package:com.habittracker flg=0x4000010 (has extras) } to com.slmpaqjl.wumdnvl.f/p8q.lIK.M5
01-10 17:51:05.343  1759  1793 W BroadcastQueue: Background execution not allowed: receiving Intent { act=android.intent.action.PACKAGE_REPLACED dat=package:com.habittracker flg=0x4000010 (has extras) } to ru.hqgocnyr.yzvnudqdq/.PackageChangeReceiver
01-10 17:51:05.355  1759  1848 W system_server: Long monitor contention with owner Binder:1759_15 (2959) at android.content.pm.ParceledListSlice com.android.server.pm.PackageManagerService.getInstalledPackages(int, int)(PackageManagerService.java:8172) waiters=7 in void com.android.server.pm.PackageManagerService.replacePreferredActivity(android.content.IntentFilter, int, android.content.ComponentName[], android.content.ComponentName, int) for 212ms
01-10 17:51:05.356  1759  2640 W system_server: Long monitor contention with owner Binder:1759_15 (2959) at android.content.pm.ParceledListSlice com.android.server.pm.PackageManagerService.getInstalledPackages(int, int)(PackageManagerService.java:8172) waiters=5 in java.lang.String com.android.server.pm.PackageManagerService.getInstantAppPackageName(int) for 224ms
01-10 17:51:05.357  1759  1759 W system_server: Long monitor contention with owner ActivityManager (1793) at void com.android.server.am.BroadcastQueue.processNextBroadcast(boolean)(BroadcastQueue.java:832) waiters=3 in int com.android.server.am.ActivityManagerService.getMemoryTrimLevel() for 230ms
01-10 17:51:05.366  1759  2597 W system_server: Long monitor contention with owner ActivityManager (1793) at void com.android.server.am.BroadcastQueue.processNextBroadcast(boolean)(BroadcastQueue.java:832) waiters=3 in boolean com.android.server.am.ActivityManagerService.stopServiceToken(android.content.ComponentName, android.os.IBinder, int) for 235ms
01-10 17:51:05.368  1759  1759 W Looper  : Slow dispatch took 287ms main h=com.android.server.job.JobSchedulerService$JobHandler c=null m=4
01-10 17:51:05.385  1759  4189 W system_server: Long monitor contention with owner ActivityManager (1793) at void com.android.server.am.BroadcastQueue.processNextBroadcast(boolean)(BroadcastQueue.java:832) waiters=4 in void com.android.server.am.ActivityManagerService.cancelIntentSender(android.content.IIntentSender) for 253ms
01-10 17:51:05.460  1759  2962 W system_server: Long monitor contention with owner ActivityManager (1793) at void com.android.server.am.BroadcastQueue.processNextBroadcast(boolean)(BroadcastQueue.java:832) waiters=4 in void com.android.server.am.ActivityManagerService.serviceDoneExecuting(android.os.IBinder, int, int, int) for 333ms
01-10 17:51:05.475  2866  2911 I Finsky  : [112] qls.accept(61): SCH: Scheduling phonesky job Id: 12-1, CT: 1768063863316, Constraints: [{ L: 15000, D: 86400000, C: 1, I: 1, N: 1 }]
01-10 17:51:05.510  2866  2913 I Finsky  : [114] krm.apply(333): SCH: Scheduling 1 system job(s)
01-10 17:51:05.518  2866  2913 I Finsky  : [114] abtz.d(88): SCH: Scheduling system job Id: 9963, L: 12802, D: 77652915, C: false, I: false, N: 1
01-10 17:51:05.544  1759  1793 W ActivityManager: Slow operation: 78ms so far, now at startProcess: done creating new process record
01-10 17:51:05.544  1759  1793 W ActivityManager: Slow operation: 78ms so far, now at startProcess: stepping in to startProcess
01-10 17:51:05.582  1759  1793 W ActivityManager: Slow operation: 115ms so far, now at startProcess: done starting proc!
01-10 17:51:05.638  1759  1795 W ActivityManager: Slow operation: 93ms so far, now at startProcess: returned from zygote!
01-10 17:51:05.639  2417  9065 W gle.android.gm: Long monitor contention with owner [com.google.android.gms.chimera.container.intentoperation.GmsIntentOperationChimeraService-Executor] idle (9066) at void xft.i(int)(:com.google.android.gms@254730017@25.47.30 (100800-833691957):3) waiters=2 in void xft.i(int) for 215ms
01-10 17:51:05.643  1759  1795 W ActivityManager: Slow operation: 99ms so far, now at startProcess: done updating battery stats
01-10 17:51:05.665  1759  1795 W ActivityManager: Slow operation: 121ms so far, now at startProcess: building log message
01-10 17:51:05.668  1759  1795 I ActivityManager: Start proc 9095:com.habittracker/u0a61 for broadcast com.habittracker/androidx.glance.appwidget.MyPackageReplacedReceiver
01-10 17:51:05.668  1759  1795 W ActivityManager: Slow operation: 124ms so far, now at startProcess: starting to update pids map
01-10 17:51:05.668  1759  1795 W ActivityManager: Slow operation: 124ms so far, now at startProcess: done updating pids map
01-10 17:51:05.668  2417  3895 I Icing   : IndexChimeraService.getServiceInterface callingPackage=com.google.android.gms componentName=AppsCorpus serviceId=36
01-10 17:51:05.824  1759  2596 W system_server: Long monitor contention with owner Binder:1759_1E (4073) at android.content.pm.ParceledListSlice com.android.server.pm.PackageManagerService.getInstalledPackages(int, int)(PackageManagerService.java:8172) waiters=4 in int com.android.server.pm.PackageManagerService.checkSignatures(java.lang.String, java.lang.String) for 145ms
01-10 17:51:05.825  9095  9095 I Zygote  : seccomp disabled by setenforce 0
01-10 17:51:05.826  1759  2600 W system_server: Long monitor contention with owner Binder:1759_1E (4073) at android.content.pm.ParceledListSlice com.android.server.pm.PackageManagerService.getInstalledPackages(int, int)(PackageManagerService.java:8172) waiters=5 in java.lang.String com.android.server.pm.PackageManagerService.getInstantAppPackageName(int) for 146ms
01-10 17:51:05.839  1759  2285 W system_server: Long monitor contention with owner Binder:1759_D (2581) at void com.android.server.am.ActivityManagerService.cancelIntentSender(android.content.IIntentSender)(ActivityManagerService.java:8598) waiters=2 in int com.android.server.am.ActivityManagerService.bindService(android.app.IApplicationThread, android.os.IBinder, android.content.Intent, java.lang.String, android.app.IServiceConnection, int, java.lang.String, int) for 157ms
01-10 17:51:05.844  9095  9095 I om.habittracke: Late-enabling -Xcheck:jni
01-10 17:51:05.915  2866  2911 I Finsky  : [112] qls.accept(61): SCH: Scheduling phonesky job Id: 12-1, CT: 1768063861717, Constraints: [{ L: 15000, D: 86400000, C: 1, I: 1, N: 1 }]
01-10 17:51:05.958  2866  2898 I Finsky  : [104] mmz.aiE(263): [ContentSync] finished, scheduled=true
01-10 17:51:05.967  2866  2911 I Finsky  : [112] krm.apply(333): SCH: Scheduling 1 system job(s)
01-10 17:51:05.967  2866  2911 I Finsky  : [112] abtz.d(88): SCH: Scheduling system job Id: 9963, L: 10750, D: 77652462, C: false, I: false, N: 1
01-10 17:51:06.085  2417  2417 D BoundBrokerSvc: onBind: Intent { act=com.google.android.gms.feedback.internal.IFeedbackService dat=chimera-action: cmp=com.google.android.gms/.chimera.GmsBoundBrokerService }
01-10 17:51:06.085  2417  2417 D BoundBrokerSvc: Loading bound service for intent: Intent { act=com.google.android.gms.feedback.internal.IFeedbackService dat=chimera-action: cmp=com.google.android.gms/.chimera.GmsBoundBrokerService }
01-10 17:51:06.107  9095  9095 D nativebridge: call UnloadNativeBridge! state=1
01-10 17:51:06.118  2866  2894 I Finsky  : [101] mmz.aiE(263): [ContentSync] finished, scheduled=true
01-10 17:51:06.153  2417  2845 I Icing   : IndexChimeraService.getServiceInterface callingPackage=com.google.android.gms componentName=null serviceId=30
01-10 17:51:06.173  2121  2121 D CarrierSvcBindHelper: No carrier app for: 0
01-10 17:51:06.176  2121  2121 D CarrierSvcBindHelper: No carrier app for: 0
